[0.022s] Invoking command in '/home/zzs/chaptmy/chapt_ws/build/turtle_my_interfaces': CMAKE_PREFIX_PATH=${CMAKE_PREFIX_PATH}:/home/zzs/chaptmy/chapt_ws/install/turtle_my_service:/opt/ros/jazzy DEBUGINFOD_URLS=https://debuginfod.ubuntu.com /usr/bin/cmake --build /home/zzs/chaptmy/chapt_ws/build/turtle_my_interfaces -- -j2 -l2
[0.476s] [  2%] Built target turtle_my_interfaces__rs
[0.482s] [  5%] Built target turtle_my_interfaces__rosidl_generator_type_description
[0.529s] [  5%] Built target ament_cmake_python_copy_turtle_my_interfaces
[0.539s] [ 20%] Built target turtle_my_interfaces__rosidl_generator_c
[0.563s] [ 22%] Built target turtle_my_interfaces__cpp
[0.609s] [ 31%] Built target turtle_my_interfaces__rosidl_typesupport_fastrtps_c
[0.662s] [ 40%] Built target turtle_my_interfaces__rosidl_typesupport_fastrtps_cpp
[0.702s] [ 48%] Built target turtle_my_interfaces__rosidl_typesupport_introspection_c
[0.755s] [ 57%] Built target turtle_my_interfaces__rosidl_typesupport_c
[0.793s] [ 65%] Built target turtle_my_interfaces__rosidl_typesupport_introspection_cpp
[0.838s] [ 74%] Built target turtle_my_interfaces__rosidl_typesupport_cpp
[0.858s] running egg_info
[0.869s] [ 74%] Built target turtle_my_interfaces
[0.878s] writing turtle_my_interfaces.egg-info/PKG-INFO
[0.880s] writing dependency_links to turtle_my_interfaces.egg-info/dependency_links.txt
[0.880s] writing top-level names to turtle_my_interfaces.egg-info/top_level.txt
[0.904s] [ 77%] Built target turtle_my_interfaces__py
[0.949s] reading manifest file 'turtle_my_interfaces.egg-info/SOURCES.txt'
[0.951s] [ 82%] Built target turtle_my_interfaces__rosidl_generator_py
[0.951s] writing manifest file 'turtle_my_interfaces.egg-info/SOURCES.txt'
[0.986s] [ 82%] Built target ament_cmake_python_build_turtle_my_interfaces_egg
[0.987s] [ 88%] Built target turtle_my_interfaces_s__rosidl_typesupport_fastrtps_c
[1.063s] [ 94%] Built target turtle_my_interfaces_s__rosidl_typesupport_introspection_c
[1.083s] [100%] Built target turtle_my_interfaces_s__rosidl_typesupport_c
[1.146s] Invoked command in '/home/zzs/chaptmy/chapt_ws/build/turtle_my_interfaces' returned '0': CMAKE_PREFIX_PATH=${CMAKE_PREFIX_PATH}:/home/zzs/chaptmy/chapt_ws/install/turtle_my_service:/opt/ros/jazzy DEBUGINFOD_URLS=https://debuginfod.ubuntu.com /usr/bin/cmake --build /home/zzs/chaptmy/chapt_ws/build/turtle_my_interfaces -- -j2 -l2
[1.233s] Invoking command in '/home/zzs/chaptmy/chapt_ws/build/turtle_my_interfaces': CMAKE_PREFIX_PATH=${CMAKE_PREFIX_PATH}:/home/zzs/chaptmy/chapt_ws/install/turtle_my_service:/opt/ros/jazzy DEBUGINFOD_URLS=https://debuginfod.ubuntu.com /usr/bin/cmake --install /home/zzs/chaptmy/chapt_ws/build/turtle_my_interfaces
[1.287s] -- Install configuration: ""
[1.292s] -- Up-to-date: /home/zzs/chaptmy/chapt_ws/install/turtle_my_interfaces/share/ament_index/resource_index/rosidl_interfaces/turtle_my_interfaces
[1.294s] -- Up-to-date: /home/zzs/chaptmy/chapt_ws/install/turtle_my_interfaces/share/turtle_my_interfaces/srv/TurtleSrv.json
[1.298s] -- Up-to-date: /home/zzs/chaptmy/chapt_ws/install/turtle_my_interfaces/include/turtle_my_interfaces/turtle_my_interfaces
[1.299s] -- Up-to-date: /home/zzs/chaptmy/chapt_ws/install/turtle_my_interfaces/include/turtle_my_interfaces/turtle_my_interfaces/srv
[1.301s] -- Up-to-date: /home/zzs/chaptmy/chapt_ws/install/turtle_my_interfaces/include/turtle_my_interfaces/turtle_my_interfaces/srv/turtle_srv.h
[1.301s] -- Up-to-date: /home/zzs/chaptmy/chapt_ws/install/turtle_my_interfaces/include/turtle_my_interfaces/turtle_my_interfaces/srv/detail
[1.301s] -- Up-to-date: /home/zzs/chaptmy/chapt_ws/install/turtle_my_interfaces/include/turtle_my_interfaces/turtle_my_interfaces/srv/detail/turtle_srv__type_support.h
[1.301s] -- Up-to-date: /home/zzs/chaptmy/chapt_ws/install/turtle_my_interfaces/include/turtle_my_interfaces/turtle_my_interfaces/srv/detail/turtle_srv__functions.c
[1.302s] -- Up-to-date: /home/zzs/chaptmy/chapt_ws/install/turtle_my_interfaces/include/turtle_my_interfaces/turtle_my_interfaces/srv/detail/turtle_srv__description.c
[1.302s] -- Up-to-date: /home/zzs/chaptmy/chapt_ws/install/turtle_my_interfaces/include/turtle_my_interfaces/turtle_my_interfaces/srv/detail/turtle_srv__struct.h
[1.302s] -- Installing: /home/zzs/chaptmy/chapt_ws/install/turtle_my_interfaces/include/turtle_my_interfaces/turtle_my_interfaces/srv/detail/turtle_srv__type_support.c
[1.302s] -- Up-to-date: /home/zzs/chaptmy/chapt_ws/install/turtle_my_interfaces/include/turtle_my_interfaces/turtle_my_interfaces/srv/detail/turtle_srv__functions.h
[1.302s] -- Up-to-date: /home/zzs/chaptmy/chapt_ws/install/turtle_my_interfaces/include/turtle_my_interfaces/turtle_my_interfaces/msg
[1.304s] -- Up-to-date: /home/zzs/chaptmy/chapt_ws/install/turtle_my_interfaces/include/turtle_my_interfaces/turtle_my_interfaces/msg/rosidl_generator_c__visibility_control.h
[1.305s] -- Up-to-date: /home/zzs/chaptmy/chapt_ws/install/turtle_my_interfaces/share/turtle_my_interfaces/environment/library_path.sh
[1.305s] -- Up-to-date: /home/zzs/chaptmy/chapt_ws/install/turtle_my_interfaces/share/turtle_my_interfaces/environment/library_path.dsv
[1.308s] -- Up-to-date: /home/zzs/chaptmy/chapt_ws/install/turtle_my_interfaces/lib/libturtle_my_interfaces__rosidl_generator_c.so
[1.312s] -- Up-to-date: /home/zzs/chaptmy/chapt_ws/install/turtle_my_interfaces/include/turtle_my_interfaces/turtle_my_interfaces
[1.312s] -- Up-to-date: /home/zzs/chaptmy/chapt_ws/install/turtle_my_interfaces/include/turtle_my_interfaces/turtle_my_interfaces/srv
[1.312s] -- Up-to-date: /home/zzs/chaptmy/chapt_ws/install/turtle_my_interfaces/include/turtle_my_interfaces/turtle_my_interfaces/srv/detail
[1.313s] -- Up-to-date: /home/zzs/chaptmy/chapt_ws/install/turtle_my_interfaces/include/turtle_my_interfaces/turtle_my_interfaces/srv/detail/turtle_srv__rosidl_typesupport_fastrtps_c.h
[1.313s] -- Up-to-date: /home/zzs/chaptmy/chapt_ws/install/turtle_my_interfaces/include/turtle_my_interfaces/turtle_my_interfaces/msg
[1.313s] -- Up-to-date: /home/zzs/chaptmy/chapt_ws/install/turtle_my_interfaces/include/turtle_my_interfaces/turtle_my_interfaces/msg/rosidl_typesupport_fastrtps_c__visibility_control.h
[1.313s] -- Up-to-date: /home/zzs/chaptmy/chapt_ws/install/turtle_my_interfaces/lib/libturtle_my_interfaces__rosidl_typesupport_fastrtps_c.so
[1.313s] -- Up-to-date: /home/zzs/chaptmy/chapt_ws/install/turtle_my_interfaces/include/turtle_my_interfaces/turtle_my_interfaces
[1.313s] -- Up-to-date: /home/zzs/chaptmy/chapt_ws/install/turtle_my_interfaces/include/turtle_my_interfaces/turtle_my_interfaces/srv
[1.313s] -- Up-to-date: /home/zzs/chaptmy/chapt_ws/install/turtle_my_interfaces/include/turtle_my_interfaces/turtle_my_interfaces/srv/detail
[1.313s] -- Up-to-date: /home/zzs/chaptmy/chapt_ws/install/turtle_my_interfaces/include/turtle_my_interfaces/turtle_my_interfaces/srv/detail/turtle_srv__type_support.hpp
[1.313s] -- Up-to-date: /home/zzs/chaptmy/chapt_ws/install/turtle_my_interfaces/include/turtle_my_interfaces/turtle_my_interfaces/srv/detail/turtle_srv__traits.hpp
[1.313s] -- Up-to-date: /home/zzs/chaptmy/chapt_ws/install/turtle_my_interfaces/include/turtle_my_interfaces/turtle_my_interfaces/srv/detail/turtle_srv__struct.hpp
[1.313s] -- Up-to-date: /home/zzs/chaptmy/chapt_ws/install/turtle_my_interfaces/include/turtle_my_interfaces/turtle_my_interfaces/srv/detail/turtle_srv__builder.hpp
[1.314s] -- Up-to-date: /home/zzs/chaptmy/chapt_ws/install/turtle_my_interfaces/include/turtle_my_interfaces/turtle_my_interfaces/srv/turtle_srv.hpp
[1.314s] -- Up-to-date: /home/zzs/chaptmy/chapt_ws/install/turtle_my_interfaces/include/turtle_my_interfaces/turtle_my_interfaces/msg
[1.314s] -- Up-to-date: /home/zzs/chaptmy/chapt_ws/install/turtle_my_interfaces/include/turtle_my_interfaces/turtle_my_interfaces/msg/rosidl_generator_cpp__visibility_control.hpp
[1.314s] -- Up-to-date: /home/zzs/chaptmy/chapt_ws/install/turtle_my_interfaces/include/turtle_my_interfaces/turtle_my_interfaces
[1.314s] -- Up-to-date: /home/zzs/chaptmy/chapt_ws/install/turtle_my_interfaces/include/turtle_my_interfaces/turtle_my_interfaces/srv
[1.317s] -- Up-to-date: /home/zzs/chaptmy/chapt_ws/install/turtle_my_interfaces/include/turtle_my_interfaces/turtle_my_interfaces/srv/detail
[1.317s] -- Up-to-date: /home/zzs/chaptmy/chapt_ws/install/turtle_my_interfaces/include/turtle_my_interfaces/turtle_my_interfaces/srv/detail/turtle_srv__rosidl_typesupport_fastrtps_cpp.hpp
[1.318s] -- Up-to-date: /home/zzs/chaptmy/chapt_ws/install/turtle_my_interfaces/include/turtle_my_interfaces/turtle_my_interfaces/srv/detail/dds_fastrtps
[1.318s] -- Up-to-date: /home/zzs/chaptmy/chapt_ws/install/turtle_my_interfaces/include/turtle_my_interfaces/turtle_my_interfaces/msg
[1.318s] -- Up-to-date: /home/zzs/chaptmy/chapt_ws/install/turtle_my_interfaces/include/turtle_my_interfaces/turtle_my_interfaces/msg/rosidl_typesupport_fastrtps_cpp__visibility_control.h
[1.318s] -- Up-to-date: /home/zzs/chaptmy/chapt_ws/install/turtle_my_interfaces/lib/libturtle_my_interfaces__rosidl_typesupport_fastrtps_cpp.so
[1.320s] -- Up-to-date: /home/zzs/chaptmy/chapt_ws/install/turtle_my_interfaces/include/turtle_my_interfaces/turtle_my_interfaces
[1.321s] -- Up-to-date: /home/zzs/chaptmy/chapt_ws/install/turtle_my_interfaces/include/turtle_my_interfaces/turtle_my_interfaces/srv
[1.325s] -- Up-to-date: /home/zzs/chaptmy/chapt_ws/install/turtle_my_interfaces/include/turtle_my_interfaces/turtle_my_interfaces/srv/detail
[1.326s] -- Up-to-date: /home/zzs/chaptmy/chapt_ws/install/turtle_my_interfaces/include/turtle_my_interfaces/turtle_my_interfaces/srv/detail/turtle_srv__rosidl_typesupport_introspection_c.h
[1.326s] -- Installing: /home/zzs/chaptmy/chapt_ws/install/turtle_my_interfaces/include/turtle_my_interfaces/turtle_my_interfaces/srv/detail/turtle_srv__type_support.c
[1.327s] -- Up-to-date: /home/zzs/chaptmy/chapt_ws/install/turtle_my_interfaces/include/turtle_my_interfaces/turtle_my_interfaces/msg
[1.327s] -- Up-to-date: /home/zzs/chaptmy/chapt_ws/install/turtle_my_interfaces/include/turtle_my_interfaces/turtle_my_interfaces/msg/rosidl_typesupport_introspection_c__visibility_control.h
[1.330s] -- Up-to-date: /home/zzs/chaptmy/chapt_ws/install/turtle_my_interfaces/lib/libturtle_my_interfaces__rosidl_typesupport_introspection_c.so
[1.331s] -- Up-to-date: /home/zzs/chaptmy/chapt_ws/install/turtle_my_interfaces/lib/libturtle_my_interfaces__rosidl_typesupport_c.so
[1.331s] -- Up-to-date: /home/zzs/chaptmy/chapt_ws/install/turtle_my_interfaces/include/turtle_my_interfaces/turtle_my_interfaces
[1.331s] -- Up-to-date: /home/zzs/chaptmy/chapt_ws/install/turtle_my_interfaces/include/turtle_my_interfaces/turtle_my_interfaces/srv
[1.331s] -- Up-to-date: /home/zzs/chaptmy/chapt_ws/install/turtle_my_interfaces/include/turtle_my_interfaces/turtle_my_interfaces/srv/detail
[1.332s] -- Up-to-date: /home/zzs/chaptmy/chapt_ws/install/turtle_my_interfaces/include/turtle_my_interfaces/turtle_my_interfaces/srv/detail/turtle_srv__type_support.cpp
[1.332s] -- Up-to-date: /home/zzs/chaptmy/chapt_ws/install/turtle_my_interfaces/include/turtle_my_interfaces/turtle_my_interfaces/srv/detail/turtle_srv__rosidl_typesupport_introspection_cpp.hpp
[1.334s] -- Up-to-date: /home/zzs/chaptmy/chapt_ws/install/turtle_my_interfaces/lib/libturtle_my_interfaces__rosidl_typesupport_introspection_cpp.so
[1.337s] -- Up-to-date: /home/zzs/chaptmy/chapt_ws/install/turtle_my_interfaces/lib/libturtle_my_interfaces__rosidl_typesupport_cpp.so
[1.339s] -- Up-to-date: /home/zzs/chaptmy/chapt_ws/install/turtle_my_interfaces/share/turtle_my_interfaces/environment/pythonpath.sh
[1.341s] -- Up-to-date: /home/zzs/chaptmy/chapt_ws/install/turtle_my_interfaces/share/turtle_my_interfaces/environment/pythonpath.dsv
[1.341s] -- Up-to-date: /home/zzs/chaptmy/chapt_ws/install/turtle_my_interfaces/lib/python3.12/site-packages/turtle_my_interfaces-0.0.0-py3.12.egg-info
[1.342s] -- Installing: /home/zzs/chaptmy/chapt_ws/install/turtle_my_interfaces/lib/python3.12/site-packages/turtle_my_interfaces-0.0.0-py3.12.egg-info/PKG-INFO
[1.342s] -- Installing: /home/zzs/chaptmy/chapt_ws/install/turtle_my_interfaces/lib/python3.12/site-packages/turtle_my_interfaces-0.0.0-py3.12.egg-info/SOURCES.txt
[1.342s] -- Installing: /home/zzs/chaptmy/chapt_ws/install/turtle_my_interfaces/lib/python3.12/site-packages/turtle_my_interfaces-0.0.0-py3.12.egg-info/top_level.txt
[1.342s] -- Installing: /home/zzs/chaptmy/chapt_ws/install/turtle_my_interfaces/lib/python3.12/site-packages/turtle_my_interfaces-0.0.0-py3.12.egg-info/dependency_links.txt
[1.342s] -- Up-to-date: /home/zzs/chaptmy/chapt_ws/install/turtle_my_interfaces/lib/python3.12/site-packages/turtle_my_interfaces
[1.342s] -- Up-to-date: /home/zzs/chaptmy/chapt_ws/install/turtle_my_interfaces/lib/python3.12/site-packages/turtle_my_interfaces/turtle_my_interfaces_s__rosidl_typesupport_fastrtps_c.so
[1.342s] -- Up-to-date: /home/zzs/chaptmy/chapt_ws/install/turtle_my_interfaces/lib/python3.12/site-packages/turtle_my_interfaces/_turtle_my_interfaces_s.ep.rosidl_typesupport_fastrtps_c.c
[1.342s] -- Up-to-date: /home/zzs/chaptmy/chapt_ws/install/turtle_my_interfaces/lib/python3.12/site-packages/turtle_my_interfaces/srv
[1.342s] -- Up-to-date: /home/zzs/chaptmy/chapt_ws/install/turtle_my_interfaces/lib/python3.12/site-packages/turtle_my_interfaces/srv/_turtle_srv_s.c
[1.342s] -- Up-to-date: /home/zzs/chaptmy/chapt_ws/install/turtle_my_interfaces/lib/python3.12/site-packages/turtle_my_interfaces/srv/__init__.py
[1.342s] -- Up-to-date: /home/zzs/chaptmy/chapt_ws/install/turtle_my_interfaces/lib/python3.12/site-packages/turtle_my_interfaces/srv/_turtle_srv.py
[1.342s] -- Up-to-date: /home/zzs/chaptmy/chapt_ws/install/turtle_my_interfaces/lib/python3.12/site-packages/turtle_my_interfaces/turtle_my_interfaces_s__rosidl_typesupport_introspection_c.so
[1.342s] -- Up-to-date: /home/zzs/chaptmy/chapt_ws/install/turtle_my_interfaces/lib/python3.12/site-packages/turtle_my_interfaces/__init__.py
[1.342s] -- Up-to-date: /home/zzs/chaptmy/chapt_ws/install/turtle_my_interfaces/lib/python3.12/site-packages/turtle_my_interfaces/_turtle_my_interfaces_s.ep.rosidl_typesupport_introspection_c.c
[1.343s] -- Up-to-date: /home/zzs/chaptmy/chapt_ws/install/turtle_my_interfaces/lib/python3.12/site-packages/turtle_my_interfaces/turtle_my_interfaces_s__rosidl_typesupport_c.so
[1.343s] -- Up-to-date: /home/zzs/chaptmy/chapt_ws/install/turtle_my_interfaces/lib/python3.12/site-packages/turtle_my_interfaces/_turtle_my_interfaces_s.ep.rosidl_typesupport_c.c
[1.405s] Listing '/home/zzs/chaptmy/chapt_ws/install/turtle_my_interfaces/lib/python3.12/site-packages/turtle_my_interfaces'...
[1.405s] Listing '/home/zzs/chaptmy/chapt_ws/install/turtle_my_interfaces/lib/python3.12/site-packages/turtle_my_interfaces/srv'...
[1.410s] -- Up-to-date: /home/zzs/chaptmy/chapt_ws/install/turtle_my_interfaces/lib/python3.12/site-packages/turtle_my_interfaces/turtle_my_interfaces_s__rosidl_typesupport_fastrtps_c.so
[1.412s] -- Up-to-date: /home/zzs/chaptmy/chapt_ws/install/turtle_my_interfaces/lib/python3.12/site-packages/turtle_my_interfaces/turtle_my_interfaces_s__rosidl_typesupport_introspection_c.so
[1.414s] -- Up-to-date: /home/zzs/chaptmy/chapt_ws/install/turtle_my_interfaces/lib/python3.12/site-packages/turtle_my_interfaces/turtle_my_interfaces_s__rosidl_typesupport_c.so
[1.416s] -- Up-to-date: /home/zzs/chaptmy/chapt_ws/install/turtle_my_interfaces/lib/libturtle_my_interfaces__rosidl_generator_py.so
[1.416s] -- Up-to-date: /home/zzs/chaptmy/chapt_ws/install/turtle_my_interfaces/share/ament_index/resource_index/rust_packages/turtle_my_interfaces
[1.417s] -- Up-to-date: /home/zzs/chaptmy/chapt_ws/install/turtle_my_interfaces/share/turtle_my_interfaces/rust
[1.417s] -- Up-to-date: /home/zzs/chaptmy/chapt_ws/install/turtle_my_interfaces/share/turtle_my_interfaces/rust/src
[1.418s] -- Up-to-date: /home/zzs/chaptmy/chapt_ws/install/turtle_my_interfaces/share/turtle_my_interfaces/rust/src/lib.rs
[1.419s] -- Up-to-date: /home/zzs/chaptmy/chapt_ws/install/turtle_my_interfaces/share/turtle_my_interfaces/rust/src/srv
[1.419s] -- Up-to-date: /home/zzs/chaptmy/chapt_ws/install/turtle_my_interfaces/share/turtle_my_interfaces/rust/src/srv/rmw.rs
[1.419s] -- Up-to-date: /home/zzs/chaptmy/chapt_ws/install/turtle_my_interfaces/share/turtle_my_interfaces/rust/src/srv.rs
[1.419s] -- Up-to-date: /home/zzs/chaptmy/chapt_ws/install/turtle_my_interfaces/share/turtle_my_interfaces/rust/build.rs
[1.419s] -- Up-to-date: /home/zzs/chaptmy/chapt_ws/install/turtle_my_interfaces/share/turtle_my_interfaces/rust/Cargo.toml
[1.420s] -- Up-to-date: /home/zzs/chaptmy/chapt_ws/install/turtle_my_interfaces/share/turtle_my_interfaces/srv/TurtleSrv.idl
[1.420s] -- Up-to-date: /home/zzs/chaptmy/chapt_ws/install/turtle_my_interfaces/share/turtle_my_interfaces/srv/TurtleSrv.srv
[1.421s] -- Up-to-date: /home/zzs/chaptmy/chapt_ws/install/turtle_my_interfaces/share/ament_index/resource_index/package_run_dependencies/turtle_my_interfaces
[1.421s] -- Up-to-date: /home/zzs/chaptmy/chapt_ws/install/turtle_my_interfaces/share/ament_index/resource_index/parent_prefix_path/turtle_my_interfaces
[1.421s] -- Up-to-date: /home/zzs/chaptmy/chapt_ws/install/turtle_my_interfaces/share/turtle_my_interfaces/environment/ament_prefix_path.sh
[1.421s] -- Up-to-date: /home/zzs/chaptmy/chapt_ws/install/turtle_my_interfaces/share/turtle_my_interfaces/environment/ament_prefix_path.dsv
[1.421s] -- Up-to-date: /home/zzs/chaptmy/chapt_ws/install/turtle_my_interfaces/share/turtle_my_interfaces/environment/path.sh
[1.422s] -- Up-to-date: /home/zzs/chaptmy/chapt_ws/install/turtle_my_interfaces/share/turtle_my_interfaces/environment/path.dsv
[1.422s] -- Up-to-date: /home/zzs/chaptmy/chapt_ws/install/turtle_my_interfaces/share/turtle_my_interfaces/local_setup.bash
[1.422s] -- Up-to-date: /home/zzs/chaptmy/chapt_ws/install/turtle_my_interfaces/share/turtle_my_interfaces/local_setup.sh
[1.422s] -- Up-to-date: /home/zzs/chaptmy/chapt_ws/install/turtle_my_interfaces/share/turtle_my_interfaces/local_setup.zsh
[1.423s] -- Up-to-date: /home/zzs/chaptmy/chapt_ws/install/turtle_my_interfaces/share/turtle_my_interfaces/local_setup.dsv
[1.423s] -- Installing: /home/zzs/chaptmy/chapt_ws/install/turtle_my_interfaces/share/turtle_my_interfaces/package.dsv
[1.423s] -- Up-to-date: /home/zzs/chaptmy/chapt_ws/install/turtle_my_interfaces/share/ament_index/resource_index/packages/turtle_my_interfaces
[1.425s] -- Up-to-date: /home/zzs/chaptmy/chapt_ws/install/turtle_my_interfaces/share/turtle_my_interfaces/cmake/export_turtle_my_interfaces__rosidl_generator_cExport.cmake
[1.427s] -- Up-to-date: /home/zzs/chaptmy/chapt_ws/install/turtle_my_interfaces/share/turtle_my_interfaces/cmake/export_turtle_my_interfaces__rosidl_generator_cExport-noconfig.cmake
[1.427s] -- Up-to-date: /home/zzs/chaptmy/chapt_ws/install/turtle_my_interfaces/share/turtle_my_interfaces/cmake/export_turtle_my_interfaces__rosidl_typesupport_fastrtps_cExport.cmake
[1.427s] -- Up-to-date: /home/zzs/chaptmy/chapt_ws/install/turtle_my_interfaces/share/turtle_my_interfaces/cmake/export_turtle_my_interfaces__rosidl_typesupport_fastrtps_cExport-noconfig.cmake
[1.427s] -- Up-to-date: /home/zzs/chaptmy/chapt_ws/install/turtle_my_interfaces/share/turtle_my_interfaces/cmake/export_turtle_my_interfaces__rosidl_generator_cppExport.cmake
[1.428s] -- Up-to-date: /home/zzs/chaptmy/chapt_ws/install/turtle_my_interfaces/share/turtle_my_interfaces/cmake/export_turtle_my_interfaces__rosidl_typesupport_fastrtps_cppExport.cmake
[1.429s] -- Up-to-date: /home/zzs/chaptmy/chapt_ws/install/turtle_my_interfaces/share/turtle_my_interfaces/cmake/export_turtle_my_interfaces__rosidl_typesupport_fastrtps_cppExport-noconfig.cmake
[1.431s] -- Up-to-date: /home/zzs/chaptmy/chapt_ws/install/turtle_my_interfaces/share/turtle_my_interfaces/cmake/turtle_my_interfaces__rosidl_typesupport_introspection_cExport.cmake
[1.431s] -- Up-to-date: /home/zzs/chaptmy/chapt_ws/install/turtle_my_interfaces/share/turtle_my_interfaces/cmake/turtle_my_interfaces__rosidl_typesupport_introspection_cExport-noconfig.cmake
[1.433s] -- Up-to-date: /home/zzs/chaptmy/chapt_ws/install/turtle_my_interfaces/share/turtle_my_interfaces/cmake/turtle_my_interfaces__rosidl_typesupport_cExport.cmake
[1.434s] -- Up-to-date: /home/zzs/chaptmy/chapt_ws/install/turtle_my_interfaces/share/turtle_my_interfaces/cmake/turtle_my_interfaces__rosidl_typesupport_cExport-noconfig.cmake
[1.434s] -- Up-to-date: /home/zzs/chaptmy/chapt_ws/install/turtle_my_interfaces/share/turtle_my_interfaces/cmake/turtle_my_interfaces__rosidl_typesupport_introspection_cppExport.cmake
[1.434s] -- Up-to-date: /home/zzs/chaptmy/chapt_ws/install/turtle_my_interfaces/share/turtle_my_interfaces/cmake/turtle_my_interfaces__rosidl_typesupport_introspection_cppExport-noconfig.cmake
[1.434s] -- Up-to-date: /home/zzs/chaptmy/chapt_ws/install/turtle_my_interfaces/share/turtle_my_interfaces/cmake/turtle_my_interfaces__rosidl_typesupport_cppExport.cmake
[1.434s] -- Up-to-date: /home/zzs/chaptmy/chapt_ws/install/turtle_my_interfaces/share/turtle_my_interfaces/cmake/turtle_my_interfaces__rosidl_typesupport_cppExport-noconfig.cmake
[1.435s] -- Up-to-date: /home/zzs/chaptmy/chapt_ws/install/turtle_my_interfaces/share/turtle_my_interfaces/cmake/export_turtle_my_interfaces__rosidl_generator_pyExport.cmake
[1.436s] -- Up-to-date: /home/zzs/chaptmy/chapt_ws/install/turtle_my_interfaces/share/turtle_my_interfaces/cmake/export_turtle_my_interfaces__rosidl_generator_pyExport-noconfig.cmake
[1.436s] -- Up-to-date: /home/zzs/chaptmy/chapt_ws/install/turtle_my_interfaces/share/turtle_my_interfaces/cmake/rosidl_cmake-extras.cmake
[1.436s] -- Up-to-date: /home/zzs/chaptmy/chapt_ws/install/turtle_my_interfaces/share/turtle_my_interfaces/cmake/ament_cmake_export_dependencies-extras.cmake
[1.437s] -- Up-to-date: /home/zzs/chaptmy/chapt_ws/install/turtle_my_interfaces/share/turtle_my_interfaces/cmake/ament_cmake_export_include_directories-extras.cmake
[1.437s] -- Up-to-date: /home/zzs/chaptmy/chapt_ws/install/turtle_my_interfaces/share/turtle_my_interfaces/cmake/ament_cmake_export_libraries-extras.cmake
[1.437s] -- Up-to-date: /home/zzs/chaptmy/chapt_ws/install/turtle_my_interfaces/share/turtle_my_interfaces/cmake/ament_cmake_export_targets-extras.cmake
[1.438s] -- Up-to-date: /home/zzs/chaptmy/chapt_ws/install/turtle_my_interfaces/share/turtle_my_interfaces/cmake/rosidl_cmake_export_typesupport_targets-extras.cmake
[1.438s] -- Up-to-date: /home/zzs/chaptmy/chapt_ws/install/turtle_my_interfaces/share/turtle_my_interfaces/cmake/rosidl_cmake_export_typesupport_libraries-extras.cmake
[1.438s] -- Up-to-date: /home/zzs/chaptmy/chapt_ws/install/turtle_my_interfaces/share/turtle_my_interfaces/cmake/rosidl_cmake_aggregate_target-extras.cmake
[1.439s] -- Up-to-date: /home/zzs/chaptmy/chapt_ws/install/turtle_my_interfaces/share/turtle_my_interfaces/cmake/turtle_my_interfacesConfig.cmake
[1.439s] -- Up-to-date: /home/zzs/chaptmy/chapt_ws/install/turtle_my_interfaces/share/turtle_my_interfaces/cmake/turtle_my_interfacesConfig-version.cmake
[1.439s] -- Up-to-date: /home/zzs/chaptmy/chapt_ws/install/turtle_my_interfaces/share/turtle_my_interfaces/package.xml
[1.444s] Invoked command in '/home/zzs/chaptmy/chapt_ws/build/turtle_my_interfaces' returned '0': CMAKE_PREFIX_PATH=${CMAKE_PREFIX_PATH}:/home/zzs/chaptmy/chapt_ws/install/turtle_my_service:/opt/ros/jazzy DEBUGINFOD_URLS=https://debuginfod.ubuntu.com /usr/bin/cmake --install /home/zzs/chaptmy/chapt_ws/build/turtle_my_interfaces
