[1.034s] DEBUG:colcon:Command line arguments: ['/usr/bin/colcon', 'build']
[1.034s] DEBUG:colcon:Parsed command line arguments: Namespace(log_base=None, log_level=None, verb_name='build', build_base='build', install_base='install', merge_install=False, symlink_install=False, test_result_base=None, continue_on_error=False, executor='parallel', parallel_workers=2, event_handlers=None, ignore_user_meta=False, metas=['./colcon.meta'], base_paths=['.'], packages_ignore=None, packages_ignore_regex=None, paths=None, packages_up_to=None, packages_up_to_regex=None, packages_above=None, packages_above_and_dependencies=None, packages_above_depth=None, packages_select_by_dep=None, packages_skip_by_dep=None, packages_skip_up_to=None, packages_select_build_failed=False, packages_skip_build_finished=False, packages_select_test_failures=False, packages_skip_test_passed=False, packages_select=None, packages_skip=None, packages_select_regex=None, packages_skip_regex=None, packages_start=None, packages_end=None, allow_overriding=[], cmake_args=None, cmake_target=None, cmake_target_skip_unavailable=False, cmake_clean_cache=False, cmake_clean_first=False, cmake_force_configure=False, ament_cmake_args=None, catkin_cmake_args=None, catkin_skip_building_tests=False, verb_parser=<colcon_defaults.argument_parser.defaults.DefaultArgumentsDecorator object at 0x7c9a2a171310>, verb_extension=<colcon_core.verb.build.BuildVerb object at 0x7c9a2a170b00>, main=<bound method BuildVerb.main of <colcon_core.verb.build.BuildVerb object at 0x7c9a2a170b00>>)
[1.234s] Level 1:colcon.colcon_core.package_discovery:discover_packages(colcon_meta) check parameters
[1.235s] Level 1:colcon.colcon_core.package_discovery:discover_packages(recursive) check parameters
[1.235s] Level 1:colcon.colcon_core.package_discovery:discover_packages(ignore) check parameters
[1.235s] Level 1:colcon.colcon_core.package_discovery:discover_packages(path) check parameters
[1.235s] Level 1:colcon.colcon_core.package_discovery:discover_packages(colcon_meta) discover
[1.235s] Level 1:colcon.colcon_core.package_discovery:discover_packages(recursive) discover
[1.236s] INFO:colcon.colcon_core.package_discovery:Crawling recursively for packages in '/home/zzs/chapt2'
[1.236s] Level 1:colcon.colcon_core.package_identification:_identify(.) by extensions ['ignore', 'ignore_ament_install']
[1.236s] Level 1:colcon.colcon_core.package_identification:_identify(.) by extension 'ignore'
[1.236s] Level 1:colcon.colcon_core.package_identification:_identify(.) by extension 'ignore_ament_install'
[1.236s] Level 1:colcon.colcon_core.package_identification:_identify(.) by extensions ['colcon_pkg']
[1.236s] Level 1:colcon.colcon_core.package_identification:_identify(.) by extension 'colcon_pkg'
[1.236s] Level 1:colcon.colcon_core.package_identification:_identify(.) by extensions ['colcon_meta']
[1.236s] Level 1:colcon.colcon_core.package_identification:_identify(.) by extension 'colcon_meta'
[1.236s] Level 1:colcon.colcon_core.package_identification:_identify(.) by extensions ['ros']
[1.236s] Level 1:colcon.colcon_core.package_identification:_identify(.) by extension 'ros'
[1.392s] Level 1:colcon.colcon_core.package_identification:_identify(.) by extensions ['cmake', 'python']
[1.392s] Level 1:colcon.colcon_core.package_identification:_identify(.) by extension 'cmake'
[1.392s] Level 1:colcon.colcon_core.package_identification:_identify(.) by extension 'python'
[1.392s] Level 1:colcon.colcon_core.package_identification:_identify(.) by extensions ['python_setup_py']
[1.392s] Level 1:colcon.colcon_core.package_identification:_identify(.) by extension 'python_setup_py'
[1.393s] Level 1:colcon.colcon_core.package_identification:_identify(build) by extensions ['ignore', 'ignore_ament_install']
[1.393s] Level 1:colcon.colcon_core.package_identification:_identify(build) by extension 'ignore'
[1.393s] Level 1:colcon.colcon_core.package_identification:_identify(build) ignored
[1.394s] Level 1:colcon.colcon_core.package_identification:_identify(chapt2_ws) by extensions ['ignore', 'ignore_ament_install']
[1.396s] Level 1:colcon.colcon_core.package_identification:_identify(chapt2_ws) by extension 'ignore'
[1.396s] Level 1:colcon.colcon_core.package_identification:_identify(chapt2_ws) by extension 'ignore_ament_install'
[1.396s] Level 1:colcon.colcon_core.package_identification:_identify(chapt2_ws) by extensions ['colcon_pkg']
[1.396s] Level 1:colcon.colcon_core.package_identification:_identify(chapt2_ws) by extension 'colcon_pkg'
[1.396s] Level 1:colcon.colcon_core.package_identification:_identify(chapt2_ws) by extensions ['colcon_meta']
[1.396s] Level 1:colcon.colcon_core.package_identification:_identify(chapt2_ws) by extension 'colcon_meta'
[1.396s] Level 1:colcon.colcon_core.package_identification:_identify(chapt2_ws) by extensions ['ros']
[1.396s] Level 1:colcon.colcon_core.package_identification:_identify(chapt2_ws) by extension 'ros'
[1.399s] Level 1:colcon.colcon_core.package_identification:_identify(chapt2_ws) by extensions ['cmake', 'python']
[1.399s] Level 1:colcon.colcon_core.package_identification:_identify(chapt2_ws) by extension 'cmake'
[1.399s] Level 1:colcon.colcon_core.package_identification:_identify(chapt2_ws) by extension 'python'
[1.400s] Level 1:colcon.colcon_core.package_identification:_identify(chapt2_ws) by extensions ['python_setup_py']
[1.400s] Level 1:colcon.colcon_core.package_identification:_identify(chapt2_ws) by extension 'python_setup_py'
[1.403s] Level 1:colcon.colcon_core.package_identification:_identify(chapt2_ws/build) by extensions ['ignore', 'ignore_ament_install']
[1.404s] Level 1:colcon.colcon_core.package_identification:_identify(chapt2_ws/build) by extension 'ignore'
[1.404s] Level 1:colcon.colcon_core.package_identification:_identify(chapt2_ws/build) ignored
[1.407s] Level 1:colcon.colcon_core.package_identification:_identify(chapt2_ws/install) by extensions ['ignore', 'ignore_ament_install']
[1.407s] Level 1:colcon.colcon_core.package_identification:_identify(chapt2_ws/install) by extension 'ignore'
[1.407s] Level 1:colcon.colcon_core.package_identification:_identify(chapt2_ws/install) ignored
[1.408s] Level 1:colcon.colcon_core.package_identification:_identify(chapt2_ws/log) by extensions ['ignore', 'ignore_ament_install']
[1.408s] Level 1:colcon.colcon_core.package_identification:_identify(chapt2_ws/log) by extension 'ignore'
[1.411s] Level 1:colcon.colcon_core.package_identification:_identify(chapt2_ws/log) ignored
[1.412s] Level 1:colcon.colcon_core.package_identification:_identify(chapt2_ws/src) by extensions ['ignore', 'ignore_ament_install']
[1.412s] Level 1:colcon.colcon_core.package_identification:_identify(chapt2_ws/src) by extension 'ignore'
[1.415s] Level 1:colcon.colcon_core.package_identification:_identify(chapt2_ws/src) by extension 'ignore_ament_install'
[1.415s] Level 1:colcon.colcon_core.package_identification:_identify(chapt2_ws/src) by extensions ['colcon_pkg']
[1.415s] Level 1:colcon.colcon_core.package_identification:_identify(chapt2_ws/src) by extension 'colcon_pkg'
[1.415s] Level 1:colcon.colcon_core.package_identification:_identify(chapt2_ws/src) by extensions ['colcon_meta']
[1.415s] Level 1:colcon.colcon_core.package_identification:_identify(chapt2_ws/src) by extension 'colcon_meta'
[1.415s] Level 1:colcon.colcon_core.package_identification:_identify(chapt2_ws/src) by extensions ['ros']
[1.415s] Level 1:colcon.colcon_core.package_identification:_identify(chapt2_ws/src) by extension 'ros'
[1.415s] Level 1:colcon.colcon_core.package_identification:_identify(chapt2_ws/src) by extensions ['cmake', 'python']
[1.415s] Level 1:colcon.colcon_core.package_identification:_identify(chapt2_ws/src) by extension 'cmake'
[1.415s] Level 1:colcon.colcon_core.package_identification:_identify(chapt2_ws/src) by extension 'python'
[1.415s] Level 1:colcon.colcon_core.package_identification:_identify(chapt2_ws/src) by extensions ['python_setup_py']
[1.415s] Level 1:colcon.colcon_core.package_identification:_identify(chapt2_ws/src) by extension 'python_setup_py'
[1.415s] Level 1:colcon.colcon_core.package_identification:_identify(chapt2_ws/src/demo_python_pkg) by extensions ['ignore', 'ignore_ament_install']
[1.415s] Level 1:colcon.colcon_core.package_identification:_identify(chapt2_ws/src/demo_python_pkg) by extension 'ignore'
[1.415s] Level 1:colcon.colcon_core.package_identification:_identify(chapt2_ws/src/demo_python_pkg) by extension 'ignore_ament_install'
[1.415s] Level 1:colcon.colcon_core.package_identification:_identify(chapt2_ws/src/demo_python_pkg) by extensions ['colcon_pkg']
[1.415s] Level 1:colcon.colcon_core.package_identification:_identify(chapt2_ws/src/demo_python_pkg) by extension 'colcon_pkg'
[1.416s] Level 1:colcon.colcon_core.package_identification:_identify(chapt2_ws/src/demo_python_pkg) by extensions ['colcon_meta']
[1.416s] Level 1:colcon.colcon_core.package_identification:_identify(chapt2_ws/src/demo_python_pkg) by extension 'colcon_meta'
[1.416s] Level 1:colcon.colcon_core.package_identification:_identify(chapt2_ws/src/demo_python_pkg) by extensions ['ros']
[1.416s] Level 1:colcon.colcon_core.package_identification:_identify(chapt2_ws/src/demo_python_pkg) by extension 'ros'
[1.453s] DEBUG:colcon.colcon_core.package_identification:Package 'chapt2_ws/src/demo_python_pkg' with type 'ros.ament_python' and name 'demo_python_pkg'
[1.453s] Level 1:colcon.colcon_core.package_identification:_identify(install) by extensions ['ignore', 'ignore_ament_install']
[1.453s] Level 1:colcon.colcon_core.package_identification:_identify(install) by extension 'ignore'
[1.455s] Level 1:colcon.colcon_core.package_identification:_identify(install) ignored
[1.455s] Level 1:colcon.colcon_core.package_identification:_identify(log) by extensions ['ignore', 'ignore_ament_install']
[1.456s] Level 1:colcon.colcon_core.package_identification:_identify(log) by extension 'ignore'
[1.456s] Level 1:colcon.colcon_core.package_identification:_identify(log) ignored
[1.459s] Level 1:colcon.colcon_core.package_discovery:discover_packages(recursive) using defaults
[1.459s] Level 1:colcon.colcon_core.package_discovery:discover_packages(ignore) discover
[1.459s] Level 1:colcon.colcon_core.package_discovery:discover_packages(ignore) using defaults
[1.459s] Level 1:colcon.colcon_core.package_discovery:discover_packages(path) discover
[1.459s] Level 1:colcon.colcon_core.package_discovery:discover_packages(path) using defaults
[1.761s] Level 1:colcon.colcon_core.package_discovery:discover_packages(prefix_path) check parameters
[1.761s] Level 1:colcon.colcon_core.package_discovery:discover_packages(prefix_path) discover
[1.836s] DEBUG:colcon.colcon_installed_package_information.package_discovery:Found 287 installed packages in /opt/ros/jazzy
[1.870s] Level 1:colcon.colcon_core.package_discovery:discover_packages(prefix_path) using defaults
[2.164s] Level 5:colcon.colcon_core.verb:set package 'demo_python_pkg' build argument 'cmake_args' from command line to 'None'
[2.165s] Level 5:colcon.colcon_core.verb:set package 'demo_python_pkg' build argument 'cmake_target' from command line to 'None'
[2.165s] Level 5:colcon.colcon_core.verb:set package 'demo_python_pkg' build argument 'cmake_target_skip_unavailable' from command line to 'False'
[2.165s] Level 5:colcon.colcon_core.verb:set package 'demo_python_pkg' build argument 'cmake_clean_cache' from command line to 'False'
[2.165s] Level 5:colcon.colcon_core.verb:set package 'demo_python_pkg' build argument 'cmake_clean_first' from command line to 'False'
[2.165s] Level 5:colcon.colcon_core.verb:set package 'demo_python_pkg' build argument 'cmake_force_configure' from command line to 'False'
[2.165s] Level 5:colcon.colcon_core.verb:set package 'demo_python_pkg' build argument 'ament_cmake_args' from command line to 'None'
[2.165s] Level 5:colcon.colcon_core.verb:set package 'demo_python_pkg' build argument 'catkin_cmake_args' from command line to 'None'
[2.165s] Level 5:colcon.colcon_core.verb:set package 'demo_python_pkg' build argument 'catkin_skip_building_tests' from command line to 'False'
[2.165s] DEBUG:colcon.colcon_core.verb:Building package 'demo_python_pkg' with the following arguments: {'ament_cmake_args': None, 'build_base': '/home/zzs/chapt2/build/demo_python_pkg', 'catkin_cmake_args': None, 'catkin_skip_building_tests': False, 'cmake_args': None, 'cmake_clean_cache': False, 'cmake_clean_first': False, 'cmake_force_configure': False, 'cmake_target': None, 'cmake_target_skip_unavailable': False, 'install_base': '/home/zzs/chapt2/install/demo_python_pkg', 'merge_install': False, 'path': '/home/zzs/chapt2/chapt2_ws/src/demo_python_pkg', 'symlink_install': False, 'test_result_base': None}
[2.165s] INFO:colcon.colcon_core.executor:Executing jobs using 'parallel' executor
[2.167s] DEBUG:colcon.colcon_parallel_executor.executor.parallel:run_until_complete
[2.168s] INFO:colcon.colcon_ros.task.ament_python.build:Building ROS package in '/home/zzs/chapt2/chapt2_ws/src/demo_python_pkg' with build type 'ament_python'
[2.168s] Level 1:colcon.colcon_core.shell:create_environment_hook('demo_python_pkg', 'ament_prefix_path')
[2.180s] INFO:colcon.colcon_core.plugin_system:Skipping extension 'colcon_core.shell.bat': Not used on non-Windows systems
[2.180s] INFO:colcon.colcon_core.shell:Creating environment hook '/home/zzs/chapt2/install/demo_python_pkg/share/demo_python_pkg/hook/ament_prefix_path.ps1'
[2.182s] INFO:colcon.colcon_core.shell:Creating environment descriptor '/home/zzs/chapt2/install/demo_python_pkg/share/demo_python_pkg/hook/ament_prefix_path.dsv'
[2.184s] INFO:colcon.colcon_core.shell:Creating environment hook '/home/zzs/chapt2/install/demo_python_pkg/share/demo_python_pkg/hook/ament_prefix_path.sh'
[2.185s] INFO:colcon.colcon_core.shell:Skip shell extension 'powershell' for command environment: Not usable outside of PowerShell
[2.185s] DEBUG:colcon.colcon_core.shell:Skip shell extension 'dsv' for command environment
[2.548s] INFO:colcon.colcon_core.task.python.build:Building Python package in '/home/zzs/chapt2/chapt2_ws/src/demo_python_pkg'
[2.548s] INFO:colcon.colcon_core.shell:Skip shell extension 'powershell' for command environment: Not usable outside of PowerShell
[2.548s] DEBUG:colcon.colcon_core.shell:Skip shell extension 'dsv' for command environment
[4.187s] DEBUG:colcon.colcon_core.task.python.build:Available setuptools commands: build_scripts, install_scripts, upload_docs, build_py, install, compile_catalog, symlink_data, build, install_data, install_headers, bdist_rpm, check, extract_messages, rotate, saveopts, clean, update_catalog, easy_install, alias, develop, install_lib, egg_info, build_clib, register, init_catalog, setopt, sdist, bdist_dumb, bdist, dist_info, editable_wheel, test, bdist_egg, build_ext, install_egg_info, upload
[4.189s] DEBUG:colcon.colcon_core.event_handler.log_command:Invoking command in '/home/zzs/chapt2/chapt2_ws/src/demo_python_pkg': DEBUGINFOD_URLS=https://debuginfod.ubuntu.com PYTHONPATH=/home/zzs/chapt2/build/demo_python_pkg/prefix_override:/usr/lib/python3/dist-packages/colcon_core/task/python/colcon_distutils_commands:/home/zzs/chapt2/install/demo_python_pkg/lib/python3.12/site-packages:${PYTHONPATH} /usr/bin/python3 -W ignore:setup.py install is deprecated -W ignore:easy_install command is deprecated setup.py egg_info --egg-base ../../../build/demo_python_pkg build --build-base /home/zzs/chapt2/build/demo_python_pkg/build install --record /home/zzs/chapt2/build/demo_python_pkg/install.log --install-scripts $base/lib/demo_python_pkg --single-version-externally-managed install_data
[5.130s] DEBUG:colcon.colcon_core.event_handler.log_command:Invoked command in '/home/zzs/chapt2/chapt2_ws/src/demo_python_pkg' returned '0': DEBUGINFOD_URLS=https://debuginfod.ubuntu.com PYTHONPATH=/home/zzs/chapt2/build/demo_python_pkg/prefix_override:/usr/lib/python3/dist-packages/colcon_core/task/python/colcon_distutils_commands:/home/zzs/chapt2/install/demo_python_pkg/lib/python3.12/site-packages:${PYTHONPATH} /usr/bin/python3 -W ignore:setup.py install is deprecated -W ignore:easy_install command is deprecated setup.py egg_info --egg-base ../../../build/demo_python_pkg build --build-base /home/zzs/chapt2/build/demo_python_pkg/build install --record /home/zzs/chapt2/build/demo_python_pkg/install.log --install-scripts $base/lib/demo_python_pkg --single-version-externally-managed install_data
[5.149s] Level 1:colcon.colcon_core.environment:checking '/home/zzs/chapt2/install/demo_python_pkg' for CMake module files
[5.149s] Level 1:colcon.colcon_core.environment:checking '/home/zzs/chapt2/install/demo_python_pkg' for CMake config files
[5.150s] Level 1:colcon.colcon_core.environment:checking '/home/zzs/chapt2/install/demo_python_pkg/lib'
[5.150s] Level 1:colcon.colcon_core.environment:checking '/home/zzs/chapt2/install/demo_python_pkg/bin'
[5.150s] Level 1:colcon.colcon_core.environment:checking '/home/zzs/chapt2/install/demo_python_pkg/lib/pkgconfig/demo_python_pkg.pc'
[5.150s] Level 1:colcon.colcon_core.environment:checking '/home/zzs/chapt2/install/demo_python_pkg/lib/python3.12/site-packages'
[5.151s] Level 1:colcon.colcon_core.shell:create_environment_hook('demo_python_pkg', 'pythonpath')
[5.151s] INFO:colcon.colcon_core.shell:Creating environment hook '/home/zzs/chapt2/install/demo_python_pkg/share/demo_python_pkg/hook/pythonpath.ps1'
[5.151s] INFO:colcon.colcon_core.shell:Creating environment descriptor '/home/zzs/chapt2/install/demo_python_pkg/share/demo_python_pkg/hook/pythonpath.dsv'
[5.152s] INFO:colcon.colcon_core.shell:Creating environment hook '/home/zzs/chapt2/install/demo_python_pkg/share/demo_python_pkg/hook/pythonpath.sh'
[5.153s] Level 1:colcon.colcon_core.environment:checking '/home/zzs/chapt2/install/demo_python_pkg/bin'
[5.153s] Level 1:colcon.colcon_core.environment:create_environment_scripts_only(demo_python_pkg)
[5.153s] INFO:colcon.colcon_core.shell:Creating package script '/home/zzs/chapt2/install/demo_python_pkg/share/demo_python_pkg/package.ps1'
[5.155s] INFO:colcon.colcon_core.shell:Creating package descriptor '/home/zzs/chapt2/install/demo_python_pkg/share/demo_python_pkg/package.dsv'
[5.155s] INFO:colcon.colcon_core.shell:Creating package script '/home/zzs/chapt2/install/demo_python_pkg/share/demo_python_pkg/package.sh'
[5.157s] INFO:colcon.colcon_core.shell:Creating package script '/home/zzs/chapt2/install/demo_python_pkg/share/demo_python_pkg/package.bash'
[5.158s] INFO:colcon.colcon_core.shell:Creating package script '/home/zzs/chapt2/install/demo_python_pkg/share/demo_python_pkg/package.zsh'
[5.159s] Level 1:colcon.colcon_core.environment:create_file_with_runtime_dependencies(/home/zzs/chapt2/install/demo_python_pkg/share/colcon-core/packages/demo_python_pkg)
[5.160s] DEBUG:colcon.colcon_parallel_executor.executor.parallel:closing loop
[5.160s] DEBUG:colcon.colcon_parallel_executor.executor.parallel:loop closed
[5.160s] DEBUG:colcon.colcon_parallel_executor.executor.parallel:run_until_complete finished with '0'
[5.160s] DEBUG:colcon.colcon_core.event_reactor:joining thread
[5.180s] INFO:colcon.colcon_core.plugin_system:Skipping extension 'colcon_notification.desktop_notification.terminal_notifier': Not used on non-Darwin systems
[5.180s] INFO:colcon.colcon_core.plugin_system:Skipping extension 'colcon_notification.desktop_notification.win32': Not used on non-Windows systems
[5.180s] INFO:colcon.colcon_notification.desktop_notification:Sending desktop notification using 'notify2'
[5.547s] DEBUG:colcon.colcon_core.event_reactor:joined thread
[5.547s] INFO:colcon.colcon_core.shell:Creating prefix script '/home/zzs/chapt2/install/local_setup.ps1'
[5.600s] INFO:colcon.colcon_core.shell:Creating prefix util module '/home/zzs/chapt2/install/_local_setup_util_ps1.py'
[5.623s] INFO:colcon.colcon_core.shell:Creating prefix chain script '/home/zzs/chapt2/install/setup.ps1'
[5.633s] INFO:colcon.colcon_core.shell:Creating prefix script '/home/zzs/chapt2/install/local_setup.sh'
[5.643s] INFO:colcon.colcon_core.shell:Creating prefix util module '/home/zzs/chapt2/install/_local_setup_util_sh.py'
[5.667s] INFO:colcon.colcon_core.shell:Creating prefix chain script '/home/zzs/chapt2/install/setup.sh'
[5.668s] INFO:colcon.colcon_core.shell:Creating prefix script '/home/zzs/chapt2/install/local_setup.bash'
[5.669s] INFO:colcon.colcon_core.shell:Creating prefix chain script '/home/zzs/chapt2/install/setup.bash'
[5.672s] INFO:colcon.colcon_core.shell:Creating prefix script '/home/zzs/chapt2/install/local_setup.zsh'
[5.675s] INFO:colcon.colcon_core.shell:Creating prefix chain script '/home/zzs/chapt2/install/setup.zsh'
