-- Install configuration: ""
-- Installing: /home/zzs/chapt6/chapt6_ws/install/zzs_description/share/zzs_description/launch
-- Installing: /home/zzs/chapt6/chapt6_ws/install/zzs_description/share/zzs_description/launch/dispaly_robot.launch.py
-- Installing: /home/zzs/chapt6/chapt6_ws/install/zzs_description/share/zzs_description/urdf
-- Installing: /home/zzs/chapt6/chapt6_ws/install/zzs_description/share/zzs_description/urdf/first_robot.gv
-- Installing: /home/zzs/chapt6/chapt6_ws/install/zzs_description/share/zzs_description/urdf/first_robot.pdf
-- Installing: /home/zzs/chapt6/chapt6_ws/install/zzs_description/share/zzs_description/urdf/first_robot.urdf
-- Installing: /home/zzs/chapt6/chapt6_ws/install/zzs_description/share/ament_index/resource_index/package_run_dependencies/zzs_description
-- Installing: /home/zzs/chapt6/chapt6_ws/install/zzs_description/share/ament_index/resource_index/parent_prefix_path/zzs_description
-- Installing: /home/zzs/chapt6/chapt6_ws/install/zzs_description/share/zzs_description/environment/ament_prefix_path.sh
-- Installing: /home/zzs/chapt6/chapt6_ws/install/zzs_description/share/zzs_description/environment/ament_prefix_path.dsv
-- Installing: /home/zzs/chapt6/chapt6_ws/install/zzs_description/share/zzs_description/environment/path.sh
-- Installing: /home/zzs/chapt6/chapt6_ws/install/zzs_description/share/zzs_description/environment/path.dsv
-- Installing: /home/zzs/chapt6/chapt6_ws/install/zzs_description/share/zzs_description/local_setup.bash
-- Installing: /home/zzs/chapt6/chapt6_ws/install/zzs_description/share/zzs_description/local_setup.sh
-- Installing: /home/zzs/chapt6/chapt6_ws/install/zzs_description/share/zzs_description/local_setup.zsh
-- Installing: /home/zzs/chapt6/chapt6_ws/install/zzs_description/share/zzs_description/local_setup.dsv
-- Up-to-date: /home/zzs/chapt6/chapt6_ws/install/zzs_description/share/zzs_description/package.dsv
-- Installing: /home/zzs/chapt6/chapt6_ws/install/zzs_description/share/ament_index/resource_index/packages/zzs_description
-- Installing: /home/zzs/chapt6/chapt6_ws/install/zzs_description/share/zzs_description/cmake/zzs_descriptionConfig.cmake
-- Installing: /home/zzs/chapt6/chapt6_ws/install/zzs_description/share/zzs_description/cmake/zzs_descriptionConfig-version.cmake
-- Installing: /home/zzs/chapt6/chapt6_ws/install/zzs_description/share/zzs_description/package.xml
