[0.280s] DEBUG:colcon:Command line arguments: ['/usr/bin/colcon', 'build']
[0.280s] DEBUG:colcon:Parsed command line arguments: Namespace(log_base=None, log_level=None, verb_name='build', build_base='build', install_base='install', merge_install=False, symlink_install=False, test_result_base=None, continue_on_error=False, executor='parallel', parallel_workers=2, event_handlers=None, ignore_user_meta=False, metas=['./colcon.meta'], base_paths=['.'], packages_ignore=None, packages_ignore_regex=None, paths=None, packages_up_to=None, packages_up_to_regex=None, packages_above=None, packages_above_and_dependencies=None, packages_above_depth=None, packages_select_by_dep=None, packages_skip_by_dep=None, packages_skip_up_to=None, packages_select_build_failed=False, packages_skip_build_finished=False, packages_select_test_failures=False, packages_skip_test_passed=False, packages_select=None, packages_skip=None, packages_select_regex=None, packages_skip_regex=None, packages_start=None, packages_end=None, allow_overriding=[], cmake_args=None, cmake_target=None, cmake_target_skip_unavailable=False, cmake_clean_cache=False, cmake_clean_first=False, cmake_force_configure=False, ament_cmake_args=None, catkin_cmake_args=None, catkin_skip_building_tests=False, verb_parser=<colcon_defaults.argument_parser.defaults.DefaultArgumentsDecorator object at 0x720caa6ad720>, verb_extension=<colcon_core.verb.build.BuildVerb object at 0x720caa6ad210>, main=<bound method BuildVerb.main of <colcon_core.verb.build.BuildVerb object at 0x720caa6ad210>>)
[0.618s] Level 1:colcon.colcon_core.package_discovery:discover_packages(colcon_meta) check parameters
[0.619s] Level 1:colcon.colcon_core.package_discovery:discover_packages(recursive) check parameters
[0.619s] Level 1:colcon.colcon_core.package_discovery:discover_packages(ignore) check parameters
[0.619s] Level 1:colcon.colcon_core.package_discovery:discover_packages(path) check parameters
[0.619s] Level 1:colcon.colcon_core.package_discovery:discover_packages(colcon_meta) discover
[0.619s] Level 1:colcon.colcon_core.package_discovery:discover_packages(recursive) discover
[0.619s] INFO:colcon.colcon_core.package_discovery:Crawling recursively for packages in '/home/zzs/workspace/ros2/ros2_study/chapt7/chapt7_ws'
[0.619s] Level 1:colcon.colcon_core.package_identification:_identify(.) by extensions ['ignore', 'ignore_ament_install']
[0.620s] Level 1:colcon.colcon_core.package_identification:_identify(.) by extension 'ignore'
[0.620s] Level 1:colcon.colcon_core.package_identification:_identify(.) by extension 'ignore_ament_install'
[0.620s] Level 1:colcon.colcon_core.package_identification:_identify(.) by extensions ['colcon_pkg']
[0.620s] Level 1:colcon.colcon_core.package_identification:_identify(.) by extension 'colcon_pkg'
[0.620s] Level 1:colcon.colcon_core.package_identification:_identify(.) by extensions ['colcon_meta']
[0.620s] Level 1:colcon.colcon_core.package_identification:_identify(.) by extension 'colcon_meta'
[0.620s] Level 1:colcon.colcon_core.package_identification:_identify(.) by extensions ['ros']
[0.620s] Level 1:colcon.colcon_core.package_identification:_identify(.) by extension 'ros'
[0.639s] Level 1:colcon.colcon_core.package_identification:_identify(.) by extensions ['cmake', 'python']
[0.639s] Level 1:colcon.colcon_core.package_identification:_identify(.) by extension 'cmake'
[0.639s] Level 1:colcon.colcon_core.package_identification:_identify(.) by extension 'python'
[0.639s] Level 1:colcon.colcon_core.package_identification:_identify(.) by extensions ['python_setup_py']
[0.639s] Level 1:colcon.colcon_core.package_identification:_identify(.) by extension 'python_setup_py'
[0.639s] Level 1:colcon.colcon_core.package_identification:_identify(build) by extensions ['ignore', 'ignore_ament_install']
[0.639s] Level 1:colcon.colcon_core.package_identification:_identify(build) by extension 'ignore'
[0.639s] Level 1:colcon.colcon_core.package_identification:_identify(build) ignored
[0.640s] Level 1:colcon.colcon_core.package_identification:_identify(install) by extensions ['ignore', 'ignore_ament_install']
[0.641s] Level 1:colcon.colcon_core.package_identification:_identify(install) by extension 'ignore'
[0.641s] Level 1:colcon.colcon_core.package_identification:_identify(install) ignored
[0.641s] Level 1:colcon.colcon_core.package_identification:_identify(log) by extensions ['ignore', 'ignore_ament_install']
[0.641s] Level 1:colcon.colcon_core.package_identification:_identify(log) by extension 'ignore'
[0.641s] Level 1:colcon.colcon_core.package_identification:_identify(log) ignored
[0.642s] Level 1:colcon.colcon_core.package_identification:_identify(src) by extensions ['ignore', 'ignore_ament_install']
[0.642s] Level 1:colcon.colcon_core.package_identification:_identify(src) by extension 'ignore'
[0.642s] Level 1:colcon.colcon_core.package_identification:_identify(src) by extension 'ignore_ament_install'
[0.642s] Level 1:colcon.colcon_core.package_identification:_identify(src) by extensions ['colcon_pkg']
[0.642s] Level 1:colcon.colcon_core.package_identification:_identify(src) by extension 'colcon_pkg'
[0.642s] Level 1:colcon.colcon_core.package_identification:_identify(src) by extensions ['colcon_meta']
[0.642s] Level 1:colcon.colcon_core.package_identification:_identify(src) by extension 'colcon_meta'
[0.642s] Level 1:colcon.colcon_core.package_identification:_identify(src) by extensions ['ros']
[0.642s] Level 1:colcon.colcon_core.package_identification:_identify(src) by extension 'ros'
[0.642s] Level 1:colcon.colcon_core.package_identification:_identify(src) by extensions ['cmake', 'python']
[0.642s] Level 1:colcon.colcon_core.package_identification:_identify(src) by extension 'cmake'
[0.642s] Level 1:colcon.colcon_core.package_identification:_identify(src) by extension 'python'
[0.642s] Level 1:colcon.colcon_core.package_identification:_identify(src) by extensions ['python_setup_py']
[0.642s] Level 1:colcon.colcon_core.package_identification:_identify(src) by extension 'python_setup_py'
[0.642s] Level 1:colcon.colcon_core.package_identification:_identify(src/zzs_application) by extensions ['ignore', 'ignore_ament_install']
[0.642s] Level 1:colcon.colcon_core.package_identification:_identify(src/zzs_application) by extension 'ignore'
[0.642s] Level 1:colcon.colcon_core.package_identification:_identify(src/zzs_application) by extension 'ignore_ament_install'
[0.642s] Level 1:colcon.colcon_core.package_identification:_identify(src/zzs_application) by extensions ['colcon_pkg']
[0.642s] Level 1:colcon.colcon_core.package_identification:_identify(src/zzs_application) by extension 'colcon_pkg'
[0.643s] Level 1:colcon.colcon_core.package_identification:_identify(src/zzs_application) by extensions ['colcon_meta']
[0.643s] Level 1:colcon.colcon_core.package_identification:_identify(src/zzs_application) by extension 'colcon_meta'
[0.643s] Level 1:colcon.colcon_core.package_identification:_identify(src/zzs_application) by extensions ['ros']
[0.643s] Level 1:colcon.colcon_core.package_identification:_identify(src/zzs_application) by extension 'ros'
[0.649s] DEBUG:colcon.colcon_core.package_identification:Package 'src/zzs_application' with type 'ros.ament_python' and name 'zzs_application'
[0.651s] Level 1:colcon.colcon_core.package_identification:_identify(src/zzs_description) by extensions ['ignore', 'ignore_ament_install']
[0.651s] Level 1:colcon.colcon_core.package_identification:_identify(src/zzs_description) by extension 'ignore'
[0.651s] Level 1:colcon.colcon_core.package_identification:_identify(src/zzs_description) by extension 'ignore_ament_install'
[0.651s] Level 1:colcon.colcon_core.package_identification:_identify(src/zzs_description) by extensions ['colcon_pkg']
[0.651s] Level 1:colcon.colcon_core.package_identification:_identify(src/zzs_description) by extension 'colcon_pkg'
[0.651s] Level 1:colcon.colcon_core.package_identification:_identify(src/zzs_description) by extensions ['colcon_meta']
[0.651s] Level 1:colcon.colcon_core.package_identification:_identify(src/zzs_description) by extension 'colcon_meta'
[0.652s] Level 1:colcon.colcon_core.package_identification:_identify(src/zzs_description) by extensions ['ros']
[0.652s] Level 1:colcon.colcon_core.package_identification:_identify(src/zzs_description) by extension 'ros'
[0.653s] DEBUG:colcon.colcon_core.package_identification:Package 'src/zzs_description' with type 'ros.ament_cmake' and name 'zzs_description'
[0.654s] Level 1:colcon.colcon_core.package_identification:_identify(src/zzs_navigation2) by extensions ['ignore', 'ignore_ament_install']
[0.654s] Level 1:colcon.colcon_core.package_identification:_identify(src/zzs_navigation2) by extension 'ignore'
[0.654s] Level 1:colcon.colcon_core.package_identification:_identify(src/zzs_navigation2) by extension 'ignore_ament_install'
[0.654s] Level 1:colcon.colcon_core.package_identification:_identify(src/zzs_navigation2) by extensions ['colcon_pkg']
[0.654s] Level 1:colcon.colcon_core.package_identification:_identify(src/zzs_navigation2) by extension 'colcon_pkg'
[0.654s] Level 1:colcon.colcon_core.package_identification:_identify(src/zzs_navigation2) by extensions ['colcon_meta']
[0.654s] Level 1:colcon.colcon_core.package_identification:_identify(src/zzs_navigation2) by extension 'colcon_meta'
[0.654s] Level 1:colcon.colcon_core.package_identification:_identify(src/zzs_navigation2) by extensions ['ros']
[0.654s] Level 1:colcon.colcon_core.package_identification:_identify(src/zzs_navigation2) by extension 'ros'
[0.657s] DEBUG:colcon.colcon_core.package_identification:Package 'src/zzs_navigation2' with type 'ros.ament_cmake' and name 'zzs_navigation2'
[0.657s] Level 1:colcon.colcon_core.package_discovery:discover_packages(recursive) using defaults
[0.657s] Level 1:colcon.colcon_core.package_discovery:discover_packages(ignore) discover
[0.659s] Level 1:colcon.colcon_core.package_discovery:discover_packages(ignore) using defaults
[0.659s] Level 1:colcon.colcon_core.package_discovery:discover_packages(path) discover
[0.659s] Level 1:colcon.colcon_core.package_discovery:discover_packages(path) using defaults
[0.707s] Level 1:colcon.colcon_core.package_discovery:discover_packages(prefix_path) check parameters
[0.708s] Level 1:colcon.colcon_core.package_discovery:discover_packages(prefix_path) discover
[0.715s] DEBUG:colcon.colcon_installed_package_information.package_discovery:Found 3 installed packages in /home/zzs/workspace/ros2/ros2_study/chapt7/chapt7_ws/install
[0.720s] DEBUG:colcon.colcon_installed_package_information.package_discovery:Found 288 installed packages in /opt/ros/humble
[0.723s] Level 1:colcon.colcon_core.package_discovery:discover_packages(prefix_path) using defaults
[0.841s] Level 5:colcon.colcon_core.verb:set package 'zzs_application' build argument 'cmake_args' from command line to 'None'
[0.843s] Level 5:colcon.colcon_core.verb:set package 'zzs_application' build argument 'cmake_target' from command line to 'None'
[0.843s] Level 5:colcon.colcon_core.verb:set package 'zzs_application' build argument 'cmake_target_skip_unavailable' from command line to 'False'
[0.843s] Level 5:colcon.colcon_core.verb:set package 'zzs_application' build argument 'cmake_clean_cache' from command line to 'False'
[0.843s] Level 5:colcon.colcon_core.verb:set package 'zzs_application' build argument 'cmake_clean_first' from command line to 'False'
[0.843s] Level 5:colcon.colcon_core.verb:set package 'zzs_application' build argument 'cmake_force_configure' from command line to 'False'
[0.843s] Level 5:colcon.colcon_core.verb:set package 'zzs_application' build argument 'ament_cmake_args' from command line to 'None'
[0.843s] Level 5:colcon.colcon_core.verb:set package 'zzs_application' build argument 'catkin_cmake_args' from command line to 'None'
[0.843s] Level 5:colcon.colcon_core.verb:set package 'zzs_application' build argument 'catkin_skip_building_tests' from command line to 'False'
[0.844s] DEBUG:colcon.colcon_core.verb:Building package 'zzs_application' with the following arguments: {'ament_cmake_args': None, 'build_base': '/home/zzs/workspace/ros2/ros2_study/chapt7/chapt7_ws/build/zzs_application', 'catkin_cmake_args': None, 'catkin_skip_building_tests': False, 'cmake_args': None, 'cmake_clean_cache': False, 'cmake_clean_first': False, 'cmake_force_configure': False, 'cmake_target': None, 'cmake_target_skip_unavailable': False, 'install_base': '/home/zzs/workspace/ros2/ros2_study/chapt7/chapt7_ws/install/zzs_application', 'merge_install': False, 'path': '/home/zzs/workspace/ros2/ros2_study/chapt7/chapt7_ws/src/zzs_application', 'symlink_install': False, 'test_result_base': None}
[0.845s] Level 5:colcon.colcon_core.verb:set package 'zzs_description' build argument 'cmake_args' from command line to 'None'
[0.846s] Level 5:colcon.colcon_core.verb:set package 'zzs_description' build argument 'cmake_target' from command line to 'None'
[0.847s] Level 5:colcon.colcon_core.verb:set package 'zzs_description' build argument 'cmake_target_skip_unavailable' from command line to 'False'
[0.847s] Level 5:colcon.colcon_core.verb:set package 'zzs_description' build argument 'cmake_clean_cache' from command line to 'False'
[0.847s] Level 5:colcon.colcon_core.verb:set package 'zzs_description' build argument 'cmake_clean_first' from command line to 'False'
[0.847s] Level 5:colcon.colcon_core.verb:set package 'zzs_description' build argument 'cmake_force_configure' from command line to 'False'
[0.847s] Level 5:colcon.colcon_core.verb:set package 'zzs_description' build argument 'ament_cmake_args' from command line to 'None'
[0.847s] Level 5:colcon.colcon_core.verb:set package 'zzs_description' build argument 'catkin_cmake_args' from command line to 'None'
[0.847s] Level 5:colcon.colcon_core.verb:set package 'zzs_description' build argument 'catkin_skip_building_tests' from command line to 'False'
[0.847s] DEBUG:colcon.colcon_core.verb:Building package 'zzs_description' with the following arguments: {'ament_cmake_args': None, 'build_base': '/home/zzs/workspace/ros2/ros2_study/chapt7/chapt7_ws/build/zzs_description', 'catkin_cmake_args': None, 'catkin_skip_building_tests': False, 'cmake_args': None, 'cmake_clean_cache': False, 'cmake_clean_first': False, 'cmake_force_configure': False, 'cmake_target': None, 'cmake_target_skip_unavailable': False, 'install_base': '/home/zzs/workspace/ros2/ros2_study/chapt7/chapt7_ws/install/zzs_description', 'merge_install': False, 'path': '/home/zzs/workspace/ros2/ros2_study/chapt7/chapt7_ws/src/zzs_description', 'symlink_install': False, 'test_result_base': None}
[0.847s] Level 5:colcon.colcon_core.verb:set package 'zzs_navigation2' build argument 'cmake_args' from command line to 'None'
[0.847s] Level 5:colcon.colcon_core.verb:set package 'zzs_navigation2' build argument 'cmake_target' from command line to 'None'
[0.847s] Level 5:colcon.colcon_core.verb:set package 'zzs_navigation2' build argument 'cmake_target_skip_unavailable' from command line to 'False'
[0.847s] Level 5:colcon.colcon_core.verb:set package 'zzs_navigation2' build argument 'cmake_clean_cache' from command line to 'False'
[0.847s] Level 5:colcon.colcon_core.verb:set package 'zzs_navigation2' build argument 'cmake_clean_first' from command line to 'False'
[0.847s] Level 5:colcon.colcon_core.verb:set package 'zzs_navigation2' build argument 'cmake_force_configure' from command line to 'False'
[0.847s] Level 5:colcon.colcon_core.verb:set package 'zzs_navigation2' build argument 'ament_cmake_args' from command line to 'None'
[0.847s] Level 5:colcon.colcon_core.verb:set package 'zzs_navigation2' build argument 'catkin_cmake_args' from command line to 'None'
[0.847s] Level 5:colcon.colcon_core.verb:set package 'zzs_navigation2' build argument 'catkin_skip_building_tests' from command line to 'False'
[0.847s] DEBUG:colcon.colcon_core.verb:Building package 'zzs_navigation2' with the following arguments: {'ament_cmake_args': None, 'build_base': '/home/zzs/workspace/ros2/ros2_study/chapt7/chapt7_ws/build/zzs_navigation2', 'catkin_cmake_args': None, 'catkin_skip_building_tests': False, 'cmake_args': None, 'cmake_clean_cache': False, 'cmake_clean_first': False, 'cmake_force_configure': False, 'cmake_target': None, 'cmake_target_skip_unavailable': False, 'install_base': '/home/zzs/workspace/ros2/ros2_study/chapt7/chapt7_ws/install/zzs_navigation2', 'merge_install': False, 'path': '/home/zzs/workspace/ros2/ros2_study/chapt7/chapt7_ws/src/zzs_navigation2', 'symlink_install': False, 'test_result_base': None}
[0.849s] INFO:colcon.colcon_core.executor:Executing jobs using 'parallel' executor
[0.850s] DEBUG:colcon.colcon_parallel_executor.executor.parallel:run_until_complete
[0.850s] INFO:colcon.colcon_ros.task.ament_python.build:Building ROS package in '/home/zzs/workspace/ros2/ros2_study/chapt7/chapt7_ws/src/zzs_application' with build type 'ament_python'
[0.852s] Level 1:colcon.colcon_core.shell:create_environment_hook('zzs_application', 'ament_prefix_path')
[0.857s] INFO:colcon.colcon_core.plugin_system:Skipping extension 'colcon_core.shell.bat': Not used on non-Windows systems
[0.857s] INFO:colcon.colcon_core.shell:Creating environment hook '/home/zzs/workspace/ros2/ros2_study/chapt7/chapt7_ws/install/zzs_application/share/zzs_application/hook/ament_prefix_path.ps1'
[0.860s] INFO:colcon.colcon_core.shell:Creating environment descriptor '/home/zzs/workspace/ros2/ros2_study/chapt7/chapt7_ws/install/zzs_application/share/zzs_application/hook/ament_prefix_path.dsv'
[0.861s] INFO:colcon.colcon_core.shell:Creating environment hook '/home/zzs/workspace/ros2/ros2_study/chapt7/chapt7_ws/install/zzs_application/share/zzs_application/hook/ament_prefix_path.sh'
[0.863s] INFO:colcon.colcon_core.shell:Skip shell extension 'powershell' for command environment: Not usable outside of PowerShell
[0.863s] DEBUG:colcon.colcon_core.shell:Skip shell extension 'dsv' for command environment
[0.880s] INFO:colcon.colcon_ros.task.ament_cmake.build:Building ROS package in '/home/zzs/workspace/ros2/ros2_study/chapt7/chapt7_ws/src/zzs_description' with build type 'ament_cmake'
[0.881s] INFO:colcon.colcon_cmake.task.cmake.build:Building CMake package in '/home/zzs/workspace/ros2/ros2_study/chapt7/chapt7_ws/src/zzs_description'
[0.881s] INFO:colcon.colcon_core.shell:Skip shell extension 'powershell' for command environment: Not usable outside of PowerShell
[0.881s] DEBUG:colcon.colcon_core.shell:Skip shell extension 'dsv' for command environment
[1.471s] INFO:colcon.colcon_core.task.python.build:Building Python package in '/home/zzs/workspace/ros2/ros2_study/chapt7/chapt7_ws/src/zzs_application'
[1.472s] INFO:colcon.colcon_core.shell:Skip shell extension 'powershell' for command environment: Not usable outside of PowerShell
[1.472s] DEBUG:colcon.colcon_core.shell:Skip shell extension 'dsv' for command environment
[1.490s] DEBUG:colcon.colcon_core.event_handler.log_command:Invoking command in '/home/zzs/workspace/ros2/ros2_study/chapt7/chapt7_ws/build/zzs_description': CMAKE_PREFIX_PATH=${CMAKE_PREFIX_PATH}:/home/zzs/workspace/ros2/ros2_study/chapt7/chapt7_ws/install/zzs_application:/opt/ros/humble /usr/bin/cmake --build /home/zzs/workspace/ros2/ros2_study/chapt7/chapt7_ws/build/zzs_description -- -j2 -l2
[1.807s] DEBUG:colcon.colcon_core.event_handler.log_command:Invoked command in '/home/zzs/workspace/ros2/ros2_study/chapt7/chapt7_ws/build/zzs_description' returned '0': CMAKE_PREFIX_PATH=${CMAKE_PREFIX_PATH}:/home/zzs/workspace/ros2/ros2_study/chapt7/chapt7_ws/install/zzs_application:/opt/ros/humble /usr/bin/cmake --build /home/zzs/workspace/ros2/ros2_study/chapt7/chapt7_ws/build/zzs_description -- -j2 -l2
[1.859s] DEBUG:colcon.colcon_core.event_handler.log_command:Invoking command in '/home/zzs/workspace/ros2/ros2_study/chapt7/chapt7_ws/build/zzs_description': CMAKE_PREFIX_PATH=${CMAKE_PREFIX_PATH}:/home/zzs/workspace/ros2/ros2_study/chapt7/chapt7_ws/install/zzs_application:/opt/ros/humble /usr/bin/cmake --install /home/zzs/workspace/ros2/ros2_study/chapt7/chapt7_ws/build/zzs_description
[1.937s] Level 1:colcon.colcon_core.environment:create_environment_scripts_only(zzs_description)
[1.946s] DEBUG:colcon.colcon_core.event_handler.log_command:Invoked command in '/home/zzs/workspace/ros2/ros2_study/chapt7/chapt7_ws/build/zzs_description' returned '0': CMAKE_PREFIX_PATH=${CMAKE_PREFIX_PATH}:/home/zzs/workspace/ros2/ros2_study/chapt7/chapt7_ws/install/zzs_application:/opt/ros/humble /usr/bin/cmake --install /home/zzs/workspace/ros2/ros2_study/chapt7/chapt7_ws/build/zzs_description
[1.957s] Level 1:colcon.colcon_core.environment:checking '/home/zzs/workspace/ros2/ros2_study/chapt7/chapt7_ws/install/zzs_description' for CMake module files
[1.968s] Level 1:colcon.colcon_core.environment:checking '/home/zzs/workspace/ros2/ros2_study/chapt7/chapt7_ws/install/zzs_description' for CMake config files
[1.968s] Level 1:colcon.colcon_core.shell:create_environment_hook('zzs_description', 'cmake_prefix_path')
[1.969s] INFO:colcon.colcon_core.shell:Creating environment hook '/home/zzs/workspace/ros2/ros2_study/chapt7/chapt7_ws/install/zzs_description/share/zzs_description/hook/cmake_prefix_path.ps1'
[1.976s] INFO:colcon.colcon_core.shell:Creating environment descriptor '/home/zzs/workspace/ros2/ros2_study/chapt7/chapt7_ws/install/zzs_description/share/zzs_description/hook/cmake_prefix_path.dsv'
[1.983s] INFO:colcon.colcon_core.shell:Creating environment hook '/home/zzs/workspace/ros2/ros2_study/chapt7/chapt7_ws/install/zzs_description/share/zzs_description/hook/cmake_prefix_path.sh'
[1.987s] Level 1:colcon.colcon_core.environment:checking '/home/zzs/workspace/ros2/ros2_study/chapt7/chapt7_ws/install/zzs_description/bin'
[1.990s] Level 1:colcon.colcon_core.environment:checking '/home/zzs/workspace/ros2/ros2_study/chapt7/chapt7_ws/install/zzs_description/lib/pkgconfig/zzs_description.pc'
[1.990s] Level 1:colcon.colcon_core.environment:checking '/home/zzs/workspace/ros2/ros2_study/chapt7/chapt7_ws/install/zzs_description/lib/python3.10/site-packages'
[1.991s] Level 1:colcon.colcon_core.environment:checking '/home/zzs/workspace/ros2/ros2_study/chapt7/chapt7_ws/install/zzs_description/bin'
[1.991s] INFO:colcon.colcon_core.shell:Creating package script '/home/zzs/workspace/ros2/ros2_study/chapt7/chapt7_ws/install/zzs_description/share/zzs_description/package.ps1'
[2.004s] INFO:colcon.colcon_core.shell:Creating package descriptor '/home/zzs/workspace/ros2/ros2_study/chapt7/chapt7_ws/install/zzs_description/share/zzs_description/package.dsv'
[2.016s] INFO:colcon.colcon_core.shell:Creating package script '/home/zzs/workspace/ros2/ros2_study/chapt7/chapt7_ws/install/zzs_description/share/zzs_description/package.sh'
[2.024s] INFO:colcon.colcon_core.shell:Creating package script '/home/zzs/workspace/ros2/ros2_study/chapt7/chapt7_ws/install/zzs_description/share/zzs_description/package.bash'
[2.026s] INFO:colcon.colcon_core.shell:Creating package script '/home/zzs/workspace/ros2/ros2_study/chapt7/chapt7_ws/install/zzs_description/share/zzs_description/package.zsh'
[2.031s] Level 1:colcon.colcon_core.environment:create_file_with_runtime_dependencies(/home/zzs/workspace/ros2/ros2_study/chapt7/chapt7_ws/install/zzs_description/share/colcon-core/packages/zzs_description)
[2.032s] Level 1:colcon.colcon_core.environment:create_environment_scripts_only(zzs_description)
[2.032s] Level 1:colcon.colcon_core.environment:checking '/home/zzs/workspace/ros2/ros2_study/chapt7/chapt7_ws/install/zzs_description' for CMake module files
[2.032s] Level 1:colcon.colcon_core.environment:checking '/home/zzs/workspace/ros2/ros2_study/chapt7/chapt7_ws/install/zzs_description' for CMake config files
[2.037s] Level 1:colcon.colcon_core.shell:create_environment_hook('zzs_description', 'cmake_prefix_path')
[2.037s] INFO:colcon.colcon_core.shell:Creating environment hook '/home/zzs/workspace/ros2/ros2_study/chapt7/chapt7_ws/install/zzs_description/share/zzs_description/hook/cmake_prefix_path.ps1'
[2.044s] INFO:colcon.colcon_core.shell:Creating environment descriptor '/home/zzs/workspace/ros2/ros2_study/chapt7/chapt7_ws/install/zzs_description/share/zzs_description/hook/cmake_prefix_path.dsv'
[2.045s] INFO:colcon.colcon_core.shell:Creating environment hook '/home/zzs/workspace/ros2/ros2_study/chapt7/chapt7_ws/install/zzs_description/share/zzs_description/hook/cmake_prefix_path.sh'
[2.054s] Level 1:colcon.colcon_core.environment:checking '/home/zzs/workspace/ros2/ros2_study/chapt7/chapt7_ws/install/zzs_description/bin'
[2.054s] Level 1:colcon.colcon_core.environment:checking '/home/zzs/workspace/ros2/ros2_study/chapt7/chapt7_ws/install/zzs_description/lib/pkgconfig/zzs_description.pc'
[2.058s] Level 1:colcon.colcon_core.environment:checking '/home/zzs/workspace/ros2/ros2_study/chapt7/chapt7_ws/install/zzs_description/lib/python3.10/site-packages'
[2.058s] Level 1:colcon.colcon_core.environment:checking '/home/zzs/workspace/ros2/ros2_study/chapt7/chapt7_ws/install/zzs_description/bin'
[2.061s] INFO:colcon.colcon_core.shell:Creating package script '/home/zzs/workspace/ros2/ros2_study/chapt7/chapt7_ws/install/zzs_description/share/zzs_description/package.ps1'
[2.065s] INFO:colcon.colcon_core.shell:Creating package descriptor '/home/zzs/workspace/ros2/ros2_study/chapt7/chapt7_ws/install/zzs_description/share/zzs_description/package.dsv'
[2.069s] INFO:colcon.colcon_core.shell:Creating package script '/home/zzs/workspace/ros2/ros2_study/chapt7/chapt7_ws/install/zzs_description/share/zzs_description/package.sh'
[2.070s] INFO:colcon.colcon_core.shell:Creating package script '/home/zzs/workspace/ros2/ros2_study/chapt7/chapt7_ws/install/zzs_description/share/zzs_description/package.bash'
[2.074s] INFO:colcon.colcon_core.shell:Creating package script '/home/zzs/workspace/ros2/ros2_study/chapt7/chapt7_ws/install/zzs_description/share/zzs_description/package.zsh'
[2.075s] Level 1:colcon.colcon_core.environment:create_file_with_runtime_dependencies(/home/zzs/workspace/ros2/ros2_study/chapt7/chapt7_ws/install/zzs_description/share/colcon-core/packages/zzs_description)
[2.076s] INFO:colcon.colcon_ros.task.ament_cmake.build:Building ROS package in '/home/zzs/workspace/ros2/ros2_study/chapt7/chapt7_ws/src/zzs_navigation2' with build type 'ament_cmake'
[2.076s] INFO:colcon.colcon_cmake.task.cmake.build:Building CMake package in '/home/zzs/workspace/ros2/ros2_study/chapt7/chapt7_ws/src/zzs_navigation2'
[2.078s] INFO:colcon.colcon_core.shell:Skip shell extension 'powershell' for command environment: Not usable outside of PowerShell
[2.078s] DEBUG:colcon.colcon_core.shell:Skip shell extension 'dsv' for command environment
[2.143s] DEBUG:colcon.colcon_core.event_handler.log_command:Invoking command in '/home/zzs/workspace/ros2/ros2_study/chapt7/chapt7_ws/build/zzs_navigation2': CMAKE_PREFIX_PATH=${CMAKE_PREFIX_PATH}:/home/zzs/workspace/ros2/ros2_study/chapt7/chapt7_ws/install/zzs_application:/opt/ros/humble /usr/bin/cmake --build /home/zzs/workspace/ros2/ros2_study/chapt7/chapt7_ws/build/zzs_navigation2 -- -j2 -l2
[2.344s] DEBUG:colcon.colcon_core.event_handler.log_command:Invoked command in '/home/zzs/workspace/ros2/ros2_study/chapt7/chapt7_ws/build/zzs_navigation2' returned '0': CMAKE_PREFIX_PATH=${CMAKE_PREFIX_PATH}:/home/zzs/workspace/ros2/ros2_study/chapt7/chapt7_ws/install/zzs_application:/opt/ros/humble /usr/bin/cmake --build /home/zzs/workspace/ros2/ros2_study/chapt7/chapt7_ws/build/zzs_navigation2 -- -j2 -l2
[2.352s] DEBUG:colcon.colcon_core.event_handler.log_command:Invoking command in '/home/zzs/workspace/ros2/ros2_study/chapt7/chapt7_ws/build/zzs_navigation2': CMAKE_PREFIX_PATH=${CMAKE_PREFIX_PATH}:/home/zzs/workspace/ros2/ros2_study/chapt7/chapt7_ws/install/zzs_application:/opt/ros/humble /usr/bin/cmake --install /home/zzs/workspace/ros2/ros2_study/chapt7/chapt7_ws/build/zzs_navigation2
[2.465s] Level 1:colcon.colcon_core.environment:create_environment_scripts_only(zzs_navigation2)
[2.465s] Level 1:colcon.colcon_core.environment:checking '/home/zzs/workspace/ros2/ros2_study/chapt7/chapt7_ws/install/zzs_navigation2' for CMake module files
[2.470s] DEBUG:colcon.colcon_core.event_handler.log_command:Invoked command in '/home/zzs/workspace/ros2/ros2_study/chapt7/chapt7_ws/build/zzs_navigation2' returned '0': CMAKE_PREFIX_PATH=${CMAKE_PREFIX_PATH}:/home/zzs/workspace/ros2/ros2_study/chapt7/chapt7_ws/install/zzs_application:/opt/ros/humble /usr/bin/cmake --install /home/zzs/workspace/ros2/ros2_study/chapt7/chapt7_ws/build/zzs_navigation2
[2.472s] Level 1:colcon.colcon_core.environment:checking '/home/zzs/workspace/ros2/ros2_study/chapt7/chapt7_ws/install/zzs_navigation2' for CMake config files
[2.475s] Level 1:colcon.colcon_core.shell:create_environment_hook('zzs_navigation2', 'cmake_prefix_path')
[2.476s] INFO:colcon.colcon_core.shell:Creating environment hook '/home/zzs/workspace/ros2/ros2_study/chapt7/chapt7_ws/install/zzs_navigation2/share/zzs_navigation2/hook/cmake_prefix_path.ps1'
[2.480s] INFO:colcon.colcon_core.shell:Creating environment descriptor '/home/zzs/workspace/ros2/ros2_study/chapt7/chapt7_ws/install/zzs_navigation2/share/zzs_navigation2/hook/cmake_prefix_path.dsv'
[2.484s] INFO:colcon.colcon_core.shell:Creating environment hook '/home/zzs/workspace/ros2/ros2_study/chapt7/chapt7_ws/install/zzs_navigation2/share/zzs_navigation2/hook/cmake_prefix_path.sh'
[2.492s] Level 1:colcon.colcon_core.environment:checking '/home/zzs/workspace/ros2/ros2_study/chapt7/chapt7_ws/install/zzs_navigation2/bin'
[2.493s] Level 1:colcon.colcon_core.environment:checking '/home/zzs/workspace/ros2/ros2_study/chapt7/chapt7_ws/install/zzs_navigation2/lib/pkgconfig/zzs_navigation2.pc'
[2.493s] Level 1:colcon.colcon_core.environment:checking '/home/zzs/workspace/ros2/ros2_study/chapt7/chapt7_ws/install/zzs_navigation2/lib/python3.10/site-packages'
[2.493s] Level 1:colcon.colcon_core.environment:checking '/home/zzs/workspace/ros2/ros2_study/chapt7/chapt7_ws/install/zzs_navigation2/bin'
[2.493s] INFO:colcon.colcon_core.shell:Creating package script '/home/zzs/workspace/ros2/ros2_study/chapt7/chapt7_ws/install/zzs_navigation2/share/zzs_navigation2/package.ps1'
[2.501s] INFO:colcon.colcon_core.shell:Creating package descriptor '/home/zzs/workspace/ros2/ros2_study/chapt7/chapt7_ws/install/zzs_navigation2/share/zzs_navigation2/package.dsv'
[2.502s] INFO:colcon.colcon_core.shell:Creating package script '/home/zzs/workspace/ros2/ros2_study/chapt7/chapt7_ws/install/zzs_navigation2/share/zzs_navigation2/package.sh'
[2.510s] INFO:colcon.colcon_core.shell:Creating package script '/home/zzs/workspace/ros2/ros2_study/chapt7/chapt7_ws/install/zzs_navigation2/share/zzs_navigation2/package.bash'
[2.511s] INFO:colcon.colcon_core.shell:Creating package script '/home/zzs/workspace/ros2/ros2_study/chapt7/chapt7_ws/install/zzs_navigation2/share/zzs_navigation2/package.zsh'
[2.518s] Level 1:colcon.colcon_core.environment:create_file_with_runtime_dependencies(/home/zzs/workspace/ros2/ros2_study/chapt7/chapt7_ws/install/zzs_navigation2/share/colcon-core/packages/zzs_navigation2)
[2.518s] Level 1:colcon.colcon_core.environment:create_environment_scripts_only(zzs_navigation2)
[2.519s] Level 1:colcon.colcon_core.environment:checking '/home/zzs/workspace/ros2/ros2_study/chapt7/chapt7_ws/install/zzs_navigation2' for CMake module files
[2.519s] Level 1:colcon.colcon_core.environment:checking '/home/zzs/workspace/ros2/ros2_study/chapt7/chapt7_ws/install/zzs_navigation2' for CMake config files
[2.519s] Level 1:colcon.colcon_core.shell:create_environment_hook('zzs_navigation2', 'cmake_prefix_path')
[2.531s] INFO:colcon.colcon_core.shell:Creating environment hook '/home/zzs/workspace/ros2/ros2_study/chapt7/chapt7_ws/install/zzs_navigation2/share/zzs_navigation2/hook/cmake_prefix_path.ps1'
[2.537s] INFO:colcon.colcon_core.shell:Creating environment descriptor '/home/zzs/workspace/ros2/ros2_study/chapt7/chapt7_ws/install/zzs_navigation2/share/zzs_navigation2/hook/cmake_prefix_path.dsv'
[2.539s] INFO:colcon.colcon_core.shell:Creating environment hook '/home/zzs/workspace/ros2/ros2_study/chapt7/chapt7_ws/install/zzs_navigation2/share/zzs_navigation2/hook/cmake_prefix_path.sh'
[2.544s] Level 1:colcon.colcon_core.environment:checking '/home/zzs/workspace/ros2/ros2_study/chapt7/chapt7_ws/install/zzs_navigation2/bin'
[2.546s] Level 1:colcon.colcon_core.environment:checking '/home/zzs/workspace/ros2/ros2_study/chapt7/chapt7_ws/install/zzs_navigation2/lib/pkgconfig/zzs_navigation2.pc'
[2.549s] Level 1:colcon.colcon_core.environment:checking '/home/zzs/workspace/ros2/ros2_study/chapt7/chapt7_ws/install/zzs_navigation2/lib/python3.10/site-packages'
[2.550s] Level 1:colcon.colcon_core.environment:checking '/home/zzs/workspace/ros2/ros2_study/chapt7/chapt7_ws/install/zzs_navigation2/bin'
[2.550s] INFO:colcon.colcon_core.shell:Creating package script '/home/zzs/workspace/ros2/ros2_study/chapt7/chapt7_ws/install/zzs_navigation2/share/zzs_navigation2/package.ps1'
[2.555s] INFO:colcon.colcon_core.shell:Creating package descriptor '/home/zzs/workspace/ros2/ros2_study/chapt7/chapt7_ws/install/zzs_navigation2/share/zzs_navigation2/package.dsv'
[2.561s] INFO:colcon.colcon_core.shell:Creating package script '/home/zzs/workspace/ros2/ros2_study/chapt7/chapt7_ws/install/zzs_navigation2/share/zzs_navigation2/package.sh'
[2.562s] INFO:colcon.colcon_core.shell:Creating package script '/home/zzs/workspace/ros2/ros2_study/chapt7/chapt7_ws/install/zzs_navigation2/share/zzs_navigation2/package.bash'
[2.571s] INFO:colcon.colcon_core.shell:Creating package script '/home/zzs/workspace/ros2/ros2_study/chapt7/chapt7_ws/install/zzs_navigation2/share/zzs_navigation2/package.zsh'
[2.571s] Level 1:colcon.colcon_core.environment:create_file_with_runtime_dependencies(/home/zzs/workspace/ros2/ros2_study/chapt7/chapt7_ws/install/zzs_navigation2/share/colcon-core/packages/zzs_navigation2)
[2.888s] DEBUG:colcon.colcon_core.task.python.build:Available setuptools commands: build_clib, update_catalog, install_data, install_egg_info, test, build, clean, egg_info, install_lib, bdist_rpm, setopt, build_scripts, build_py, alias, register, upload_docs, install, extract_messages, saveopts, symlink_data, bdist_egg, build_ext, init_catalog, install_headers, bdist_wheel, develop, install_scripts, dist_info, sdist, check, compile_catalog, rotate, bdist_dumb, bdist, upload, easy_install
[2.898s] DEBUG:colcon.colcon_core.event_handler.log_command:Invoking command in '/home/zzs/workspace/ros2/ros2_study/chapt7/chapt7_ws/src/zzs_application': PYTHONPATH=/home/zzs/workspace/ros2/ros2_study/chapt7/chapt7_ws/build/zzs_application/prefix_override:/usr/lib/python3/dist-packages/colcon_core/task/python/colcon_distutils_commands:/home/zzs/workspace/ros2/ros2_study/chapt7/chapt7_ws/install/zzs_application/lib/python3.10/site-packages:${PYTHONPATH} /usr/bin/python3 -W ignore:setup.py install is deprecated -W ignore:easy_install command is deprecated setup.py egg_info --egg-base ../../build/zzs_application build --build-base /home/zzs/workspace/ros2/ros2_study/chapt7/chapt7_ws/build/zzs_application/build install --record /home/zzs/workspace/ros2/ros2_study/chapt7/chapt7_ws/build/zzs_application/install.log --install-scripts $base/lib/zzs_application --single-version-externally-managed install_data
[3.585s] Level 1:colcon.colcon_core.environment:checking '/home/zzs/workspace/ros2/ros2_study/chapt7/chapt7_ws/install/zzs_application' for CMake module files
[3.586s] DEBUG:colcon.colcon_core.event_handler.log_command:Invoked command in '/home/zzs/workspace/ros2/ros2_study/chapt7/chapt7_ws/src/zzs_application' returned '0': PYTHONPATH=/home/zzs/workspace/ros2/ros2_study/chapt7/chapt7_ws/build/zzs_application/prefix_override:/usr/lib/python3/dist-packages/colcon_core/task/python/colcon_distutils_commands:/home/zzs/workspace/ros2/ros2_study/chapt7/chapt7_ws/install/zzs_application/lib/python3.10/site-packages:${PYTHONPATH} /usr/bin/python3 -W ignore:setup.py install is deprecated -W ignore:easy_install command is deprecated setup.py egg_info --egg-base ../../build/zzs_application build --build-base /home/zzs/workspace/ros2/ros2_study/chapt7/chapt7_ws/build/zzs_application/build install --record /home/zzs/workspace/ros2/ros2_study/chapt7/chapt7_ws/build/zzs_application/install.log --install-scripts $base/lib/zzs_application --single-version-externally-managed install_data
[3.587s] Level 1:colcon.colcon_core.environment:checking '/home/zzs/workspace/ros2/ros2_study/chapt7/chapt7_ws/install/zzs_application' for CMake config files
[3.588s] Level 1:colcon.colcon_core.environment:checking '/home/zzs/workspace/ros2/ros2_study/chapt7/chapt7_ws/install/zzs_application/lib'
[3.588s] Level 1:colcon.colcon_core.environment:checking '/home/zzs/workspace/ros2/ros2_study/chapt7/chapt7_ws/install/zzs_application/bin'
[3.588s] Level 1:colcon.colcon_core.environment:checking '/home/zzs/workspace/ros2/ros2_study/chapt7/chapt7_ws/install/zzs_application/lib/pkgconfig/zzs_application.pc'
[3.588s] Level 1:colcon.colcon_core.environment:checking '/home/zzs/workspace/ros2/ros2_study/chapt7/chapt7_ws/install/zzs_application/lib/python3.10/site-packages'
[3.589s] Level 1:colcon.colcon_core.shell:create_environment_hook('zzs_application', 'pythonpath')
[3.590s] INFO:colcon.colcon_core.shell:Creating environment hook '/home/zzs/workspace/ros2/ros2_study/chapt7/chapt7_ws/install/zzs_application/share/zzs_application/hook/pythonpath.ps1'
[3.592s] INFO:colcon.colcon_core.shell:Creating environment descriptor '/home/zzs/workspace/ros2/ros2_study/chapt7/chapt7_ws/install/zzs_application/share/zzs_application/hook/pythonpath.dsv'
[3.596s] INFO:colcon.colcon_core.shell:Creating environment hook '/home/zzs/workspace/ros2/ros2_study/chapt7/chapt7_ws/install/zzs_application/share/zzs_application/hook/pythonpath.sh'
[3.598s] Level 1:colcon.colcon_core.environment:checking '/home/zzs/workspace/ros2/ros2_study/chapt7/chapt7_ws/install/zzs_application/bin'
[3.599s] Level 1:colcon.colcon_core.environment:create_environment_scripts_only(zzs_application)
[3.599s] INFO:colcon.colcon_core.shell:Creating package script '/home/zzs/workspace/ros2/ros2_study/chapt7/chapt7_ws/install/zzs_application/share/zzs_application/package.ps1'
[3.600s] INFO:colcon.colcon_core.shell:Creating package descriptor '/home/zzs/workspace/ros2/ros2_study/chapt7/chapt7_ws/install/zzs_application/share/zzs_application/package.dsv'
[3.603s] INFO:colcon.colcon_core.shell:Creating package script '/home/zzs/workspace/ros2/ros2_study/chapt7/chapt7_ws/install/zzs_application/share/zzs_application/package.sh'
[3.605s] INFO:colcon.colcon_core.shell:Creating package script '/home/zzs/workspace/ros2/ros2_study/chapt7/chapt7_ws/install/zzs_application/share/zzs_application/package.bash'
[3.606s] INFO:colcon.colcon_core.shell:Creating package script '/home/zzs/workspace/ros2/ros2_study/chapt7/chapt7_ws/install/zzs_application/share/zzs_application/package.zsh'
[3.611s] Level 1:colcon.colcon_core.environment:create_file_with_runtime_dependencies(/home/zzs/workspace/ros2/ros2_study/chapt7/chapt7_ws/install/zzs_application/share/colcon-core/packages/zzs_application)
[3.611s] DEBUG:colcon.colcon_parallel_executor.executor.parallel:closing loop
[3.614s] DEBUG:colcon.colcon_parallel_executor.executor.parallel:loop closed
[3.615s] DEBUG:colcon.colcon_parallel_executor.executor.parallel:run_until_complete finished with '0'
[3.615s] DEBUG:colcon.colcon_core.event_reactor:joining thread
[3.639s] INFO:colcon.colcon_core.plugin_system:Skipping extension 'colcon_notification.desktop_notification.terminal_notifier': Not used on non-Darwin systems
[3.639s] INFO:colcon.colcon_core.plugin_system:Skipping extension 'colcon_notification.desktop_notification.win32': Not used on non-Windows systems
[3.639s] INFO:colcon.colcon_notification.desktop_notification:Sending desktop notification using 'notify2'
[3.688s] DEBUG:colcon.colcon_core.event_reactor:joined thread
[3.689s] INFO:colcon.colcon_core.shell:Creating prefix script '/home/zzs/workspace/ros2/ros2_study/chapt7/chapt7_ws/install/local_setup.ps1'
[3.690s] INFO:colcon.colcon_core.shell:Creating prefix util module '/home/zzs/workspace/ros2/ros2_study/chapt7/chapt7_ws/install/_local_setup_util_ps1.py'
[3.696s] INFO:colcon.colcon_core.shell:Creating prefix chain script '/home/zzs/workspace/ros2/ros2_study/chapt7/chapt7_ws/install/setup.ps1'
[3.701s] INFO:colcon.colcon_core.shell:Creating prefix script '/home/zzs/workspace/ros2/ros2_study/chapt7/chapt7_ws/install/local_setup.sh'
[3.706s] INFO:colcon.colcon_core.shell:Creating prefix util module '/home/zzs/workspace/ros2/ros2_study/chapt7/chapt7_ws/install/_local_setup_util_sh.py'
[3.708s] INFO:colcon.colcon_core.shell:Creating prefix chain script '/home/zzs/workspace/ros2/ros2_study/chapt7/chapt7_ws/install/setup.sh'
[3.710s] INFO:colcon.colcon_core.shell:Creating prefix script '/home/zzs/workspace/ros2/ros2_study/chapt7/chapt7_ws/install/local_setup.bash'
[3.712s] INFO:colcon.colcon_core.shell:Creating prefix chain script '/home/zzs/workspace/ros2/ros2_study/chapt7/chapt7_ws/install/setup.bash'
[3.713s] INFO:colcon.colcon_core.shell:Creating prefix script '/home/zzs/workspace/ros2/ros2_study/chapt7/chapt7_ws/install/local_setup.zsh'
[3.714s] INFO:colcon.colcon_core.shell:Creating prefix chain script '/home/zzs/workspace/ros2/ros2_study/chapt7/chapt7_ws/install/setup.zsh'
