[1.796s] Invoking command in '/home/zzs/chapt3/topic_ws/src/demo_python_topic': DEBUGINFOD_URLS=https://debuginfod.ubuntu.com PYTHONPATH=/home/zzs/chapt3/topic_ws/build/demo_python_topic/prefix_override:/usr/lib/python3/dist-packages/colcon_core/task/python/colcon_distutils_commands:/home/zzs/chapt3/topic_ws/install/demo_python_topic/lib/python3.12/site-packages:${PYTHONPATH} /usr/bin/python3 -W ignore:setup.py install is deprecated -W ignore:easy_install command is deprecated setup.py egg_info --egg-base ../../build/demo_python_topic build --build-base /home/zzs/chapt3/topic_ws/build/demo_python_topic/build install --record /home/zzs/chapt3/topic_ws/build/demo_python_topic/install.log --install-scripts $base/lib/demo_python_topic --single-version-externally-managed install_data
[2.232s] running egg_info
[2.256s] writing ../../build/demo_python_topic/demo_python_topic.egg-info/PKG-INFO
[2.257s] writing dependency_links to ../../build/demo_python_topic/demo_python_topic.egg-info/dependency_links.txt
[2.258s] writing entry points to ../../build/demo_python_topic/demo_python_topic.egg-info/entry_points.txt
[2.259s] writing requirements to ../../build/demo_python_topic/demo_python_topic.egg-info/requires.txt
[2.260s] writing top-level names to ../../build/demo_python_topic/demo_python_topic.egg-info/top_level.txt
[2.306s] reading manifest file '../../build/demo_python_topic/demo_python_topic.egg-info/SOURCES.txt'
[2.308s] adding license file 'LICENSE'
[2.308s] writing manifest file '../../build/demo_python_topic/demo_python_topic.egg-info/SOURCES.txt'
[2.309s] running build
[2.310s] running build_py
[2.310s] running install
[2.318s] running install_lib
[2.351s] running install_data
[2.351s] running install_egg_info
[2.375s] removing '/home/zzs/chapt3/topic_ws/install/demo_python_topic/lib/python3.12/site-packages/demo_python_topic-0.0.0-py3.12.egg-info' (and everything under it)
[2.376s] Copying ../../build/demo_python_topic/demo_python_topic.egg-info to /home/zzs/chapt3/topic_ws/install/demo_python_topic/lib/python3.12/site-packages/demo_python_topic-0.0.0-py3.12.egg-info
[2.381s] running install_scripts
[2.597s] Installing novel_pub_node script to /home/zzs/chapt3/topic_ws/install/demo_python_topic/lib/demo_python_topic
[2.597s] Installing novel_sub_node script to /home/zzs/chapt3/topic_ws/install/demo_python_topic/lib/demo_python_topic
[2.598s] writing list of installed files to '/home/zzs/chapt3/topic_ws/build/demo_python_topic/install.log'
[2.657s] Invoked command in '/home/zzs/chapt3/topic_ws/src/demo_python_topic' returned '0': DEBUGINFOD_URLS=https://debuginfod.ubuntu.com PYTHONPATH=/home/zzs/chapt3/topic_ws/build/demo_python_topic/prefix_override:/usr/lib/python3/dist-packages/colcon_core/task/python/colcon_distutils_commands:/home/zzs/chapt3/topic_ws/install/demo_python_topic/lib/python3.12/site-packages:${PYTHONPATH} /usr/bin/python3 -W ignore:setup.py install is deprecated -W ignore:easy_install command is deprecated setup.py egg_info --egg-base ../../build/demo_python_topic build --build-base /home/zzs/chapt3/topic_ws/build/demo_python_topic/build install --record /home/zzs/chapt3/topic_ws/build/demo_python_topic/install.log --install-scripts $base/lib/demo_python_topic --single-version-externally-managed install_data
