[0.032s] Invoking command in '/home/zzs/chapt6/chapt6_ws/build/zzs_description': CMAKE_PREFIX_PATH=${CMAKE_PREFIX_PATH}:/opt/ros/jazzy DEBUGINFOD_URLS=https://debuginfod.ubuntu.com /usr/bin/cmake --build /home/zzs/chapt6/chapt6_ws/build/zzs_description -- -j2 -l2
[0.644s] Invoked command in '/home/zzs/chapt6/chapt6_ws/build/zzs_description' returned '0': CMAKE_PREFIX_PATH=${CMAKE_PREFIX_PATH}:/opt/ros/jazzy DEBUGINFOD_URLS=https://debuginfod.ubuntu.com /usr/bin/cmake --build /home/zzs/chapt6/chapt6_ws/build/zzs_description -- -j2 -l2
[0.745s] Invoking command in '/home/zzs/chapt6/chapt6_ws/build/zzs_description': CMAKE_PREFIX_PATH=${CMAKE_PREFIX_PATH}:/opt/ros/jazzy DEBUGINFOD_URLS=https://debuginfod.ubuntu.com /usr/bin/cmake --install /home/zzs/chapt6/chapt6_ws/build/zzs_description
[0.864s] -- Install configuration: ""
[0.870s] -- Up-to-date: /home/zzs/chapt6/chapt6_ws/install/zzs_description/share/zzs_description/launch
[0.873s] -- Up-to-date: /home/zzs/chapt6/chapt6_ws/install/zzs_description/share/zzs_description/launch/display_robot.launch.py
[0.874s] -- Up-to-date: /home/zzs/chapt6/chapt6_ws/install/zzs_description/share/zzs_description/urdf
[0.878s] -- Up-to-date: /home/zzs/chapt6/chapt6_ws/install/zzs_description/share/zzs_description/urdf/first_robot.xacro
[0.880s] -- Up-to-date: /home/zzs/chapt6/chapt6_ws/install/zzs_description/share/zzs_description/urdf/first_robot.gv
[0.882s] -- Up-to-date: /home/zzs/chapt6/chapt6_ws/install/zzs_description/share/zzs_description/urdf/first_robot.pdf
[0.882s] -- Up-to-date: /home/zzs/chapt6/chapt6_ws/install/zzs_description/share/zzs_description/urdf/sensor
[0.882s] -- Installing: /home/zzs/chapt6/chapt6_ws/install/zzs_description/share/zzs_description/urdf/sensor/imu.urdf.xacro
[0.901s] -- Up-to-date: /home/zzs/chapt6/chapt6_ws/install/zzs_description/share/zzs_description/urdf/sensor/camera.urdf.xacro
[0.901s] -- Up-to-date: /home/zzs/chapt6/chapt6_ws/install/zzs_description/share/zzs_description/urdf/sensor/laser.urdf.xacro
[0.905s] -- Up-to-date: /home/zzs/chapt6/chapt6_ws/install/zzs_description/share/zzs_description/urdf/first_robot.urdf
[0.905s] -- Installing: /home/zzs/chapt6/chapt6_ws/install/zzs_description/share/zzs_description/urdf/actuator
[0.908s] -- Installing: /home/zzs/chapt6/chapt6_ws/install/zzs_description/share/zzs_description/urdf/actuator/wheel.urdf.xacro
[0.910s] -- Installing: /home/zzs/chapt6/chapt6_ws/install/zzs_description/share/zzs_description/urdf/robot.urdf.xacro
[0.910s] -- Up-to-date: /home/zzs/chapt6/chapt6_ws/install/zzs_description/share/zzs_description/urdf/base.urdf.xacro
[0.910s] -- Up-to-date: /home/zzs/chapt6/chapt6_ws/install/zzs_description/share/zzs_description/config
[0.910s] -- Up-to-date: /home/zzs/chapt6/chapt6_ws/install/zzs_description/share/zzs_description/config/display_robot_model.rviz
[0.917s] -- Up-to-date: /home/zzs/chapt6/chapt6_ws/install/zzs_description/share/ament_index/resource_index/package_run_dependencies/zzs_description
[0.918s] -- Up-to-date: /home/zzs/chapt6/chapt6_ws/install/zzs_description/share/ament_index/resource_index/parent_prefix_path/zzs_description
[0.918s] -- Up-to-date: /home/zzs/chapt6/chapt6_ws/install/zzs_description/share/zzs_description/environment/ament_prefix_path.sh
[0.918s] -- Up-to-date: /home/zzs/chapt6/chapt6_ws/install/zzs_description/share/zzs_description/environment/ament_prefix_path.dsv
[0.918s] -- Up-to-date: /home/zzs/chapt6/chapt6_ws/install/zzs_description/share/zzs_description/environment/path.sh
[0.918s] -- Up-to-date: /home/zzs/chapt6/chapt6_ws/install/zzs_description/share/zzs_description/environment/path.dsv
[0.918s] -- Up-to-date: /home/zzs/chapt6/chapt6_ws/install/zzs_description/share/zzs_description/local_setup.bash
[0.927s] -- Up-to-date: /home/zzs/chapt6/chapt6_ws/install/zzs_description/share/zzs_description/local_setup.sh
[0.927s] -- Up-to-date: /home/zzs/chapt6/chapt6_ws/install/zzs_description/share/zzs_description/local_setup.zsh
[0.927s] -- Up-to-date: /home/zzs/chapt6/chapt6_ws/install/zzs_description/share/zzs_description/local_setup.dsv
[0.928s] -- Installing: /home/zzs/chapt6/chapt6_ws/install/zzs_description/share/zzs_description/package.dsv
[0.933s] -- Up-to-date: /home/zzs/chapt6/chapt6_ws/install/zzs_description/share/ament_index/resource_index/packages/zzs_description
[0.934s] -- Up-to-date: /home/zzs/chapt6/chapt6_ws/install/zzs_description/share/zzs_description/cmake/zzs_descriptionConfig.cmake
[0.939s] -- Up-to-date: /home/zzs/chapt6/chapt6_ws/install/zzs_description/share/zzs_description/cmake/zzs_descriptionConfig-version.cmake
[0.939s] -- Up-to-date: /home/zzs/chapt6/chapt6_ws/install/zzs_description/share/zzs_description/package.xml
[0.968s] Invoked command in '/home/zzs/chapt6/chapt6_ws/build/zzs_description' returned '0': CMAKE_PREFIX_PATH=${CMAKE_PREFIX_PATH}:/opt/ros/jazzy DEBUGINFOD_URLS=https://debuginfod.ubuntu.com /usr/bin/cmake --install /home/zzs/chapt6/chapt6_ws/build/zzs_description
