[16.093s] Invoking command in '/home/zzs/chapt5/chapt5_ws/src/demo_python_tf': DEBUGINFOD_URLS=https://debuginfod.ubuntu.com PYTHONPATH=/home/zzs/chapt5/chapt5_ws/build/demo_python_tf/prefix_override:/usr/lib/python3/dist-packages/colcon_core/task/python/colcon_distutils_commands:/home/zzs/chapt5/chapt5_ws/install/demo_python_tf/lib/python3.12/site-packages:${PYTHONPATH} /usr/bin/python3 -W ignore:setup.py install is deprecated -W ignore:easy_install command is deprecated setup.py egg_info --egg-base ../../build/demo_python_tf build --build-base /home/zzs/chapt5/chapt5_ws/build/demo_python_tf/build install --record /home/zzs/chapt5/chapt5_ws/build/demo_python_tf/install.log --install-scripts $base/lib/demo_python_tf --single-version-externally-managed install_data
[17.001s] running egg_info
[17.033s] writing ../../build/demo_python_tf/demo_python_tf.egg-info/PKG-INFO
[17.036s] writing dependency_links to ../../build/demo_python_tf/demo_python_tf.egg-info/dependency_links.txt
[17.036s] writing entry points to ../../build/demo_python_tf/demo_python_tf.egg-info/entry_points.txt
[17.037s] writing requirements to ../../build/demo_python_tf/demo_python_tf.egg-info/requires.txt
[17.037s] writing top-level names to ../../build/demo_python_tf/demo_python_tf.egg-info/top_level.txt
[17.109s] reading manifest file '../../build/demo_python_tf/demo_python_tf.egg-info/SOURCES.txt'
[17.115s] adding license file 'LICENSE'
[17.115s] writing manifest file '../../build/demo_python_tf/demo_python_tf.egg-info/SOURCES.txt'
[17.115s] running build
[17.116s] running build_py
[17.116s] copying demo_python_tf/static_tf_broadcaster.py -> /home/zzs/chapt5/chapt5_ws/build/demo_python_tf/build/lib/demo_python_tf
[17.116s] running install
[17.126s] running install_lib
[17.183s] copying /home/zzs/chapt5/chapt5_ws/build/demo_python_tf/build/lib/demo_python_tf/static_tf_broadcaster.py -> /home/zzs/chapt5/chapt5_ws/install/demo_python_tf/lib/python3.12/site-packages/demo_python_tf
[17.185s] byte-compiling /home/zzs/chapt5/chapt5_ws/install/demo_python_tf/lib/python3.12/site-packages/demo_python_tf/static_tf_broadcaster.py to static_tf_broadcaster.cpython-312.pyc
[17.187s] running install_data
[17.191s] running install_egg_info
[17.365s] removing '/home/zzs/chapt5/chapt5_ws/install/demo_python_tf/lib/python3.12/site-packages/demo_python_tf-0.0.0-py3.12.egg-info' (and everything under it)
[17.366s] Copying ../../build/demo_python_tf/demo_python_tf.egg-info to /home/zzs/chapt5/chapt5_ws/install/demo_python_tf/lib/python3.12/site-packages/demo_python_tf-0.0.0-py3.12.egg-info
[17.375s] running install_scripts
[17.707s] Installing static_tf_broadcaster script to /home/zzs/chapt5/chapt5_ws/install/demo_python_tf/lib/demo_python_tf
[17.707s] writing list of installed files to '/home/zzs/chapt5/chapt5_ws/build/demo_python_tf/install.log'
[17.747s] Invoked command in '/home/zzs/chapt5/chapt5_ws/src/demo_python_tf' returned '0': DEBUGINFOD_URLS=https://debuginfod.ubuntu.com PYTHONPATH=/home/zzs/chapt5/chapt5_ws/build/demo_python_tf/prefix_override:/usr/lib/python3/dist-packages/colcon_core/task/python/colcon_distutils_commands:/home/zzs/chapt5/chapt5_ws/install/demo_python_tf/lib/python3.12/site-packages:${PYTHONPATH} /usr/bin/python3 -W ignore:setup.py install is deprecated -W ignore:easy_install command is deprecated setup.py egg_info --egg-base ../../build/demo_python_tf build --build-base /home/zzs/chapt5/chapt5_ws/build/demo_python_tf/build install --record /home/zzs/chapt5/chapt5_ws/build/demo_python_tf/install.log --install-scripts $base/lib/demo_python_tf --single-version-externally-managed install_data
