[2.488s] Invoking command in '/home/zzs/workspace/ros2/ros2_study/chapt7/chapt7_ws/src/zzs_application': PYTHONPATH=/home/zzs/workspace/ros2/ros2_study/chapt7/chapt7_ws/build/zzs_application/prefix_override:/usr/lib/python3/dist-packages/colcon_core/task/python/colcon_distutils_commands:/home/zzs/workspace/ros2/ros2_study/chapt7/chapt7_ws/install/zzs_application/lib/python3.10/site-packages:${PYTHONPATH} /usr/bin/python3 -W ignore:setup.py install is deprecated -W ignore:easy_install command is deprecated setup.py egg_info --egg-base ../../build/zzs_application build --build-base /home/zzs/workspace/ros2/ros2_study/chapt7/chapt7_ws/build/zzs_application/build install --record /home/zzs/workspace/ros2/ros2_study/chapt7/chapt7_ws/build/zzs_application/install.log --install-scripts $base/lib/zzs_application --single-version-externally-managed install_data
[3.078s] running egg_info
[3.081s] writing ../../build/zzs_application/zzs_application.egg-info/PKG-INFO
[3.084s] writing dependency_links to ../../build/zzs_application/zzs_application.egg-info/dependency_links.txt
[3.084s] writing entry points to ../../build/zzs_application/zzs_application.egg-info/entry_points.txt
[3.084s] writing requirements to ../../build/zzs_application/zzs_application.egg-info/requires.txt
[3.084s] writing top-level names to ../../build/zzs_application/zzs_application.egg-info/top_level.txt
[3.091s] reading manifest file '../../build/zzs_application/zzs_application.egg-info/SOURCES.txt'
[3.091s] adding license file 'LICENSE'
[3.093s] writing manifest file '../../build/zzs_application/zzs_application.egg-info/SOURCES.txt'
[3.094s] running build
[3.094s] running build_py
[3.094s] copying zzs_application/waypoint_flollower.py -> /home/zzs/workspace/ros2/ros2_study/chapt7/chapt7_ws/build/zzs_application/build/lib/zzs_application
[3.094s] running install
[3.102s] running install_lib
[3.102s] copying /home/zzs/workspace/ros2/ros2_study/chapt7/chapt7_ws/build/zzs_application/build/lib/zzs_application/waypoint_flollower.py -> /home/zzs/workspace/ros2/ros2_study/chapt7/chapt7_ws/install/zzs_application/lib/python3.10/site-packages/zzs_application
[3.103s] byte-compiling /home/zzs/workspace/ros2/ros2_study/chapt7/chapt7_ws/install/zzs_application/lib/python3.10/site-packages/zzs_application/waypoint_flollower.py to waypoint_flollower.cpython-310.pyc
[3.103s] running install_data
[3.103s] running install_egg_info
[3.103s] removing '/home/zzs/workspace/ros2/ros2_study/chapt7/chapt7_ws/install/zzs_application/lib/python3.10/site-packages/zzs_application-0.0.0-py3.10.egg-info' (and everything under it)
[3.104s] Copying ../../build/zzs_application/zzs_application.egg-info to /home/zzs/workspace/ros2/ros2_study/chapt7/chapt7_ws/install/zzs_application/lib/python3.10/site-packages/zzs_application-0.0.0-py3.10.egg-info
[3.104s] running install_scripts
[3.172s] Installing get_robot_pose script to /home/zzs/workspace/ros2/ros2_study/chapt7/chapt7_ws/install/zzs_application/lib/zzs_application
[3.177s] Installing init_robot_pose script to /home/zzs/workspace/ros2/ros2_study/chapt7/chapt7_ws/install/zzs_application/lib/zzs_application
[3.177s] Installing nav_to_pose script to /home/zzs/workspace/ros2/ros2_study/chapt7/chapt7_ws/install/zzs_application/lib/zzs_application
[3.177s] Installing waypoint_flollower script to /home/zzs/workspace/ros2/ros2_study/chapt7/chapt7_ws/install/zzs_application/lib/zzs_application
[3.177s] writing list of installed files to '/home/zzs/workspace/ros2/ros2_study/chapt7/chapt7_ws/build/zzs_application/install.log'
[3.253s] Invoked command in '/home/zzs/workspace/ros2/ros2_study/chapt7/chapt7_ws/src/zzs_application' returned '0': PYTHONPATH=/home/zzs/workspace/ros2/ros2_study/chapt7/chapt7_ws/build/zzs_application/prefix_override:/usr/lib/python3/dist-packages/colcon_core/task/python/colcon_distutils_commands:/home/zzs/workspace/ros2/ros2_study/chapt7/chapt7_ws/install/zzs_application/lib/python3.10/site-packages:${PYTHONPATH} /usr/bin/python3 -W ignore:setup.py install is deprecated -W ignore:easy_install command is deprecated setup.py egg_info --egg-base ../../build/zzs_application build --build-base /home/zzs/workspace/ros2/ros2_study/chapt7/chapt7_ws/build/zzs_application/build install --record /home/zzs/workspace/ros2/ros2_study/chapt7/chapt7_ws/build/zzs_application/install.log --install-scripts $base/lib/zzs_application --single-version-externally-managed install_data
