[0.021s] Invoking command in '/home/zzs/workspace/ros2/ros2_study/chapt7/chapt7_ws/build/zzs_navigation2': CMAKE_PREFIX_PATH=/opt/ros/humble /usr/bin/cmake --build /home/zzs/workspace/ros2/ros2_study/chapt7/chapt7_ws/build/zzs_navigation2 -- -j2 -l2
[0.127s] Invoked command in '/home/zzs/workspace/ros2/ros2_study/chapt7/chapt7_ws/build/zzs_navigation2' returned '0': CMAKE_PREFIX_PATH=/opt/ros/humble /usr/bin/cmake --build /home/zzs/workspace/ros2/ros2_study/chapt7/chapt7_ws/build/zzs_navigation2 -- -j2 -l2
[0.131s] Invoking command in '/home/zzs/workspace/ros2/ros2_study/chapt7/chapt7_ws/build/zzs_navigation2': CMAKE_PREFIX_PATH=/opt/ros/humble /usr/bin/cmake --install /home/zzs/workspace/ros2/ros2_study/chapt7/chapt7_ws/build/zzs_navigation2
[0.164s] -- Install configuration: ""
[0.165s] -- Up-to-date: /home/zzs/workspace/ros2/ros2_study/chapt7/chapt7_ws/install/zzs_navigation2/share/zzs_navigation2/launch
[0.165s] -- Up-to-date: /home/zzs/workspace/ros2/ros2_study/chapt7/chapt7_ws/install/zzs_navigation2/share/zzs_navigation2/launch/navigation2.launch.py
[0.165s] -- Up-to-date: /home/zzs/workspace/ros2/ros2_study/chapt7/chapt7_ws/install/zzs_navigation2/share/zzs_navigation2/config
[0.165s] -- Up-to-date: /home/zzs/workspace/ros2/ros2_study/chapt7/chapt7_ws/install/zzs_navigation2/share/zzs_navigation2/config/nav2_params.yaml
[0.165s] -- Up-to-date: /home/zzs/workspace/ros2/ros2_study/chapt7/chapt7_ws/install/zzs_navigation2/share/zzs_navigation2/maps
[0.168s] -- Up-to-date: /home/zzs/workspace/ros2/ros2_study/chapt7/chapt7_ws/install/zzs_navigation2/share/zzs_navigation2/maps/room.pgm
[0.168s] -- Up-to-date: /home/zzs/workspace/ros2/ros2_study/chapt7/chapt7_ws/install/zzs_navigation2/share/zzs_navigation2/maps/room.yaml
[0.168s] -- Up-to-date: /home/zzs/workspace/ros2/ros2_study/chapt7/chapt7_ws/install/zzs_navigation2/share/ament_index/resource_index/package_run_dependencies/zzs_navigation2
[0.169s] -- Up-to-date: /home/zzs/workspace/ros2/ros2_study/chapt7/chapt7_ws/install/zzs_navigation2/share/ament_index/resource_index/parent_prefix_path/zzs_navigation2
[0.172s] -- Up-to-date: /home/zzs/workspace/ros2/ros2_study/chapt7/chapt7_ws/install/zzs_navigation2/share/zzs_navigation2/environment/ament_prefix_path.sh
[0.176s] -- Up-to-date: /home/zzs/workspace/ros2/ros2_study/chapt7/chapt7_ws/install/zzs_navigation2/share/zzs_navigation2/environment/ament_prefix_path.dsv
[0.180s] -- Up-to-date: /home/zzs/workspace/ros2/ros2_study/chapt7/chapt7_ws/install/zzs_navigation2/share/zzs_navigation2/environment/path.sh
[0.180s] -- Up-to-date: /home/zzs/workspace/ros2/ros2_study/chapt7/chapt7_ws/install/zzs_navigation2/share/zzs_navigation2/environment/path.dsv
[0.180s] -- Up-to-date: /home/zzs/workspace/ros2/ros2_study/chapt7/chapt7_ws/install/zzs_navigation2/share/zzs_navigation2/local_setup.bash
[0.180s] -- Up-to-date: /home/zzs/workspace/ros2/ros2_study/chapt7/chapt7_ws/install/zzs_navigation2/share/zzs_navigation2/local_setup.sh
[0.180s] -- Up-to-date: /home/zzs/workspace/ros2/ros2_study/chapt7/chapt7_ws/install/zzs_navigation2/share/zzs_navigation2/local_setup.zsh
[0.180s] -- Up-to-date: /home/zzs/workspace/ros2/ros2_study/chapt7/chapt7_ws/install/zzs_navigation2/share/zzs_navigation2/local_setup.dsv
[0.183s] -- Installing: /home/zzs/workspace/ros2/ros2_study/chapt7/chapt7_ws/install/zzs_navigation2/share/zzs_navigation2/package.dsv
[0.183s] -- Up-to-date: /home/zzs/workspace/ros2/ros2_study/chapt7/chapt7_ws/install/zzs_navigation2/share/ament_index/resource_index/packages/zzs_navigation2
[0.183s] -- Up-to-date: /home/zzs/workspace/ros2/ros2_study/chapt7/chapt7_ws/install/zzs_navigation2/share/zzs_navigation2/cmake/zzs_navigation2Config.cmake
[0.183s] -- Up-to-date: /home/zzs/workspace/ros2/ros2_study/chapt7/chapt7_ws/install/zzs_navigation2/share/zzs_navigation2/cmake/zzs_navigation2Config-version.cmake
[0.184s] -- Up-to-date: /home/zzs/workspace/ros2/ros2_study/chapt7/chapt7_ws/install/zzs_navigation2/share/zzs_navigation2/package.xml
[0.192s] Invoked command in '/home/zzs/workspace/ros2/ros2_study/chapt7/chapt7_ws/build/zzs_navigation2' returned '0': CMAKE_PREFIX_PATH=/opt/ros/humble /usr/bin/cmake --install /home/zzs/workspace/ros2/ros2_study/chapt7/chapt7_ws/build/zzs_navigation2
