[1.871s] Invoking command in '/home/zzs/chapt5/chapt5_ws/src/demo_python_tf': DEBUGINFOD_URLS=https://debuginfod.ubuntu.com PYTHONPATH=/home/zzs/chapt5/chapt5_ws/build/demo_python_tf/prefix_override:/usr/lib/python3/dist-packages/colcon_core/task/python/colcon_distutils_commands:/home/zzs/chapt5/chapt5_ws/install/demo_python_tf/lib/python3.12/site-packages:${PYTHONPATH} /usr/bin/python3 -W ignore:setup.py install is deprecated -W ignore:easy_install command is deprecated setup.py egg_info --egg-base ../../build/demo_python_tf build --build-base /home/zzs/chapt5/chapt5_ws/build/demo_python_tf/build install --record /home/zzs/chapt5/chapt5_ws/build/demo_python_tf/install.log --install-scripts $base/lib/demo_python_tf --single-version-externally-managed install_data
[2.179s] running egg_info
[2.203s] writing ../../build/demo_python_tf/demo_python_tf.egg-info/PKG-INFO
[2.205s] writing dependency_links to ../../build/demo_python_tf/demo_python_tf.egg-info/dependency_links.txt
[2.205s] writing entry points to ../../build/demo_python_tf/demo_python_tf.egg-info/entry_points.txt
[2.205s] writing requirements to ../../build/demo_python_tf/demo_python_tf.egg-info/requires.txt
[2.206s] writing top-level names to ../../build/demo_python_tf/demo_python_tf.egg-info/top_level.txt
[2.245s] reading manifest file '../../build/demo_python_tf/demo_python_tf.egg-info/SOURCES.txt'
[2.246s] adding license file 'LICENSE'
[2.246s] writing manifest file '../../build/demo_python_tf/demo_python_tf.egg-info/SOURCES.txt'
[2.247s] running build
[2.247s] running build_py
[2.248s] copying demo_python_tf/tf_listener.py -> /home/zzs/chapt5/chapt5_ws/build/demo_python_tf/build/lib/demo_python_tf
[2.248s] running install
[2.255s] running install_lib
[2.277s] copying /home/zzs/chapt5/chapt5_ws/build/demo_python_tf/build/lib/demo_python_tf/tf_listener.py -> /home/zzs/chapt5/chapt5_ws/install/demo_python_tf/lib/python3.12/site-packages/demo_python_tf
[2.278s] byte-compiling /home/zzs/chapt5/chapt5_ws/install/demo_python_tf/lib/python3.12/site-packages/demo_python_tf/tf_listener.py to tf_listener.cpython-312.pyc
[2.278s] running install_data
[2.280s] running install_egg_info
[2.298s] removing '/home/zzs/chapt5/chapt5_ws/install/demo_python_tf/lib/python3.12/site-packages/demo_python_tf-0.0.0-py3.12.egg-info' (and everything under it)
[2.300s] Copying ../../build/demo_python_tf/demo_python_tf.egg-info to /home/zzs/chapt5/chapt5_ws/install/demo_python_tf/lib/python3.12/site-packages/demo_python_tf-0.0.0-py3.12.egg-info
[2.301s] running install_scripts
[2.454s] Installing dynamic_tf_broadcaster script to /home/zzs/chapt5/chapt5_ws/install/demo_python_tf/lib/demo_python_tf
[2.456s] Installing static_tf_broadcaster script to /home/zzs/chapt5/chapt5_ws/install/demo_python_tf/lib/demo_python_tf
[2.456s] Installing tf_listener script to /home/zzs/chapt5/chapt5_ws/install/demo_python_tf/lib/demo_python_tf
[2.457s] writing list of installed files to '/home/zzs/chapt5/chapt5_ws/build/demo_python_tf/install.log'
[2.505s] Invoked command in '/home/zzs/chapt5/chapt5_ws/src/demo_python_tf' returned '0': DEBUGINFOD_URLS=https://debuginfod.ubuntu.com PYTHONPATH=/home/zzs/chapt5/chapt5_ws/build/demo_python_tf/prefix_override:/usr/lib/python3/dist-packages/colcon_core/task/python/colcon_distutils_commands:/home/zzs/chapt5/chapt5_ws/install/demo_python_tf/lib/python3.12/site-packages:${PYTHONPATH} /usr/bin/python3 -W ignore:setup.py install is deprecated -W ignore:easy_install command is deprecated setup.py egg_info --egg-base ../../build/demo_python_tf build --build-base /home/zzs/chapt5/chapt5_ws/build/demo_python_tf/build install --record /home/zzs/chapt5/chapt5_ws/build/demo_python_tf/install.log --install-scripts $base/lib/demo_python_tf --single-version-externally-managed install_data
