[0.035s] Invoking command in '/home/zzs/workspace/ros2/ros2_study/chapt6/chapt6_ws/build/zzs_description': CMAKE_PREFIX_PATH=${CMAKE_PREFIX_PATH}:/opt/ros/humble /usr/bin/cmake --build /home/zzs/workspace/ros2/ros2_study/chapt6/chapt6_ws/build/zzs_description -- -j2 -l2
[0.231s] Invoked command in '/home/zzs/workspace/ros2/ros2_study/chapt6/chapt6_ws/build/zzs_description' returned '0': CMAKE_PREFIX_PATH=${CMAKE_PREFIX_PATH}:/opt/ros/humble /usr/bin/cmake --build /home/zzs/workspace/ros2/ros2_study/chapt6/chapt6_ws/build/zzs_description -- -j2 -l2
[0.259s] Invoking command in '/home/zzs/workspace/ros2/ros2_study/chapt6/chapt6_ws/build/zzs_description': CMAKE_PREFIX_PATH=${CMAKE_PREFIX_PATH}:/opt/ros/humble /usr/bin/cmake --install /home/zzs/workspace/ros2/ros2_study/chapt6/chapt6_ws/build/zzs_description
[0.289s] -- Install configuration: ""
[0.290s] -- Up-to-date: /home/zzs/workspace/ros2/ros2_study/chapt6/chapt6_ws/install/zzs_description/share/zzs_description/launch
[0.290s] -- Up-to-date: /home/zzs/workspace/ros2/ros2_study/chapt6/chapt6_ws/install/zzs_description/share/zzs_description/launch/display_robot.launch.py
[0.290s] -- Installing: /home/zzs/workspace/ros2/ros2_study/chapt6/chapt6_ws/install/zzs_description/share/zzs_description/launch/gazebo_sim.launch.py
[0.292s] -- Up-to-date: /home/zzs/workspace/ros2/ros2_study/chapt6/chapt6_ws/install/zzs_description/share/zzs_description/urdf
[0.292s] -- Up-to-date: /home/zzs/workspace/ros2/ros2_study/chapt6/chapt6_ws/install/zzs_description/share/zzs_description/urdf/sensor
[0.293s] -- Up-to-date: /home/zzs/workspace/ros2/ros2_study/chapt6/chapt6_ws/install/zzs_description/share/zzs_description/urdf/sensor/imu.urdf.xacro
[0.294s] -- Up-to-date: /home/zzs/workspace/ros2/ros2_study/chapt6/chapt6_ws/install/zzs_description/share/zzs_description/urdf/sensor/camera.urdf.xacro
[0.295s] -- Up-to-date: /home/zzs/workspace/ros2/ros2_study/chapt6/chapt6_ws/install/zzs_description/share/zzs_description/urdf/sensor/laser.urdf.xacro
[0.297s] -- Up-to-date: /home/zzs/workspace/ros2/ros2_study/chapt6/chapt6_ws/install/zzs_description/share/zzs_description/urdf/first_robot.gv
[0.297s] -- Up-to-date: /home/zzs/workspace/ros2/ros2_study/chapt6/chapt6_ws/install/zzs_description/share/zzs_description/urdf/actuator
[0.297s] -- Up-to-date: /home/zzs/workspace/ros2/ros2_study/chapt6/chapt6_ws/install/zzs_description/share/zzs_description/urdf/actuator/wheel.urdf.xacro
[0.297s] -- Up-to-date: /home/zzs/workspace/ros2/ros2_study/chapt6/chapt6_ws/install/zzs_description/share/zzs_description/urdf/actuator/caster.urdf.xacro
[0.297s] -- Up-to-date: /home/zzs/workspace/ros2/ros2_study/chapt6/chapt6_ws/install/zzs_description/share/zzs_description/urdf/first_robot.xacro
[0.297s] -- Up-to-date: /home/zzs/workspace/ros2/ros2_study/chapt6/chapt6_ws/install/zzs_description/share/zzs_description/urdf/first_robot.urdf
[0.297s] -- Up-to-date: /home/zzs/workspace/ros2/ros2_study/chapt6/chapt6_ws/install/zzs_description/share/zzs_description/urdf/first_robot.pdf
[0.297s] -- Up-to-date: /home/zzs/workspace/ros2/ros2_study/chapt6/chapt6_ws/install/zzs_description/share/zzs_description/urdf/plugins
[0.298s] -- Up-to-date: /home/zzs/workspace/ros2/ros2_study/chapt6/chapt6_ws/install/zzs_description/share/zzs_description/urdf/plugins/robot_ros2_controller.xacro
[0.298s] -- Up-to-date: /home/zzs/workspace/ros2/ros2_study/chapt6/chapt6_ws/install/zzs_description/share/zzs_description/urdf/plugins/gazebo_control_plugin.xacro
[0.301s] -- Up-to-date: /home/zzs/workspace/ros2/ros2_study/chapt6/chapt6_ws/install/zzs_description/share/zzs_description/urdf/plugins/gazebo_sensor_plugin.xacro
[0.301s] -- Up-to-date: /home/zzs/workspace/ros2/ros2_study/chapt6/chapt6_ws/install/zzs_description/share/zzs_description/urdf/robot.urdf.xacro
[0.302s] -- Up-to-date: /home/zzs/workspace/ros2/ros2_study/chapt6/chapt6_ws/install/zzs_description/share/zzs_description/urdf/common_intertial.xacro
[0.302s] -- Up-to-date: /home/zzs/workspace/ros2/ros2_study/chapt6/chapt6_ws/install/zzs_description/share/zzs_description/urdf/base.urdf.xacro
[0.302s] -- Up-to-date: /home/zzs/workspace/ros2/ros2_study/chapt6/chapt6_ws/install/zzs_description/share/zzs_description/config
[0.302s] -- Installing: /home/zzs/workspace/ros2/ros2_study/chapt6/chapt6_ws/install/zzs_description/share/zzs_description/config/robot_ros2_controller.yaml
[0.302s] -- Up-to-date: /home/zzs/workspace/ros2/ros2_study/chapt6/chapt6_ws/install/zzs_description/share/zzs_description/config/display_robot_model.rviz
[0.302s] -- Up-to-date: /home/zzs/workspace/ros2/ros2_study/chapt6/chapt6_ws/install/zzs_description/share/zzs_description/world
[0.302s] -- Up-to-date: /home/zzs/workspace/ros2/ros2_study/chapt6/chapt6_ws/install/zzs_description/share/zzs_description/world/room
[0.302s] -- Up-to-date: /home/zzs/workspace/ros2/ros2_study/chapt6/chapt6_ws/install/zzs_description/share/zzs_description/world/room/model.sdf
[0.302s] -- Up-to-date: /home/zzs/workspace/ros2/ros2_study/chapt6/chapt6_ws/install/zzs_description/share/zzs_description/world/room/model.config
[0.302s] -- Up-to-date: /home/zzs/workspace/ros2/ros2_study/chapt6/chapt6_ws/install/zzs_description/share/zzs_description/world/c_room.world
[0.302s] -- Up-to-date: /home/zzs/workspace/ros2/ros2_study/chapt6/chapt6_ws/install/zzs_description/share/ament_index/resource_index/package_run_dependencies/zzs_description
[0.304s] -- Up-to-date: /home/zzs/workspace/ros2/ros2_study/chapt6/chapt6_ws/install/zzs_description/share/ament_index/resource_index/parent_prefix_path/zzs_description
[0.304s] -- Up-to-date: /home/zzs/workspace/ros2/ros2_study/chapt6/chapt6_ws/install/zzs_description/share/zzs_description/environment/ament_prefix_path.sh
[0.304s] -- Up-to-date: /home/zzs/workspace/ros2/ros2_study/chapt6/chapt6_ws/install/zzs_description/share/zzs_description/environment/ament_prefix_path.dsv
[0.304s] -- Up-to-date: /home/zzs/workspace/ros2/ros2_study/chapt6/chapt6_ws/install/zzs_description/share/zzs_description/environment/path.sh
[0.304s] -- Up-to-date: /home/zzs/workspace/ros2/ros2_study/chapt6/chapt6_ws/install/zzs_description/share/zzs_description/environment/path.dsv
[0.304s] -- Up-to-date: /home/zzs/workspace/ros2/ros2_study/chapt6/chapt6_ws/install/zzs_description/share/zzs_description/local_setup.bash
[0.304s] -- Up-to-date: /home/zzs/workspace/ros2/ros2_study/chapt6/chapt6_ws/install/zzs_description/share/zzs_description/local_setup.sh
[0.304s] -- Up-to-date: /home/zzs/workspace/ros2/ros2_study/chapt6/chapt6_ws/install/zzs_description/share/zzs_description/local_setup.zsh
[0.304s] -- Up-to-date: /home/zzs/workspace/ros2/ros2_study/chapt6/chapt6_ws/install/zzs_description/share/zzs_description/local_setup.dsv
[0.306s] -- Installing: /home/zzs/workspace/ros2/ros2_study/chapt6/chapt6_ws/install/zzs_description/share/zzs_description/package.dsv
[0.306s] -- Up-to-date: /home/zzs/workspace/ros2/ros2_study/chapt6/chapt6_ws/install/zzs_description/share/ament_index/resource_index/packages/zzs_description
[0.306s] -- Up-to-date: /home/zzs/workspace/ros2/ros2_study/chapt6/chapt6_ws/install/zzs_description/share/zzs_description/cmake/zzs_descriptionConfig.cmake
[0.306s] -- Up-to-date: /home/zzs/workspace/ros2/ros2_study/chapt6/chapt6_ws/install/zzs_description/share/zzs_description/cmake/zzs_descriptionConfig-version.cmake
[0.306s] -- Up-to-date: /home/zzs/workspace/ros2/ros2_study/chapt6/chapt6_ws/install/zzs_description/share/zzs_description/package.xml
[0.315s] Invoked command in '/home/zzs/workspace/ros2/ros2_study/chapt6/chapt6_ws/build/zzs_description' returned '0': CMAKE_PREFIX_PATH=${CMAKE_PREFIX_PATH}:/opt/ros/humble /usr/bin/cmake --install /home/zzs/workspace/ros2/ros2_study/chapt6/chapt6_ws/build/zzs_description
