[1.692s] Invoking command in '/home/zzs/chapt4/chapt4_ws/src/demo_python_service': DEBUGINFOD_URLS=https://debuginfod.ubuntu.com PYTHONPATH=/home/zzs/chapt4/chapt4_ws/build/demo_python_service/prefix_override:/usr/lib/python3/dist-packages/colcon_core/task/python/colcon_distutils_commands:/home/zzs/chapt4/chapt4_ws/install/demo_python_service/lib/python3.12/site-packages:/home/zzs/chapt4/chapt4_ws/install/chapt4_interfaces/lib/python3.12/site-packages:/home/zzs/chapt4/chapt4_ws/install/demo_python_service/lib/python3.12/site-packages:/opt/ros/jazzy/lib/python3.12/site-packages /usr/bin/python3 -W ignore:setup.py install is deprecated -W ignore:easy_install command is deprecated setup.py egg_info --egg-base ../../build/demo_python_service build --build-base /home/zzs/chapt4/chapt4_ws/build/demo_python_service/build install --record /home/zzs/chapt4/chapt4_ws/build/demo_python_service/install.log --install-scripts $base/lib/demo_python_service --single-version-externally-managed install_data
[1.984s] running egg_info
[2.005s] writing ../../build/demo_python_service/demo_python_service.egg-info/PKG-INFO
[2.007s] writing dependency_links to ../../build/demo_python_service/demo_python_service.egg-info/dependency_links.txt
[2.007s] writing entry points to ../../build/demo_python_service/demo_python_service.egg-info/entry_points.txt
[2.008s] writing requirements to ../../build/demo_python_service/demo_python_service.egg-info/requires.txt
[2.009s] writing top-level names to ../../build/demo_python_service/demo_python_service.egg-info/top_level.txt
[2.046s] reading manifest file '../../build/demo_python_service/demo_python_service.egg-info/SOURCES.txt'
[2.055s] adding license file 'LICENSE'
[2.057s] writing manifest file '../../build/demo_python_service/demo_python_service.egg-info/SOURCES.txt'
[2.058s] running build
[2.058s] running build_py
[2.058s] copying demo_python_service/face_detect_node.py -> /home/zzs/chapt4/chapt4_ws/build/demo_python_service/build/lib/demo_python_service
[2.059s] running install
[2.065s] running install_lib
[2.089s] copying /home/zzs/chapt4/chapt4_ws/build/demo_python_service/build/lib/demo_python_service/face_detect_node.py -> /home/zzs/chapt4/chapt4_ws/install/demo_python_service/lib/python3.12/site-packages/demo_python_service
[2.090s] byte-compiling /home/zzs/chapt4/chapt4_ws/install/demo_python_service/lib/python3.12/site-packages/demo_python_service/face_detect_node.py to face_detect_node.cpython-312.pyc
[2.091s] running install_data
[2.092s] running install_egg_info
[2.114s] removing '/home/zzs/chapt4/chapt4_ws/install/demo_python_service/lib/python3.12/site-packages/demo_python_service-0.0.0-py3.12.egg-info' (and everything under it)
[2.114s] Copying ../../build/demo_python_service/demo_python_service.egg-info to /home/zzs/chapt4/chapt4_ws/install/demo_python_service/lib/python3.12/site-packages/demo_python_service-0.0.0-py3.12.egg-info
[2.116s] running install_scripts
[2.256s] Installing face_detect_node script to /home/zzs/chapt4/chapt4_ws/install/demo_python_service/lib/demo_python_service
[2.256s] Installing learn_face_detect script to /home/zzs/chapt4/chapt4_ws/install/demo_python_service/lib/demo_python_service
[2.257s] writing list of installed files to '/home/zzs/chapt4/chapt4_ws/build/demo_python_service/install.log'
[2.290s] Invoked command in '/home/zzs/chapt4/chapt4_ws/src/demo_python_service' returned '0': DEBUGINFOD_URLS=https://debuginfod.ubuntu.com PYTHONPATH=/home/zzs/chapt4/chapt4_ws/build/demo_python_service/prefix_override:/usr/lib/python3/dist-packages/colcon_core/task/python/colcon_distutils_commands:/home/zzs/chapt4/chapt4_ws/install/demo_python_service/lib/python3.12/site-packages:/home/zzs/chapt4/chapt4_ws/install/chapt4_interfaces/lib/python3.12/site-packages:/home/zzs/chapt4/chapt4_ws/install/demo_python_service/lib/python3.12/site-packages:/opt/ros/jazzy/lib/python3.12/site-packages /usr/bin/python3 -W ignore:setup.py install is deprecated -W ignore:easy_install command is deprecated setup.py egg_info --egg-base ../../build/demo_python_service build --build-base /home/zzs/chapt4/chapt4_ws/build/demo_python_service/build install --record /home/zzs/chapt4/chapt4_ws/build/demo_python_service/install.log --install-scripts $base/lib/demo_python_service --single-version-externally-managed install_data
