[0.035s] Invoking command in '/home/zzs/workspace/ros2/ros2_study/chapt7/chapt7_ws/build/zzs_description': CMAKE_PREFIX_PATH=${CMAKE_PREFIX_PATH}:/home/zzs/workspace/ros2/ros2_study/chapt7/chapt7_ws/install/zzs_application:/opt/ros/humble /usr/bin/cmake --build /home/zzs/workspace/ros2/ros2_study/chapt7/chapt7_ws/build/zzs_description -- -j2 -l2
[0.841s] Invoked command in '/home/zzs/workspace/ros2/ros2_study/chapt7/chapt7_ws/build/zzs_description' returned '0': CMAKE_PREFIX_PATH=${CMAKE_PREFIX_PATH}:/home/zzs/workspace/ros2/ros2_study/chapt7/chapt7_ws/install/zzs_application:/opt/ros/humble /usr/bin/cmake --build /home/zzs/workspace/ros2/ros2_study/chapt7/chapt7_ws/build/zzs_description -- -j2 -l2
[0.927s] Invoking command in '/home/zzs/workspace/ros2/ros2_study/chapt7/chapt7_ws/build/zzs_description': CMAKE_PREFIX_PATH=${CMAKE_PREFIX_PATH}:/home/zzs/workspace/ros2/ros2_study/chapt7/chapt7_ws/install/zzs_application:/opt/ros/humble /usr/bin/cmake --install /home/zzs/workspace/ros2/ros2_study/chapt7/chapt7_ws/build/zzs_description
[0.991s] -- Install configuration: ""
[0.993s] -- Up-to-date: /home/zzs/workspace/ros2/ros2_study/chapt7/chapt7_ws/install/zzs_description/share/zzs_description/launch
[0.995s] -- Up-to-date: /home/zzs/workspace/ros2/ros2_study/chapt7/chapt7_ws/install/zzs_description/share/zzs_description/launch/display_robot.launch.py
[0.995s] -- Up-to-date: /home/zzs/workspace/ros2/ros2_study/chapt7/chapt7_ws/install/zzs_description/share/zzs_description/launch/gazebo_sim.launch.py
[0.996s] -- Up-to-date: /home/zzs/workspace/ros2/ros2_study/chapt7/chapt7_ws/install/zzs_description/share/zzs_description/urdf
[1.001s] -- Up-to-date: /home/zzs/workspace/ros2/ros2_study/chapt7/chapt7_ws/install/zzs_description/share/zzs_description/urdf/sensor
[1.001s] -- Up-to-date: /home/zzs/workspace/ros2/ros2_study/chapt7/chapt7_ws/install/zzs_description/share/zzs_description/urdf/sensor/imu.urdf.xacro
[1.001s] -- Up-to-date: /home/zzs/workspace/ros2/ros2_study/chapt7/chapt7_ws/install/zzs_description/share/zzs_description/urdf/sensor/camera.urdf.xacro
[1.001s] -- Up-to-date: /home/zzs/workspace/ros2/ros2_study/chapt7/chapt7_ws/install/zzs_description/share/zzs_description/urdf/sensor/laser.urdf.xacro
[1.002s] -- Up-to-date: /home/zzs/workspace/ros2/ros2_study/chapt7/chapt7_ws/install/zzs_description/share/zzs_description/urdf/first_robot.gv
[1.002s] -- Up-to-date: /home/zzs/workspace/ros2/ros2_study/chapt7/chapt7_ws/install/zzs_description/share/zzs_description/urdf/actuator
[1.003s] -- Up-to-date: /home/zzs/workspace/ros2/ros2_study/chapt7/chapt7_ws/install/zzs_description/share/zzs_description/urdf/actuator/wheel.urdf.xacro
[1.003s] -- Up-to-date: /home/zzs/workspace/ros2/ros2_study/chapt7/chapt7_ws/install/zzs_description/share/zzs_description/urdf/actuator/caster.urdf.xacro
[1.003s] -- Up-to-date: /home/zzs/workspace/ros2/ros2_study/chapt7/chapt7_ws/install/zzs_description/share/zzs_description/urdf/first_robot.xacro
[1.003s] -- Up-to-date: /home/zzs/workspace/ros2/ros2_study/chapt7/chapt7_ws/install/zzs_description/share/zzs_description/urdf/first_robot.urdf
[1.003s] -- Up-to-date: /home/zzs/workspace/ros2/ros2_study/chapt7/chapt7_ws/install/zzs_description/share/zzs_description/urdf/first_robot.pdf
[1.009s] -- Up-to-date: /home/zzs/workspace/ros2/ros2_study/chapt7/chapt7_ws/install/zzs_description/share/zzs_description/urdf/plugins
[1.009s] -- Up-to-date: /home/zzs/workspace/ros2/ros2_study/chapt7/chapt7_ws/install/zzs_description/share/zzs_description/urdf/plugins/robot_ros2_controller.xacro
[1.009s] -- Up-to-date: /home/zzs/workspace/ros2/ros2_study/chapt7/chapt7_ws/install/zzs_description/share/zzs_description/urdf/plugins/gazebo_control_plugin.xacro
[1.009s] -- Up-to-date: /home/zzs/workspace/ros2/ros2_study/chapt7/chapt7_ws/install/zzs_description/share/zzs_description/urdf/plugins/gazebo_sensor_plugin.xacro
[1.009s] -- Up-to-date: /home/zzs/workspace/ros2/ros2_study/chapt7/chapt7_ws/install/zzs_description/share/zzs_description/urdf/robot.urdf.xacro
[1.009s] -- Up-to-date: /home/zzs/workspace/ros2/ros2_study/chapt7/chapt7_ws/install/zzs_description/share/zzs_description/urdf/common_intertial.xacro
[1.010s] -- Up-to-date: /home/zzs/workspace/ros2/ros2_study/chapt7/chapt7_ws/install/zzs_description/share/zzs_description/urdf/base.urdf.xacro
[1.010s] -- Up-to-date: /home/zzs/workspace/ros2/ros2_study/chapt7/chapt7_ws/install/zzs_description/share/zzs_description/config
[1.010s] -- Up-to-date: /home/zzs/workspace/ros2/ros2_study/chapt7/chapt7_ws/install/zzs_description/share/zzs_description/config/robot_ros2_controller.yaml
[1.010s] -- Up-to-date: /home/zzs/workspace/ros2/ros2_study/chapt7/chapt7_ws/install/zzs_description/share/zzs_description/config/display_robot_model.rviz
[1.010s] -- Up-to-date: /home/zzs/workspace/ros2/ros2_study/chapt7/chapt7_ws/install/zzs_description/share/zzs_description/world
[1.025s] -- Up-to-date: /home/zzs/workspace/ros2/ros2_study/chapt7/chapt7_ws/install/zzs_description/share/zzs_description/world/room
[1.025s] -- Up-to-date: /home/zzs/workspace/ros2/ros2_study/chapt7/chapt7_ws/install/zzs_description/share/zzs_description/world/room/model.sdf
[1.026s] -- Up-to-date: /home/zzs/workspace/ros2/ros2_study/chapt7/chapt7_ws/install/zzs_description/share/zzs_description/world/room/model.config
[1.030s] -- Up-to-date: /home/zzs/workspace/ros2/ros2_study/chapt7/chapt7_ws/install/zzs_description/share/zzs_description/world/c_room.world
[1.030s] -- Up-to-date: /home/zzs/workspace/ros2/ros2_study/chapt7/chapt7_ws/install/zzs_description/share/ament_index/resource_index/package_run_dependencies/zzs_description
[1.030s] -- Up-to-date: /home/zzs/workspace/ros2/ros2_study/chapt7/chapt7_ws/install/zzs_description/share/ament_index/resource_index/parent_prefix_path/zzs_description
[1.030s] -- Up-to-date: /home/zzs/workspace/ros2/ros2_study/chapt7/chapt7_ws/install/zzs_description/share/zzs_description/environment/ament_prefix_path.sh
[1.030s] -- Up-to-date: /home/zzs/workspace/ros2/ros2_study/chapt7/chapt7_ws/install/zzs_description/share/zzs_description/environment/ament_prefix_path.dsv
[1.030s] -- Up-to-date: /home/zzs/workspace/ros2/ros2_study/chapt7/chapt7_ws/install/zzs_description/share/zzs_description/environment/path.sh
[1.030s] -- Up-to-date: /home/zzs/workspace/ros2/ros2_study/chapt7/chapt7_ws/install/zzs_description/share/zzs_description/environment/path.dsv
[1.030s] -- Up-to-date: /home/zzs/workspace/ros2/ros2_study/chapt7/chapt7_ws/install/zzs_description/share/zzs_description/local_setup.bash
[1.030s] -- Up-to-date: /home/zzs/workspace/ros2/ros2_study/chapt7/chapt7_ws/install/zzs_description/share/zzs_description/local_setup.sh
[1.030s] -- Up-to-date: /home/zzs/workspace/ros2/ros2_study/chapt7/chapt7_ws/install/zzs_description/share/zzs_description/local_setup.zsh
[1.030s] -- Up-to-date: /home/zzs/workspace/ros2/ros2_study/chapt7/chapt7_ws/install/zzs_description/share/zzs_description/local_setup.dsv
[1.031s] -- Installing: /home/zzs/workspace/ros2/ros2_study/chapt7/chapt7_ws/install/zzs_description/share/zzs_description/package.dsv
[1.031s] -- Up-to-date: /home/zzs/workspace/ros2/ros2_study/chapt7/chapt7_ws/install/zzs_description/share/ament_index/resource_index/packages/zzs_description
[1.039s] -- Up-to-date: /home/zzs/workspace/ros2/ros2_study/chapt7/chapt7_ws/install/zzs_description/share/zzs_description/cmake/zzs_descriptionConfig.cmake
[1.039s] -- Up-to-date: /home/zzs/workspace/ros2/ros2_study/chapt7/chapt7_ws/install/zzs_description/share/zzs_description/cmake/zzs_descriptionConfig-version.cmake
[1.039s] -- Up-to-date: /home/zzs/workspace/ros2/ros2_study/chapt7/chapt7_ws/install/zzs_description/share/zzs_description/package.xml
[1.052s] Invoked command in '/home/zzs/workspace/ros2/ros2_study/chapt7/chapt7_ws/build/zzs_description' returned '0': CMAKE_PREFIX_PATH=${CMAKE_PREFIX_PATH}:/home/zzs/workspace/ros2/ros2_study/chapt7/chapt7_ws/install/zzs_application:/opt/ros/humble /usr/bin/cmake --install /home/zzs/workspace/ros2/ros2_study/chapt7/chapt7_ws/build/zzs_description
