[0.213s] DEBUG:colcon:Command line arguments: ['/usr/bin/colcon', 'build']
[0.213s] DEBUG:colcon:Parsed command line arguments: Namespace(log_base=None, log_level=None, verb_name='build', build_base='build', install_base='install', merge_install=False, symlink_install=False, test_result_base=None, continue_on_error=False, executor='parallel', parallel_workers=2, event_handlers=None, ignore_user_meta=False, metas=['./colcon.meta'], base_paths=['.'], packages_ignore=None, packages_ignore_regex=None, paths=None, packages_up_to=None, packages_up_to_regex=None, packages_above=None, packages_above_and_dependencies=None, packages_above_depth=None, packages_select_by_dep=None, packages_skip_by_dep=None, packages_skip_up_to=None, packages_select_build_failed=False, packages_skip_build_finished=False, packages_select_test_failures=False, packages_skip_test_passed=False, packages_select=None, packages_skip=None, packages_select_regex=None, packages_skip_regex=None, packages_start=None, packages_end=None, allow_overriding=[], cmake_args=None, cmake_target=None, cmake_target_skip_unavailable=False, cmake_clean_cache=False, cmake_clean_first=False, cmake_force_configure=False, ament_cmake_args=None, catkin_cmake_args=None, catkin_skip_building_tests=False, verb_parser=<colcon_defaults.argument_parser.defaults.DefaultArgumentsDecorator object at 0x739e368285b0>, verb_extension=<colcon_core.verb.build.BuildVerb object at 0x739e36828070>, main=<bound method BuildVerb.main of <colcon_core.verb.build.BuildVerb object at 0x739e36828070>>)
[0.423s] Level 1:colcon.colcon_core.package_discovery:discover_packages(colcon_meta) check parameters
[0.423s] Level 1:colcon.colcon_core.package_discovery:discover_packages(recursive) check parameters
[0.423s] Level 1:colcon.colcon_core.package_discovery:discover_packages(ignore) check parameters
[0.423s] Level 1:colcon.colcon_core.package_discovery:discover_packages(path) check parameters
[0.423s] Level 1:colcon.colcon_core.package_discovery:discover_packages(colcon_meta) discover
[0.423s] Level 1:colcon.colcon_core.package_discovery:discover_packages(recursive) discover
[0.423s] INFO:colcon.colcon_core.package_discovery:Crawling recursively for packages in '/home/zzs/workspace/ros2/ros2_study/chapt6/chapt6_ws'
[0.423s] Level 1:colcon.colcon_core.package_identification:_identify(.) by extensions ['ignore', 'ignore_ament_install']
[0.423s] Level 1:colcon.colcon_core.package_identification:_identify(.) by extension 'ignore'
[0.423s] Level 1:colcon.colcon_core.package_identification:_identify(.) by extension 'ignore_ament_install'
[0.423s] Level 1:colcon.colcon_core.package_identification:_identify(.) by extensions ['colcon_pkg']
[0.423s] Level 1:colcon.colcon_core.package_identification:_identify(.) by extension 'colcon_pkg'
[0.423s] Level 1:colcon.colcon_core.package_identification:_identify(.) by extensions ['colcon_meta']
[0.423s] Level 1:colcon.colcon_core.package_identification:_identify(.) by extension 'colcon_meta'
[0.423s] Level 1:colcon.colcon_core.package_identification:_identify(.) by extensions ['ros']
[0.424s] Level 1:colcon.colcon_core.package_identification:_identify(.) by extension 'ros'
[0.439s] Level 1:colcon.colcon_core.package_identification:_identify(.) by extensions ['cmake', 'python']
[0.439s] Level 1:colcon.colcon_core.package_identification:_identify(.) by extension 'cmake'
[0.439s] Level 1:colcon.colcon_core.package_identification:_identify(.) by extension 'python'
[0.440s] Level 1:colcon.colcon_core.package_identification:_identify(.) by extensions ['python_setup_py']
[0.440s] Level 1:colcon.colcon_core.package_identification:_identify(.) by extension 'python_setup_py'
[0.440s] Level 1:colcon.colcon_core.package_identification:_identify(build) by extensions ['ignore', 'ignore_ament_install']
[0.440s] Level 1:colcon.colcon_core.package_identification:_identify(build) by extension 'ignore'
[0.440s] Level 1:colcon.colcon_core.package_identification:_identify(build) ignored
[0.440s] Level 1:colcon.colcon_core.package_identification:_identify(install) by extensions ['ignore', 'ignore_ament_install']
[0.440s] Level 1:colcon.colcon_core.package_identification:_identify(install) by extension 'ignore'
[0.440s] Level 1:colcon.colcon_core.package_identification:_identify(install) ignored
[0.440s] Level 1:colcon.colcon_core.package_identification:_identify(log) by extensions ['ignore', 'ignore_ament_install']
[0.440s] Level 1:colcon.colcon_core.package_identification:_identify(log) by extension 'ignore'
[0.440s] Level 1:colcon.colcon_core.package_identification:_identify(log) ignored
[0.440s] Level 1:colcon.colcon_core.package_identification:_identify(src) by extensions ['ignore', 'ignore_ament_install']
[0.440s] Level 1:colcon.colcon_core.package_identification:_identify(src) by extension 'ignore'
[0.440s] Level 1:colcon.colcon_core.package_identification:_identify(src) by extension 'ignore_ament_install'
[0.440s] Level 1:colcon.colcon_core.package_identification:_identify(src) by extensions ['colcon_pkg']
[0.441s] Level 1:colcon.colcon_core.package_identification:_identify(src) by extension 'colcon_pkg'
[0.441s] Level 1:colcon.colcon_core.package_identification:_identify(src) by extensions ['colcon_meta']
[0.441s] Level 1:colcon.colcon_core.package_identification:_identify(src) by extension 'colcon_meta'
[0.441s] Level 1:colcon.colcon_core.package_identification:_identify(src) by extensions ['ros']
[0.441s] Level 1:colcon.colcon_core.package_identification:_identify(src) by extension 'ros'
[0.441s] Level 1:colcon.colcon_core.package_identification:_identify(src) by extensions ['cmake', 'python']
[0.441s] Level 1:colcon.colcon_core.package_identification:_identify(src) by extension 'cmake'
[0.441s] Level 1:colcon.colcon_core.package_identification:_identify(src) by extension 'python'
[0.441s] Level 1:colcon.colcon_core.package_identification:_identify(src) by extensions ['python_setup_py']
[0.441s] Level 1:colcon.colcon_core.package_identification:_identify(src) by extension 'python_setup_py'
[0.442s] Level 1:colcon.colcon_core.package_identification:_identify(src/zzs_description) by extensions ['ignore', 'ignore_ament_install']
[0.442s] Level 1:colcon.colcon_core.package_identification:_identify(src/zzs_description) by extension 'ignore'
[0.442s] Level 1:colcon.colcon_core.package_identification:_identify(src/zzs_description) by extension 'ignore_ament_install'
[0.442s] Level 1:colcon.colcon_core.package_identification:_identify(src/zzs_description) by extensions ['colcon_pkg']
[0.442s] Level 1:colcon.colcon_core.package_identification:_identify(src/zzs_description) by extension 'colcon_pkg'
[0.442s] Level 1:colcon.colcon_core.package_identification:_identify(src/zzs_description) by extensions ['colcon_meta']
[0.442s] Level 1:colcon.colcon_core.package_identification:_identify(src/zzs_description) by extension 'colcon_meta'
[0.442s] Level 1:colcon.colcon_core.package_identification:_identify(src/zzs_description) by extensions ['ros']
[0.442s] Level 1:colcon.colcon_core.package_identification:_identify(src/zzs_description) by extension 'ros'
[0.446s] DEBUG:colcon.colcon_core.package_identification:Package 'src/zzs_description' with type 'ros.ament_cmake' and name 'zzs_description'
[0.446s] Level 1:colcon.colcon_core.package_discovery:discover_packages(recursive) using defaults
[0.446s] Level 1:colcon.colcon_core.package_discovery:discover_packages(ignore) discover
[0.446s] Level 1:colcon.colcon_core.package_discovery:discover_packages(ignore) using defaults
[0.446s] Level 1:colcon.colcon_core.package_discovery:discover_packages(path) discover
[0.447s] Level 1:colcon.colcon_core.package_discovery:discover_packages(path) using defaults
[0.483s] Level 1:colcon.colcon_core.package_discovery:discover_packages(prefix_path) check parameters
[0.483s] Level 1:colcon.colcon_core.package_discovery:discover_packages(prefix_path) discover
[0.489s] DEBUG:colcon.colcon_installed_package_information.package_discovery:Found 1 installed packages in /home/zzs/workspace/ros2/ros2_study/chapt6/chapt6_ws/install
[0.490s] DEBUG:colcon.colcon_installed_package_information.package_discovery:Found 185 installed packages in /opt/ros/humble
[0.491s] Level 1:colcon.colcon_core.package_discovery:discover_packages(prefix_path) using defaults
[0.591s] Level 5:colcon.colcon_core.verb:set package 'zzs_description' build argument 'cmake_args' from command line to 'None'
[0.592s] Level 5:colcon.colcon_core.verb:set package 'zzs_description' build argument 'cmake_target' from command line to 'None'
[0.592s] Level 5:colcon.colcon_core.verb:set package 'zzs_description' build argument 'cmake_target_skip_unavailable' from command line to 'False'
[0.592s] Level 5:colcon.colcon_core.verb:set package 'zzs_description' build argument 'cmake_clean_cache' from command line to 'False'
[0.592s] Level 5:colcon.colcon_core.verb:set package 'zzs_description' build argument 'cmake_clean_first' from command line to 'False'
[0.592s] Level 5:colcon.colcon_core.verb:set package 'zzs_description' build argument 'cmake_force_configure' from command line to 'False'
[0.592s] Level 5:colcon.colcon_core.verb:set package 'zzs_description' build argument 'ament_cmake_args' from command line to 'None'
[0.592s] Level 5:colcon.colcon_core.verb:set package 'zzs_description' build argument 'catkin_cmake_args' from command line to 'None'
[0.592s] Level 5:colcon.colcon_core.verb:set package 'zzs_description' build argument 'catkin_skip_building_tests' from command line to 'False'
[0.592s] DEBUG:colcon.colcon_core.verb:Building package 'zzs_description' with the following arguments: {'ament_cmake_args': None, 'build_base': '/home/zzs/workspace/ros2/ros2_study/chapt6/chapt6_ws/build/zzs_description', 'catkin_cmake_args': None, 'catkin_skip_building_tests': False, 'cmake_args': None, 'cmake_clean_cache': False, 'cmake_clean_first': False, 'cmake_force_configure': False, 'cmake_target': None, 'cmake_target_skip_unavailable': False, 'install_base': '/home/zzs/workspace/ros2/ros2_study/chapt6/chapt6_ws/install/zzs_description', 'merge_install': False, 'path': '/home/zzs/workspace/ros2/ros2_study/chapt6/chapt6_ws/src/zzs_description', 'symlink_install': False, 'test_result_base': None}
[0.592s] INFO:colcon.colcon_core.executor:Executing jobs using 'parallel' executor
[0.593s] DEBUG:colcon.colcon_parallel_executor.executor.parallel:run_until_complete
[0.594s] INFO:colcon.colcon_ros.task.ament_cmake.build:Building ROS package in '/home/zzs/workspace/ros2/ros2_study/chapt6/chapt6_ws/src/zzs_description' with build type 'ament_cmake'
[0.594s] INFO:colcon.colcon_cmake.task.cmake.build:Building CMake package in '/home/zzs/workspace/ros2/ros2_study/chapt6/chapt6_ws/src/zzs_description'
[0.601s] INFO:colcon.colcon_core.plugin_system:Skipping extension 'colcon_core.shell.bat': Not used on non-Windows systems
[0.601s] INFO:colcon.colcon_core.shell:Skip shell extension 'powershell' for command environment: Not usable outside of PowerShell
[0.601s] DEBUG:colcon.colcon_core.shell:Skip shell extension 'dsv' for command environment
[0.620s] DEBUG:colcon.colcon_core.event_handler.log_command:Invoking command in '/home/zzs/workspace/ros2/ros2_study/chapt6/chapt6_ws/build/zzs_description': CMAKE_PREFIX_PATH=${CMAKE_PREFIX_PATH}:/opt/ros/humble /usr/bin/cmake --build /home/zzs/workspace/ros2/ros2_study/chapt6/chapt6_ws/build/zzs_description -- -j2 -l2
[0.736s] DEBUG:colcon.colcon_core.event_handler.log_command:Invoked command in '/home/zzs/workspace/ros2/ros2_study/chapt6/chapt6_ws/build/zzs_description' returned '0': CMAKE_PREFIX_PATH=${CMAKE_PREFIX_PATH}:/opt/ros/humble /usr/bin/cmake --build /home/zzs/workspace/ros2/ros2_study/chapt6/chapt6_ws/build/zzs_description -- -j2 -l2
[0.750s] DEBUG:colcon.colcon_core.event_handler.log_command:Invoking command in '/home/zzs/workspace/ros2/ros2_study/chapt6/chapt6_ws/build/zzs_description': CMAKE_PREFIX_PATH=${CMAKE_PREFIX_PATH}:/opt/ros/humble /usr/bin/cmake --install /home/zzs/workspace/ros2/ros2_study/chapt6/chapt6_ws/build/zzs_description
[0.778s] Level 1:colcon.colcon_core.environment:create_environment_scripts_only(zzs_description)
[0.778s] DEBUG:colcon.colcon_core.event_handler.log_command:Invoked command in '/home/zzs/workspace/ros2/ros2_study/chapt6/chapt6_ws/build/zzs_description' returned '0': CMAKE_PREFIX_PATH=${CMAKE_PREFIX_PATH}:/opt/ros/humble /usr/bin/cmake --install /home/zzs/workspace/ros2/ros2_study/chapt6/chapt6_ws/build/zzs_description
[0.789s] Level 1:colcon.colcon_core.environment:checking '/home/zzs/workspace/ros2/ros2_study/chapt6/chapt6_ws/install/zzs_description' for CMake module files
[0.789s] Level 1:colcon.colcon_core.environment:checking '/home/zzs/workspace/ros2/ros2_study/chapt6/chapt6_ws/install/zzs_description' for CMake config files
[0.790s] Level 1:colcon.colcon_core.shell:create_environment_hook('zzs_description', 'cmake_prefix_path')
[0.790s] INFO:colcon.colcon_core.shell:Creating environment hook '/home/zzs/workspace/ros2/ros2_study/chapt6/chapt6_ws/install/zzs_description/share/zzs_description/hook/cmake_prefix_path.ps1'
[0.791s] INFO:colcon.colcon_core.shell:Creating environment descriptor '/home/zzs/workspace/ros2/ros2_study/chapt6/chapt6_ws/install/zzs_description/share/zzs_description/hook/cmake_prefix_path.dsv'
[0.792s] INFO:colcon.colcon_core.shell:Creating environment hook '/home/zzs/workspace/ros2/ros2_study/chapt6/chapt6_ws/install/zzs_description/share/zzs_description/hook/cmake_prefix_path.sh'
[0.792s] Level 1:colcon.colcon_core.environment:checking '/home/zzs/workspace/ros2/ros2_study/chapt6/chapt6_ws/install/zzs_description/bin'
[0.793s] Level 1:colcon.colcon_core.environment:checking '/home/zzs/workspace/ros2/ros2_study/chapt6/chapt6_ws/install/zzs_description/lib/pkgconfig/zzs_description.pc'
[0.793s] Level 1:colcon.colcon_core.environment:checking '/home/zzs/workspace/ros2/ros2_study/chapt6/chapt6_ws/install/zzs_description/lib/python3.10/site-packages'
[0.793s] Level 1:colcon.colcon_core.environment:checking '/home/zzs/workspace/ros2/ros2_study/chapt6/chapt6_ws/install/zzs_description/bin'
[0.794s] INFO:colcon.colcon_core.shell:Creating package script '/home/zzs/workspace/ros2/ros2_study/chapt6/chapt6_ws/install/zzs_description/share/zzs_description/package.ps1'
[0.796s] INFO:colcon.colcon_core.shell:Creating package descriptor '/home/zzs/workspace/ros2/ros2_study/chapt6/chapt6_ws/install/zzs_description/share/zzs_description/package.dsv'
[0.797s] INFO:colcon.colcon_core.shell:Creating package script '/home/zzs/workspace/ros2/ros2_study/chapt6/chapt6_ws/install/zzs_description/share/zzs_description/package.sh'
[0.798s] INFO:colcon.colcon_core.shell:Creating package script '/home/zzs/workspace/ros2/ros2_study/chapt6/chapt6_ws/install/zzs_description/share/zzs_description/package.bash'
[0.799s] INFO:colcon.colcon_core.shell:Creating package script '/home/zzs/workspace/ros2/ros2_study/chapt6/chapt6_ws/install/zzs_description/share/zzs_description/package.zsh'
[0.801s] Level 1:colcon.colcon_core.environment:create_file_with_runtime_dependencies(/home/zzs/workspace/ros2/ros2_study/chapt6/chapt6_ws/install/zzs_description/share/colcon-core/packages/zzs_description)
[0.801s] Level 1:colcon.colcon_core.environment:create_environment_scripts_only(zzs_description)
[0.802s] Level 1:colcon.colcon_core.environment:checking '/home/zzs/workspace/ros2/ros2_study/chapt6/chapt6_ws/install/zzs_description' for CMake module files
[0.803s] Level 1:colcon.colcon_core.environment:checking '/home/zzs/workspace/ros2/ros2_study/chapt6/chapt6_ws/install/zzs_description' for CMake config files
[0.803s] Level 1:colcon.colcon_core.shell:create_environment_hook('zzs_description', 'cmake_prefix_path')
[0.803s] INFO:colcon.colcon_core.shell:Creating environment hook '/home/zzs/workspace/ros2/ros2_study/chapt6/chapt6_ws/install/zzs_description/share/zzs_description/hook/cmake_prefix_path.ps1'
[0.804s] INFO:colcon.colcon_core.shell:Creating environment descriptor '/home/zzs/workspace/ros2/ros2_study/chapt6/chapt6_ws/install/zzs_description/share/zzs_description/hook/cmake_prefix_path.dsv'
[0.804s] INFO:colcon.colcon_core.shell:Creating environment hook '/home/zzs/workspace/ros2/ros2_study/chapt6/chapt6_ws/install/zzs_description/share/zzs_description/hook/cmake_prefix_path.sh'
[0.806s] Level 1:colcon.colcon_core.environment:checking '/home/zzs/workspace/ros2/ros2_study/chapt6/chapt6_ws/install/zzs_description/bin'
[0.806s] Level 1:colcon.colcon_core.environment:checking '/home/zzs/workspace/ros2/ros2_study/chapt6/chapt6_ws/install/zzs_description/lib/pkgconfig/zzs_description.pc'
[0.807s] Level 1:colcon.colcon_core.environment:checking '/home/zzs/workspace/ros2/ros2_study/chapt6/chapt6_ws/install/zzs_description/lib/python3.10/site-packages'
[0.807s] Level 1:colcon.colcon_core.environment:checking '/home/zzs/workspace/ros2/ros2_study/chapt6/chapt6_ws/install/zzs_description/bin'
[0.807s] INFO:colcon.colcon_core.shell:Creating package script '/home/zzs/workspace/ros2/ros2_study/chapt6/chapt6_ws/install/zzs_description/share/zzs_description/package.ps1'
[0.809s] INFO:colcon.colcon_core.shell:Creating package descriptor '/home/zzs/workspace/ros2/ros2_study/chapt6/chapt6_ws/install/zzs_description/share/zzs_description/package.dsv'
[0.810s] INFO:colcon.colcon_core.shell:Creating package script '/home/zzs/workspace/ros2/ros2_study/chapt6/chapt6_ws/install/zzs_description/share/zzs_description/package.sh'
[0.812s] INFO:colcon.colcon_core.shell:Creating package script '/home/zzs/workspace/ros2/ros2_study/chapt6/chapt6_ws/install/zzs_description/share/zzs_description/package.bash'
[0.812s] INFO:colcon.colcon_core.shell:Creating package script '/home/zzs/workspace/ros2/ros2_study/chapt6/chapt6_ws/install/zzs_description/share/zzs_description/package.zsh'
[0.813s] Level 1:colcon.colcon_core.environment:create_file_with_runtime_dependencies(/home/zzs/workspace/ros2/ros2_study/chapt6/chapt6_ws/install/zzs_description/share/colcon-core/packages/zzs_description)
[0.813s] DEBUG:colcon.colcon_parallel_executor.executor.parallel:closing loop
[0.814s] DEBUG:colcon.colcon_parallel_executor.executor.parallel:loop closed
[0.814s] DEBUG:colcon.colcon_parallel_executor.executor.parallel:run_until_complete finished with '0'
[0.814s] DEBUG:colcon.colcon_core.event_reactor:joining thread
[0.827s] INFO:colcon.colcon_core.plugin_system:Skipping extension 'colcon_notification.desktop_notification.terminal_notifier': Not used on non-Darwin systems
[0.828s] INFO:colcon.colcon_core.plugin_system:Skipping extension 'colcon_notification.desktop_notification.win32': Not used on non-Windows systems
[0.828s] INFO:colcon.colcon_notification.desktop_notification:Sending desktop notification using 'notify2'
[0.876s] DEBUG:colcon.colcon_core.event_reactor:joined thread
[0.877s] INFO:colcon.colcon_core.shell:Creating prefix script '/home/zzs/workspace/ros2/ros2_study/chapt6/chapt6_ws/install/local_setup.ps1'
[0.879s] INFO:colcon.colcon_core.shell:Creating prefix util module '/home/zzs/workspace/ros2/ros2_study/chapt6/chapt6_ws/install/_local_setup_util_ps1.py'
[0.882s] INFO:colcon.colcon_core.shell:Creating prefix chain script '/home/zzs/workspace/ros2/ros2_study/chapt6/chapt6_ws/install/setup.ps1'
[0.885s] INFO:colcon.colcon_core.shell:Creating prefix script '/home/zzs/workspace/ros2/ros2_study/chapt6/chapt6_ws/install/local_setup.sh'
[0.887s] INFO:colcon.colcon_core.shell:Creating prefix util module '/home/zzs/workspace/ros2/ros2_study/chapt6/chapt6_ws/install/_local_setup_util_sh.py'
[0.890s] INFO:colcon.colcon_core.shell:Creating prefix chain script '/home/zzs/workspace/ros2/ros2_study/chapt6/chapt6_ws/install/setup.sh'
[0.891s] INFO:colcon.colcon_core.shell:Creating prefix script '/home/zzs/workspace/ros2/ros2_study/chapt6/chapt6_ws/install/local_setup.bash'
[0.892s] INFO:colcon.colcon_core.shell:Creating prefix chain script '/home/zzs/workspace/ros2/ros2_study/chapt6/chapt6_ws/install/setup.bash'
[0.894s] INFO:colcon.colcon_core.shell:Creating prefix script '/home/zzs/workspace/ros2/ros2_study/chapt6/chapt6_ws/install/local_setup.zsh'
[0.895s] INFO:colcon.colcon_core.shell:Creating prefix chain script '/home/zzs/workspace/ros2/ros2_study/chapt6/chapt6_ws/install/setup.zsh'
