[1.743s] Invoking command in '/home/zzs/chapt4/chapt4_ws/src/demo_python_service': DEBUGINFOD_URLS=https://debuginfod.ubuntu.com PYTHONPATH=/home/zzs/chapt4/chapt4_ws/build/demo_python_service/prefix_override:/usr/lib/python3/dist-packages/colcon_core/task/python/colcon_distutils_commands:/home/zzs/chapt4/chapt4_ws/install/demo_python_service/lib/python3.12/site-packages:/home/zzs/chapt4/chapt4_ws/install/chapt4_interfaces/lib/python3.12/site-packages:/home/zzs/chapt4/chapt4_ws/install/demo_python_service/lib/python3.12/site-packages:/opt/ros/jazzy/lib/python3.12/site-packages /usr/bin/python3 -W ignore:setup.py install is deprecated -W ignore:easy_install command is deprecated setup.py egg_info --egg-base ../../build/demo_python_service build --build-base /home/zzs/chapt4/chapt4_ws/build/demo_python_service/build install --record /home/zzs/chapt4/chapt4_ws/build/demo_python_service/install.log --install-scripts $base/lib/demo_python_service --single-version-externally-managed install_data
[2.037s] running egg_info
[2.060s] writing ../../build/demo_python_service/demo_python_service.egg-info/PKG-INFO
[2.061s] writing dependency_links to ../../build/demo_python_service/demo_python_service.egg-info/dependency_links.txt
[2.062s] writing entry points to ../../build/demo_python_service/demo_python_service.egg-info/entry_points.txt
[2.063s] writing requirements to ../../build/demo_python_service/demo_python_service.egg-info/requires.txt
[2.063s] writing top-level names to ../../build/demo_python_service/demo_python_service.egg-info/top_level.txt
[2.103s] reading manifest file '../../build/demo_python_service/demo_python_service.egg-info/SOURCES.txt'
[2.104s] adding license file 'LICENSE'
[2.105s] writing manifest file '../../build/demo_python_service/demo_python_service.egg-info/SOURCES.txt'
[2.105s] running build
[2.106s] running build_py
[2.107s] copying demo_python_service/face_detect_client_node.py -> /home/zzs/chapt4/chapt4_ws/build/demo_python_service/build/lib/demo_python_service
[2.108s] running install
[2.113s] running install_lib
[2.133s] copying /home/zzs/chapt4/chapt4_ws/build/demo_python_service/build/lib/demo_python_service/face_detect_client_node.py -> /home/zzs/chapt4/chapt4_ws/install/demo_python_service/lib/python3.12/site-packages/demo_python_service
[2.135s] byte-compiling /home/zzs/chapt4/chapt4_ws/install/demo_python_service/lib/python3.12/site-packages/demo_python_service/face_detect_client_node.py to face_detect_client_node.cpython-312.pyc
[2.136s] running install_data
[2.137s] running install_egg_info
[2.160s] removing '/home/zzs/chapt4/chapt4_ws/install/demo_python_service/lib/python3.12/site-packages/demo_python_service-0.0.0-py3.12.egg-info' (and everything under it)
[2.161s] Copying ../../build/demo_python_service/demo_python_service.egg-info to /home/zzs/chapt4/chapt4_ws/install/demo_python_service/lib/python3.12/site-packages/demo_python_service-0.0.0-py3.12.egg-info
[2.163s] running install_scripts
[2.296s] Installing face_detect_client_node script to /home/zzs/chapt4/chapt4_ws/install/demo_python_service/lib/demo_python_service
[2.298s] Installing face_detect_node script to /home/zzs/chapt4/chapt4_ws/install/demo_python_service/lib/demo_python_service
[2.298s] Installing learn_face_detect script to /home/zzs/chapt4/chapt4_ws/install/demo_python_service/lib/demo_python_service
[2.298s] writing list of installed files to '/home/zzs/chapt4/chapt4_ws/build/demo_python_service/install.log'
[2.326s] Invoked command in '/home/zzs/chapt4/chapt4_ws/src/demo_python_service' returned '0': DEBUGINFOD_URLS=https://debuginfod.ubuntu.com PYTHONPATH=/home/zzs/chapt4/chapt4_ws/build/demo_python_service/prefix_override:/usr/lib/python3/dist-packages/colcon_core/task/python/colcon_distutils_commands:/home/zzs/chapt4/chapt4_ws/install/demo_python_service/lib/python3.12/site-packages:/home/zzs/chapt4/chapt4_ws/install/chapt4_interfaces/lib/python3.12/site-packages:/home/zzs/chapt4/chapt4_ws/install/demo_python_service/lib/python3.12/site-packages:/opt/ros/jazzy/lib/python3.12/site-packages /usr/bin/python3 -W ignore:setup.py install is deprecated -W ignore:easy_install command is deprecated setup.py egg_info --egg-base ../../build/demo_python_service build --build-base /home/zzs/chapt4/chapt4_ws/build/demo_python_service/build install --record /home/zzs/chapt4/chapt4_ws/build/demo_python_service/install.log --install-scripts $base/lib/demo_python_service --single-version-externally-managed install_data
