running egg_info
writing ../../build/demo_python_tf/demo_python_tf.egg-info/PKG-INFO
writing dependency_links to ../../build/demo_python_tf/demo_python_tf.egg-info/dependency_links.txt
writing entry points to ../../build/demo_python_tf/demo_python_tf.egg-info/entry_points.txt
writing requirements to ../../build/demo_python_tf/demo_python_tf.egg-info/requires.txt
writing top-level names to ../../build/demo_python_tf/demo_python_tf.egg-info/top_level.txt
reading manifest file '../../build/demo_python_tf/demo_python_tf.egg-info/SOURCES.txt'
adding license file 'LICENSE'
writing manifest file '../../build/demo_python_tf/demo_python_tf.egg-info/SOURCES.txt'
running build
running build_py
copying demo_python_tf/dynamic_tf_broadcaster.py -> /home/zzs/chapt5/chapt5_ws/build/demo_python_tf/build/lib/demo_python_tf
running install
running install_lib
copying /home/zzs/chapt5/chapt5_ws/build/demo_python_tf/build/lib/demo_python_tf/dynamic_tf_broadcaster.py -> /home/zzs/chapt5/chapt5_ws/install/demo_python_tf/lib/python3.12/site-packages/demo_python_tf
byte-compiling /home/zzs/chapt5/chapt5_ws/install/demo_python_tf/lib/python3.12/site-packages/demo_python_tf/dynamic_tf_broadcaster.py to dynamic_tf_broadcaster.cpython-312.pyc
running install_data
running install_egg_info
removing '/home/zzs/chapt5/chapt5_ws/install/demo_python_tf/lib/python3.12/site-packages/demo_python_tf-0.0.0-py3.12.egg-info' (and everything under it)
Copying ../../build/demo_python_tf/demo_python_tf.egg-info to /home/zzs/chapt5/chapt5_ws/install/demo_python_tf/lib/python3.12/site-packages/demo_python_tf-0.0.0-py3.12.egg-info
running install_scripts
Installing dynamic_tf_broadcaster script to /home/zzs/chapt5/chapt5_ws/install/demo_python_tf/lib/demo_python_tf
Installing static_tf_broadcaster script to /home/zzs/chapt5/chapt5_ws/install/demo_python_tf/lib/demo_python_tf
writing list of installed files to '/home/zzs/chapt5/chapt5_ws/build/demo_python_tf/install.log'
