[1.743s] DEBUG:colcon:Command line arguments: ['/usr/bin/colcon', 'build']
[1.748s] DEBUG:colcon:Parsed command line arguments: Namespace(log_base=None, log_level=None, verb_name='build', build_base='build', install_base='install', merge_install=False, symlink_install=False, test_result_base=None, continue_on_error=False, executor='parallel', parallel_workers=2, event_handlers=None, ignore_user_meta=False, metas=['./colcon.meta'], base_paths=['.'], packages_ignore=None, packages_ignore_regex=None, paths=None, packages_up_to=None, packages_up_to_regex=None, packages_above=None, packages_above_and_dependencies=None, packages_above_depth=None, packages_select_by_dep=None, packages_skip_by_dep=None, packages_skip_up_to=None, packages_select_build_failed=False, packages_skip_build_finished=False, packages_select_test_failures=False, packages_skip_test_passed=False, packages_select=None, packages_skip=None, packages_select_regex=None, packages_skip_regex=None, packages_start=None, packages_end=None, allow_overriding=[], cmake_args=None, cmake_target=None, cmake_target_skip_unavailable=False, cmake_clean_cache=False, cmake_clean_first=False, cmake_force_configure=False, ament_cmake_args=None, catkin_cmake_args=None, catkin_skip_building_tests=False, verb_parser=<colcon_defaults.argument_parser.defaults.DefaultArgumentsDecorator object at 0x7faa69a7d1c0>, verb_extension=<colcon_core.verb.build.BuildVerb object at 0x7faa69bad910>, main=<bound method BuildVerb.main of <colcon_core.verb.build.BuildVerb object at 0x7faa69bad910>>)
[2.064s] Level 1:colcon.colcon_core.package_discovery:discover_packages(colcon_meta) check parameters
[2.064s] Level 1:colcon.colcon_core.package_discovery:discover_packages(recursive) check parameters
[2.065s] Level 1:colcon.colcon_core.package_discovery:discover_packages(ignore) check parameters
[2.065s] Level 1:colcon.colcon_core.package_discovery:discover_packages(path) check parameters
[2.065s] Level 1:colcon.colcon_core.package_discovery:discover_packages(colcon_meta) discover
[2.065s] Level 1:colcon.colcon_core.package_discovery:discover_packages(recursive) discover
[2.070s] INFO:colcon.colcon_core.package_discovery:Crawling recursively for packages in '/home/zzs/chapt2/chapt2_ws'
[2.070s] Level 1:colcon.colcon_core.package_identification:_identify(.) by extensions ['ignore', 'ignore_ament_install']
[2.070s] Level 1:colcon.colcon_core.package_identification:_identify(.) by extension 'ignore'
[2.071s] Level 1:colcon.colcon_core.package_identification:_identify(.) by extension 'ignore_ament_install'
[2.071s] Level 1:colcon.colcon_core.package_identification:_identify(.) by extensions ['colcon_pkg']
[2.071s] Level 1:colcon.colcon_core.package_identification:_identify(.) by extension 'colcon_pkg'
[2.071s] Level 1:colcon.colcon_core.package_identification:_identify(.) by extensions ['colcon_meta']
[2.071s] Level 1:colcon.colcon_core.package_identification:_identify(.) by extension 'colcon_meta'
[2.071s] Level 1:colcon.colcon_core.package_identification:_identify(.) by extensions ['ros']
[2.071s] Level 1:colcon.colcon_core.package_identification:_identify(.) by extension 'ros'
[2.332s] Level 1:colcon.colcon_core.package_identification:_identify(.) by extensions ['cmake', 'python']
[2.332s] Level 1:colcon.colcon_core.package_identification:_identify(.) by extension 'cmake'
[2.332s] Level 1:colcon.colcon_core.package_identification:_identify(.) by extension 'python'
[2.332s] Level 1:colcon.colcon_core.package_identification:_identify(.) by extensions ['python_setup_py']
[2.332s] Level 1:colcon.colcon_core.package_identification:_identify(.) by extension 'python_setup_py'
[2.337s] Level 1:colcon.colcon_core.package_identification:_identify(build) by extensions ['ignore', 'ignore_ament_install']
[2.337s] Level 1:colcon.colcon_core.package_identification:_identify(build) by extension 'ignore'
[2.337s] Level 1:colcon.colcon_core.package_identification:_identify(build) ignored
[2.339s] Level 1:colcon.colcon_core.package_identification:_identify(install) by extensions ['ignore', 'ignore_ament_install']
[2.339s] Level 1:colcon.colcon_core.package_identification:_identify(install) by extension 'ignore'
[2.339s] Level 1:colcon.colcon_core.package_identification:_identify(install) ignored
[2.339s] Level 1:colcon.colcon_core.package_identification:_identify(log) by extensions ['ignore', 'ignore_ament_install']
[2.340s] Level 1:colcon.colcon_core.package_identification:_identify(log) by extension 'ignore'
[2.340s] Level 1:colcon.colcon_core.package_identification:_identify(log) ignored
[2.342s] Level 1:colcon.colcon_core.package_identification:_identify(src) by extensions ['ignore', 'ignore_ament_install']
[2.344s] Level 1:colcon.colcon_core.package_identification:_identify(src) by extension 'ignore'
[2.344s] Level 1:colcon.colcon_core.package_identification:_identify(src) by extension 'ignore_ament_install'
[2.344s] Level 1:colcon.colcon_core.package_identification:_identify(src) by extensions ['colcon_pkg']
[2.344s] Level 1:colcon.colcon_core.package_identification:_identify(src) by extension 'colcon_pkg'
[2.344s] Level 1:colcon.colcon_core.package_identification:_identify(src) by extensions ['colcon_meta']
[2.344s] Level 1:colcon.colcon_core.package_identification:_identify(src) by extension 'colcon_meta'
[2.344s] Level 1:colcon.colcon_core.package_identification:_identify(src) by extensions ['ros']
[2.344s] Level 1:colcon.colcon_core.package_identification:_identify(src) by extension 'ros'
[2.344s] Level 1:colcon.colcon_core.package_identification:_identify(src) by extensions ['cmake', 'python']
[2.344s] Level 1:colcon.colcon_core.package_identification:_identify(src) by extension 'cmake'
[2.344s] Level 1:colcon.colcon_core.package_identification:_identify(src) by extension 'python'
[2.344s] Level 1:colcon.colcon_core.package_identification:_identify(src) by extensions ['python_setup_py']
[2.344s] Level 1:colcon.colcon_core.package_identification:_identify(src) by extension 'python_setup_py'
[2.347s] Level 1:colcon.colcon_core.package_identification:_identify(src/demo_python_pkg) by extensions ['ignore', 'ignore_ament_install']
[2.347s] Level 1:colcon.colcon_core.package_identification:_identify(src/demo_python_pkg) by extension 'ignore'
[2.347s] Level 1:colcon.colcon_core.package_identification:_identify(src/demo_python_pkg) by extension 'ignore_ament_install'
[2.347s] Level 1:colcon.colcon_core.package_identification:_identify(src/demo_python_pkg) by extensions ['colcon_pkg']
[2.347s] Level 1:colcon.colcon_core.package_identification:_identify(src/demo_python_pkg) by extension 'colcon_pkg'
[2.347s] Level 1:colcon.colcon_core.package_identification:_identify(src/demo_python_pkg) by extensions ['colcon_meta']
[2.347s] Level 1:colcon.colcon_core.package_identification:_identify(src/demo_python_pkg) by extension 'colcon_meta'
[2.347s] Level 1:colcon.colcon_core.package_identification:_identify(src/demo_python_pkg) by extensions ['ros']
[2.347s] Level 1:colcon.colcon_core.package_identification:_identify(src/demo_python_pkg) by extension 'ros'
[2.389s] DEBUG:colcon.colcon_core.package_identification:Package 'src/demo_python_pkg' with type 'ros.ament_python' and name 'demo_python_pkg'
[2.391s] Level 1:colcon.colcon_core.package_discovery:discover_packages(recursive) using defaults
[2.391s] Level 1:colcon.colcon_core.package_discovery:discover_packages(ignore) discover
[2.391s] Level 1:colcon.colcon_core.package_discovery:discover_packages(ignore) using defaults
[2.391s] Level 1:colcon.colcon_core.package_discovery:discover_packages(path) discover
[2.391s] Level 1:colcon.colcon_core.package_discovery:discover_packages(path) using defaults
[2.480s] Level 1:colcon.colcon_core.package_discovery:discover_packages(prefix_path) check parameters
[2.480s] Level 1:colcon.colcon_core.package_discovery:discover_packages(prefix_path) discover
[2.484s] WARNING:colcon.colcon_core.prefix_path.colcon:The path '/home/zzs/chapt2/install' in the environment variable COLCON_PREFIX_PATH doesn't exist
[2.485s] WARNING:colcon.colcon_ros.prefix_path.ament:The path '/home/zzs/chapt2/install/demo_python_pkg' in the environment variable AMENT_PREFIX_PATH doesn't exist
[2.492s] DEBUG:colcon.colcon_installed_package_information.package_discovery:Found 287 installed packages in /opt/ros/jazzy
[2.496s] Level 1:colcon.colcon_core.package_discovery:discover_packages(prefix_path) using defaults
[2.697s] Level 5:colcon.colcon_core.verb:set package 'demo_python_pkg' build argument 'cmake_args' from command line to 'None'
[2.697s] Level 5:colcon.colcon_core.verb:set package 'demo_python_pkg' build argument 'cmake_target' from command line to 'None'
[2.697s] Level 5:colcon.colcon_core.verb:set package 'demo_python_pkg' build argument 'cmake_target_skip_unavailable' from command line to 'False'
[2.697s] Level 5:colcon.colcon_core.verb:set package 'demo_python_pkg' build argument 'cmake_clean_cache' from command line to 'False'
[2.697s] Level 5:colcon.colcon_core.verb:set package 'demo_python_pkg' build argument 'cmake_clean_first' from command line to 'False'
[2.697s] Level 5:colcon.colcon_core.verb:set package 'demo_python_pkg' build argument 'cmake_force_configure' from command line to 'False'
[2.697s] Level 5:colcon.colcon_core.verb:set package 'demo_python_pkg' build argument 'ament_cmake_args' from command line to 'None'
[2.697s] Level 5:colcon.colcon_core.verb:set package 'demo_python_pkg' build argument 'catkin_cmake_args' from command line to 'None'
[2.697s] Level 5:colcon.colcon_core.verb:set package 'demo_python_pkg' build argument 'catkin_skip_building_tests' from command line to 'False'
[2.697s] DEBUG:colcon.colcon_core.verb:Building package 'demo_python_pkg' with the following arguments: {'ament_cmake_args': None, 'build_base': '/home/zzs/chapt2/chapt2_ws/build/demo_python_pkg', 'catkin_cmake_args': None, 'catkin_skip_building_tests': False, 'cmake_args': None, 'cmake_clean_cache': False, 'cmake_clean_first': False, 'cmake_force_configure': False, 'cmake_target': None, 'cmake_target_skip_unavailable': False, 'install_base': '/home/zzs/chapt2/chapt2_ws/install/demo_python_pkg', 'merge_install': False, 'path': '/home/zzs/chapt2/chapt2_ws/src/demo_python_pkg', 'symlink_install': False, 'test_result_base': None}
[2.697s] INFO:colcon.colcon_core.executor:Executing jobs using 'parallel' executor
[2.699s] DEBUG:colcon.colcon_parallel_executor.executor.parallel:run_until_complete
[2.699s] INFO:colcon.colcon_ros.task.ament_python.build:Building ROS package in '/home/zzs/chapt2/chapt2_ws/src/demo_python_pkg' with build type 'ament_python'
[2.699s] Level 1:colcon.colcon_core.shell:create_environment_hook('demo_python_pkg', 'ament_prefix_path')
[2.706s] INFO:colcon.colcon_core.plugin_system:Skipping extension 'colcon_core.shell.bat': Not used on non-Windows systems
[2.706s] INFO:colcon.colcon_core.shell:Creating environment hook '/home/zzs/chapt2/chapt2_ws/install/demo_python_pkg/share/demo_python_pkg/hook/ament_prefix_path.ps1'
[2.708s] INFO:colcon.colcon_core.shell:Creating environment descriptor '/home/zzs/chapt2/chapt2_ws/install/demo_python_pkg/share/demo_python_pkg/hook/ament_prefix_path.dsv'
[2.709s] INFO:colcon.colcon_core.shell:Creating environment hook '/home/zzs/chapt2/chapt2_ws/install/demo_python_pkg/share/demo_python_pkg/hook/ament_prefix_path.sh'
[2.711s] INFO:colcon.colcon_core.shell:Skip shell extension 'powershell' for command environment: Not usable outside of PowerShell
[2.711s] DEBUG:colcon.colcon_core.shell:Skip shell extension 'dsv' for command environment
[3.081s] INFO:colcon.colcon_core.task.python.build:Building Python package in '/home/zzs/chapt2/chapt2_ws/src/demo_python_pkg'
[3.081s] INFO:colcon.colcon_core.shell:Skip shell extension 'powershell' for command environment: Not usable outside of PowerShell
[3.081s] DEBUG:colcon.colcon_core.shell:Skip shell extension 'dsv' for command environment
[4.359s] DEBUG:colcon.colcon_core.task.python.build:Available setuptools commands: extract_messages, setopt, alias, test, bdist_egg, update_catalog, install_headers, bdist_rpm, dist_info, init_catalog, upload_docs, develop, bdist_dumb, sdist, install_scripts, symlink_data, install_lib, egg_info, compile_catalog, clean, build_ext, build_py, rotate, install_data, build_clib, upload, register, install_egg_info, saveopts, build_scripts, bdist, editable_wheel, check, install, build, easy_install
[4.363s] DEBUG:colcon.colcon_core.event_handler.log_command:Invoking command in '/home/zzs/chapt2/chapt2_ws/src/demo_python_pkg': DEBUGINFOD_URLS=https://debuginfod.ubuntu.com PYTHONPATH=/home/zzs/chapt2/chapt2_ws/build/demo_python_pkg/prefix_override:/usr/lib/python3/dist-packages/colcon_core/task/python/colcon_distutils_commands:/home/zzs/chapt2/chapt2_ws/install/demo_python_pkg/lib/python3.12/site-packages:${PYTHONPATH} /usr/bin/python3 -W ignore:setup.py install is deprecated -W ignore:easy_install command is deprecated setup.py egg_info --egg-base ../../build/demo_python_pkg build --build-base /home/zzs/chapt2/chapt2_ws/build/demo_python_pkg/build install --record /home/zzs/chapt2/chapt2_ws/build/demo_python_pkg/install.log --install-scripts $base/lib/demo_python_pkg --single-version-externally-managed install_data
[5.668s] DEBUG:colcon.colcon_core.event_handler.log_command:Invoked command in '/home/zzs/chapt2/chapt2_ws/src/demo_python_pkg' returned '0': DEBUGINFOD_URLS=https://debuginfod.ubuntu.com PYTHONPATH=/home/zzs/chapt2/chapt2_ws/build/demo_python_pkg/prefix_override:/usr/lib/python3/dist-packages/colcon_core/task/python/colcon_distutils_commands:/home/zzs/chapt2/chapt2_ws/install/demo_python_pkg/lib/python3.12/site-packages:${PYTHONPATH} /usr/bin/python3 -W ignore:setup.py install is deprecated -W ignore:easy_install command is deprecated setup.py egg_info --egg-base ../../build/demo_python_pkg build --build-base /home/zzs/chapt2/chapt2_ws/build/demo_python_pkg/build install --record /home/zzs/chapt2/chapt2_ws/build/demo_python_pkg/install.log --install-scripts $base/lib/demo_python_pkg --single-version-externally-managed install_data
[5.678s] Level 1:colcon.colcon_core.environment:checking '/home/zzs/chapt2/chapt2_ws/install/demo_python_pkg' for CMake module files
[5.680s] Level 1:colcon.colcon_core.environment:checking '/home/zzs/chapt2/chapt2_ws/install/demo_python_pkg' for CMake config files
[5.682s] Level 1:colcon.colcon_core.environment:checking '/home/zzs/chapt2/chapt2_ws/install/demo_python_pkg/lib'
[5.682s] Level 1:colcon.colcon_core.environment:checking '/home/zzs/chapt2/chapt2_ws/install/demo_python_pkg/bin'
[5.682s] Level 1:colcon.colcon_core.environment:checking '/home/zzs/chapt2/chapt2_ws/install/demo_python_pkg/lib/pkgconfig/demo_python_pkg.pc'
[5.682s] Level 1:colcon.colcon_core.environment:checking '/home/zzs/chapt2/chapt2_ws/install/demo_python_pkg/lib/python3.12/site-packages'
[5.682s] Level 1:colcon.colcon_core.shell:create_environment_hook('demo_python_pkg', 'pythonpath')
[5.683s] INFO:colcon.colcon_core.shell:Creating environment hook '/home/zzs/chapt2/chapt2_ws/install/demo_python_pkg/share/demo_python_pkg/hook/pythonpath.ps1'
[5.684s] INFO:colcon.colcon_core.shell:Creating environment descriptor '/home/zzs/chapt2/chapt2_ws/install/demo_python_pkg/share/demo_python_pkg/hook/pythonpath.dsv'
[5.685s] INFO:colcon.colcon_core.shell:Creating environment hook '/home/zzs/chapt2/chapt2_ws/install/demo_python_pkg/share/demo_python_pkg/hook/pythonpath.sh'
[5.686s] Level 1:colcon.colcon_core.environment:checking '/home/zzs/chapt2/chapt2_ws/install/demo_python_pkg/bin'
[5.686s] Level 1:colcon.colcon_core.environment:create_environment_scripts_only(demo_python_pkg)
[5.687s] INFO:colcon.colcon_core.shell:Creating package script '/home/zzs/chapt2/chapt2_ws/install/demo_python_pkg/share/demo_python_pkg/package.ps1'
[5.693s] INFO:colcon.colcon_core.shell:Creating package descriptor '/home/zzs/chapt2/chapt2_ws/install/demo_python_pkg/share/demo_python_pkg/package.dsv'
[5.694s] INFO:colcon.colcon_core.shell:Creating package script '/home/zzs/chapt2/chapt2_ws/install/demo_python_pkg/share/demo_python_pkg/package.sh'
[5.695s] INFO:colcon.colcon_core.shell:Creating package script '/home/zzs/chapt2/chapt2_ws/install/demo_python_pkg/share/demo_python_pkg/package.bash'
[5.697s] INFO:colcon.colcon_core.shell:Creating package script '/home/zzs/chapt2/chapt2_ws/install/demo_python_pkg/share/demo_python_pkg/package.zsh'
[5.698s] Level 1:colcon.colcon_core.environment:create_file_with_runtime_dependencies(/home/zzs/chapt2/chapt2_ws/install/demo_python_pkg/share/colcon-core/packages/demo_python_pkg)
[5.699s] DEBUG:colcon.colcon_parallel_executor.executor.parallel:closing loop
[5.701s] DEBUG:colcon.colcon_parallel_executor.executor.parallel:loop closed
[5.701s] DEBUG:colcon.colcon_parallel_executor.executor.parallel:run_until_complete finished with '0'
[5.701s] DEBUG:colcon.colcon_core.event_reactor:joining thread
[5.715s] INFO:colcon.colcon_core.plugin_system:Skipping extension 'colcon_notification.desktop_notification.terminal_notifier': Not used on non-Darwin systems
[5.715s] INFO:colcon.colcon_core.plugin_system:Skipping extension 'colcon_notification.desktop_notification.win32': Not used on non-Windows systems
[5.715s] INFO:colcon.colcon_notification.desktop_notification:Sending desktop notification using 'notify2'
[5.952s] DEBUG:colcon.colcon_core.event_reactor:joined thread
[5.952s] INFO:colcon.colcon_core.shell:Creating prefix script '/home/zzs/chapt2/chapt2_ws/install/local_setup.ps1'
[5.954s] INFO:colcon.colcon_core.shell:Creating prefix util module '/home/zzs/chapt2/chapt2_ws/install/_local_setup_util_ps1.py'
[5.957s] INFO:colcon.colcon_core.shell:Creating prefix chain script '/home/zzs/chapt2/chapt2_ws/install/setup.ps1'
[5.960s] INFO:colcon.colcon_core.shell:Creating prefix script '/home/zzs/chapt2/chapt2_ws/install/local_setup.sh'
[5.961s] INFO:colcon.colcon_core.shell:Creating prefix util module '/home/zzs/chapt2/chapt2_ws/install/_local_setup_util_sh.py'
[5.962s] INFO:colcon.colcon_core.shell:Creating prefix chain script '/home/zzs/chapt2/chapt2_ws/install/setup.sh'
[5.963s] INFO:colcon.colcon_core.shell:Creating prefix script '/home/zzs/chapt2/chapt2_ws/install/local_setup.bash'
[5.965s] INFO:colcon.colcon_core.shell:Creating prefix chain script '/home/zzs/chapt2/chapt2_ws/install/setup.bash'
[5.967s] INFO:colcon.colcon_core.shell:Creating prefix script '/home/zzs/chapt2/chapt2_ws/install/local_setup.zsh'
[5.968s] INFO:colcon.colcon_core.shell:Creating prefix chain script '/home/zzs/chapt2/chapt2_ws/install/setup.zsh'
