[0.032s] Invoking command in '/home/zzs/workspace/ros2/ros2_study/chapt7/chapt7_ws/build/zzs_description': CMAKE_PREFIX_PATH=/opt/ros/humble /usr/bin/cmake /home/zzs/workspace/ros2/ros2_study/chapt7/chapt7_ws/src/zzs_description -DCMAKE_INSTALL_PREFIX=/home/zzs/workspace/ros2/ros2_study/chapt7/chapt7_ws/install/zzs_description
[0.342s] -- The C compiler identification is GNU 11.4.0
[0.589s] -- The CXX compiler identification is GNU 11.4.0
[0.622s] -- Detecting C compiler ABI info
[0.827s] -- Detecting C compiler ABI info - done
[0.835s] -- Check for working C compiler: /usr/bin/cc - skipped
[0.838s] -- Detecting C compile features
[0.839s] -- Detecting C compile features - done
[0.848s] -- Detecting CXX compiler ABI info
[1.025s] -- Detecting CXX compiler ABI info - done
[1.043s] -- Check for working CXX compiler: /usr/bin/c++ - skipped
[1.044s] -- Detecting CXX compile features
[1.044s] -- Detecting CXX compile features - done
[1.054s] -- Found ament_cmake: 1.3.14 (/opt/ros/humble/share/ament_cmake/cmake)
[1.390s] -- Found Python3: /usr/bin/python3 (found version "3.10.12") found components: Interpreter 
[1.565s] -- Found ament_lint_auto: 0.12.15 (/opt/ros/humble/share/ament_lint_auto/cmake)
[1.741s] -- Configuring done
[1.743s] -- Generating done
[1.747s] -- Build files have been written to: /home/zzs/workspace/ros2/ros2_study/chapt7/chapt7_ws/build/zzs_description
[1.755s] Invoked command in '/home/zzs/workspace/ros2/ros2_study/chapt7/chapt7_ws/build/zzs_description' returned '0': CMAKE_PREFIX_PATH=/opt/ros/humble /usr/bin/cmake /home/zzs/workspace/ros2/ros2_study/chapt7/chapt7_ws/src/zzs_description -DCMAKE_INSTALL_PREFIX=/home/zzs/workspace/ros2/ros2_study/chapt7/chapt7_ws/install/zzs_description
[1.758s] Invoking command in '/home/zzs/workspace/ros2/ros2_study/chapt7/chapt7_ws/build/zzs_description': CMAKE_PREFIX_PATH=/opt/ros/humble /usr/bin/cmake --build /home/zzs/workspace/ros2/ros2_study/chapt7/chapt7_ws/build/zzs_description -- -j2 -l2
[1.870s] Invoked command in '/home/zzs/workspace/ros2/ros2_study/chapt7/chapt7_ws/build/zzs_description' returned '0': CMAKE_PREFIX_PATH=/opt/ros/humble /usr/bin/cmake --build /home/zzs/workspace/ros2/ros2_study/chapt7/chapt7_ws/build/zzs_description -- -j2 -l2
[1.895s] Invoking command in '/home/zzs/workspace/ros2/ros2_study/chapt7/chapt7_ws/build/zzs_description': CMAKE_PREFIX_PATH=/opt/ros/humble /usr/bin/cmake --install /home/zzs/workspace/ros2/ros2_study/chapt7/chapt7_ws/build/zzs_description
[1.916s] -- Install configuration: ""
[1.917s] -- Installing: /home/zzs/workspace/ros2/ros2_study/chapt7/chapt7_ws/install/zzs_description/share/zzs_description/launch
[1.917s] -- Installing: /home/zzs/workspace/ros2/ros2_study/chapt7/chapt7_ws/install/zzs_description/share/zzs_description/launch/display_robot.launch.py
[1.917s] -- Installing: /home/zzs/workspace/ros2/ros2_study/chapt7/chapt7_ws/install/zzs_description/share/zzs_description/launch/gazebo_sim.launch.py
[1.918s] -- Installing: /home/zzs/workspace/ros2/ros2_study/chapt7/chapt7_ws/install/zzs_description/share/zzs_description/urdf
[1.918s] -- Installing: /home/zzs/workspace/ros2/ros2_study/chapt7/chapt7_ws/install/zzs_description/share/zzs_description/urdf/sensor
[1.919s] -- Installing: /home/zzs/workspace/ros2/ros2_study/chapt7/chapt7_ws/install/zzs_description/share/zzs_description/urdf/sensor/imu.urdf.xacro
[1.920s] -- Installing: /home/zzs/workspace/ros2/ros2_study/chapt7/chapt7_ws/install/zzs_description/share/zzs_description/urdf/sensor/camera.urdf.xacro
[1.920s] -- Installing: /home/zzs/workspace/ros2/ros2_study/chapt7/chapt7_ws/install/zzs_description/share/zzs_description/urdf/sensor/laser.urdf.xacro
[1.920s] -- Installing: /home/zzs/workspace/ros2/ros2_study/chapt7/chapt7_ws/install/zzs_description/share/zzs_description/urdf/first_robot.gv
[1.921s] -- Installing: /home/zzs/workspace/ros2/ros2_study/chapt7/chapt7_ws/install/zzs_description/share/zzs_description/urdf/actuator
[1.922s] -- Installing: /home/zzs/workspace/ros2/ros2_study/chapt7/chapt7_ws/install/zzs_description/share/zzs_description/urdf/actuator/wheel.urdf.xacro
[1.922s] -- Installing: /home/zzs/workspace/ros2/ros2_study/chapt7/chapt7_ws/install/zzs_description/share/zzs_description/urdf/actuator/caster.urdf.xacro
[1.922s] -- Installing: /home/zzs/workspace/ros2/ros2_study/chapt7/chapt7_ws/install/zzs_description/share/zzs_description/urdf/first_robot.xacro
[1.923s] -- Installing: /home/zzs/workspace/ros2/ros2_study/chapt7/chapt7_ws/install/zzs_description/share/zzs_description/urdf/first_robot.urdf
[1.923s] -- Installing: /home/zzs/workspace/ros2/ros2_study/chapt7/chapt7_ws/install/zzs_description/share/zzs_description/urdf/first_robot.pdf
[1.923s] -- Installing: /home/zzs/workspace/ros2/ros2_study/chapt7/chapt7_ws/install/zzs_description/share/zzs_description/urdf/plugins
[1.923s] -- Installing: /home/zzs/workspace/ros2/ros2_study/chapt7/chapt7_ws/install/zzs_description/share/zzs_description/urdf/plugins/robot_ros2_controller.xacro
[1.923s] -- Installing: /home/zzs/workspace/ros2/ros2_study/chapt7/chapt7_ws/install/zzs_description/share/zzs_description/urdf/plugins/gazebo_control_plugin.xacro
[1.923s] -- Installing: /home/zzs/workspace/ros2/ros2_study/chapt7/chapt7_ws/install/zzs_description/share/zzs_description/urdf/plugins/gazebo_sensor_plugin.xacro
[1.925s] -- Installing: /home/zzs/workspace/ros2/ros2_study/chapt7/chapt7_ws/install/zzs_description/share/zzs_description/urdf/robot.urdf.xacro
[1.927s] -- Installing: /home/zzs/workspace/ros2/ros2_study/chapt7/chapt7_ws/install/zzs_description/share/zzs_description/urdf/common_intertial.xacro
[1.927s] -- Installing: /home/zzs/workspace/ros2/ros2_study/chapt7/chapt7_ws/install/zzs_description/share/zzs_description/urdf/base.urdf.xacro
[1.927s] -- Installing: /home/zzs/workspace/ros2/ros2_study/chapt7/chapt7_ws/install/zzs_description/share/zzs_description/config
[1.928s] -- Installing: /home/zzs/workspace/ros2/ros2_study/chapt7/chapt7_ws/install/zzs_description/share/zzs_description/config/robot_ros2_controller.yaml
[1.928s] -- Installing: /home/zzs/workspace/ros2/ros2_study/chapt7/chapt7_ws/install/zzs_description/share/zzs_description/config/display_robot_model.rviz
[1.928s] -- Installing: /home/zzs/workspace/ros2/ros2_study/chapt7/chapt7_ws/install/zzs_description/share/zzs_description/world
[1.928s] -- Installing: /home/zzs/workspace/ros2/ros2_study/chapt7/chapt7_ws/install/zzs_description/share/zzs_description/world/room
[1.928s] -- Installing: /home/zzs/workspace/ros2/ros2_study/chapt7/chapt7_ws/install/zzs_description/share/zzs_description/world/room/model.sdf
[1.928s] -- Installing: /home/zzs/workspace/ros2/ros2_study/chapt7/chapt7_ws/install/zzs_description/share/zzs_description/world/room/model.config
[1.929s] -- Installing: /home/zzs/workspace/ros2/ros2_study/chapt7/chapt7_ws/install/zzs_description/share/zzs_description/world/c_room.world
[1.929s] -- Installing: /home/zzs/workspace/ros2/ros2_study/chapt7/chapt7_ws/install/zzs_description/share/ament_index/resource_index/package_run_dependencies/zzs_description
[1.930s] -- Installing: /home/zzs/workspace/ros2/ros2_study/chapt7/chapt7_ws/install/zzs_description/share/ament_index/resource_index/parent_prefix_path/zzs_description
[1.931s] -- Installing: /home/zzs/workspace/ros2/ros2_study/chapt7/chapt7_ws/install/zzs_description/share/zzs_description/environment/ament_prefix_path.sh
[1.932s] -- Installing: /home/zzs/workspace/ros2/ros2_study/chapt7/chapt7_ws/install/zzs_description/share/zzs_description/environment/ament_prefix_path.dsv
[1.932s] -- Installing: /home/zzs/workspace/ros2/ros2_study/chapt7/chapt7_ws/install/zzs_description/share/zzs_description/environment/path.sh
[1.932s] -- Installing: /home/zzs/workspace/ros2/ros2_study/chapt7/chapt7_ws/install/zzs_description/share/zzs_description/environment/path.dsv
[1.933s] -- Installing: /home/zzs/workspace/ros2/ros2_study/chapt7/chapt7_ws/install/zzs_description/share/zzs_description/local_setup.bash
[1.933s] -- Installing: /home/zzs/workspace/ros2/ros2_study/chapt7/chapt7_ws/install/zzs_description/share/zzs_description/local_setup.sh
[1.934s] -- Installing: /home/zzs/workspace/ros2/ros2_study/chapt7/chapt7_ws/install/zzs_description/share/zzs_description/local_setup.zsh
[1.935s] -- Installing: /home/zzs/workspace/ros2/ros2_study/chapt7/chapt7_ws/install/zzs_description/share/zzs_description/local_setup.dsv
[1.935s] -- Installing: /home/zzs/workspace/ros2/ros2_study/chapt7/chapt7_ws/install/zzs_description/share/zzs_description/package.dsv
[1.936s] -- Installing: /home/zzs/workspace/ros2/ros2_study/chapt7/chapt7_ws/install/zzs_description/share/ament_index/resource_index/packages/zzs_description
[1.937s] -- Installing: /home/zzs/workspace/ros2/ros2_study/chapt7/chapt7_ws/install/zzs_description/share/zzs_description/cmake/zzs_descriptionConfig.cmake
[1.938s] -- Installing: /home/zzs/workspace/ros2/ros2_study/chapt7/chapt7_ws/install/zzs_description/share/zzs_description/cmake/zzs_descriptionConfig-version.cmake
[1.938s] -- Installing: /home/zzs/workspace/ros2/ros2_study/chapt7/chapt7_ws/install/zzs_description/share/zzs_description/package.xml
[1.942s] Invoked command in '/home/zzs/workspace/ros2/ros2_study/chapt7/chapt7_ws/build/zzs_description' returned '0': CMAKE_PREFIX_PATH=/opt/ros/humble /usr/bin/cmake --install /home/zzs/workspace/ros2/ros2_study/chapt7/chapt7_ws/build/zzs_description
