[1.703s] Invoking command in '/home/zzs/chaptmy/chapt_ws/src/turtle_my_service': AMENT_PREFIX_PATH=/home/zzs/chaptmy/chapt_ws/install/turtle_my_interfaces:${AMENT_PREFIX_PATH} CMAKE_PREFIX_PATH=/home/zzs/chaptmy/chapt_ws/install/turtle_my_interfaces:${CMAKE_PREFIX_PATH} DEBUGINFOD_URLS=https://debuginfod.ubuntu.com LD_LIBRARY_PATH=/home/zzs/chaptmy/chapt_ws/install/turtle_my_interfaces/lib:${LD_LIBRARY_PATH} PYTHONPATH=/home/zzs/chaptmy/chapt_ws/build/turtle_my_service/prefix_override:/usr/lib/python3/dist-packages/colcon_core/task/python/colcon_distutils_commands:/home/zzs/chaptmy/chapt_ws/install/turtle_my_service/lib/python3.12/site-packages:/home/zzs/chaptmy/chapt_ws/install/turtle_my_interfaces/lib/python3.12/site-packages:${PYTHONPATH} /usr/bin/python3 -W ignore:setup.py install is deprecated -W ignore:easy_install command is deprecated setup.py egg_info --egg-base ../../build/turtle_my_service build --build-base /home/zzs/chaptmy/chapt_ws/build/turtle_my_service/build install --record /home/zzs/chaptmy/chapt_ws/build/turtle_my_service/install.log --install-scripts $base/lib/turtle_my_service --single-version-externally-managed install_data
[1.964s] running egg_info
[1.965s] creating ../../build/turtle_my_service/turtle_my_service.egg-info
[1.983s] writing ../../build/turtle_my_service/turtle_my_service.egg-info/PKG-INFO
[1.984s] writing dependency_links to ../../build/turtle_my_service/turtle_my_service.egg-info/dependency_links.txt
[1.984s] writing entry points to ../../build/turtle_my_service/turtle_my_service.egg-info/entry_points.txt
[1.984s] writing requirements to ../../build/turtle_my_service/turtle_my_service.egg-info/requires.txt
[1.984s] writing top-level names to ../../build/turtle_my_service/turtle_my_service.egg-info/top_level.txt
[1.984s] writing manifest file '../../build/turtle_my_service/turtle_my_service.egg-info/SOURCES.txt'
[2.022s] reading manifest file '../../build/turtle_my_service/turtle_my_service.egg-info/SOURCES.txt'
[2.024s] adding license file 'LICENSE'
[2.024s] writing manifest file '../../build/turtle_my_service/turtle_my_service.egg-info/SOURCES.txt'
[2.025s] running build
[2.025s] running build_py
[2.025s] creating /home/zzs/chaptmy/chapt_ws/build/turtle_my_service/build
[2.026s] creating /home/zzs/chaptmy/chapt_ws/build/turtle_my_service/build/lib
[2.026s] creating /home/zzs/chaptmy/chapt_ws/build/turtle_my_service/build/lib/turtle_my_service
[2.026s] copying turtle_my_service/burtle_my_client.py -> /home/zzs/chaptmy/chapt_ws/build/turtle_my_service/build/lib/turtle_my_service
[2.026s] copying turtle_my_service/__init__.py -> /home/zzs/chaptmy/chapt_ws/build/turtle_my_service/build/lib/turtle_my_service
[2.026s] copying turtle_my_service/turtle_my_service.py -> /home/zzs/chaptmy/chapt_ws/build/turtle_my_service/build/lib/turtle_my_service
[2.026s] running install
[2.036s] running install_lib
[2.056s] creating /home/zzs/chaptmy/chapt_ws/install/turtle_my_service/lib/python3.12/site-packages/turtle_my_service
[2.056s] copying /home/zzs/chaptmy/chapt_ws/build/turtle_my_service/build/lib/turtle_my_service/burtle_my_client.py -> /home/zzs/chaptmy/chapt_ws/install/turtle_my_service/lib/python3.12/site-packages/turtle_my_service
[2.056s] copying /home/zzs/chaptmy/chapt_ws/build/turtle_my_service/build/lib/turtle_my_service/__init__.py -> /home/zzs/chaptmy/chapt_ws/install/turtle_my_service/lib/python3.12/site-packages/turtle_my_service
[2.056s] copying /home/zzs/chaptmy/chapt_ws/build/turtle_my_service/build/lib/turtle_my_service/turtle_my_service.py -> /home/zzs/chaptmy/chapt_ws/install/turtle_my_service/lib/python3.12/site-packages/turtle_my_service
[2.057s] byte-compiling /home/zzs/chaptmy/chapt_ws/install/turtle_my_service/lib/python3.12/site-packages/turtle_my_service/burtle_my_client.py to burtle_my_client.cpython-312.pyc
[2.058s] byte-compiling /home/zzs/chaptmy/chapt_ws/install/turtle_my_service/lib/python3.12/site-packages/turtle_my_service/__init__.py to __init__.cpython-312.pyc
[2.058s] byte-compiling /home/zzs/chaptmy/chapt_ws/install/turtle_my_service/lib/python3.12/site-packages/turtle_my_service/turtle_my_service.py to turtle_my_service.cpython-312.pyc
[2.059s] running install_data
[2.059s] creating /home/zzs/chaptmy/chapt_ws/install/turtle_my_service/share/ament_index
[2.059s] creating /home/zzs/chaptmy/chapt_ws/install/turtle_my_service/share/ament_index/resource_index
[2.059s] creating /home/zzs/chaptmy/chapt_ws/install/turtle_my_service/share/ament_index/resource_index/packages
[2.059s] copying resource/turtle_my_service -> /home/zzs/chaptmy/chapt_ws/install/turtle_my_service/share/ament_index/resource_index/packages
[2.060s] copying package.xml -> /home/zzs/chaptmy/chapt_ws/install/turtle_my_service/share/turtle_my_service
[2.060s] running install_egg_info
[2.080s] Copying ../../build/turtle_my_service/turtle_my_service.egg-info to /home/zzs/chaptmy/chapt_ws/install/turtle_my_service/lib/python3.12/site-packages/turtle_my_service-0.0.0-py3.12.egg-info
[2.081s] running install_scripts
[2.219s] Installing burtle_my_client script to /home/zzs/chaptmy/chapt_ws/install/turtle_my_service/lib/turtle_my_service
[2.219s] Installing burtle_my_service script to /home/zzs/chaptmy/chapt_ws/install/turtle_my_service/lib/turtle_my_service
[2.219s] writing list of installed files to '/home/zzs/chaptmy/chapt_ws/build/turtle_my_service/install.log'
[2.262s] Invoked command in '/home/zzs/chaptmy/chapt_ws/src/turtle_my_service' returned '0': AMENT_PREFIX_PATH=/home/zzs/chaptmy/chapt_ws/install/turtle_my_interfaces:${AMENT_PREFIX_PATH} CMAKE_PREFIX_PATH=/home/zzs/chaptmy/chapt_ws/install/turtle_my_interfaces:${CMAKE_PREFIX_PATH} DEBUGINFOD_URLS=https://debuginfod.ubuntu.com LD_LIBRARY_PATH=/home/zzs/chaptmy/chapt_ws/install/turtle_my_interfaces/lib:${LD_LIBRARY_PATH} PYTHONPATH=/home/zzs/chaptmy/chapt_ws/build/turtle_my_service/prefix_override:/usr/lib/python3/dist-packages/colcon_core/task/python/colcon_distutils_commands:/home/zzs/chaptmy/chapt_ws/install/turtle_my_service/lib/python3.12/site-packages:/home/zzs/chaptmy/chapt_ws/install/turtle_my_interfaces/lib/python3.12/site-packages:${PYTHONPATH} /usr/bin/python3 -W ignore:setup.py install is deprecated -W ignore:easy_install command is deprecated setup.py egg_info --egg-base ../../build/turtle_my_service build --build-base /home/zzs/chaptmy/chapt_ws/build/turtle_my_service/build install --record /home/zzs/chaptmy/chapt_ws/build/turtle_my_service/install.log --install-scripts $base/lib/turtle_my_service --single-version-externally-managed install_data
