[0.650s] DEBUG:colcon:Command line arguments: ['/usr/bin/colcon', 'build']
[0.650s] DEBUG:colcon:Parsed command line arguments: Namespace(log_base=None, log_level=None, verb_name='build', build_base='build', install_base='install', merge_install=False, symlink_install=False, test_result_base=None, continue_on_error=False, executor='parallel', parallel_workers=2, event_handlers=None, ignore_user_meta=False, metas=['./colcon.meta'], base_paths=['.'], packages_ignore=None, packages_ignore_regex=None, paths=None, packages_up_to=None, packages_up_to_regex=None, packages_above=None, packages_above_and_dependencies=None, packages_above_depth=None, packages_select_by_dep=None, packages_skip_by_dep=None, packages_skip_up_to=None, packages_select_build_failed=False, packages_skip_build_finished=False, packages_select_test_failures=False, packages_skip_test_passed=False, packages_select=None, packages_skip=None, packages_select_regex=None, packages_skip_regex=None, packages_start=None, packages_end=None, allow_overriding=[], cmake_args=None, cmake_target=None, cmake_target_skip_unavailable=False, cmake_clean_cache=False, cmake_clean_first=False, cmake_force_configure=False, ament_cmake_args=None, catkin_cmake_args=None, catkin_skip_building_tests=False, verb_parser=<colcon_defaults.argument_parser.defaults.DefaultArgumentsDecorator object at 0x75ab58c7d6a0>, verb_extension=<colcon_core.verb.build.BuildVerb object at 0x75ab58c7d010>, main=<bound method BuildVerb.main of <colcon_core.verb.build.BuildVerb object at 0x75ab58c7d010>>)
[1.116s] Level 1:colcon.colcon_core.package_discovery:discover_packages(colcon_meta) check parameters
[1.116s] Level 1:colcon.colcon_core.package_discovery:discover_packages(recursive) check parameters
[1.116s] Level 1:colcon.colcon_core.package_discovery:discover_packages(ignore) check parameters
[1.116s] Level 1:colcon.colcon_core.package_discovery:discover_packages(path) check parameters
[1.116s] Level 1:colcon.colcon_core.package_discovery:discover_packages(colcon_meta) discover
[1.116s] Level 1:colcon.colcon_core.package_discovery:discover_packages(recursive) discover
[1.116s] INFO:colcon.colcon_core.package_discovery:Crawling recursively for packages in '/home/zzs/chapt3/topic_practice_ws'
[1.116s] Level 1:colcon.colcon_core.package_identification:_identify(.) by extensions ['ignore', 'ignore_ament_install']
[1.116s] Level 1:colcon.colcon_core.package_identification:_identify(.) by extension 'ignore'
[1.116s] Level 1:colcon.colcon_core.package_identification:_identify(.) by extension 'ignore_ament_install'
[1.116s] Level 1:colcon.colcon_core.package_identification:_identify(.) by extensions ['colcon_pkg']
[1.120s] Level 1:colcon.colcon_core.package_identification:_identify(.) by extension 'colcon_pkg'
[1.120s] Level 1:colcon.colcon_core.package_identification:_identify(.) by extensions ['colcon_meta']
[1.120s] Level 1:colcon.colcon_core.package_identification:_identify(.) by extension 'colcon_meta'
[1.121s] Level 1:colcon.colcon_core.package_identification:_identify(.) by extensions ['ros']
[1.121s] Level 1:colcon.colcon_core.package_identification:_identify(.) by extension 'ros'
[1.228s] Level 1:colcon.colcon_core.package_identification:_identify(.) by extensions ['cmake', 'python']
[1.228s] Level 1:colcon.colcon_core.package_identification:_identify(.) by extension 'cmake'
[1.229s] Level 1:colcon.colcon_core.package_identification:_identify(.) by extension 'python'
[1.229s] Level 1:colcon.colcon_core.package_identification:_identify(.) by extensions ['python_setup_py']
[1.229s] Level 1:colcon.colcon_core.package_identification:_identify(.) by extension 'python_setup_py'
[1.230s] Level 1:colcon.colcon_core.package_identification:_identify(build) by extensions ['ignore', 'ignore_ament_install']
[1.231s] Level 1:colcon.colcon_core.package_identification:_identify(build) by extension 'ignore'
[1.231s] Level 1:colcon.colcon_core.package_identification:_identify(build) ignored
[1.231s] Level 1:colcon.colcon_core.package_identification:_identify(install) by extensions ['ignore', 'ignore_ament_install']
[1.231s] Level 1:colcon.colcon_core.package_identification:_identify(install) by extension 'ignore'
[1.232s] Level 1:colcon.colcon_core.package_identification:_identify(install) ignored
[1.232s] Level 1:colcon.colcon_core.package_identification:_identify(log) by extensions ['ignore', 'ignore_ament_install']
[1.232s] Level 1:colcon.colcon_core.package_identification:_identify(log) by extension 'ignore'
[1.232s] Level 1:colcon.colcon_core.package_identification:_identify(log) ignored
[1.233s] Level 1:colcon.colcon_core.package_identification:_identify(src) by extensions ['ignore', 'ignore_ament_install']
[1.233s] Level 1:colcon.colcon_core.package_identification:_identify(src) by extension 'ignore'
[1.233s] Level 1:colcon.colcon_core.package_identification:_identify(src) by extension 'ignore_ament_install'
[1.233s] Level 1:colcon.colcon_core.package_identification:_identify(src) by extensions ['colcon_pkg']
[1.233s] Level 1:colcon.colcon_core.package_identification:_identify(src) by extension 'colcon_pkg'
[1.233s] Level 1:colcon.colcon_core.package_identification:_identify(src) by extensions ['colcon_meta']
[1.233s] Level 1:colcon.colcon_core.package_identification:_identify(src) by extension 'colcon_meta'
[1.233s] Level 1:colcon.colcon_core.package_identification:_identify(src) by extensions ['ros']
[1.233s] Level 1:colcon.colcon_core.package_identification:_identify(src) by extension 'ros'
[1.233s] Level 1:colcon.colcon_core.package_identification:_identify(src) by extensions ['cmake', 'python']
[1.233s] Level 1:colcon.colcon_core.package_identification:_identify(src) by extension 'cmake'
[1.233s] Level 1:colcon.colcon_core.package_identification:_identify(src) by extension 'python'
[1.234s] Level 1:colcon.colcon_core.package_identification:_identify(src) by extensions ['python_setup_py']
[1.234s] Level 1:colcon.colcon_core.package_identification:_identify(src) by extension 'python_setup_py'
[1.236s] Level 1:colcon.colcon_core.package_identification:_identify(src/status_interfaces) by extensions ['ignore', 'ignore_ament_install']
[1.236s] Level 1:colcon.colcon_core.package_identification:_identify(src/status_interfaces) by extension 'ignore'
[1.236s] Level 1:colcon.colcon_core.package_identification:_identify(src/status_interfaces) by extension 'ignore_ament_install'
[1.238s] Level 1:colcon.colcon_core.package_identification:_identify(src/status_interfaces) by extensions ['colcon_pkg']
[1.238s] Level 1:colcon.colcon_core.package_identification:_identify(src/status_interfaces) by extension 'colcon_pkg'
[1.238s] Level 1:colcon.colcon_core.package_identification:_identify(src/status_interfaces) by extensions ['colcon_meta']
[1.238s] Level 1:colcon.colcon_core.package_identification:_identify(src/status_interfaces) by extension 'colcon_meta'
[1.238s] Level 1:colcon.colcon_core.package_identification:_identify(src/status_interfaces) by extensions ['ros']
[1.238s] Level 1:colcon.colcon_core.package_identification:_identify(src/status_interfaces) by extension 'ros'
[1.254s] DEBUG:colcon.colcon_core.package_identification:Package 'src/status_interfaces' with type 'ros.ament_cmake' and name 'status_interfaces'
[1.254s] Level 1:colcon.colcon_core.package_identification:_identify(src/status_publisher) by extensions ['ignore', 'ignore_ament_install']
[1.254s] Level 1:colcon.colcon_core.package_identification:_identify(src/status_publisher) by extension 'ignore'
[1.258s] Level 1:colcon.colcon_core.package_identification:_identify(src/status_publisher) by extension 'ignore_ament_install'
[1.258s] Level 1:colcon.colcon_core.package_identification:_identify(src/status_publisher) by extensions ['colcon_pkg']
[1.258s] Level 1:colcon.colcon_core.package_identification:_identify(src/status_publisher) by extension 'colcon_pkg'
[1.258s] Level 1:colcon.colcon_core.package_identification:_identify(src/status_publisher) by extensions ['colcon_meta']
[1.258s] Level 1:colcon.colcon_core.package_identification:_identify(src/status_publisher) by extension 'colcon_meta'
[1.258s] Level 1:colcon.colcon_core.package_identification:_identify(src/status_publisher) by extensions ['ros']
[1.259s] Level 1:colcon.colcon_core.package_identification:_identify(src/status_publisher) by extension 'ros'
[1.261s] DEBUG:colcon.colcon_core.package_identification:Package 'src/status_publisher' with type 'ros.ament_python' and name 'status_publisher'
[1.262s] Level 1:colcon.colcon_core.package_discovery:discover_packages(recursive) using defaults
[1.262s] Level 1:colcon.colcon_core.package_discovery:discover_packages(ignore) discover
[1.262s] Level 1:colcon.colcon_core.package_discovery:discover_packages(ignore) using defaults
[1.262s] Level 1:colcon.colcon_core.package_discovery:discover_packages(path) discover
[1.262s] Level 1:colcon.colcon_core.package_discovery:discover_packages(path) using defaults
[1.390s] Level 1:colcon.colcon_core.package_discovery:discover_packages(prefix_path) check parameters
[1.390s] Level 1:colcon.colcon_core.package_discovery:discover_packages(prefix_path) discover
[1.424s] DEBUG:colcon.colcon_installed_package_information.package_discovery:Found 1 installed packages in /home/zzs/chapt3/topic_practice_ws/install
[1.435s] DEBUG:colcon.colcon_installed_package_information.package_discovery:Found 287 installed packages in /opt/ros/jazzy
[1.453s] Level 1:colcon.colcon_core.package_discovery:discover_packages(prefix_path) using defaults
[2.017s] Level 5:colcon.colcon_core.verb:set package 'status_interfaces' build argument 'cmake_args' from command line to 'None'
[2.017s] Level 5:colcon.colcon_core.verb:set package 'status_interfaces' build argument 'cmake_target' from command line to 'None'
[2.017s] Level 5:colcon.colcon_core.verb:set package 'status_interfaces' build argument 'cmake_target_skip_unavailable' from command line to 'False'
[2.017s] Level 5:colcon.colcon_core.verb:set package 'status_interfaces' build argument 'cmake_clean_cache' from command line to 'False'
[2.017s] Level 5:colcon.colcon_core.verb:set package 'status_interfaces' build argument 'cmake_clean_first' from command line to 'False'
[2.017s] Level 5:colcon.colcon_core.verb:set package 'status_interfaces' build argument 'cmake_force_configure' from command line to 'False'
[2.017s] Level 5:colcon.colcon_core.verb:set package 'status_interfaces' build argument 'ament_cmake_args' from command line to 'None'
[2.017s] Level 5:colcon.colcon_core.verb:set package 'status_interfaces' build argument 'catkin_cmake_args' from command line to 'None'
[2.017s] Level 5:colcon.colcon_core.verb:set package 'status_interfaces' build argument 'catkin_skip_building_tests' from command line to 'False'
[2.017s] DEBUG:colcon.colcon_core.verb:Building package 'status_interfaces' with the following arguments: {'ament_cmake_args': None, 'build_base': '/home/zzs/chapt3/topic_practice_ws/build/status_interfaces', 'catkin_cmake_args': None, 'catkin_skip_building_tests': False, 'cmake_args': None, 'cmake_clean_cache': False, 'cmake_clean_first': False, 'cmake_force_configure': False, 'cmake_target': None, 'cmake_target_skip_unavailable': False, 'install_base': '/home/zzs/chapt3/topic_practice_ws/install/status_interfaces', 'merge_install': False, 'path': '/home/zzs/chapt3/topic_practice_ws/src/status_interfaces', 'symlink_install': False, 'test_result_base': None}
[2.017s] Level 5:colcon.colcon_core.verb:set package 'status_publisher' build argument 'cmake_args' from command line to 'None'
[2.017s] Level 5:colcon.colcon_core.verb:set package 'status_publisher' build argument 'cmake_target' from command line to 'None'
[2.017s] Level 5:colcon.colcon_core.verb:set package 'status_publisher' build argument 'cmake_target_skip_unavailable' from command line to 'False'
[2.017s] Level 5:colcon.colcon_core.verb:set package 'status_publisher' build argument 'cmake_clean_cache' from command line to 'False'
[2.017s] Level 5:colcon.colcon_core.verb:set package 'status_publisher' build argument 'cmake_clean_first' from command line to 'False'
[2.017s] Level 5:colcon.colcon_core.verb:set package 'status_publisher' build argument 'cmake_force_configure' from command line to 'False'
[2.017s] Level 5:colcon.colcon_core.verb:set package 'status_publisher' build argument 'ament_cmake_args' from command line to 'None'
[2.017s] Level 5:colcon.colcon_core.verb:set package 'status_publisher' build argument 'catkin_cmake_args' from command line to 'None'
[2.018s] Level 5:colcon.colcon_core.verb:set package 'status_publisher' build argument 'catkin_skip_building_tests' from command line to 'False'
[2.022s] DEBUG:colcon.colcon_core.verb:Building package 'status_publisher' with the following arguments: {'ament_cmake_args': None, 'build_base': '/home/zzs/chapt3/topic_practice_ws/build/status_publisher', 'catkin_cmake_args': None, 'catkin_skip_building_tests': False, 'cmake_args': None, 'cmake_clean_cache': False, 'cmake_clean_first': False, 'cmake_force_configure': False, 'cmake_target': None, 'cmake_target_skip_unavailable': False, 'install_base': '/home/zzs/chapt3/topic_practice_ws/install/status_publisher', 'merge_install': False, 'path': '/home/zzs/chapt3/topic_practice_ws/src/status_publisher', 'symlink_install': False, 'test_result_base': None}
[2.022s] INFO:colcon.colcon_core.executor:Executing jobs using 'parallel' executor
[2.029s] DEBUG:colcon.colcon_parallel_executor.executor.parallel:run_until_complete
[2.029s] INFO:colcon.colcon_ros.task.ament_cmake.build:Building ROS package in '/home/zzs/chapt3/topic_practice_ws/src/status_interfaces' with build type 'ament_cmake'
[2.029s] INFO:colcon.colcon_cmake.task.cmake.build:Building CMake package in '/home/zzs/chapt3/topic_practice_ws/src/status_interfaces'
[2.059s] INFO:colcon.colcon_core.plugin_system:Skipping extension 'colcon_core.shell.bat': Not used on non-Windows systems
[2.059s] INFO:colcon.colcon_core.shell:Skip shell extension 'powershell' for command environment: Not usable outside of PowerShell
[2.059s] DEBUG:colcon.colcon_core.shell:Skip shell extension 'dsv' for command environment
[2.116s] DEBUG:colcon.colcon_core.event_handler.log_command:Invoking command in '/home/zzs/chapt3/topic_practice_ws/build/status_interfaces': CMAKE_PREFIX_PATH=${CMAKE_PREFIX_PATH}:/opt/ros/jazzy DEBUGINFOD_URLS=https://debuginfod.ubuntu.com /usr/bin/cmake --build /home/zzs/chapt3/topic_practice_ws/build/status_interfaces -- -j2 -l2
[3.609s] DEBUG:colcon.colcon_core.event_handler.log_command:Invoked command in '/home/zzs/chapt3/topic_practice_ws/build/status_interfaces' returned '0': CMAKE_PREFIX_PATH=${CMAKE_PREFIX_PATH}:/opt/ros/jazzy DEBUGINFOD_URLS=https://debuginfod.ubuntu.com /usr/bin/cmake --build /home/zzs/chapt3/topic_practice_ws/build/status_interfaces -- -j2 -l2
[3.628s] DEBUG:colcon.colcon_core.event_handler.log_command:Invoking command in '/home/zzs/chapt3/topic_practice_ws/build/status_interfaces': CMAKE_PREFIX_PATH=${CMAKE_PREFIX_PATH}:/opt/ros/jazzy DEBUGINFOD_URLS=https://debuginfod.ubuntu.com /usr/bin/cmake --install /home/zzs/chapt3/topic_practice_ws/build/status_interfaces
[3.809s] Level 1:colcon.colcon_core.environment:create_environment_scripts_only(status_interfaces)
[3.809s] DEBUG:colcon.colcon_core.event_handler.log_command:Invoked command in '/home/zzs/chapt3/topic_practice_ws/build/status_interfaces' returned '0': CMAKE_PREFIX_PATH=${CMAKE_PREFIX_PATH}:/opt/ros/jazzy DEBUGINFOD_URLS=https://debuginfod.ubuntu.com /usr/bin/cmake --install /home/zzs/chapt3/topic_practice_ws/build/status_interfaces
[3.820s] Level 1:colcon.colcon_core.environment:checking '/home/zzs/chapt3/topic_practice_ws/install/status_interfaces' for CMake module files
[3.821s] Level 1:colcon.colcon_core.environment:checking '/home/zzs/chapt3/topic_practice_ws/install/status_interfaces' for CMake config files
[3.822s] Level 1:colcon.colcon_core.shell:create_environment_hook('status_interfaces', 'cmake_prefix_path')
[3.822s] INFO:colcon.colcon_core.shell:Creating environment hook '/home/zzs/chapt3/topic_practice_ws/install/status_interfaces/share/status_interfaces/hook/cmake_prefix_path.ps1'
[3.825s] INFO:colcon.colcon_core.shell:Creating environment descriptor '/home/zzs/chapt3/topic_practice_ws/install/status_interfaces/share/status_interfaces/hook/cmake_prefix_path.dsv'
[3.827s] INFO:colcon.colcon_core.shell:Creating environment hook '/home/zzs/chapt3/topic_practice_ws/install/status_interfaces/share/status_interfaces/hook/cmake_prefix_path.sh'
[3.830s] Level 1:colcon.colcon_core.environment:checking '/home/zzs/chapt3/topic_practice_ws/install/status_interfaces/lib'
[3.830s] Level 1:colcon.colcon_core.shell:create_environment_hook('status_interfaces', 'ld_library_path_lib')
[3.830s] INFO:colcon.colcon_core.shell:Creating environment hook '/home/zzs/chapt3/topic_practice_ws/install/status_interfaces/share/status_interfaces/hook/ld_library_path_lib.ps1'
[3.832s] INFO:colcon.colcon_core.shell:Creating environment descriptor '/home/zzs/chapt3/topic_practice_ws/install/status_interfaces/share/status_interfaces/hook/ld_library_path_lib.dsv'
[3.832s] INFO:colcon.colcon_core.shell:Creating environment hook '/home/zzs/chapt3/topic_practice_ws/install/status_interfaces/share/status_interfaces/hook/ld_library_path_lib.sh'
[3.835s] Level 1:colcon.colcon_core.environment:checking '/home/zzs/chapt3/topic_practice_ws/install/status_interfaces/bin'
[3.835s] Level 1:colcon.colcon_core.environment:checking '/home/zzs/chapt3/topic_practice_ws/install/status_interfaces/lib/pkgconfig/status_interfaces.pc'
[3.836s] Level 1:colcon.colcon_core.environment:checking '/home/zzs/chapt3/topic_practice_ws/install/status_interfaces/lib/python3.12/site-packages'
[3.836s] Level 1:colcon.colcon_core.shell:create_environment_hook('status_interfaces', 'pythonpath')
[3.836s] INFO:colcon.colcon_core.shell:Creating environment hook '/home/zzs/chapt3/topic_practice_ws/install/status_interfaces/share/status_interfaces/hook/pythonpath.ps1'
[3.837s] INFO:colcon.colcon_core.shell:Creating environment descriptor '/home/zzs/chapt3/topic_practice_ws/install/status_interfaces/share/status_interfaces/hook/pythonpath.dsv'
[3.839s] INFO:colcon.colcon_core.shell:Creating environment hook '/home/zzs/chapt3/topic_practice_ws/install/status_interfaces/share/status_interfaces/hook/pythonpath.sh'
[3.843s] Level 1:colcon.colcon_core.environment:checking '/home/zzs/chapt3/topic_practice_ws/install/status_interfaces/bin'
[3.845s] INFO:colcon.colcon_core.shell:Creating package script '/home/zzs/chapt3/topic_practice_ws/install/status_interfaces/share/status_interfaces/package.ps1'
[3.849s] INFO:colcon.colcon_core.shell:Creating package descriptor '/home/zzs/chapt3/topic_practice_ws/install/status_interfaces/share/status_interfaces/package.dsv'
[3.854s] INFO:colcon.colcon_core.shell:Creating package script '/home/zzs/chapt3/topic_practice_ws/install/status_interfaces/share/status_interfaces/package.sh'
[3.859s] INFO:colcon.colcon_core.shell:Creating package script '/home/zzs/chapt3/topic_practice_ws/install/status_interfaces/share/status_interfaces/package.bash'
[3.863s] INFO:colcon.colcon_core.shell:Creating package script '/home/zzs/chapt3/topic_practice_ws/install/status_interfaces/share/status_interfaces/package.zsh'
[3.868s] Level 1:colcon.colcon_core.environment:create_file_with_runtime_dependencies(/home/zzs/chapt3/topic_practice_ws/install/status_interfaces/share/colcon-core/packages/status_interfaces)
[3.870s] Level 1:colcon.colcon_core.environment:create_environment_scripts_only(status_interfaces)
[3.871s] Level 1:colcon.colcon_core.environment:checking '/home/zzs/chapt3/topic_practice_ws/install/status_interfaces' for CMake module files
[3.881s] Level 1:colcon.colcon_core.environment:checking '/home/zzs/chapt3/topic_practice_ws/install/status_interfaces' for CMake config files
[3.883s] Level 1:colcon.colcon_core.shell:create_environment_hook('status_interfaces', 'cmake_prefix_path')
[3.890s] INFO:colcon.colcon_core.shell:Creating environment hook '/home/zzs/chapt3/topic_practice_ws/install/status_interfaces/share/status_interfaces/hook/cmake_prefix_path.ps1'
[3.892s] INFO:colcon.colcon_core.shell:Creating environment descriptor '/home/zzs/chapt3/topic_practice_ws/install/status_interfaces/share/status_interfaces/hook/cmake_prefix_path.dsv'
[3.894s] INFO:colcon.colcon_core.shell:Creating environment hook '/home/zzs/chapt3/topic_practice_ws/install/status_interfaces/share/status_interfaces/hook/cmake_prefix_path.sh'
[3.898s] Level 1:colcon.colcon_core.environment:checking '/home/zzs/chapt3/topic_practice_ws/install/status_interfaces/lib'
[3.899s] Level 1:colcon.colcon_core.shell:create_environment_hook('status_interfaces', 'ld_library_path_lib')
[3.899s] INFO:colcon.colcon_core.shell:Creating environment hook '/home/zzs/chapt3/topic_practice_ws/install/status_interfaces/share/status_interfaces/hook/ld_library_path_lib.ps1'
[3.904s] INFO:colcon.colcon_core.shell:Creating environment descriptor '/home/zzs/chapt3/topic_practice_ws/install/status_interfaces/share/status_interfaces/hook/ld_library_path_lib.dsv'
[3.908s] INFO:colcon.colcon_core.shell:Creating environment hook '/home/zzs/chapt3/topic_practice_ws/install/status_interfaces/share/status_interfaces/hook/ld_library_path_lib.sh'
[3.917s] Level 1:colcon.colcon_core.environment:checking '/home/zzs/chapt3/topic_practice_ws/install/status_interfaces/bin'
[3.917s] Level 1:colcon.colcon_core.environment:checking '/home/zzs/chapt3/topic_practice_ws/install/status_interfaces/lib/pkgconfig/status_interfaces.pc'
[3.921s] Level 1:colcon.colcon_core.environment:checking '/home/zzs/chapt3/topic_practice_ws/install/status_interfaces/lib/python3.12/site-packages'
[3.921s] Level 1:colcon.colcon_core.shell:create_environment_hook('status_interfaces', 'pythonpath')
[3.921s] INFO:colcon.colcon_core.shell:Creating environment hook '/home/zzs/chapt3/topic_practice_ws/install/status_interfaces/share/status_interfaces/hook/pythonpath.ps1'
[3.922s] INFO:colcon.colcon_core.shell:Creating environment descriptor '/home/zzs/chapt3/topic_practice_ws/install/status_interfaces/share/status_interfaces/hook/pythonpath.dsv'
[3.923s] INFO:colcon.colcon_core.shell:Creating environment hook '/home/zzs/chapt3/topic_practice_ws/install/status_interfaces/share/status_interfaces/hook/pythonpath.sh'
[3.924s] Level 1:colcon.colcon_core.environment:checking '/home/zzs/chapt3/topic_practice_ws/install/status_interfaces/bin'
[3.924s] INFO:colcon.colcon_core.shell:Creating package script '/home/zzs/chapt3/topic_practice_ws/install/status_interfaces/share/status_interfaces/package.ps1'
[3.925s] INFO:colcon.colcon_core.shell:Creating package descriptor '/home/zzs/chapt3/topic_practice_ws/install/status_interfaces/share/status_interfaces/package.dsv'
[3.926s] INFO:colcon.colcon_core.shell:Creating package script '/home/zzs/chapt3/topic_practice_ws/install/status_interfaces/share/status_interfaces/package.sh'
[3.927s] INFO:colcon.colcon_core.shell:Creating package script '/home/zzs/chapt3/topic_practice_ws/install/status_interfaces/share/status_interfaces/package.bash'
[3.927s] INFO:colcon.colcon_core.shell:Creating package script '/home/zzs/chapt3/topic_practice_ws/install/status_interfaces/share/status_interfaces/package.zsh'
[3.928s] Level 1:colcon.colcon_core.environment:create_file_with_runtime_dependencies(/home/zzs/chapt3/topic_practice_ws/install/status_interfaces/share/colcon-core/packages/status_interfaces)
[3.930s] INFO:colcon.colcon_ros.task.ament_python.build:Building ROS package in '/home/zzs/chapt3/topic_practice_ws/src/status_publisher' with build type 'ament_python'
[3.930s] Level 1:colcon.colcon_core.shell:create_environment_hook('status_publisher', 'ament_prefix_path')
[3.930s] INFO:colcon.colcon_core.shell:Creating environment hook '/home/zzs/chapt3/topic_practice_ws/install/status_publisher/share/status_publisher/hook/ament_prefix_path.ps1'
[3.930s] INFO:colcon.colcon_core.shell:Creating environment descriptor '/home/zzs/chapt3/topic_practice_ws/install/status_publisher/share/status_publisher/hook/ament_prefix_path.dsv'
[3.931s] INFO:colcon.colcon_core.shell:Creating environment hook '/home/zzs/chapt3/topic_practice_ws/install/status_publisher/share/status_publisher/hook/ament_prefix_path.sh'
[3.931s] INFO:colcon.colcon_core.shell:Skip shell extension 'powershell' for command environment: Not usable outside of PowerShell
[3.932s] DEBUG:colcon.colcon_core.shell:Skip shell extension 'dsv' for command environment
[5.577s] DEBUG:colcon.colcon_parallel_executor.executor.parallel:closing loop
[5.579s] DEBUG:colcon.colcon_parallel_executor.executor.parallel:loop closed
[5.579s] DEBUG:colcon.colcon_parallel_executor.executor.parallel:run_until_complete finished with 'Command '['/usr/bin/python3', '-c', 'import sys;from contextlib import suppress;exec("with suppress(ImportError):    from setuptools.extern.packaging.specifiers    import SpecifierSet");exec("with suppress(ImportError):    from packaging.specifiers import SpecifierSet");from distutils.core import run_setup;dist = run_setup(    \'setup.py\', script_args=(\'--dry-run\',), stop_after=\'config\');skip_keys = (\'cmdclass\', \'distclass\', \'ext_modules\', \'metadata\');data = {    key: value for key, value in dist.__dict__.items()     if (        not key.startswith(\'_\') and         not callable(value) and         key not in skip_keys and         key not in dist.display_option_names    )};data[\'metadata\'] = {    k: v for k, v in dist.metadata.__dict__.items()     if k not in (\'license_files\', \'provides_extras\')};sys.stdout.buffer.write(repr(data).encode(\'utf-8\'))']' returned non-zero exit status 1.'
[5.583s] DEBUG:colcon.colcon_core.event_reactor:joining thread
[5.636s] INFO:colcon.colcon_core.plugin_system:Skipping extension 'colcon_notification.desktop_notification.terminal_notifier': Not used on non-Darwin systems
[5.636s] INFO:colcon.colcon_core.plugin_system:Skipping extension 'colcon_notification.desktop_notification.win32': Not used on non-Windows systems
[5.636s] INFO:colcon.colcon_notification.desktop_notification:Sending desktop notification using 'notify2'
[5.993s] DEBUG:colcon.colcon_core.event_reactor:joined thread
[5.993s] INFO:colcon.colcon_core.shell:Creating prefix script '/home/zzs/chapt3/topic_practice_ws/install/local_setup.ps1'
[6.001s] INFO:colcon.colcon_core.shell:Creating prefix util module '/home/zzs/chapt3/topic_practice_ws/install/_local_setup_util_ps1.py'
[6.015s] INFO:colcon.colcon_core.shell:Creating prefix chain script '/home/zzs/chapt3/topic_practice_ws/install/setup.ps1'
[6.025s] INFO:colcon.colcon_core.shell:Creating prefix script '/home/zzs/chapt3/topic_practice_ws/install/local_setup.sh'
[6.030s] INFO:colcon.colcon_core.shell:Creating prefix util module '/home/zzs/chapt3/topic_practice_ws/install/_local_setup_util_sh.py'
[6.036s] INFO:colcon.colcon_core.shell:Creating prefix chain script '/home/zzs/chapt3/topic_practice_ws/install/setup.sh'
[6.044s] INFO:colcon.colcon_core.shell:Creating prefix script '/home/zzs/chapt3/topic_practice_ws/install/local_setup.bash'
[6.048s] INFO:colcon.colcon_core.shell:Creating prefix chain script '/home/zzs/chapt3/topic_practice_ws/install/setup.bash'
[6.053s] INFO:colcon.colcon_core.shell:Creating prefix script '/home/zzs/chapt3/topic_practice_ws/install/local_setup.zsh'
[6.056s] INFO:colcon.colcon_core.shell:Creating prefix chain script '/home/zzs/chapt3/topic_practice_ws/install/setup.zsh'
