[0.043s] Invoking command in '/home/zzs/chaptmy/chapt_ws/build/turtle_my_interfaces': CMAKE_PREFIX_PATH=${CMAKE_PREFIX_PATH}:/home/zzs/chaptmy/chapt_ws/install/turtle_my_service:/opt/ros/jazzy DEBUGINFOD_URLS=https://debuginfod.ubuntu.com /usr/bin/cmake --build /home/zzs/chaptmy/chapt_ws/build/turtle_my_interfaces -- -j2 -l2
[0.210s] [  2%] Built target turtle_my_interfaces__rosidl_generator_type_description
[0.331s] [  5%] Built target turtle_my_interfaces__rs
[0.357s] [  5%] Built target ament_cmake_python_copy_turtle_my_interfaces
[0.400s] [ 11%] Built target turtle_my_interfaces__cpp
[0.401s] [ 22%] Built target turtle_my_interfaces__rosidl_generator_c
[0.499s] [ 31%] Built target turtle_my_interfaces__rosidl_typesupport_fastrtps_c
[0.560s] [ 40%] Built target turtle_my_interfaces__rosidl_typesupport_fastrtps_cpp
[0.592s] [ 48%] Built target turtle_my_interfaces__rosidl_typesupport_introspection_c
[0.644s] [ 57%] Built target turtle_my_interfaces__rosidl_typesupport_c
[0.682s] [ 65%] Built target turtle_my_interfaces__rosidl_typesupport_introspection_cpp
[0.708s] running egg_info
[0.724s] [ 74%] Built target turtle_my_interfaces__rosidl_typesupport_cpp
[0.730s] writing turtle_my_interfaces.egg-info/PKG-INFO
[0.734s] writing dependency_links to turtle_my_interfaces.egg-info/dependency_links.txt
[0.734s] writing top-level names to turtle_my_interfaces.egg-info/top_level.txt
[0.761s] [ 74%] Built target turtle_my_interfaces
[0.792s] reading manifest file 'turtle_my_interfaces.egg-info/SOURCES.txt'
[0.792s] writing manifest file 'turtle_my_interfaces.egg-info/SOURCES.txt'
[0.792s] [ 77%] Built target turtle_my_interfaces__py
[0.834s] [ 80%] Built target ament_cmake_python_build_turtle_my_interfaces_egg
[0.835s] [ 82%] Built target turtle_my_interfaces__rosidl_generator_py
[0.870s] [ 88%] Built target turtle_my_interfaces_s__rosidl_typesupport_introspection_c
[0.871s] [ 94%] Built target turtle_my_interfaces_s__rosidl_typesupport_fastrtps_c
[0.914s] [100%] Built target turtle_my_interfaces_s__rosidl_typesupport_c
[0.943s] Invoked command in '/home/zzs/chaptmy/chapt_ws/build/turtle_my_interfaces' returned '0': CMAKE_PREFIX_PATH=${CMAKE_PREFIX_PATH}:/home/zzs/chaptmy/chapt_ws/install/turtle_my_service:/opt/ros/jazzy DEBUGINFOD_URLS=https://debuginfod.ubuntu.com /usr/bin/cmake --build /home/zzs/chaptmy/chapt_ws/build/turtle_my_interfaces -- -j2 -l2
[0.959s] Invoking command in '/home/zzs/chaptmy/chapt_ws/build/turtle_my_interfaces': CMAKE_PREFIX_PATH=${CMAKE_PREFIX_PATH}:/home/zzs/chaptmy/chapt_ws/install/turtle_my_service:/opt/ros/jazzy DEBUGINFOD_URLS=https://debuginfod.ubuntu.com /usr/bin/cmake --install /home/zzs/chaptmy/chapt_ws/build/turtle_my_interfaces
[0.971s] -- Install configuration: ""
[0.972s] -- Up-to-date: /home/zzs/chaptmy/chapt_ws/install/turtle_my_interfaces/share/ament_index/resource_index/rosidl_interfaces/turtle_my_interfaces
[0.972s] -- Up-to-date: /home/zzs/chaptmy/chapt_ws/install/turtle_my_interfaces/share/turtle_my_interfaces/srv/TurtleSrv.json
[0.972s] -- Up-to-date: /home/zzs/chaptmy/chapt_ws/install/turtle_my_interfaces/include/turtle_my_interfaces/turtle_my_interfaces
[0.972s] -- Up-to-date: /home/zzs/chaptmy/chapt_ws/install/turtle_my_interfaces/include/turtle_my_interfaces/turtle_my_interfaces/srv
[0.972s] -- Up-to-date: /home/zzs/chaptmy/chapt_ws/install/turtle_my_interfaces/include/turtle_my_interfaces/turtle_my_interfaces/srv/turtle_srv.h
[0.972s] -- Up-to-date: /home/zzs/chaptmy/chapt_ws/install/turtle_my_interfaces/include/turtle_my_interfaces/turtle_my_interfaces/srv/detail
[0.973s] -- Up-to-date: /home/zzs/chaptmy/chapt_ws/install/turtle_my_interfaces/include/turtle_my_interfaces/turtle_my_interfaces/srv/detail/turtle_srv__type_support.h
[0.973s] -- Up-to-date: /home/zzs/chaptmy/chapt_ws/install/turtle_my_interfaces/include/turtle_my_interfaces/turtle_my_interfaces/srv/detail/turtle_srv__functions.c
[0.973s] -- Up-to-date: /home/zzs/chaptmy/chapt_ws/install/turtle_my_interfaces/include/turtle_my_interfaces/turtle_my_interfaces/srv/detail/turtle_srv__description.c
[0.974s] -- Up-to-date: /home/zzs/chaptmy/chapt_ws/install/turtle_my_interfaces/include/turtle_my_interfaces/turtle_my_interfaces/srv/detail/turtle_srv__struct.h
[0.974s] -- Installing: /home/zzs/chaptmy/chapt_ws/install/turtle_my_interfaces/include/turtle_my_interfaces/turtle_my_interfaces/srv/detail/turtle_srv__type_support.c
[0.975s] -- Up-to-date: /home/zzs/chaptmy/chapt_ws/install/turtle_my_interfaces/include/turtle_my_interfaces/turtle_my_interfaces/srv/detail/turtle_srv__functions.h
[0.975s] -- Up-to-date: /home/zzs/chaptmy/chapt_ws/install/turtle_my_interfaces/include/turtle_my_interfaces/turtle_my_interfaces/msg
[0.975s] -- Up-to-date: /home/zzs/chaptmy/chapt_ws/install/turtle_my_interfaces/include/turtle_my_interfaces/turtle_my_interfaces/msg/rosidl_generator_c__visibility_control.h
[0.976s] -- Up-to-date: /home/zzs/chaptmy/chapt_ws/install/turtle_my_interfaces/share/turtle_my_interfaces/environment/library_path.sh
[0.977s] -- Up-to-date: /home/zzs/chaptmy/chapt_ws/install/turtle_my_interfaces/share/turtle_my_interfaces/environment/library_path.dsv
[0.977s] -- Up-to-date: /home/zzs/chaptmy/chapt_ws/install/turtle_my_interfaces/lib/libturtle_my_interfaces__rosidl_generator_c.so
[0.977s] -- Up-to-date: /home/zzs/chaptmy/chapt_ws/install/turtle_my_interfaces/include/turtle_my_interfaces/turtle_my_interfaces
[0.977s] -- Up-to-date: /home/zzs/chaptmy/chapt_ws/install/turtle_my_interfaces/include/turtle_my_interfaces/turtle_my_interfaces/srv
[0.977s] -- Up-to-date: /home/zzs/chaptmy/chapt_ws/install/turtle_my_interfaces/include/turtle_my_interfaces/turtle_my_interfaces/srv/detail
[0.978s] -- Up-to-date: /home/zzs/chaptmy/chapt_ws/install/turtle_my_interfaces/include/turtle_my_interfaces/turtle_my_interfaces/srv/detail/turtle_srv__rosidl_typesupport_fastrtps_c.h
[0.978s] -- Up-to-date: /home/zzs/chaptmy/chapt_ws/install/turtle_my_interfaces/include/turtle_my_interfaces/turtle_my_interfaces/msg
[0.978s] -- Up-to-date: /home/zzs/chaptmy/chapt_ws/install/turtle_my_interfaces/include/turtle_my_interfaces/turtle_my_interfaces/msg/rosidl_typesupport_fastrtps_c__visibility_control.h
[0.978s] -- Up-to-date: /home/zzs/chaptmy/chapt_ws/install/turtle_my_interfaces/lib/libturtle_my_interfaces__rosidl_typesupport_fastrtps_c.so
[0.979s] -- Up-to-date: /home/zzs/chaptmy/chapt_ws/install/turtle_my_interfaces/include/turtle_my_interfaces/turtle_my_interfaces
[0.980s] -- Up-to-date: /home/zzs/chaptmy/chapt_ws/install/turtle_my_interfaces/include/turtle_my_interfaces/turtle_my_interfaces/srv
[0.980s] -- Up-to-date: /home/zzs/chaptmy/chapt_ws/install/turtle_my_interfaces/include/turtle_my_interfaces/turtle_my_interfaces/srv/detail
[0.981s] -- Up-to-date: /home/zzs/chaptmy/chapt_ws/install/turtle_my_interfaces/include/turtle_my_interfaces/turtle_my_interfaces/srv/detail/turtle_srv__type_support.hpp
[0.981s] -- Up-to-date: /home/zzs/chaptmy/chapt_ws/install/turtle_my_interfaces/include/turtle_my_interfaces/turtle_my_interfaces/srv/detail/turtle_srv__traits.hpp
[0.981s] -- Up-to-date: /home/zzs/chaptmy/chapt_ws/install/turtle_my_interfaces/include/turtle_my_interfaces/turtle_my_interfaces/srv/detail/turtle_srv__struct.hpp
[0.983s] -- Up-to-date: /home/zzs/chaptmy/chapt_ws/install/turtle_my_interfaces/include/turtle_my_interfaces/turtle_my_interfaces/srv/detail/turtle_srv__builder.hpp
[0.983s] -- Up-to-date: /home/zzs/chaptmy/chapt_ws/install/turtle_my_interfaces/include/turtle_my_interfaces/turtle_my_interfaces/srv/turtle_srv.hpp
[0.983s] -- Up-to-date: /home/zzs/chaptmy/chapt_ws/install/turtle_my_interfaces/include/turtle_my_interfaces/turtle_my_interfaces/msg
[0.983s] -- Up-to-date: /home/zzs/chaptmy/chapt_ws/install/turtle_my_interfaces/include/turtle_my_interfaces/turtle_my_interfaces/msg/rosidl_generator_cpp__visibility_control.hpp
[0.983s] -- Up-to-date: /home/zzs/chaptmy/chapt_ws/install/turtle_my_interfaces/include/turtle_my_interfaces/turtle_my_interfaces
[0.983s] -- Up-to-date: /home/zzs/chaptmy/chapt_ws/install/turtle_my_interfaces/include/turtle_my_interfaces/turtle_my_interfaces/srv
[0.983s] -- Up-to-date: /home/zzs/chaptmy/chapt_ws/install/turtle_my_interfaces/include/turtle_my_interfaces/turtle_my_interfaces/srv/detail
[0.984s] -- Up-to-date: /home/zzs/chaptmy/chapt_ws/install/turtle_my_interfaces/include/turtle_my_interfaces/turtle_my_interfaces/srv/detail/turtle_srv__rosidl_typesupport_fastrtps_cpp.hpp
[0.984s] -- Up-to-date: /home/zzs/chaptmy/chapt_ws/install/turtle_my_interfaces/include/turtle_my_interfaces/turtle_my_interfaces/srv/detail/dds_fastrtps
[0.984s] -- Up-to-date: /home/zzs/chaptmy/chapt_ws/install/turtle_my_interfaces/include/turtle_my_interfaces/turtle_my_interfaces/msg
[0.984s] -- Up-to-date: /home/zzs/chaptmy/chapt_ws/install/turtle_my_interfaces/include/turtle_my_interfaces/turtle_my_interfaces/msg/rosidl_typesupport_fastrtps_cpp__visibility_control.h
[0.984s] -- Up-to-date: /home/zzs/chaptmy/chapt_ws/install/turtle_my_interfaces/lib/libturtle_my_interfaces__rosidl_typesupport_fastrtps_cpp.so
[0.984s] -- Up-to-date: /home/zzs/chaptmy/chapt_ws/install/turtle_my_interfaces/include/turtle_my_interfaces/turtle_my_interfaces
[0.985s] -- Up-to-date: /home/zzs/chaptmy/chapt_ws/install/turtle_my_interfaces/include/turtle_my_interfaces/turtle_my_interfaces/srv
[0.985s] -- Up-to-date: /home/zzs/chaptmy/chapt_ws/install/turtle_my_interfaces/include/turtle_my_interfaces/turtle_my_interfaces/srv/detail
[0.985s] -- Up-to-date: /home/zzs/chaptmy/chapt_ws/install/turtle_my_interfaces/include/turtle_my_interfaces/turtle_my_interfaces/srv/detail/turtle_srv__rosidl_typesupport_introspection_c.h
[0.986s] -- Installing: /home/zzs/chaptmy/chapt_ws/install/turtle_my_interfaces/include/turtle_my_interfaces/turtle_my_interfaces/srv/detail/turtle_srv__type_support.c
[0.986s] -- Up-to-date: /home/zzs/chaptmy/chapt_ws/install/turtle_my_interfaces/include/turtle_my_interfaces/turtle_my_interfaces/msg
[0.986s] -- Up-to-date: /home/zzs/chaptmy/chapt_ws/install/turtle_my_interfaces/include/turtle_my_interfaces/turtle_my_interfaces/msg/rosidl_typesupport_introspection_c__visibility_control.h
[0.986s] -- Up-to-date: /home/zzs/chaptmy/chapt_ws/install/turtle_my_interfaces/lib/libturtle_my_interfaces__rosidl_typesupport_introspection_c.so
[0.986s] -- Up-to-date: /home/zzs/chaptmy/chapt_ws/install/turtle_my_interfaces/lib/libturtle_my_interfaces__rosidl_typesupport_c.so
[0.986s] -- Up-to-date: /home/zzs/chaptmy/chapt_ws/install/turtle_my_interfaces/include/turtle_my_interfaces/turtle_my_interfaces
[0.986s] -- Up-to-date: /home/zzs/chaptmy/chapt_ws/install/turtle_my_interfaces/include/turtle_my_interfaces/turtle_my_interfaces/srv
[0.986s] -- Up-to-date: /home/zzs/chaptmy/chapt_ws/install/turtle_my_interfaces/include/turtle_my_interfaces/turtle_my_interfaces/srv/detail
[0.986s] -- Up-to-date: /home/zzs/chaptmy/chapt_ws/install/turtle_my_interfaces/include/turtle_my_interfaces/turtle_my_interfaces/srv/detail/turtle_srv__type_support.cpp
[0.987s] -- Up-to-date: /home/zzs/chaptmy/chapt_ws/install/turtle_my_interfaces/include/turtle_my_interfaces/turtle_my_interfaces/srv/detail/turtle_srv__rosidl_typesupport_introspection_cpp.hpp
[0.987s] -- Up-to-date: /home/zzs/chaptmy/chapt_ws/install/turtle_my_interfaces/lib/libturtle_my_interfaces__rosidl_typesupport_introspection_cpp.so
[0.987s] -- Up-to-date: /home/zzs/chaptmy/chapt_ws/install/turtle_my_interfaces/lib/libturtle_my_interfaces__rosidl_typesupport_cpp.so
[0.987s] -- Up-to-date: /home/zzs/chaptmy/chapt_ws/install/turtle_my_interfaces/share/turtle_my_interfaces/environment/pythonpath.sh
[0.987s] -- Up-to-date: /home/zzs/chaptmy/chapt_ws/install/turtle_my_interfaces/share/turtle_my_interfaces/environment/pythonpath.dsv
[0.987s] -- Up-to-date: /home/zzs/chaptmy/chapt_ws/install/turtle_my_interfaces/lib/python3.12/site-packages/turtle_my_interfaces-0.0.0-py3.12.egg-info
[0.988s] -- Installing: /home/zzs/chaptmy/chapt_ws/install/turtle_my_interfaces/lib/python3.12/site-packages/turtle_my_interfaces-0.0.0-py3.12.egg-info/PKG-INFO
[0.988s] -- Installing: /home/zzs/chaptmy/chapt_ws/install/turtle_my_interfaces/lib/python3.12/site-packages/turtle_my_interfaces-0.0.0-py3.12.egg-info/SOURCES.txt
[0.988s] -- Installing: /home/zzs/chaptmy/chapt_ws/install/turtle_my_interfaces/lib/python3.12/site-packages/turtle_my_interfaces-0.0.0-py3.12.egg-info/top_level.txt
[0.988s] -- Installing: /home/zzs/chaptmy/chapt_ws/install/turtle_my_interfaces/lib/python3.12/site-packages/turtle_my_interfaces-0.0.0-py3.12.egg-info/dependency_links.txt
[0.988s] -- Up-to-date: /home/zzs/chaptmy/chapt_ws/install/turtle_my_interfaces/lib/python3.12/site-packages/turtle_my_interfaces
[0.988s] -- Up-to-date: /home/zzs/chaptmy/chapt_ws/install/turtle_my_interfaces/lib/python3.12/site-packages/turtle_my_interfaces/turtle_my_interfaces_s__rosidl_typesupport_fastrtps_c.so
[0.988s] -- Up-to-date: /home/zzs/chaptmy/chapt_ws/install/turtle_my_interfaces/lib/python3.12/site-packages/turtle_my_interfaces/_turtle_my_interfaces_s.ep.rosidl_typesupport_fastrtps_c.c
[0.989s] -- Up-to-date: /home/zzs/chaptmy/chapt_ws/install/turtle_my_interfaces/lib/python3.12/site-packages/turtle_my_interfaces/srv
[0.989s] -- Up-to-date: /home/zzs/chaptmy/chapt_ws/install/turtle_my_interfaces/lib/python3.12/site-packages/turtle_my_interfaces/srv/_turtle_srv_s.c
[0.989s] -- Up-to-date: /home/zzs/chaptmy/chapt_ws/install/turtle_my_interfaces/lib/python3.12/site-packages/turtle_my_interfaces/srv/__init__.py
[0.989s] -- Up-to-date: /home/zzs/chaptmy/chapt_ws/install/turtle_my_interfaces/lib/python3.12/site-packages/turtle_my_interfaces/srv/_turtle_srv.py
[0.989s] -- Up-to-date: /home/zzs/chaptmy/chapt_ws/install/turtle_my_interfaces/lib/python3.12/site-packages/turtle_my_interfaces/turtle_my_interfaces_s__rosidl_typesupport_introspection_c.so
[0.989s] -- Up-to-date: /home/zzs/chaptmy/chapt_ws/install/turtle_my_interfaces/lib/python3.12/site-packages/turtle_my_interfaces/__init__.py
[0.989s] -- Up-to-date: /home/zzs/chaptmy/chapt_ws/install/turtle_my_interfaces/lib/python3.12/site-packages/turtle_my_interfaces/_turtle_my_interfaces_s.ep.rosidl_typesupport_introspection_c.c
[0.989s] -- Up-to-date: /home/zzs/chaptmy/chapt_ws/install/turtle_my_interfaces/lib/python3.12/site-packages/turtle_my_interfaces/turtle_my_interfaces_s__rosidl_typesupport_c.so
[0.989s] -- Up-to-date: /home/zzs/chaptmy/chapt_ws/install/turtle_my_interfaces/lib/python3.12/site-packages/turtle_my_interfaces/_turtle_my_interfaces_s.ep.rosidl_typesupport_c.c
[1.019s] Listing '/home/zzs/chaptmy/chapt_ws/install/turtle_my_interfaces/lib/python3.12/site-packages/turtle_my_interfaces'...
[1.019s] Listing '/home/zzs/chaptmy/chapt_ws/install/turtle_my_interfaces/lib/python3.12/site-packages/turtle_my_interfaces/srv'...
[1.028s] -- Up-to-date: /home/zzs/chaptmy/chapt_ws/install/turtle_my_interfaces/lib/python3.12/site-packages/turtle_my_interfaces/turtle_my_interfaces_s__rosidl_typesupport_fastrtps_c.so
[1.028s] -- Up-to-date: /home/zzs/chaptmy/chapt_ws/install/turtle_my_interfaces/lib/python3.12/site-packages/turtle_my_interfaces/turtle_my_interfaces_s__rosidl_typesupport_introspection_c.so
[1.029s] -- Up-to-date: /home/zzs/chaptmy/chapt_ws/install/turtle_my_interfaces/lib/python3.12/site-packages/turtle_my_interfaces/turtle_my_interfaces_s__rosidl_typesupport_c.so
[1.029s] -- Up-to-date: /home/zzs/chaptmy/chapt_ws/install/turtle_my_interfaces/lib/libturtle_my_interfaces__rosidl_generator_py.so
[1.030s] -- Up-to-date: /home/zzs/chaptmy/chapt_ws/install/turtle_my_interfaces/share/ament_index/resource_index/rust_packages/turtle_my_interfaces
[1.030s] -- Up-to-date: /home/zzs/chaptmy/chapt_ws/install/turtle_my_interfaces/share/turtle_my_interfaces/rust
[1.030s] -- Up-to-date: /home/zzs/chaptmy/chapt_ws/install/turtle_my_interfaces/share/turtle_my_interfaces/rust/src
[1.030s] -- Up-to-date: /home/zzs/chaptmy/chapt_ws/install/turtle_my_interfaces/share/turtle_my_interfaces/rust/src/lib.rs
[1.031s] -- Up-to-date: /home/zzs/chaptmy/chapt_ws/install/turtle_my_interfaces/share/turtle_my_interfaces/rust/src/srv
[1.031s] -- Up-to-date: /home/zzs/chaptmy/chapt_ws/install/turtle_my_interfaces/share/turtle_my_interfaces/rust/src/srv/rmw.rs
[1.031s] -- Up-to-date: /home/zzs/chaptmy/chapt_ws/install/turtle_my_interfaces/share/turtle_my_interfaces/rust/src/srv.rs
[1.032s] -- Up-to-date: /home/zzs/chaptmy/chapt_ws/install/turtle_my_interfaces/share/turtle_my_interfaces/rust/build.rs
[1.032s] -- Up-to-date: /home/zzs/chaptmy/chapt_ws/install/turtle_my_interfaces/share/turtle_my_interfaces/rust/Cargo.toml
[1.032s] -- Up-to-date: /home/zzs/chaptmy/chapt_ws/install/turtle_my_interfaces/share/turtle_my_interfaces/srv/TurtleSrv.idl
[1.032s] -- Up-to-date: /home/zzs/chaptmy/chapt_ws/install/turtle_my_interfaces/share/turtle_my_interfaces/srv/TurtleSrv.srv
[1.032s] -- Up-to-date: /home/zzs/chaptmy/chapt_ws/install/turtle_my_interfaces/share/ament_index/resource_index/package_run_dependencies/turtle_my_interfaces
[1.033s] -- Up-to-date: /home/zzs/chaptmy/chapt_ws/install/turtle_my_interfaces/share/ament_index/resource_index/parent_prefix_path/turtle_my_interfaces
[1.034s] -- Up-to-date: /home/zzs/chaptmy/chapt_ws/install/turtle_my_interfaces/share/turtle_my_interfaces/environment/ament_prefix_path.sh
[1.034s] -- Up-to-date: /home/zzs/chaptmy/chapt_ws/install/turtle_my_interfaces/share/turtle_my_interfaces/environment/ament_prefix_path.dsv
[1.035s] -- Up-to-date: /home/zzs/chaptmy/chapt_ws/install/turtle_my_interfaces/share/turtle_my_interfaces/environment/path.sh
[1.036s] -- Up-to-date: /home/zzs/chaptmy/chapt_ws/install/turtle_my_interfaces/share/turtle_my_interfaces/environment/path.dsv
[1.036s] -- Up-to-date: /home/zzs/chaptmy/chapt_ws/install/turtle_my_interfaces/share/turtle_my_interfaces/local_setup.bash
[1.036s] -- Up-to-date: /home/zzs/chaptmy/chapt_ws/install/turtle_my_interfaces/share/turtle_my_interfaces/local_setup.sh
[1.037s] -- Up-to-date: /home/zzs/chaptmy/chapt_ws/install/turtle_my_interfaces/share/turtle_my_interfaces/local_setup.zsh
[1.037s] -- Up-to-date: /home/zzs/chaptmy/chapt_ws/install/turtle_my_interfaces/share/turtle_my_interfaces/local_setup.dsv
[1.037s] -- Installing: /home/zzs/chaptmy/chapt_ws/install/turtle_my_interfaces/share/turtle_my_interfaces/package.dsv
[1.038s] -- Up-to-date: /home/zzs/chaptmy/chapt_ws/install/turtle_my_interfaces/share/ament_index/resource_index/packages/turtle_my_interfaces
[1.038s] -- Up-to-date: /home/zzs/chaptmy/chapt_ws/install/turtle_my_interfaces/share/turtle_my_interfaces/cmake/export_turtle_my_interfaces__rosidl_generator_cExport.cmake
[1.038s] -- Up-to-date: /home/zzs/chaptmy/chapt_ws/install/turtle_my_interfaces/share/turtle_my_interfaces/cmake/export_turtle_my_interfaces__rosidl_generator_cExport-noconfig.cmake
[1.038s] -- Up-to-date: /home/zzs/chaptmy/chapt_ws/install/turtle_my_interfaces/share/turtle_my_interfaces/cmake/export_turtle_my_interfaces__rosidl_typesupport_fastrtps_cExport.cmake
[1.038s] -- Up-to-date: /home/zzs/chaptmy/chapt_ws/install/turtle_my_interfaces/share/turtle_my_interfaces/cmake/export_turtle_my_interfaces__rosidl_typesupport_fastrtps_cExport-noconfig.cmake
[1.038s] -- Up-to-date: /home/zzs/chaptmy/chapt_ws/install/turtle_my_interfaces/share/turtle_my_interfaces/cmake/export_turtle_my_interfaces__rosidl_generator_cppExport.cmake
[1.038s] -- Up-to-date: /home/zzs/chaptmy/chapt_ws/install/turtle_my_interfaces/share/turtle_my_interfaces/cmake/export_turtle_my_interfaces__rosidl_typesupport_fastrtps_cppExport.cmake
[1.038s] -- Up-to-date: /home/zzs/chaptmy/chapt_ws/install/turtle_my_interfaces/share/turtle_my_interfaces/cmake/export_turtle_my_interfaces__rosidl_typesupport_fastrtps_cppExport-noconfig.cmake
[1.038s] -- Up-to-date: /home/zzs/chaptmy/chapt_ws/install/turtle_my_interfaces/share/turtle_my_interfaces/cmake/turtle_my_interfaces__rosidl_typesupport_introspection_cExport.cmake
[1.038s] -- Up-to-date: /home/zzs/chaptmy/chapt_ws/install/turtle_my_interfaces/share/turtle_my_interfaces/cmake/turtle_my_interfaces__rosidl_typesupport_introspection_cExport-noconfig.cmake
[1.039s] -- Up-to-date: /home/zzs/chaptmy/chapt_ws/install/turtle_my_interfaces/share/turtle_my_interfaces/cmake/turtle_my_interfaces__rosidl_typesupport_cExport.cmake
[1.039s] -- Up-to-date: /home/zzs/chaptmy/chapt_ws/install/turtle_my_interfaces/share/turtle_my_interfaces/cmake/turtle_my_interfaces__rosidl_typesupport_cExport-noconfig.cmake
[1.039s] -- Up-to-date: /home/zzs/chaptmy/chapt_ws/install/turtle_my_interfaces/share/turtle_my_interfaces/cmake/turtle_my_interfaces__rosidl_typesupport_introspection_cppExport.cmake
[1.039s] -- Up-to-date: /home/zzs/chaptmy/chapt_ws/install/turtle_my_interfaces/share/turtle_my_interfaces/cmake/turtle_my_interfaces__rosidl_typesupport_introspection_cppExport-noconfig.cmake
[1.040s] -- Up-to-date: /home/zzs/chaptmy/chapt_ws/install/turtle_my_interfaces/share/turtle_my_interfaces/cmake/turtle_my_interfaces__rosidl_typesupport_cppExport.cmake
[1.040s] -- Up-to-date: /home/zzs/chaptmy/chapt_ws/install/turtle_my_interfaces/share/turtle_my_interfaces/cmake/turtle_my_interfaces__rosidl_typesupport_cppExport-noconfig.cmake
[1.041s] -- Up-to-date: /home/zzs/chaptmy/chapt_ws/install/turtle_my_interfaces/share/turtle_my_interfaces/cmake/export_turtle_my_interfaces__rosidl_generator_pyExport.cmake
[1.042s] -- Up-to-date: /home/zzs/chaptmy/chapt_ws/install/turtle_my_interfaces/share/turtle_my_interfaces/cmake/export_turtle_my_interfaces__rosidl_generator_pyExport-noconfig.cmake
[1.042s] -- Up-to-date: /home/zzs/chaptmy/chapt_ws/install/turtle_my_interfaces/share/turtle_my_interfaces/cmake/rosidl_cmake-extras.cmake
[1.043s] -- Up-to-date: /home/zzs/chaptmy/chapt_ws/install/turtle_my_interfaces/share/turtle_my_interfaces/cmake/ament_cmake_export_dependencies-extras.cmake
[1.044s] -- Up-to-date: /home/zzs/chaptmy/chapt_ws/install/turtle_my_interfaces/share/turtle_my_interfaces/cmake/ament_cmake_export_include_directories-extras.cmake
[1.044s] -- Up-to-date: /home/zzs/chaptmy/chapt_ws/install/turtle_my_interfaces/share/turtle_my_interfaces/cmake/ament_cmake_export_libraries-extras.cmake
[1.044s] -- Up-to-date: /home/zzs/chaptmy/chapt_ws/install/turtle_my_interfaces/share/turtle_my_interfaces/cmake/ament_cmake_export_targets-extras.cmake
[1.044s] -- Up-to-date: /home/zzs/chaptmy/chapt_ws/install/turtle_my_interfaces/share/turtle_my_interfaces/cmake/rosidl_cmake_export_typesupport_targets-extras.cmake
[1.044s] -- Up-to-date: /home/zzs/chaptmy/chapt_ws/install/turtle_my_interfaces/share/turtle_my_interfaces/cmake/rosidl_cmake_export_typesupport_libraries-extras.cmake
[1.044s] -- Up-to-date: /home/zzs/chaptmy/chapt_ws/install/turtle_my_interfaces/share/turtle_my_interfaces/cmake/rosidl_cmake_aggregate_target-extras.cmake
[1.044s] -- Up-to-date: /home/zzs/chaptmy/chapt_ws/install/turtle_my_interfaces/share/turtle_my_interfaces/cmake/turtle_my_interfacesConfig.cmake
[1.044s] -- Up-to-date: /home/zzs/chaptmy/chapt_ws/install/turtle_my_interfaces/share/turtle_my_interfaces/cmake/turtle_my_interfacesConfig-version.cmake
[1.044s] -- Up-to-date: /home/zzs/chaptmy/chapt_ws/install/turtle_my_interfaces/share/turtle_my_interfaces/package.xml
[1.046s] Invoked command in '/home/zzs/chaptmy/chapt_ws/build/turtle_my_interfaces' returned '0': CMAKE_PREFIX_PATH=${CMAKE_PREFIX_PATH}:/home/zzs/chaptmy/chapt_ws/install/turtle_my_service:/opt/ros/jazzy DEBUGINFOD_URLS=https://debuginfod.ubuntu.com /usr/bin/cmake --install /home/zzs/chaptmy/chapt_ws/build/turtle_my_interfaces
