[2.402s] DEBUG:colcon:Command line arguments: ['/usr/bin/colcon', 'build']
[2.402s] DEBUG:colcon:Parsed command line arguments: Namespace(log_base=None, log_level=None, verb_name='build', build_base='build', install_base='install', merge_install=False, symlink_install=False, test_result_base=None, continue_on_error=False, executor='parallel', parallel_workers=2, event_handlers=None, ignore_user_meta=False, metas=['./colcon.meta'], base_paths=['.'], packages_ignore=None, packages_ignore_regex=None, paths=None, packages_up_to=None, packages_up_to_regex=None, packages_above=None, packages_above_and_dependencies=None, packages_above_depth=None, packages_select_by_dep=None, packages_skip_by_dep=None, packages_skip_up_to=None, packages_select_build_failed=False, packages_skip_build_finished=False, packages_select_test_failures=False, packages_skip_test_passed=False, packages_select=None, packages_skip=None, packages_select_regex=None, packages_skip_regex=None, packages_start=None, packages_end=None, allow_overriding=[], cmake_args=None, cmake_target=None, cmake_target_skip_unavailable=False, cmake_clean_cache=False, cmake_clean_first=False, cmake_force_configure=False, ament_cmake_args=None, catkin_cmake_args=None, catkin_skip_building_tests=False, verb_parser=<colcon_defaults.argument_parser.defaults.DefaultArgumentsDecorator object at 0x737f0b489ca0>, verb_extension=<colcon_core.verb.build.BuildVerb object at 0x737f0b489a00>, main=<bound method BuildVerb.main of <colcon_core.verb.build.BuildVerb object at 0x737f0b489a00>>)
[3.029s] Level 1:colcon.colcon_core.package_discovery:discover_packages(colcon_meta) check parameters
[3.029s] Level 1:colcon.colcon_core.package_discovery:discover_packages(recursive) check parameters
[3.029s] Level 1:colcon.colcon_core.package_discovery:discover_packages(ignore) check parameters
[3.029s] Level 1:colcon.colcon_core.package_discovery:discover_packages(path) check parameters
[3.031s] Level 1:colcon.colcon_core.package_discovery:discover_packages(colcon_meta) discover
[3.031s] Level 1:colcon.colcon_core.package_discovery:discover_packages(recursive) discover
[3.031s] INFO:colcon.colcon_core.package_discovery:Crawling recursively for packages in '/home/zzs/chapt5/chapt5_ws'
[3.032s] Level 1:colcon.colcon_core.package_identification:_identify(.) by extensions ['ignore', 'ignore_ament_install']
[3.032s] Level 1:colcon.colcon_core.package_identification:_identify(.) by extension 'ignore'
[3.032s] Level 1:colcon.colcon_core.package_identification:_identify(.) by extension 'ignore_ament_install'
[3.032s] Level 1:colcon.colcon_core.package_identification:_identify(.) by extensions ['colcon_pkg']
[3.032s] Level 1:colcon.colcon_core.package_identification:_identify(.) by extension 'colcon_pkg'
[3.033s] Level 1:colcon.colcon_core.package_identification:_identify(.) by extensions ['colcon_meta']
[3.033s] Level 1:colcon.colcon_core.package_identification:_identify(.) by extension 'colcon_meta'
[3.033s] Level 1:colcon.colcon_core.package_identification:_identify(.) by extensions ['ros']
[3.033s] Level 1:colcon.colcon_core.package_identification:_identify(.) by extension 'ros'
[3.197s] Level 1:colcon.colcon_core.package_identification:_identify(.) by extensions ['cmake', 'python']
[3.200s] Level 1:colcon.colcon_core.package_identification:_identify(.) by extension 'cmake'
[3.200s] Level 1:colcon.colcon_core.package_identification:_identify(.) by extension 'python'
[3.201s] Level 1:colcon.colcon_core.package_identification:_identify(.) by extensions ['python_setup_py']
[3.203s] Level 1:colcon.colcon_core.package_identification:_identify(.) by extension 'python_setup_py'
[3.204s] Level 1:colcon.colcon_core.package_identification:_identify(build) by extensions ['ignore', 'ignore_ament_install']
[3.204s] Level 1:colcon.colcon_core.package_identification:_identify(build) by extension 'ignore'
[3.204s] Level 1:colcon.colcon_core.package_identification:_identify(build) ignored
[3.204s] Level 1:colcon.colcon_core.package_identification:_identify(install) by extensions ['ignore', 'ignore_ament_install']
[3.204s] Level 1:colcon.colcon_core.package_identification:_identify(install) by extension 'ignore'
[3.204s] Level 1:colcon.colcon_core.package_identification:_identify(install) ignored
[3.204s] Level 1:colcon.colcon_core.package_identification:_identify(log) by extensions ['ignore', 'ignore_ament_install']
[3.204s] Level 1:colcon.colcon_core.package_identification:_identify(log) by extension 'ignore'
[3.204s] Level 1:colcon.colcon_core.package_identification:_identify(log) ignored
[3.208s] Level 1:colcon.colcon_core.package_identification:_identify(src) by extensions ['ignore', 'ignore_ament_install']
[3.209s] Level 1:colcon.colcon_core.package_identification:_identify(src) by extension 'ignore'
[3.211s] Level 1:colcon.colcon_core.package_identification:_identify(src) by extension 'ignore_ament_install'
[3.211s] Level 1:colcon.colcon_core.package_identification:_identify(src) by extensions ['colcon_pkg']
[3.211s] Level 1:colcon.colcon_core.package_identification:_identify(src) by extension 'colcon_pkg'
[3.211s] Level 1:colcon.colcon_core.package_identification:_identify(src) by extensions ['colcon_meta']
[3.211s] Level 1:colcon.colcon_core.package_identification:_identify(src) by extension 'colcon_meta'
[3.211s] Level 1:colcon.colcon_core.package_identification:_identify(src) by extensions ['ros']
[3.211s] Level 1:colcon.colcon_core.package_identification:_identify(src) by extension 'ros'
[3.211s] Level 1:colcon.colcon_core.package_identification:_identify(src) by extensions ['cmake', 'python']
[3.211s] Level 1:colcon.colcon_core.package_identification:_identify(src) by extension 'cmake'
[3.211s] Level 1:colcon.colcon_core.package_identification:_identify(src) by extension 'python'
[3.212s] Level 1:colcon.colcon_core.package_identification:_identify(src) by extensions ['python_setup_py']
[3.212s] Level 1:colcon.colcon_core.package_identification:_identify(src) by extension 'python_setup_py'
[3.214s] Level 1:colcon.colcon_core.package_identification:_identify(src/demo_python_tf) by extensions ['ignore', 'ignore_ament_install']
[3.217s] Level 1:colcon.colcon_core.package_identification:_identify(src/demo_python_tf) by extension 'ignore'
[3.218s] Level 1:colcon.colcon_core.package_identification:_identify(src/demo_python_tf) by extension 'ignore_ament_install'
[3.218s] Level 1:colcon.colcon_core.package_identification:_identify(src/demo_python_tf) by extensions ['colcon_pkg']
[3.218s] Level 1:colcon.colcon_core.package_identification:_identify(src/demo_python_tf) by extension 'colcon_pkg'
[3.218s] Level 1:colcon.colcon_core.package_identification:_identify(src/demo_python_tf) by extensions ['colcon_meta']
[3.218s] Level 1:colcon.colcon_core.package_identification:_identify(src/demo_python_tf) by extension 'colcon_meta'
[3.218s] Level 1:colcon.colcon_core.package_identification:_identify(src/demo_python_tf) by extensions ['ros']
[3.219s] Level 1:colcon.colcon_core.package_identification:_identify(src/demo_python_tf) by extension 'ros'
[3.255s] DEBUG:colcon.colcon_core.package_identification:Package 'src/demo_python_tf' with type 'ros.ament_python' and name 'demo_python_tf'
[3.255s] Level 1:colcon.colcon_core.package_discovery:discover_packages(recursive) using defaults
[3.255s] Level 1:colcon.colcon_core.package_discovery:discover_packages(ignore) discover
[3.255s] Level 1:colcon.colcon_core.package_discovery:discover_packages(ignore) using defaults
[3.255s] Level 1:colcon.colcon_core.package_discovery:discover_packages(path) discover
[3.255s] Level 1:colcon.colcon_core.package_discovery:discover_packages(path) using defaults
[3.668s] Level 1:colcon.colcon_core.package_discovery:discover_packages(prefix_path) check parameters
[3.677s] Level 1:colcon.colcon_core.package_discovery:discover_packages(prefix_path) discover
[3.729s] DEBUG:colcon.colcon_installed_package_information.package_discovery:Found 1 installed packages in /home/zzs/chapt5/chapt5_ws/install
[3.751s] DEBUG:colcon.colcon_installed_package_information.package_discovery:Found 288 installed packages in /opt/ros/jazzy
[3.765s] Level 1:colcon.colcon_core.package_discovery:discover_packages(prefix_path) using defaults
[4.272s] Level 5:colcon.colcon_core.verb:set package 'demo_python_tf' build argument 'cmake_args' from command line to 'None'
[4.272s] Level 5:colcon.colcon_core.verb:set package 'demo_python_tf' build argument 'cmake_target' from command line to 'None'
[4.272s] Level 5:colcon.colcon_core.verb:set package 'demo_python_tf' build argument 'cmake_target_skip_unavailable' from command line to 'False'
[4.272s] Level 5:colcon.colcon_core.verb:set package 'demo_python_tf' build argument 'cmake_clean_cache' from command line to 'False'
[4.272s] Level 5:colcon.colcon_core.verb:set package 'demo_python_tf' build argument 'cmake_clean_first' from command line to 'False'
[4.272s] Level 5:colcon.colcon_core.verb:set package 'demo_python_tf' build argument 'cmake_force_configure' from command line to 'False'
[4.272s] Level 5:colcon.colcon_core.verb:set package 'demo_python_tf' build argument 'ament_cmake_args' from command line to 'None'
[4.272s] Level 5:colcon.colcon_core.verb:set package 'demo_python_tf' build argument 'catkin_cmake_args' from command line to 'None'
[4.272s] Level 5:colcon.colcon_core.verb:set package 'demo_python_tf' build argument 'catkin_skip_building_tests' from command line to 'False'
[4.272s] DEBUG:colcon.colcon_core.verb:Building package 'demo_python_tf' with the following arguments: {'ament_cmake_args': None, 'build_base': '/home/zzs/chapt5/chapt5_ws/build/demo_python_tf', 'catkin_cmake_args': None, 'catkin_skip_building_tests': False, 'cmake_args': None, 'cmake_clean_cache': False, 'cmake_clean_first': False, 'cmake_force_configure': False, 'cmake_target': None, 'cmake_target_skip_unavailable': False, 'install_base': '/home/zzs/chapt5/chapt5_ws/install/demo_python_tf', 'merge_install': False, 'path': '/home/zzs/chapt5/chapt5_ws/src/demo_python_tf', 'symlink_install': False, 'test_result_base': None}
[4.273s] INFO:colcon.colcon_core.executor:Executing jobs using 'parallel' executor
[4.274s] DEBUG:colcon.colcon_parallel_executor.executor.parallel:run_until_complete
[4.275s] INFO:colcon.colcon_ros.task.ament_python.build:Building ROS package in '/home/zzs/chapt5/chapt5_ws/src/demo_python_tf' with build type 'ament_python'
[4.275s] Level 1:colcon.colcon_core.shell:create_environment_hook('demo_python_tf', 'ament_prefix_path')
[4.284s] INFO:colcon.colcon_core.plugin_system:Skipping extension 'colcon_core.shell.bat': Not used on non-Windows systems
[4.284s] INFO:colcon.colcon_core.shell:Creating environment hook '/home/zzs/chapt5/chapt5_ws/install/demo_python_tf/share/demo_python_tf/hook/ament_prefix_path.ps1'
[4.288s] INFO:colcon.colcon_core.shell:Creating environment descriptor '/home/zzs/chapt5/chapt5_ws/install/demo_python_tf/share/demo_python_tf/hook/ament_prefix_path.dsv'
[4.291s] INFO:colcon.colcon_core.shell:Creating environment hook '/home/zzs/chapt5/chapt5_ws/install/demo_python_tf/share/demo_python_tf/hook/ament_prefix_path.sh'
[4.294s] INFO:colcon.colcon_core.shell:Skip shell extension 'powershell' for command environment: Not usable outside of PowerShell
[4.294s] DEBUG:colcon.colcon_core.shell:Skip shell extension 'dsv' for command environment
[4.704s] INFO:colcon.colcon_core.task.python.build:Building Python package in '/home/zzs/chapt5/chapt5_ws/src/demo_python_tf'
[4.705s] INFO:colcon.colcon_core.shell:Skip shell extension 'powershell' for command environment: Not usable outside of PowerShell
[4.705s] DEBUG:colcon.colcon_core.shell:Skip shell extension 'dsv' for command environment
[5.748s] DEBUG:colcon.colcon_core.task.python.build:Available setuptools commands: install_headers, rotate, symlink_data, egg_info, build, build_ext, install, install_lib, bdist_egg, saveopts, test, extract_messages, register, check, setopt, bdist, build_py, bdist_wheel, clean, dist_info, upload_docs, install_egg_info, develop, bdist_dumb, easy_install, sdist, bdist_rpm, install_scripts, update_catalog, alias, editable_wheel, compile_catalog, build_clib, init_catalog, build_scripts, upload, install_data
[5.764s] DEBUG:colcon.colcon_core.event_handler.log_command:Invoking command in '/home/zzs/chapt5/chapt5_ws/src/demo_python_tf': DEBUGINFOD_URLS=https://debuginfod.ubuntu.com PYTHONPATH=/home/zzs/chapt5/chapt5_ws/build/demo_python_tf/prefix_override:/usr/lib/python3/dist-packages/colcon_core/task/python/colcon_distutils_commands:/home/zzs/chapt5/chapt5_ws/install/demo_python_tf/lib/python3.12/site-packages:${PYTHONPATH} /usr/bin/python3 -W ignore:setup.py install is deprecated -W ignore:easy_install command is deprecated setup.py egg_info --egg-base ../../build/demo_python_tf build --build-base /home/zzs/chapt5/chapt5_ws/build/demo_python_tf/build install --record /home/zzs/chapt5/chapt5_ws/build/demo_python_tf/install.log --install-scripts $base/lib/demo_python_tf --single-version-externally-managed install_data
[6.573s] DEBUG:colcon.colcon_core.event_handler.log_command:Invoked command in '/home/zzs/chapt5/chapt5_ws/src/demo_python_tf' returned '0': DEBUGINFOD_URLS=https://debuginfod.ubuntu.com PYTHONPATH=/home/zzs/chapt5/chapt5_ws/build/demo_python_tf/prefix_override:/usr/lib/python3/dist-packages/colcon_core/task/python/colcon_distutils_commands:/home/zzs/chapt5/chapt5_ws/install/demo_python_tf/lib/python3.12/site-packages:${PYTHONPATH} /usr/bin/python3 -W ignore:setup.py install is deprecated -W ignore:easy_install command is deprecated setup.py egg_info --egg-base ../../build/demo_python_tf build --build-base /home/zzs/chapt5/chapt5_ws/build/demo_python_tf/build install --record /home/zzs/chapt5/chapt5_ws/build/demo_python_tf/install.log --install-scripts $base/lib/demo_python_tf --single-version-externally-managed install_data
[6.581s] Level 1:colcon.colcon_core.environment:checking '/home/zzs/chapt5/chapt5_ws/install/demo_python_tf' for CMake module files
[6.582s] Level 1:colcon.colcon_core.environment:checking '/home/zzs/chapt5/chapt5_ws/install/demo_python_tf' for CMake config files
[6.583s] Level 1:colcon.colcon_core.environment:checking '/home/zzs/chapt5/chapt5_ws/install/demo_python_tf/lib'
[6.583s] Level 1:colcon.colcon_core.environment:checking '/home/zzs/chapt5/chapt5_ws/install/demo_python_tf/bin'
[6.583s] Level 1:colcon.colcon_core.environment:checking '/home/zzs/chapt5/chapt5_ws/install/demo_python_tf/lib/pkgconfig/demo_python_tf.pc'
[6.583s] Level 1:colcon.colcon_core.environment:checking '/home/zzs/chapt5/chapt5_ws/install/demo_python_tf/lib/python3.12/site-packages'
[6.584s] Level 1:colcon.colcon_core.shell:create_environment_hook('demo_python_tf', 'pythonpath')
[6.584s] INFO:colcon.colcon_core.shell:Creating environment hook '/home/zzs/chapt5/chapt5_ws/install/demo_python_tf/share/demo_python_tf/hook/pythonpath.ps1'
[6.585s] INFO:colcon.colcon_core.shell:Creating environment descriptor '/home/zzs/chapt5/chapt5_ws/install/demo_python_tf/share/demo_python_tf/hook/pythonpath.dsv'
[6.586s] INFO:colcon.colcon_core.shell:Creating environment hook '/home/zzs/chapt5/chapt5_ws/install/demo_python_tf/share/demo_python_tf/hook/pythonpath.sh'
[6.587s] Level 1:colcon.colcon_core.environment:checking '/home/zzs/chapt5/chapt5_ws/install/demo_python_tf/bin'
[6.588s] Level 1:colcon.colcon_core.environment:create_environment_scripts_only(demo_python_tf)
[6.588s] INFO:colcon.colcon_core.shell:Creating package script '/home/zzs/chapt5/chapt5_ws/install/demo_python_tf/share/demo_python_tf/package.ps1'
[6.589s] INFO:colcon.colcon_core.shell:Creating package descriptor '/home/zzs/chapt5/chapt5_ws/install/demo_python_tf/share/demo_python_tf/package.dsv'
[6.590s] INFO:colcon.colcon_core.shell:Creating package script '/home/zzs/chapt5/chapt5_ws/install/demo_python_tf/share/demo_python_tf/package.sh'
[6.591s] INFO:colcon.colcon_core.shell:Creating package script '/home/zzs/chapt5/chapt5_ws/install/demo_python_tf/share/demo_python_tf/package.bash'
[6.594s] INFO:colcon.colcon_core.shell:Creating package script '/home/zzs/chapt5/chapt5_ws/install/demo_python_tf/share/demo_python_tf/package.zsh'
[6.595s] Level 1:colcon.colcon_core.environment:create_file_with_runtime_dependencies(/home/zzs/chapt5/chapt5_ws/install/demo_python_tf/share/colcon-core/packages/demo_python_tf)
[6.596s] DEBUG:colcon.colcon_parallel_executor.executor.parallel:closing loop
[6.596s] DEBUG:colcon.colcon_parallel_executor.executor.parallel:loop closed
[6.596s] DEBUG:colcon.colcon_parallel_executor.executor.parallel:run_until_complete finished with '0'
[6.596s] DEBUG:colcon.colcon_core.event_reactor:joining thread
[6.615s] INFO:colcon.colcon_core.plugin_system:Skipping extension 'colcon_notification.desktop_notification.terminal_notifier': Not used on non-Darwin systems
[6.615s] INFO:colcon.colcon_core.plugin_system:Skipping extension 'colcon_notification.desktop_notification.win32': Not used on non-Windows systems
[6.615s] INFO:colcon.colcon_notification.desktop_notification:Sending desktop notification using 'notify2'
[7.784s] DEBUG:colcon.colcon_core.event_reactor:joined thread
[7.784s] INFO:colcon.colcon_core.shell:Creating prefix script '/home/zzs/chapt5/chapt5_ws/install/local_setup.ps1'
[7.785s] INFO:colcon.colcon_core.shell:Creating prefix util module '/home/zzs/chapt5/chapt5_ws/install/_local_setup_util_ps1.py'
[7.815s] INFO:colcon.colcon_core.shell:Creating prefix chain script '/home/zzs/chapt5/chapt5_ws/install/setup.ps1'
[7.868s] INFO:colcon.colcon_core.shell:Creating prefix script '/home/zzs/chapt5/chapt5_ws/install/local_setup.sh'
[7.890s] INFO:colcon.colcon_core.shell:Creating prefix util module '/home/zzs/chapt5/chapt5_ws/install/_local_setup_util_sh.py'
[7.917s] INFO:colcon.colcon_core.shell:Creating prefix chain script '/home/zzs/chapt5/chapt5_ws/install/setup.sh'
[7.960s] INFO:colcon.colcon_core.shell:Creating prefix script '/home/zzs/chapt5/chapt5_ws/install/local_setup.bash'
[7.977s] INFO:colcon.colcon_core.shell:Creating prefix chain script '/home/zzs/chapt5/chapt5_ws/install/setup.bash'
[7.980s] INFO:colcon.colcon_core.shell:Creating prefix script '/home/zzs/chapt5/chapt5_ws/install/local_setup.zsh'
[7.984s] INFO:colcon.colcon_core.shell:Creating prefix chain script '/home/zzs/chapt5/chapt5_ws/install/setup.zsh'
