[0.025s] Invoking command in '/home/zzs/workspace/ros2/ros2_study/chapt7/chapt7_ws/build/zzs_navigation2': CMAKE_PREFIX_PATH=${CMAKE_PREFIX_PATH}:/home/zzs/workspace/ros2/ros2_study/chapt7/chapt7_ws/install/zzs_application:/opt/ros/humble /usr/bin/cmake --build /home/zzs/workspace/ros2/ros2_study/chapt7/chapt7_ws/build/zzs_navigation2 -- -j2 -l2
[0.208s] Invoked command in '/home/zzs/workspace/ros2/ros2_study/chapt7/chapt7_ws/build/zzs_navigation2' returned '0': CMAKE_PREFIX_PATH=${CMAKE_PREFIX_PATH}:/home/zzs/workspace/ros2/ros2_study/chapt7/chapt7_ws/install/zzs_application:/opt/ros/humble /usr/bin/cmake --build /home/zzs/workspace/ros2/ros2_study/chapt7/chapt7_ws/build/zzs_navigation2 -- -j2 -l2
[0.220s] Invoking command in '/home/zzs/workspace/ros2/ros2_study/chapt7/chapt7_ws/build/zzs_navigation2': CMAKE_PREFIX_PATH=${CMAKE_PREFIX_PATH}:/home/zzs/workspace/ros2/ros2_study/chapt7/chapt7_ws/install/zzs_application:/opt/ros/humble /usr/bin/cmake --install /home/zzs/workspace/ros2/ros2_study/chapt7/chapt7_ws/build/zzs_navigation2
[0.293s] -- Install configuration: ""
[0.296s] -- Up-to-date: /home/zzs/workspace/ros2/ros2_study/chapt7/chapt7_ws/install/zzs_navigation2/share/zzs_navigation2/launch
[0.304s] -- Up-to-date: /home/zzs/workspace/ros2/ros2_study/chapt7/chapt7_ws/install/zzs_navigation2/share/zzs_navigation2/launch/navigation2.launch.py
[0.305s] -- Up-to-date: /home/zzs/workspace/ros2/ros2_study/chapt7/chapt7_ws/install/zzs_navigation2/share/zzs_navigation2/config
[0.307s] -- Up-to-date: /home/zzs/workspace/ros2/ros2_study/chapt7/chapt7_ws/install/zzs_navigation2/share/zzs_navigation2/config/nav2_params.yaml
[0.307s] -- Up-to-date: /home/zzs/workspace/ros2/ros2_study/chapt7/chapt7_ws/install/zzs_navigation2/share/zzs_navigation2/maps
[0.308s] -- Up-to-date: /home/zzs/workspace/ros2/ros2_study/chapt7/chapt7_ws/install/zzs_navigation2/share/zzs_navigation2/maps/room.pgm
[0.308s] -- Up-to-date: /home/zzs/workspace/ros2/ros2_study/chapt7/chapt7_ws/install/zzs_navigation2/share/zzs_navigation2/maps/room.yaml
[0.308s] -- Up-to-date: /home/zzs/workspace/ros2/ros2_study/chapt7/chapt7_ws/install/zzs_navigation2/share/ament_index/resource_index/package_run_dependencies/zzs_navigation2
[0.309s] -- Up-to-date: /home/zzs/workspace/ros2/ros2_study/chapt7/chapt7_ws/install/zzs_navigation2/share/ament_index/resource_index/parent_prefix_path/zzs_navigation2
[0.313s] -- Up-to-date: /home/zzs/workspace/ros2/ros2_study/chapt7/chapt7_ws/install/zzs_navigation2/share/zzs_navigation2/environment/ament_prefix_path.sh
[0.313s] -- Up-to-date: /home/zzs/workspace/ros2/ros2_study/chapt7/chapt7_ws/install/zzs_navigation2/share/zzs_navigation2/environment/ament_prefix_path.dsv
[0.314s] -- Up-to-date: /home/zzs/workspace/ros2/ros2_study/chapt7/chapt7_ws/install/zzs_navigation2/share/zzs_navigation2/environment/path.sh
[0.314s] -- Up-to-date: /home/zzs/workspace/ros2/ros2_study/chapt7/chapt7_ws/install/zzs_navigation2/share/zzs_navigation2/environment/path.dsv
[0.315s] -- Up-to-date: /home/zzs/workspace/ros2/ros2_study/chapt7/chapt7_ws/install/zzs_navigation2/share/zzs_navigation2/local_setup.bash
[0.315s] -- Up-to-date: /home/zzs/workspace/ros2/ros2_study/chapt7/chapt7_ws/install/zzs_navigation2/share/zzs_navigation2/local_setup.sh
[0.315s] -- Up-to-date: /home/zzs/workspace/ros2/ros2_study/chapt7/chapt7_ws/install/zzs_navigation2/share/zzs_navigation2/local_setup.zsh
[0.315s] -- Up-to-date: /home/zzs/workspace/ros2/ros2_study/chapt7/chapt7_ws/install/zzs_navigation2/share/zzs_navigation2/local_setup.dsv
[0.315s] -- Installing: /home/zzs/workspace/ros2/ros2_study/chapt7/chapt7_ws/install/zzs_navigation2/share/zzs_navigation2/package.dsv
[0.321s] -- Up-to-date: /home/zzs/workspace/ros2/ros2_study/chapt7/chapt7_ws/install/zzs_navigation2/share/ament_index/resource_index/packages/zzs_navigation2
[0.321s] -- Up-to-date: /home/zzs/workspace/ros2/ros2_study/chapt7/chapt7_ws/install/zzs_navigation2/share/zzs_navigation2/cmake/zzs_navigation2Config.cmake
[0.321s] -- Up-to-date: /home/zzs/workspace/ros2/ros2_study/chapt7/chapt7_ws/install/zzs_navigation2/share/zzs_navigation2/cmake/zzs_navigation2Config-version.cmake
[0.321s] -- Up-to-date: /home/zzs/workspace/ros2/ros2_study/chapt7/chapt7_ws/install/zzs_navigation2/share/zzs_navigation2/package.xml
[0.340s] Invoked command in '/home/zzs/workspace/ros2/ros2_study/chapt7/chapt7_ws/build/zzs_navigation2' returned '0': CMAKE_PREFIX_PATH=${CMAKE_PREFIX_PATH}:/home/zzs/workspace/ros2/ros2_study/chapt7/chapt7_ws/install/zzs_application:/opt/ros/humble /usr/bin/cmake --install /home/zzs/workspace/ros2/ros2_study/chapt7/chapt7_ws/build/zzs_navigation2
