running egg_info
creating ../../../build/demo_python_pkg/demo_python_pkg.egg-info
writing ../../../build/demo_python_pkg/demo_python_pkg.egg-info/PKG-INFO
writing dependency_links to ../../../build/demo_python_pkg/demo_python_pkg.egg-info/dependency_links.txt
writing entry points to ../../../build/demo_python_pkg/demo_python_pkg.egg-info/entry_points.txt
writing requirements to ../../../build/demo_python_pkg/demo_python_pkg.egg-info/requires.txt
writing top-level names to ../../../build/demo_python_pkg/demo_python_pkg.egg-info/top_level.txt
writing manifest file '../../../build/demo_python_pkg/demo_python_pkg.egg-info/SOURCES.txt'
reading manifest file '../../../build/demo_python_pkg/demo_python_pkg.egg-info/SOURCES.txt'
adding license file 'LICENSE'
writing manifest file '../../../build/demo_python_pkg/demo_python_pkg.egg-info/SOURCES.txt'
running build
running build_py
creating /home/zzs/chapt2/build/demo_python_pkg/build
creating /home/zzs/chapt2/build/demo_python_pkg/build/lib
creating /home/zzs/chapt2/build/demo_python_pkg/build/lib/demo_python_pkg
copying demo_python_pkg/person_node.py -> /home/zzs/chapt2/build/demo_python_pkg/build/lib/demo_python_pkg
copying demo_python_pkg/python_node.py -> /home/zzs/chapt2/build/demo_python_pkg/build/lib/demo_python_pkg
copying demo_python_pkg/__init__.py -> /home/zzs/chapt2/build/demo_python_pkg/build/lib/demo_python_pkg
copying demo_python_pkg/learn_thread.py -> /home/zzs/chapt2/build/demo_python_pkg/build/lib/demo_python_pkg
running install
running install_lib
creating /home/zzs/chapt2/install/demo_python_pkg/lib/python3.12/site-packages/demo_python_pkg
copying /home/zzs/chapt2/build/demo_python_pkg/build/lib/demo_python_pkg/person_node.py -> /home/zzs/chapt2/install/demo_python_pkg/lib/python3.12/site-packages/demo_python_pkg
copying /home/zzs/chapt2/build/demo_python_pkg/build/lib/demo_python_pkg/python_node.py -> /home/zzs/chapt2/install/demo_python_pkg/lib/python3.12/site-packages/demo_python_pkg
copying /home/zzs/chapt2/build/demo_python_pkg/build/lib/demo_python_pkg/__init__.py -> /home/zzs/chapt2/install/demo_python_pkg/lib/python3.12/site-packages/demo_python_pkg
copying /home/zzs/chapt2/build/demo_python_pkg/build/lib/demo_python_pkg/learn_thread.py -> /home/zzs/chapt2/install/demo_python_pkg/lib/python3.12/site-packages/demo_python_pkg
byte-compiling /home/zzs/chapt2/install/demo_python_pkg/lib/python3.12/site-packages/demo_python_pkg/person_node.py to person_node.cpython-312.pyc
byte-compiling /home/zzs/chapt2/install/demo_python_pkg/lib/python3.12/site-packages/demo_python_pkg/python_node.py to python_node.cpython-312.pyc
byte-compiling /home/zzs/chapt2/install/demo_python_pkg/lib/python3.12/site-packages/demo_python_pkg/__init__.py to __init__.cpython-312.pyc
byte-compiling /home/zzs/chapt2/install/demo_python_pkg/lib/python3.12/site-packages/demo_python_pkg/learn_thread.py to learn_thread.cpython-312.pyc
running install_data
creating /home/zzs/chapt2/install/demo_python_pkg/share/ament_index
creating /home/zzs/chapt2/install/demo_python_pkg/share/ament_index/resource_index
creating /home/zzs/chapt2/install/demo_python_pkg/share/ament_index/resource_index/packages
copying resource/demo_python_pkg -> /home/zzs/chapt2/install/demo_python_pkg/share/ament_index/resource_index/packages
copying package.xml -> /home/zzs/chapt2/install/demo_python_pkg/share/demo_python_pkg
running install_egg_info
Copying ../../../build/demo_python_pkg/demo_python_pkg.egg-info to /home/zzs/chapt2/install/demo_python_pkg/lib/python3.12/site-packages/demo_python_pkg-0.0.0-py3.12.egg-info
running install_scripts
Installing learn_thread script to /home/zzs/chapt2/install/demo_python_pkg/lib/demo_python_pkg
Installing person_node script to /home/zzs/chapt2/install/demo_python_pkg/lib/demo_python_pkg
Installing python_node script to /home/zzs/chapt2/install/demo_python_pkg/lib/demo_python_pkg
writing list of installed files to '/home/zzs/chapt2/build/demo_python_pkg/install.log'
