[1.106s] Invoking command in '/home/zzs/chapt2/chapt2_ws/src/demo_python_pkg': DEBUGINFOD_URLS=https://debuginfod.ubuntu.com PYTHONPATH=/home/zzs/chapt2/chapt2_ws/build/demo_python_pkg/prefix_override:/usr/lib/python3/dist-packages/colcon_core/task/python/colcon_distutils_commands:/home/zzs/chapt2/chapt2_ws/install/demo_python_pkg/lib/python3.12/site-packages:${PYTHONPATH} /usr/bin/python3 -W ignore:setup.py install is deprecated -W ignore:easy_install command is deprecated setup.py egg_info --egg-base ../../build/demo_python_pkg build --build-base /home/zzs/chapt2/chapt2_ws/build/demo_python_pkg/build install --record /home/zzs/chapt2/chapt2_ws/build/demo_python_pkg/install.log --install-scripts $base/lib/demo_python_pkg --single-version-externally-managed install_data
[1.362s] running egg_info
[1.379s] writing ../../build/demo_python_pkg/demo_python_pkg.egg-info/PKG-INFO
[1.380s] writing dependency_links to ../../build/demo_python_pkg/demo_python_pkg.egg-info/dependency_links.txt
[1.381s] writing entry points to ../../build/demo_python_pkg/demo_python_pkg.egg-info/entry_points.txt
[1.381s] writing requirements to ../../build/demo_python_pkg/demo_python_pkg.egg-info/requires.txt
[1.381s] writing top-level names to ../../build/demo_python_pkg/demo_python_pkg.egg-info/top_level.txt
[1.417s] reading manifest file '../../build/demo_python_pkg/demo_python_pkg.egg-info/SOURCES.txt'
[1.419s] adding license file 'LICENSE'
[1.419s] writing manifest file '../../build/demo_python_pkg/demo_python_pkg.egg-info/SOURCES.txt'
[1.420s] running build
[1.420s] running build_py
[1.423s] copying demo_python_pkg/learn_thread.py -> /home/zzs/chapt2/chapt2_ws/build/demo_python_pkg/build/lib/demo_python_pkg
[1.423s] running install
[1.427s] running install_lib
[1.446s] copying /home/zzs/chapt2/chapt2_ws/build/demo_python_pkg/build/lib/demo_python_pkg/learn_thread.py -> /home/zzs/chapt2/chapt2_ws/install/demo_python_pkg/lib/python3.12/site-packages/demo_python_pkg
[1.447s] byte-compiling /home/zzs/chapt2/chapt2_ws/install/demo_python_pkg/lib/python3.12/site-packages/demo_python_pkg/learn_thread.py to learn_thread.cpython-312.pyc
[1.448s] running install_data
[1.449s] running install_egg_info
[1.471s] removing '/home/zzs/chapt2/chapt2_ws/install/demo_python_pkg/lib/python3.12/site-packages/demo_python_pkg-0.0.0-py3.12.egg-info' (and everything under it)
[1.475s] Copying ../../build/demo_python_pkg/demo_python_pkg.egg-info to /home/zzs/chapt2/chapt2_ws/install/demo_python_pkg/lib/python3.12/site-packages/demo_python_pkg-0.0.0-py3.12.egg-info
[1.475s] running install_scripts
[1.695s] Installing learn_thread script to /home/zzs/chapt2/chapt2_ws/install/demo_python_pkg/lib/demo_python_pkg
[1.696s] Installing person_node script to /home/zzs/chapt2/chapt2_ws/install/demo_python_pkg/lib/demo_python_pkg
[1.698s] Installing python_node script to /home/zzs/chapt2/chapt2_ws/install/demo_python_pkg/lib/demo_python_pkg
[1.699s] writing list of installed files to '/home/zzs/chapt2/chapt2_ws/build/demo_python_pkg/install.log'
[1.736s] Invoked command in '/home/zzs/chapt2/chapt2_ws/src/demo_python_pkg' returned '0': DEBUGINFOD_URLS=https://debuginfod.ubuntu.com PYTHONPATH=/home/zzs/chapt2/chapt2_ws/build/demo_python_pkg/prefix_override:/usr/lib/python3/dist-packages/colcon_core/task/python/colcon_distutils_commands:/home/zzs/chapt2/chapt2_ws/install/demo_python_pkg/lib/python3.12/site-packages:${PYTHONPATH} /usr/bin/python3 -W ignore:setup.py install is deprecated -W ignore:easy_install command is deprecated setup.py egg_info --egg-base ../../build/demo_python_pkg build --build-base /home/zzs/chapt2/chapt2_ws/build/demo_python_pkg/build install --record /home/zzs/chapt2/chapt2_ws/build/demo_python_pkg/install.log --install-scripts $base/lib/demo_python_pkg --single-version-externally-managed install_data
