[0.026s] Invoking command in '/home/zzs/chapt3/topic_practice_ws/build/status_interfaces': CMAKE_PREFIX_PATH=${CMAKE_PREFIX_PATH}:/opt/ros/jazzy DEBUGINFOD_URLS=https://debuginfod.ubuntu.com /usr/bin/cmake --build /home/zzs/chapt3/topic_practice_ws/build/status_interfaces -- -j2 -l2
[0.143s] [  2%] Built target status_interfaces__rs
[0.169s] [  5%] Built target status_interfaces__rosidl_generator_type_description
[0.211s] [  8%] Built target status_interfaces__cpp
[0.224s] [  8%] Built target ament_cmake_python_copy_status_interfaces
[0.264s] [ 22%] Built target status_interfaces__rosidl_generator_c
[0.309s] [ 31%] Built target status_interfaces__rosidl_typesupport_cpp
[0.376s] [ 40%] Built target status_interfaces__rosidl_typesupport_fastrtps_c
[0.432s] [ 48%] Built target status_interfaces__rosidl_typesupport_fastrtps_cpp
[0.487s] [ 57%] Built target status_interfaces__rosidl_typesupport_introspection_c
[0.529s] [ 65%] Built target status_interfaces__rosidl_typesupport_c
[0.567s] [ 74%] Built target status_interfaces__rosidl_typesupport_introspection_cpp
[0.628s] [ 74%] Built target status_interfaces
[0.662s] running egg_info
[0.663s] [ 77%] Built target status_interfaces__py
[0.686s] writing status_interfaces.egg-info/PKG-INFO
[0.686s] writing dependency_links to status_interfaces.egg-info/dependency_links.txt
[0.686s] writing top-level names to status_interfaces.egg-info/top_level.txt
[0.701s] [ 82%] Built target status_interfaces__rosidl_generator_py
[0.744s] [ 88%] Built target status_interfaces_s__rosidl_typesupport_fastrtps_c
[0.798s] reading manifest file 'status_interfaces.egg-info/SOURCES.txt'
[0.799s] writing manifest file 'status_interfaces.egg-info/SOURCES.txt'
[0.836s] [ 94%] Built target status_interfaces_s__rosidl_typesupport_introspection_c
[0.898s] [ 94%] Built target ament_cmake_python_build_status_interfaces_egg
[0.907s] [100%] Built target status_interfaces_s__rosidl_typesupport_c
[0.958s] Invoked command in '/home/zzs/chapt3/topic_practice_ws/build/status_interfaces' returned '0': CMAKE_PREFIX_PATH=${CMAKE_PREFIX_PATH}:/opt/ros/jazzy DEBUGINFOD_URLS=https://debuginfod.ubuntu.com /usr/bin/cmake --build /home/zzs/chapt3/topic_practice_ws/build/status_interfaces -- -j2 -l2
[0.998s] Invoking command in '/home/zzs/chapt3/topic_practice_ws/build/status_interfaces': CMAKE_PREFIX_PATH=${CMAKE_PREFIX_PATH}:/opt/ros/jazzy DEBUGINFOD_URLS=https://debuginfod.ubuntu.com /usr/bin/cmake --install /home/zzs/chapt3/topic_practice_ws/build/status_interfaces
[1.031s] -- Install configuration: ""
[1.034s] -- Up-to-date: /home/zzs/chapt3/topic_practice_ws/install/status_interfaces/share/ament_index/resource_index/rosidl_interfaces/status_interfaces
[1.034s] -- Up-to-date: /home/zzs/chapt3/topic_practice_ws/install/status_interfaces/share/status_interfaces/msg/SystemStatus.json
[1.034s] -- Up-to-date: /home/zzs/chapt3/topic_practice_ws/install/status_interfaces/include/status_interfaces/status_interfaces
[1.034s] -- Up-to-date: /home/zzs/chapt3/topic_practice_ws/install/status_interfaces/include/status_interfaces/status_interfaces/msg
[1.034s] -- Up-to-date: /home/zzs/chapt3/topic_practice_ws/install/status_interfaces/include/status_interfaces/status_interfaces/msg/system_status.h
[1.034s] -- Up-to-date: /home/zzs/chapt3/topic_practice_ws/install/status_interfaces/include/status_interfaces/status_interfaces/msg/rosidl_generator_c__visibility_control.h
[1.034s] -- Up-to-date: /home/zzs/chapt3/topic_practice_ws/install/status_interfaces/include/status_interfaces/status_interfaces/msg/detail
[1.034s] -- Up-to-date: /home/zzs/chapt3/topic_practice_ws/install/status_interfaces/include/status_interfaces/status_interfaces/msg/detail/system_status__struct.h
[1.035s] -- Up-to-date: /home/zzs/chapt3/topic_practice_ws/install/status_interfaces/include/status_interfaces/status_interfaces/msg/detail/system_status__functions.c
[1.041s] -- Installing: /home/zzs/chapt3/topic_practice_ws/install/status_interfaces/include/status_interfaces/status_interfaces/msg/detail/system_status__type_support.c
[1.041s] -- Up-to-date: /home/zzs/chapt3/topic_practice_ws/install/status_interfaces/include/status_interfaces/status_interfaces/msg/detail/system_status__description.c
[1.042s] -- Up-to-date: /home/zzs/chapt3/topic_practice_ws/install/status_interfaces/include/status_interfaces/status_interfaces/msg/detail/system_status__type_support.h
[1.042s] -- Up-to-date: /home/zzs/chapt3/topic_practice_ws/install/status_interfaces/include/status_interfaces/status_interfaces/msg/detail/system_status__functions.h
[1.042s] -- Up-to-date: /home/zzs/chapt3/topic_practice_ws/install/status_interfaces/share/status_interfaces/environment/library_path.sh
[1.042s] -- Up-to-date: /home/zzs/chapt3/topic_practice_ws/install/status_interfaces/share/status_interfaces/environment/library_path.dsv
[1.047s] -- Up-to-date: /home/zzs/chapt3/topic_practice_ws/install/status_interfaces/lib/libstatus_interfaces__rosidl_generator_c.so
[1.047s] -- Up-to-date: /home/zzs/chapt3/topic_practice_ws/install/status_interfaces/include/status_interfaces/status_interfaces
[1.047s] -- Up-to-date: /home/zzs/chapt3/topic_practice_ws/install/status_interfaces/include/status_interfaces/status_interfaces/msg
[1.047s] -- Up-to-date: /home/zzs/chapt3/topic_practice_ws/install/status_interfaces/include/status_interfaces/status_interfaces/msg/detail
[1.047s] -- Up-to-date: /home/zzs/chapt3/topic_practice_ws/install/status_interfaces/include/status_interfaces/status_interfaces/msg/detail/system_status__rosidl_typesupport_fastrtps_c.h
[1.047s] -- Up-to-date: /home/zzs/chapt3/topic_practice_ws/install/status_interfaces/include/status_interfaces/status_interfaces/msg/rosidl_typesupport_fastrtps_c__visibility_control.h
[1.053s] -- Up-to-date: /home/zzs/chapt3/topic_practice_ws/install/status_interfaces/lib/libstatus_interfaces__rosidl_typesupport_fastrtps_c.so
[1.053s] -- Up-to-date: /home/zzs/chapt3/topic_practice_ws/install/status_interfaces/include/status_interfaces/status_interfaces
[1.053s] -- Up-to-date: /home/zzs/chapt3/topic_practice_ws/install/status_interfaces/include/status_interfaces/status_interfaces/msg
[1.053s] -- Up-to-date: /home/zzs/chapt3/topic_practice_ws/install/status_interfaces/include/status_interfaces/status_interfaces/msg/rosidl_generator_cpp__visibility_control.hpp
[1.053s] -- Up-to-date: /home/zzs/chapt3/topic_practice_ws/install/status_interfaces/include/status_interfaces/status_interfaces/msg/detail
[1.055s] -- Up-to-date: /home/zzs/chapt3/topic_practice_ws/install/status_interfaces/include/status_interfaces/status_interfaces/msg/detail/system_status__builder.hpp
[1.055s] -- Up-to-date: /home/zzs/chapt3/topic_practice_ws/install/status_interfaces/include/status_interfaces/status_interfaces/msg/detail/system_status__type_support.hpp
[1.055s] -- Up-to-date: /home/zzs/chapt3/topic_practice_ws/install/status_interfaces/include/status_interfaces/status_interfaces/msg/detail/system_status__traits.hpp
[1.055s] -- Up-to-date: /home/zzs/chapt3/topic_practice_ws/install/status_interfaces/include/status_interfaces/status_interfaces/msg/detail/system_status__struct.hpp
[1.055s] -- Up-to-date: /home/zzs/chapt3/topic_practice_ws/install/status_interfaces/include/status_interfaces/status_interfaces/msg/system_status.hpp
[1.055s] -- Up-to-date: /home/zzs/chapt3/topic_practice_ws/install/status_interfaces/include/status_interfaces/status_interfaces
[1.055s] -- Up-to-date: /home/zzs/chapt3/topic_practice_ws/install/status_interfaces/include/status_interfaces/status_interfaces/msg
[1.055s] -- Up-to-date: /home/zzs/chapt3/topic_practice_ws/install/status_interfaces/include/status_interfaces/status_interfaces/msg/rosidl_typesupport_fastrtps_cpp__visibility_control.h
[1.055s] -- Up-to-date: /home/zzs/chapt3/topic_practice_ws/install/status_interfaces/include/status_interfaces/status_interfaces/msg/detail
[1.057s] -- Up-to-date: /home/zzs/chapt3/topic_practice_ws/install/status_interfaces/include/status_interfaces/status_interfaces/msg/detail/system_status__rosidl_typesupport_fastrtps_cpp.hpp
[1.057s] -- Up-to-date: /home/zzs/chapt3/topic_practice_ws/install/status_interfaces/include/status_interfaces/status_interfaces/msg/detail/dds_fastrtps
[1.061s] -- Up-to-date: /home/zzs/chapt3/topic_practice_ws/install/status_interfaces/lib/libstatus_interfaces__rosidl_typesupport_fastrtps_cpp.so
[1.063s] -- Up-to-date: /home/zzs/chapt3/topic_practice_ws/install/status_interfaces/include/status_interfaces/status_interfaces
[1.063s] -- Up-to-date: /home/zzs/chapt3/topic_practice_ws/install/status_interfaces/include/status_interfaces/status_interfaces/msg
[1.063s] -- Up-to-date: /home/zzs/chapt3/topic_practice_ws/install/status_interfaces/include/status_interfaces/status_interfaces/msg/rosidl_typesupport_introspection_c__visibility_control.h
[1.063s] -- Up-to-date: /home/zzs/chapt3/topic_practice_ws/install/status_interfaces/include/status_interfaces/status_interfaces/msg/detail
[1.063s] -- Installing: /home/zzs/chapt3/topic_practice_ws/install/status_interfaces/include/status_interfaces/status_interfaces/msg/detail/system_status__type_support.c
[1.063s] -- Up-to-date: /home/zzs/chapt3/topic_practice_ws/install/status_interfaces/include/status_interfaces/status_interfaces/msg/detail/system_status__rosidl_typesupport_introspection_c.h
[1.063s] -- Up-to-date: /home/zzs/chapt3/topic_practice_ws/install/status_interfaces/lib/libstatus_interfaces__rosidl_typesupport_introspection_c.so
[1.069s] -- Up-to-date: /home/zzs/chapt3/topic_practice_ws/install/status_interfaces/lib/libstatus_interfaces__rosidl_typesupport_c.so
[1.069s] -- Up-to-date: /home/zzs/chapt3/topic_practice_ws/install/status_interfaces/include/status_interfaces/status_interfaces
[1.069s] -- Up-to-date: /home/zzs/chapt3/topic_practice_ws/install/status_interfaces/include/status_interfaces/status_interfaces/msg
[1.069s] -- Up-to-date: /home/zzs/chapt3/topic_practice_ws/install/status_interfaces/include/status_interfaces/status_interfaces/msg/detail
[1.069s] -- Up-to-date: /home/zzs/chapt3/topic_practice_ws/install/status_interfaces/include/status_interfaces/status_interfaces/msg/detail/system_status__rosidl_typesupport_introspection_cpp.hpp
[1.069s] -- Up-to-date: /home/zzs/chapt3/topic_practice_ws/install/status_interfaces/include/status_interfaces/status_interfaces/msg/detail/system_status__type_support.cpp
[1.069s] -- Up-to-date: /home/zzs/chapt3/topic_practice_ws/install/status_interfaces/lib/libstatus_interfaces__rosidl_typesupport_introspection_cpp.so
[1.074s] -- Up-to-date: /home/zzs/chapt3/topic_practice_ws/install/status_interfaces/lib/libstatus_interfaces__rosidl_typesupport_cpp.so
[1.074s] -- Up-to-date: /home/zzs/chapt3/topic_practice_ws/install/status_interfaces/share/status_interfaces/environment/pythonpath.sh
[1.074s] -- Up-to-date: /home/zzs/chapt3/topic_practice_ws/install/status_interfaces/share/status_interfaces/environment/pythonpath.dsv
[1.074s] -- Up-to-date: /home/zzs/chapt3/topic_practice_ws/install/status_interfaces/lib/python3.12/site-packages/status_interfaces-0.0.0-py3.12.egg-info
[1.074s] -- Installing: /home/zzs/chapt3/topic_practice_ws/install/status_interfaces/lib/python3.12/site-packages/status_interfaces-0.0.0-py3.12.egg-info/PKG-INFO
[1.074s] -- Installing: /home/zzs/chapt3/topic_practice_ws/install/status_interfaces/lib/python3.12/site-packages/status_interfaces-0.0.0-py3.12.egg-info/SOURCES.txt
[1.074s] -- Installing: /home/zzs/chapt3/topic_practice_ws/install/status_interfaces/lib/python3.12/site-packages/status_interfaces-0.0.0-py3.12.egg-info/top_level.txt
[1.074s] -- Installing: /home/zzs/chapt3/topic_practice_ws/install/status_interfaces/lib/python3.12/site-packages/status_interfaces-0.0.0-py3.12.egg-info/dependency_links.txt
[1.077s] -- Up-to-date: /home/zzs/chapt3/topic_practice_ws/install/status_interfaces/lib/python3.12/site-packages/status_interfaces
[1.077s] -- Up-to-date: /home/zzs/chapt3/topic_practice_ws/install/status_interfaces/lib/python3.12/site-packages/status_interfaces/status_interfaces_s__rosidl_typesupport_introspection_c.so
[1.077s] -- Up-to-date: /home/zzs/chapt3/topic_practice_ws/install/status_interfaces/lib/python3.12/site-packages/status_interfaces/_status_interfaces_s.ep.rosidl_typesupport_introspection_c.c
[1.077s] -- Up-to-date: /home/zzs/chapt3/topic_practice_ws/install/status_interfaces/lib/python3.12/site-packages/status_interfaces/_status_interfaces_s.ep.rosidl_typesupport_c.c
[1.077s] -- Up-to-date: /home/zzs/chapt3/topic_practice_ws/install/status_interfaces/lib/python3.12/site-packages/status_interfaces/_status_interfaces_s.ep.rosidl_typesupport_fastrtps_c.c
[1.078s] -- Up-to-date: /home/zzs/chapt3/topic_practice_ws/install/status_interfaces/lib/python3.12/site-packages/status_interfaces/__init__.py
[1.078s] -- Up-to-date: /home/zzs/chapt3/topic_practice_ws/install/status_interfaces/lib/python3.12/site-packages/status_interfaces/msg
[1.078s] -- Up-to-date: /home/zzs/chapt3/topic_practice_ws/install/status_interfaces/lib/python3.12/site-packages/status_interfaces/msg/_system_status.py
[1.078s] -- Up-to-date: /home/zzs/chapt3/topic_practice_ws/install/status_interfaces/lib/python3.12/site-packages/status_interfaces/msg/__init__.py
[1.078s] -- Up-to-date: /home/zzs/chapt3/topic_practice_ws/install/status_interfaces/lib/python3.12/site-packages/status_interfaces/msg/_system_status_s.c
[1.078s] -- Up-to-date: /home/zzs/chapt3/topic_practice_ws/install/status_interfaces/lib/python3.12/site-packages/status_interfaces/status_interfaces_s__rosidl_typesupport_fastrtps_c.so
[1.078s] -- Up-to-date: /home/zzs/chapt3/topic_practice_ws/install/status_interfaces/lib/python3.12/site-packages/status_interfaces/status_interfaces_s__rosidl_typesupport_c.so
[1.194s] Listing '/home/zzs/chapt3/topic_practice_ws/install/status_interfaces/lib/python3.12/site-packages/status_interfaces'...
[1.195s] Listing '/home/zzs/chapt3/topic_practice_ws/install/status_interfaces/lib/python3.12/site-packages/status_interfaces/msg'...
[1.202s] -- Up-to-date: /home/zzs/chapt3/topic_practice_ws/install/status_interfaces/lib/python3.12/site-packages/status_interfaces/status_interfaces_s__rosidl_typesupport_fastrtps_c.so
[1.203s] -- Up-to-date: /home/zzs/chapt3/topic_practice_ws/install/status_interfaces/lib/python3.12/site-packages/status_interfaces/status_interfaces_s__rosidl_typesupport_introspection_c.so
[1.204s] -- Up-to-date: /home/zzs/chapt3/topic_practice_ws/install/status_interfaces/lib/python3.12/site-packages/status_interfaces/status_interfaces_s__rosidl_typesupport_c.so
[1.207s] -- Up-to-date: /home/zzs/chapt3/topic_practice_ws/install/status_interfaces/lib/libstatus_interfaces__rosidl_generator_py.so
[1.207s] -- Up-to-date: /home/zzs/chapt3/topic_practice_ws/install/status_interfaces/share/ament_index/resource_index/rust_packages/status_interfaces
[1.207s] -- Up-to-date: /home/zzs/chapt3/topic_practice_ws/install/status_interfaces/share/status_interfaces/rust
[1.208s] -- Up-to-date: /home/zzs/chapt3/topic_practice_ws/install/status_interfaces/share/status_interfaces/rust/src
[1.209s] -- Up-to-date: /home/zzs/chapt3/topic_practice_ws/install/status_interfaces/share/status_interfaces/rust/src/lib.rs
[1.210s] -- Up-to-date: /home/zzs/chapt3/topic_practice_ws/install/status_interfaces/share/status_interfaces/rust/src/msg
[1.210s] -- Up-to-date: /home/zzs/chapt3/topic_practice_ws/install/status_interfaces/share/status_interfaces/rust/src/msg/rmw.rs
[1.212s] -- Up-to-date: /home/zzs/chapt3/topic_practice_ws/install/status_interfaces/share/status_interfaces/rust/src/msg.rs
[1.212s] -- Up-to-date: /home/zzs/chapt3/topic_practice_ws/install/status_interfaces/share/status_interfaces/rust/build.rs
[1.212s] -- Up-to-date: /home/zzs/chapt3/topic_practice_ws/install/status_interfaces/share/status_interfaces/rust/Cargo.toml
[1.213s] -- Up-to-date: /home/zzs/chapt3/topic_practice_ws/install/status_interfaces/share/status_interfaces/msg/SystemStatus.idl
[1.213s] -- Up-to-date: /home/zzs/chapt3/topic_practice_ws/install/status_interfaces/share/status_interfaces/msg/SystemStatus.msg
[1.214s] -- Up-to-date: /home/zzs/chapt3/topic_practice_ws/install/status_interfaces/share/ament_index/resource_index/package_run_dependencies/status_interfaces
[1.214s] -- Up-to-date: /home/zzs/chapt3/topic_practice_ws/install/status_interfaces/share/ament_index/resource_index/parent_prefix_path/status_interfaces
[1.214s] -- Up-to-date: /home/zzs/chapt3/topic_practice_ws/install/status_interfaces/share/status_interfaces/environment/ament_prefix_path.sh
[1.214s] -- Up-to-date: /home/zzs/chapt3/topic_practice_ws/install/status_interfaces/share/status_interfaces/environment/ament_prefix_path.dsv
[1.214s] -- Up-to-date: /home/zzs/chapt3/topic_practice_ws/install/status_interfaces/share/status_interfaces/environment/path.sh
[1.214s] -- Up-to-date: /home/zzs/chapt3/topic_practice_ws/install/status_interfaces/share/status_interfaces/environment/path.dsv
[1.214s] -- Up-to-date: /home/zzs/chapt3/topic_practice_ws/install/status_interfaces/share/status_interfaces/local_setup.bash
[1.214s] -- Up-to-date: /home/zzs/chapt3/topic_practice_ws/install/status_interfaces/share/status_interfaces/local_setup.sh
[1.214s] -- Up-to-date: /home/zzs/chapt3/topic_practice_ws/install/status_interfaces/share/status_interfaces/local_setup.zsh
[1.214s] -- Up-to-date: /home/zzs/chapt3/topic_practice_ws/install/status_interfaces/share/status_interfaces/local_setup.dsv
[1.214s] -- Installing: /home/zzs/chapt3/topic_practice_ws/install/status_interfaces/share/status_interfaces/package.dsv
[1.214s] -- Up-to-date: /home/zzs/chapt3/topic_practice_ws/install/status_interfaces/share/ament_index/resource_index/packages/status_interfaces
[1.216s] -- Up-to-date: /home/zzs/chapt3/topic_practice_ws/install/status_interfaces/share/status_interfaces/cmake/export_status_interfaces__rosidl_generator_cExport.cmake
[1.217s] -- Up-to-date: /home/zzs/chapt3/topic_practice_ws/install/status_interfaces/share/status_interfaces/cmake/export_status_interfaces__rosidl_generator_cExport-noconfig.cmake
[1.218s] -- Up-to-date: /home/zzs/chapt3/topic_practice_ws/install/status_interfaces/share/status_interfaces/cmake/export_status_interfaces__rosidl_typesupport_fastrtps_cExport.cmake
[1.219s] -- Up-to-date: /home/zzs/chapt3/topic_practice_ws/install/status_interfaces/share/status_interfaces/cmake/export_status_interfaces__rosidl_typesupport_fastrtps_cExport-noconfig.cmake
[1.224s] -- Up-to-date: /home/zzs/chapt3/topic_practice_ws/install/status_interfaces/share/status_interfaces/cmake/export_status_interfaces__rosidl_generator_cppExport.cmake
[1.225s] -- Up-to-date: /home/zzs/chapt3/topic_practice_ws/install/status_interfaces/share/status_interfaces/cmake/export_status_interfaces__rosidl_typesupport_fastrtps_cppExport.cmake
[1.227s] -- Up-to-date: /home/zzs/chapt3/topic_practice_ws/install/status_interfaces/share/status_interfaces/cmake/export_status_interfaces__rosidl_typesupport_fastrtps_cppExport-noconfig.cmake
[1.228s] -- Up-to-date: /home/zzs/chapt3/topic_practice_ws/install/status_interfaces/share/status_interfaces/cmake/status_interfaces__rosidl_typesupport_introspection_cExport.cmake
[1.228s] -- Up-to-date: /home/zzs/chapt3/topic_practice_ws/install/status_interfaces/share/status_interfaces/cmake/status_interfaces__rosidl_typesupport_introspection_cExport-noconfig.cmake
[1.229s] -- Up-to-date: /home/zzs/chapt3/topic_practice_ws/install/status_interfaces/share/status_interfaces/cmake/status_interfaces__rosidl_typesupport_cExport.cmake
[1.229s] -- Up-to-date: /home/zzs/chapt3/topic_practice_ws/install/status_interfaces/share/status_interfaces/cmake/status_interfaces__rosidl_typesupport_cExport-noconfig.cmake
[1.233s] -- Up-to-date: /home/zzs/chapt3/topic_practice_ws/install/status_interfaces/share/status_interfaces/cmake/status_interfaces__rosidl_typesupport_introspection_cppExport.cmake
[1.233s] -- Up-to-date: /home/zzs/chapt3/topic_practice_ws/install/status_interfaces/share/status_interfaces/cmake/status_interfaces__rosidl_typesupport_introspection_cppExport-noconfig.cmake
[1.239s] -- Up-to-date: /home/zzs/chapt3/topic_practice_ws/install/status_interfaces/share/status_interfaces/cmake/status_interfaces__rosidl_typesupport_cppExport.cmake
[1.242s] -- Up-to-date: /home/zzs/chapt3/topic_practice_ws/install/status_interfaces/share/status_interfaces/cmake/status_interfaces__rosidl_typesupport_cppExport-noconfig.cmake
[1.242s] -- Up-to-date: /home/zzs/chapt3/topic_practice_ws/install/status_interfaces/share/status_interfaces/cmake/export_status_interfaces__rosidl_generator_pyExport.cmake
[1.243s] -- Up-to-date: /home/zzs/chapt3/topic_practice_ws/install/status_interfaces/share/status_interfaces/cmake/export_status_interfaces__rosidl_generator_pyExport-noconfig.cmake
[1.243s] -- Up-to-date: /home/zzs/chapt3/topic_practice_ws/install/status_interfaces/share/status_interfaces/cmake/rosidl_cmake-extras.cmake
[1.243s] -- Up-to-date: /home/zzs/chapt3/topic_practice_ws/install/status_interfaces/share/status_interfaces/cmake/ament_cmake_export_dependencies-extras.cmake
[1.244s] -- Up-to-date: /home/zzs/chapt3/topic_practice_ws/install/status_interfaces/share/status_interfaces/cmake/ament_cmake_export_include_directories-extras.cmake
[1.244s] -- Up-to-date: /home/zzs/chapt3/topic_practice_ws/install/status_interfaces/share/status_interfaces/cmake/ament_cmake_export_libraries-extras.cmake
[1.244s] -- Up-to-date: /home/zzs/chapt3/topic_practice_ws/install/status_interfaces/share/status_interfaces/cmake/ament_cmake_export_targets-extras.cmake
[1.245s] -- Up-to-date: /home/zzs/chapt3/topic_practice_ws/install/status_interfaces/share/status_interfaces/cmake/rosidl_cmake_export_typesupport_targets-extras.cmake
[1.245s] -- Up-to-date: /home/zzs/chapt3/topic_practice_ws/install/status_interfaces/share/status_interfaces/cmake/rosidl_cmake_export_typesupport_libraries-extras.cmake
[1.245s] -- Up-to-date: /home/zzs/chapt3/topic_practice_ws/install/status_interfaces/share/status_interfaces/cmake/rosidl_cmake_aggregate_target-extras.cmake
[1.245s] -- Up-to-date: /home/zzs/chapt3/topic_practice_ws/install/status_interfaces/share/status_interfaces/cmake/status_interfacesConfig.cmake
[1.245s] -- Up-to-date: /home/zzs/chapt3/topic_practice_ws/install/status_interfaces/share/status_interfaces/cmake/status_interfacesConfig-version.cmake
[1.245s] -- Up-to-date: /home/zzs/chapt3/topic_practice_ws/install/status_interfaces/share/status_interfaces/package.xml
[1.247s] Invoked command in '/home/zzs/chapt3/topic_practice_ws/build/status_interfaces' returned '0': CMAKE_PREFIX_PATH=${CMAKE_PREFIX_PATH}:/opt/ros/jazzy DEBUGINFOD_URLS=https://debuginfod.ubuntu.com /usr/bin/cmake --install /home/zzs/chapt3/topic_practice_ws/build/status_interfaces
