[1.804s] Invoking command in '/home/zzs/chapt4/chapt4_ws/src/demo_python_service': DEBUGINFOD_URLS=https://debuginfod.ubuntu.com PYTHONPATH=/home/zzs/chapt4/chapt4_ws/build/demo_python_service/prefix_override:/usr/lib/python3/dist-packages/colcon_core/task/python/colcon_distutils_commands:/home/zzs/chapt4/chapt4_ws/install/demo_python_service/lib/python3.12/site-packages:${PYTHONPATH} /usr/bin/python3 -W ignore:setup.py install is deprecated -W ignore:easy_install command is deprecated setup.py egg_info --egg-base ../../build/demo_python_service build --build-base /home/zzs/chapt4/chapt4_ws/build/demo_python_service/build install --record /home/zzs/chapt4/chapt4_ws/build/demo_python_service/install.log --install-scripts $base/lib/demo_python_service --single-version-externally-managed install_data
[2.074s] running egg_info
[2.094s] writing ../../build/demo_python_service/demo_python_service.egg-info/PKG-INFO
[2.095s] writing dependency_links to ../../build/demo_python_service/demo_python_service.egg-info/dependency_links.txt
[2.096s] writing requirements to ../../build/demo_python_service/demo_python_service.egg-info/requires.txt
[2.097s] writing top-level names to ../../build/demo_python_service/demo_python_service.egg-info/top_level.txt
[2.138s] reading manifest file '../../build/demo_python_service/demo_python_service.egg-info/SOURCES.txt'
[2.140s] adding license file 'LICENSE'
[2.140s] writing manifest file '../../build/demo_python_service/demo_python_service.egg-info/SOURCES.txt'
[2.141s] running build
[2.141s] running build_py
[2.142s] running install
[2.150s] running install_lib
[2.170s] running install_data
[2.171s] creating /home/zzs/chapt4/chapt4_ws/install/demo_python_service/share/demo_python_service/resource
[2.172s] copying resource/default.jpg -> /home/zzs/chapt4/chapt4_ws/install/demo_python_service/share/demo_python_service/resource
[2.173s] running install_egg_info
[2.195s] removing '/home/zzs/chapt4/chapt4_ws/install/demo_python_service/lib/python3.12/site-packages/demo_python_service-0.0.0-py3.12.egg-info' (and everything under it)
[2.196s] Copying ../../build/demo_python_service/demo_python_service.egg-info to /home/zzs/chapt4/chapt4_ws/install/demo_python_service/lib/python3.12/site-packages/demo_python_service-0.0.0-py3.12.egg-info
[2.197s] running install_scripts
[2.364s] writing list of installed files to '/home/zzs/chapt4/chapt4_ws/build/demo_python_service/install.log'
[2.407s] Invoked command in '/home/zzs/chapt4/chapt4_ws/src/demo_python_service' returned '0': DEBUGINFOD_URLS=https://debuginfod.ubuntu.com PYTHONPATH=/home/zzs/chapt4/chapt4_ws/build/demo_python_service/prefix_override:/usr/lib/python3/dist-packages/colcon_core/task/python/colcon_distutils_commands:/home/zzs/chapt4/chapt4_ws/install/demo_python_service/lib/python3.12/site-packages:${PYTHONPATH} /usr/bin/python3 -W ignore:setup.py install is deprecated -W ignore:easy_install command is deprecated setup.py egg_info --egg-base ../../build/demo_python_service build --build-base /home/zzs/chapt4/chapt4_ws/build/demo_python_service/build install --record /home/zzs/chapt4/chapt4_ws/build/demo_python_service/install.log --install-scripts $base/lib/demo_python_service --single-version-externally-managed install_data
