[0.722s] DEBUG:colcon:Command line arguments: ['/usr/bin/colcon', 'build']
[0.722s] DEBUG:colcon:Parsed command line arguments: Namespace(log_base=None, log_level=None, verb_name='build', build_base='build', install_base='install', merge_install=False, symlink_install=False, test_result_base=None, continue_on_error=False, executor='parallel', parallel_workers=2, event_handlers=None, ignore_user_meta=False, metas=['./colcon.meta'], base_paths=['.'], packages_ignore=None, packages_ignore_regex=None, paths=None, packages_up_to=None, packages_up_to_regex=None, packages_above=None, packages_above_and_dependencies=None, packages_above_depth=None, packages_select_by_dep=None, packages_skip_by_dep=None, packages_skip_up_to=None, packages_select_build_failed=False, packages_skip_build_finished=False, packages_select_test_failures=False, packages_skip_test_passed=False, packages_select=None, packages_skip=None, packages_select_regex=None, packages_skip_regex=None, packages_start=None, packages_end=None, allow_overriding=[], cmake_args=None, cmake_target=None, cmake_target_skip_unavailable=False, cmake_clean_cache=False, cmake_clean_first=False, cmake_force_configure=False, ament_cmake_args=None, catkin_cmake_args=None, catkin_skip_building_tests=False, verb_parser=<colcon_defaults.argument_parser.defaults.DefaultArgumentsDecorator object at 0x76dec4c42480>, verb_extension=<colcon_core.verb.build.BuildVerb object at 0x76dec4d9d130>, main=<bound method BuildVerb.main of <colcon_core.verb.build.BuildVerb object at 0x76dec4d9d130>>)
[1.528s] Level 1:colcon.colcon_core.package_discovery:discover_packages(colcon_meta) check parameters
[1.528s] Level 1:colcon.colcon_core.package_discovery:discover_packages(recursive) check parameters
[1.528s] Level 1:colcon.colcon_core.package_discovery:discover_packages(ignore) check parameters
[1.528s] Level 1:colcon.colcon_core.package_discovery:discover_packages(path) check parameters
[1.528s] Level 1:colcon.colcon_core.package_discovery:discover_packages(colcon_meta) discover
[1.536s] Level 1:colcon.colcon_core.package_discovery:discover_packages(recursive) discover
[1.536s] INFO:colcon.colcon_core.package_discovery:Crawling recursively for packages in '/home/zzs/chapt6/chapt6_ws'
[1.537s] Level 1:colcon.colcon_core.package_identification:_identify(.) by extensions ['ignore', 'ignore_ament_install']
[1.537s] Level 1:colcon.colcon_core.package_identification:_identify(.) by extension 'ignore'
[1.541s] Level 1:colcon.colcon_core.package_identification:_identify(.) by extension 'ignore_ament_install'
[1.548s] Level 1:colcon.colcon_core.package_identification:_identify(.) by extensions ['colcon_pkg']
[1.549s] Level 1:colcon.colcon_core.package_identification:_identify(.) by extension 'colcon_pkg'
[1.549s] Level 1:colcon.colcon_core.package_identification:_identify(.) by extensions ['colcon_meta']
[1.549s] Level 1:colcon.colcon_core.package_identification:_identify(.) by extension 'colcon_meta'
[1.549s] Level 1:colcon.colcon_core.package_identification:_identify(.) by extensions ['ros']
[1.549s] Level 1:colcon.colcon_core.package_identification:_identify(.) by extension 'ros'
[2.243s] Level 1:colcon.colcon_core.package_identification:_identify(.) by extensions ['cmake', 'python']
[2.249s] Level 1:colcon.colcon_core.package_identification:_identify(.) by extension 'cmake'
[2.250s] Level 1:colcon.colcon_core.package_identification:_identify(.) by extension 'python'
[2.250s] Level 1:colcon.colcon_core.package_identification:_identify(.) by extensions ['python_setup_py']
[2.250s] Level 1:colcon.colcon_core.package_identification:_identify(.) by extension 'python_setup_py'
[2.252s] Level 1:colcon.colcon_core.package_identification:_identify(build) by extensions ['ignore', 'ignore_ament_install']
[2.252s] Level 1:colcon.colcon_core.package_identification:_identify(build) by extension 'ignore'
[2.252s] Level 1:colcon.colcon_core.package_identification:_identify(build) ignored
[2.254s] Level 1:colcon.colcon_core.package_identification:_identify(install) by extensions ['ignore', 'ignore_ament_install']
[2.254s] Level 1:colcon.colcon_core.package_identification:_identify(install) by extension 'ignore'
[2.255s] Level 1:colcon.colcon_core.package_identification:_identify(install) ignored
[2.255s] Level 1:colcon.colcon_core.package_identification:_identify(log) by extensions ['ignore', 'ignore_ament_install']
[2.255s] Level 1:colcon.colcon_core.package_identification:_identify(log) by extension 'ignore'
[2.255s] Level 1:colcon.colcon_core.package_identification:_identify(log) ignored
[2.260s] Level 1:colcon.colcon_core.package_identification:_identify(src) by extensions ['ignore', 'ignore_ament_install']
[2.260s] Level 1:colcon.colcon_core.package_identification:_identify(src) by extension 'ignore'
[2.260s] Level 1:colcon.colcon_core.package_identification:_identify(src) by extension 'ignore_ament_install'
[2.260s] Level 1:colcon.colcon_core.package_identification:_identify(src) by extensions ['colcon_pkg']
[2.260s] Level 1:colcon.colcon_core.package_identification:_identify(src) by extension 'colcon_pkg'
[2.261s] Level 1:colcon.colcon_core.package_identification:_identify(src) by extensions ['colcon_meta']
[2.261s] Level 1:colcon.colcon_core.package_identification:_identify(src) by extension 'colcon_meta'
[2.261s] Level 1:colcon.colcon_core.package_identification:_identify(src) by extensions ['ros']
[2.261s] Level 1:colcon.colcon_core.package_identification:_identify(src) by extension 'ros'
[2.261s] Level 1:colcon.colcon_core.package_identification:_identify(src) by extensions ['cmake', 'python']
[2.262s] Level 1:colcon.colcon_core.package_identification:_identify(src) by extension 'cmake'
[2.262s] Level 1:colcon.colcon_core.package_identification:_identify(src) by extension 'python'
[2.271s] Level 1:colcon.colcon_core.package_identification:_identify(src) by extensions ['python_setup_py']
[2.271s] Level 1:colcon.colcon_core.package_identification:_identify(src) by extension 'python_setup_py'
[2.271s] Level 1:colcon.colcon_core.package_identification:_identify(src/zzs_description) by extensions ['ignore', 'ignore_ament_install']
[2.272s] Level 1:colcon.colcon_core.package_identification:_identify(src/zzs_description) by extension 'ignore'
[2.272s] Level 1:colcon.colcon_core.package_identification:_identify(src/zzs_description) by extension 'ignore_ament_install'
[2.272s] Level 1:colcon.colcon_core.package_identification:_identify(src/zzs_description) by extensions ['colcon_pkg']
[2.272s] Level 1:colcon.colcon_core.package_identification:_identify(src/zzs_description) by extension 'colcon_pkg'
[2.272s] Level 1:colcon.colcon_core.package_identification:_identify(src/zzs_description) by extensions ['colcon_meta']
[2.272s] Level 1:colcon.colcon_core.package_identification:_identify(src/zzs_description) by extension 'colcon_meta'
[2.272s] Level 1:colcon.colcon_core.package_identification:_identify(src/zzs_description) by extensions ['ros']
[2.272s] Level 1:colcon.colcon_core.package_identification:_identify(src/zzs_description) by extension 'ros'
[2.342s] DEBUG:colcon.colcon_core.package_identification:Package 'src/zzs_description' with type 'ros.ament_cmake' and name 'zzs_description'
[2.346s] Level 1:colcon.colcon_core.package_discovery:discover_packages(recursive) using defaults
[2.350s] Level 1:colcon.colcon_core.package_discovery:discover_packages(ignore) discover
[2.350s] Level 1:colcon.colcon_core.package_discovery:discover_packages(ignore) using defaults
[2.350s] Level 1:colcon.colcon_core.package_discovery:discover_packages(path) discover
[2.350s] Level 1:colcon.colcon_core.package_discovery:discover_packages(path) using defaults
[2.672s] Level 1:colcon.colcon_core.package_discovery:discover_packages(prefix_path) check parameters
[2.673s] Level 1:colcon.colcon_core.package_discovery:discover_packages(prefix_path) discover
[2.748s] DEBUG:colcon.colcon_installed_package_information.package_discovery:Found 1 installed packages in /home/zzs/chapt6/chapt6_ws/install
[2.783s] DEBUG:colcon.colcon_installed_package_information.package_discovery:Found 339 installed packages in /opt/ros/jazzy
[2.797s] Level 1:colcon.colcon_core.package_discovery:discover_packages(prefix_path) using defaults
[3.647s] Level 5:colcon.colcon_core.verb:set package 'zzs_description' build argument 'cmake_args' from command line to 'None'
[3.647s] Level 5:colcon.colcon_core.verb:set package 'zzs_description' build argument 'cmake_target' from command line to 'None'
[3.647s] Level 5:colcon.colcon_core.verb:set package 'zzs_description' build argument 'cmake_target_skip_unavailable' from command line to 'False'
[3.647s] Level 5:colcon.colcon_core.verb:set package 'zzs_description' build argument 'cmake_clean_cache' from command line to 'False'
[3.647s] Level 5:colcon.colcon_core.verb:set package 'zzs_description' build argument 'cmake_clean_first' from command line to 'False'
[3.653s] Level 5:colcon.colcon_core.verb:set package 'zzs_description' build argument 'cmake_force_configure' from command line to 'False'
[3.653s] Level 5:colcon.colcon_core.verb:set package 'zzs_description' build argument 'ament_cmake_args' from command line to 'None'
[3.653s] Level 5:colcon.colcon_core.verb:set package 'zzs_description' build argument 'catkin_cmake_args' from command line to 'None'
[3.653s] Level 5:colcon.colcon_core.verb:set package 'zzs_description' build argument 'catkin_skip_building_tests' from command line to 'False'
[3.654s] DEBUG:colcon.colcon_core.verb:Building package 'zzs_description' with the following arguments: {'ament_cmake_args': None, 'build_base': '/home/zzs/chapt6/chapt6_ws/build/zzs_description', 'catkin_cmake_args': None, 'catkin_skip_building_tests': False, 'cmake_args': None, 'cmake_clean_cache': False, 'cmake_clean_first': False, 'cmake_force_configure': False, 'cmake_target': None, 'cmake_target_skip_unavailable': False, 'install_base': '/home/zzs/chapt6/chapt6_ws/install/zzs_description', 'merge_install': False, 'path': '/home/zzs/chapt6/chapt6_ws/src/zzs_description', 'symlink_install': False, 'test_result_base': None}
[3.654s] INFO:colcon.colcon_core.executor:Executing jobs using 'parallel' executor
[3.657s] DEBUG:colcon.colcon_parallel_executor.executor.parallel:run_until_complete
[3.658s] INFO:colcon.colcon_ros.task.ament_cmake.build:Building ROS package in '/home/zzs/chapt6/chapt6_ws/src/zzs_description' with build type 'ament_cmake'
[3.658s] INFO:colcon.colcon_cmake.task.cmake.build:Building CMake package in '/home/zzs/chapt6/chapt6_ws/src/zzs_description'
[3.674s] INFO:colcon.colcon_core.plugin_system:Skipping extension 'colcon_core.shell.bat': Not used on non-Windows systems
[3.675s] INFO:colcon.colcon_core.shell:Skip shell extension 'powershell' for command environment: Not usable outside of PowerShell
[3.675s] DEBUG:colcon.colcon_core.shell:Skip shell extension 'dsv' for command environment
[3.745s] DEBUG:colcon.colcon_core.event_handler.log_command:Invoking command in '/home/zzs/chapt6/chapt6_ws/build/zzs_description': CMAKE_PREFIX_PATH=${CMAKE_PREFIX_PATH}:/opt/ros/jazzy DEBUGINFOD_URLS=https://debuginfod.ubuntu.com /usr/bin/cmake --build /home/zzs/chapt6/chapt6_ws/build/zzs_description -- -j2 -l2
[4.433s] DEBUG:colcon.colcon_core.event_handler.log_command:Invoked command in '/home/zzs/chapt6/chapt6_ws/build/zzs_description' returned '0': CMAKE_PREFIX_PATH=${CMAKE_PREFIX_PATH}:/opt/ros/jazzy DEBUGINFOD_URLS=https://debuginfod.ubuntu.com /usr/bin/cmake --build /home/zzs/chapt6/chapt6_ws/build/zzs_description -- -j2 -l2
[4.534s] DEBUG:colcon.colcon_core.event_handler.log_command:Invoking command in '/home/zzs/chapt6/chapt6_ws/build/zzs_description': CMAKE_PREFIX_PATH=${CMAKE_PREFIX_PATH}:/opt/ros/jazzy DEBUGINFOD_URLS=https://debuginfod.ubuntu.com /usr/bin/cmake --install /home/zzs/chapt6/chapt6_ws/build/zzs_description
[4.681s] Level 1:colcon.colcon_core.environment:create_environment_scripts_only(zzs_description)
[4.682s] DEBUG:colcon.colcon_core.event_handler.log_command:Invoked command in '/home/zzs/chapt6/chapt6_ws/build/zzs_description' returned '0': CMAKE_PREFIX_PATH=${CMAKE_PREFIX_PATH}:/opt/ros/jazzy DEBUGINFOD_URLS=https://debuginfod.ubuntu.com /usr/bin/cmake --install /home/zzs/chapt6/chapt6_ws/build/zzs_description
[4.720s] Level 1:colcon.colcon_core.environment:checking '/home/zzs/chapt6/chapt6_ws/install/zzs_description' for CMake module files
[4.720s] Level 1:colcon.colcon_core.environment:checking '/home/zzs/chapt6/chapt6_ws/install/zzs_description' for CMake config files
[4.725s] Level 1:colcon.colcon_core.shell:create_environment_hook('zzs_description', 'cmake_prefix_path')
[4.726s] INFO:colcon.colcon_core.shell:Creating environment hook '/home/zzs/chapt6/chapt6_ws/install/zzs_description/share/zzs_description/hook/cmake_prefix_path.ps1'
[4.733s] INFO:colcon.colcon_core.shell:Creating environment descriptor '/home/zzs/chapt6/chapt6_ws/install/zzs_description/share/zzs_description/hook/cmake_prefix_path.dsv'
[4.738s] INFO:colcon.colcon_core.shell:Creating environment hook '/home/zzs/chapt6/chapt6_ws/install/zzs_description/share/zzs_description/hook/cmake_prefix_path.sh'
[4.744s] Level 1:colcon.colcon_core.environment:checking '/home/zzs/chapt6/chapt6_ws/install/zzs_description/bin'
[4.744s] Level 1:colcon.colcon_core.environment:checking '/home/zzs/chapt6/chapt6_ws/install/zzs_description/lib/pkgconfig/zzs_description.pc'
[4.745s] Level 1:colcon.colcon_core.environment:checking '/home/zzs/chapt6/chapt6_ws/install/zzs_description/lib/python3.12/site-packages'
[4.746s] Level 1:colcon.colcon_core.environment:checking '/home/zzs/chapt6/chapt6_ws/install/zzs_description/bin'
[4.750s] INFO:colcon.colcon_core.shell:Creating package script '/home/zzs/chapt6/chapt6_ws/install/zzs_description/share/zzs_description/package.ps1'
[4.752s] INFO:colcon.colcon_core.shell:Creating package descriptor '/home/zzs/chapt6/chapt6_ws/install/zzs_description/share/zzs_description/package.dsv'
[4.758s] INFO:colcon.colcon_core.shell:Creating package script '/home/zzs/chapt6/chapt6_ws/install/zzs_description/share/zzs_description/package.sh'
[4.760s] INFO:colcon.colcon_core.shell:Creating package script '/home/zzs/chapt6/chapt6_ws/install/zzs_description/share/zzs_description/package.bash'
[4.766s] INFO:colcon.colcon_core.shell:Creating package script '/home/zzs/chapt6/chapt6_ws/install/zzs_description/share/zzs_description/package.zsh'
[4.770s] Level 1:colcon.colcon_core.environment:create_file_with_runtime_dependencies(/home/zzs/chapt6/chapt6_ws/install/zzs_description/share/colcon-core/packages/zzs_description)
[4.771s] Level 1:colcon.colcon_core.environment:create_environment_scripts_only(zzs_description)
[4.771s] Level 1:colcon.colcon_core.environment:checking '/home/zzs/chapt6/chapt6_ws/install/zzs_description' for CMake module files
[4.776s] Level 1:colcon.colcon_core.environment:checking '/home/zzs/chapt6/chapt6_ws/install/zzs_description' for CMake config files
[4.777s] Level 1:colcon.colcon_core.shell:create_environment_hook('zzs_description', 'cmake_prefix_path')
[4.778s] INFO:colcon.colcon_core.shell:Creating environment hook '/home/zzs/chapt6/chapt6_ws/install/zzs_description/share/zzs_description/hook/cmake_prefix_path.ps1'
[4.783s] INFO:colcon.colcon_core.shell:Creating environment descriptor '/home/zzs/chapt6/chapt6_ws/install/zzs_description/share/zzs_description/hook/cmake_prefix_path.dsv'
[4.787s] INFO:colcon.colcon_core.shell:Creating environment hook '/home/zzs/chapt6/chapt6_ws/install/zzs_description/share/zzs_description/hook/cmake_prefix_path.sh'
[4.794s] Level 1:colcon.colcon_core.environment:checking '/home/zzs/chapt6/chapt6_ws/install/zzs_description/bin'
[4.794s] Level 1:colcon.colcon_core.environment:checking '/home/zzs/chapt6/chapt6_ws/install/zzs_description/lib/pkgconfig/zzs_description.pc'
[4.796s] Level 1:colcon.colcon_core.environment:checking '/home/zzs/chapt6/chapt6_ws/install/zzs_description/lib/python3.12/site-packages'
[4.796s] Level 1:colcon.colcon_core.environment:checking '/home/zzs/chapt6/chapt6_ws/install/zzs_description/bin'
[4.799s] INFO:colcon.colcon_core.shell:Creating package script '/home/zzs/chapt6/chapt6_ws/install/zzs_description/share/zzs_description/package.ps1'
[4.807s] INFO:colcon.colcon_core.shell:Creating package descriptor '/home/zzs/chapt6/chapt6_ws/install/zzs_description/share/zzs_description/package.dsv'
[4.810s] INFO:colcon.colcon_core.shell:Creating package script '/home/zzs/chapt6/chapt6_ws/install/zzs_description/share/zzs_description/package.sh'
[4.819s] INFO:colcon.colcon_core.shell:Creating package script '/home/zzs/chapt6/chapt6_ws/install/zzs_description/share/zzs_description/package.bash'
[4.824s] INFO:colcon.colcon_core.shell:Creating package script '/home/zzs/chapt6/chapt6_ws/install/zzs_description/share/zzs_description/package.zsh'
[4.825s] Level 1:colcon.colcon_core.environment:create_file_with_runtime_dependencies(/home/zzs/chapt6/chapt6_ws/install/zzs_description/share/colcon-core/packages/zzs_description)
[4.828s] DEBUG:colcon.colcon_parallel_executor.executor.parallel:closing loop
[4.828s] DEBUG:colcon.colcon_parallel_executor.executor.parallel:loop closed
[4.828s] DEBUG:colcon.colcon_parallel_executor.executor.parallel:run_until_complete finished with '0'
[4.828s] DEBUG:colcon.colcon_core.event_reactor:joining thread
[4.894s] INFO:colcon.colcon_core.plugin_system:Skipping extension 'colcon_notification.desktop_notification.terminal_notifier': Not used on non-Darwin systems
[4.896s] INFO:colcon.colcon_core.plugin_system:Skipping extension 'colcon_notification.desktop_notification.win32': Not used on non-Windows systems
[4.896s] INFO:colcon.colcon_notification.desktop_notification:Sending desktop notification using 'notify2'
[5.418s] DEBUG:colcon.colcon_core.event_reactor:joined thread
[5.423s] INFO:colcon.colcon_core.shell:Creating prefix script '/home/zzs/chapt6/chapt6_ws/install/local_setup.ps1'
[5.436s] INFO:colcon.colcon_core.shell:Creating prefix util module '/home/zzs/chapt6/chapt6_ws/install/_local_setup_util_ps1.py'
[5.448s] INFO:colcon.colcon_core.shell:Creating prefix chain script '/home/zzs/chapt6/chapt6_ws/install/setup.ps1'
[5.480s] INFO:colcon.colcon_core.shell:Creating prefix script '/home/zzs/chapt6/chapt6_ws/install/local_setup.sh'
[5.500s] INFO:colcon.colcon_core.shell:Creating prefix util module '/home/zzs/chapt6/chapt6_ws/install/_local_setup_util_sh.py'
[5.510s] INFO:colcon.colcon_core.shell:Creating prefix chain script '/home/zzs/chapt6/chapt6_ws/install/setup.sh'
[5.526s] INFO:colcon.colcon_core.shell:Creating prefix script '/home/zzs/chapt6/chapt6_ws/install/local_setup.bash'
[5.537s] INFO:colcon.colcon_core.shell:Creating prefix chain script '/home/zzs/chapt6/chapt6_ws/install/setup.bash'
[5.563s] INFO:colcon.colcon_core.shell:Creating prefix script '/home/zzs/chapt6/chapt6_ws/install/local_setup.zsh'
[5.578s] INFO:colcon.colcon_core.shell:Creating prefix chain script '/home/zzs/chapt6/chapt6_ws/install/setup.zsh'
