[1.165s] Invoking command in '/home/zzs/chaptmy/chapt_ws/src/turtle_my_service': DEBUGINFOD_URLS=https://debuginfod.ubuntu.com PYTHONPATH=/home/zzs/chaptmy/chapt_ws/build/turtle_my_service/prefix_override:/usr/lib/python3/dist-packages/colcon_core/task/python/colcon_distutils_commands:/home/zzs/chaptmy/chapt_ws/install/turtle_my_service/lib/python3.12/site-packages:/home/zzs/chaptmy/chapt_ws/install/turtle_my_interfaces/lib/python3.12/site-packages:/home/zzs/chaptmy/chapt_ws/install/turtle_my_service/lib/python3.12/site-packages:/opt/ros/jazzy/lib/python3.12/site-packages /usr/bin/python3 -W ignore:setup.py install is deprecated -W ignore:easy_install command is deprecated setup.py egg_info --egg-base ../../build/turtle_my_service build --build-base /home/zzs/chaptmy/chapt_ws/build/turtle_my_service/build install --record /home/zzs/chaptmy/chapt_ws/build/turtle_my_service/install.log --install-scripts $base/lib/turtle_my_service --single-version-externally-managed install_data
[1.429s] running egg_info
[1.447s] writing ../../build/turtle_my_service/turtle_my_service.egg-info/PKG-INFO
[1.448s] writing dependency_links to ../../build/turtle_my_service/turtle_my_service.egg-info/dependency_links.txt
[1.448s] writing entry points to ../../build/turtle_my_service/turtle_my_service.egg-info/entry_points.txt
[1.449s] writing requirements to ../../build/turtle_my_service/turtle_my_service.egg-info/requires.txt
[1.450s] writing top-level names to ../../build/turtle_my_service/turtle_my_service.egg-info/top_level.txt
[1.488s] reading manifest file '../../build/turtle_my_service/turtle_my_service.egg-info/SOURCES.txt'
[1.489s] adding license file 'LICENSE'
[1.489s] writing manifest file '../../build/turtle_my_service/turtle_my_service.egg-info/SOURCES.txt'
[1.490s] running build
[1.491s] running build_py
[1.491s] running install
[1.498s] running install_lib
[1.517s] running install_data
[1.517s] running install_egg_info
[1.536s] removing '/home/zzs/chaptmy/chapt_ws/install/turtle_my_service/lib/python3.12/site-packages/turtle_my_service-0.0.0-py3.12.egg-info' (and everything under it)
[1.537s] Copying ../../build/turtle_my_service/turtle_my_service.egg-info to /home/zzs/chaptmy/chapt_ws/install/turtle_my_service/lib/python3.12/site-packages/turtle_my_service-0.0.0-py3.12.egg-info
[1.539s] running install_scripts
[1.672s] Installing burtle_my_client script to /home/zzs/chaptmy/chapt_ws/install/turtle_my_service/lib/turtle_my_service
[1.672s] Installing burtle_my_service script to /home/zzs/chaptmy/chapt_ws/install/turtle_my_service/lib/turtle_my_service
[1.672s] writing list of installed files to '/home/zzs/chaptmy/chapt_ws/build/turtle_my_service/install.log'
[1.708s] Invoked command in '/home/zzs/chaptmy/chapt_ws/src/turtle_my_service' returned '0': DEBUGINFOD_URLS=https://debuginfod.ubuntu.com PYTHONPATH=/home/zzs/chaptmy/chapt_ws/build/turtle_my_service/prefix_override:/usr/lib/python3/dist-packages/colcon_core/task/python/colcon_distutils_commands:/home/zzs/chaptmy/chapt_ws/install/turtle_my_service/lib/python3.12/site-packages:/home/zzs/chaptmy/chapt_ws/install/turtle_my_interfaces/lib/python3.12/site-packages:/home/zzs/chaptmy/chapt_ws/install/turtle_my_service/lib/python3.12/site-packages:/opt/ros/jazzy/lib/python3.12/site-packages /usr/bin/python3 -W ignore:setup.py install is deprecated -W ignore:easy_install command is deprecated setup.py egg_info --egg-base ../../build/turtle_my_service build --build-base /home/zzs/chaptmy/chapt_ws/build/turtle_my_service/build install --record /home/zzs/chaptmy/chapt_ws/build/turtle_my_service/install.log --install-scripts $base/lib/turtle_my_service --single-version-externally-managed install_data
