-- Found ament_cmake: 2.5.6 (/opt/ros/jazzy/share/ament_cmake/cmake)
-- Found sensor_msgs: 5.3.8 (/opt/ros/jazzy/share/sensor_msgs/cmake)
-- Found rosidl_generator_c: 4.6.9 (/opt/ros/jazzy/share/rosidl_generator_c/cmake)
-- Found rosidl_generator_cpp: 4.6.9 (/opt/ros/jazzy/share/rosidl_generator_cpp/cmake)
-- Using all available rosidl_typesupport_c: rosidl_typesupport_fastrtps_c;rosidl_typesupport_introspection_c
-- Using all available rosidl_typesupport_cpp: rosidl_typesupport_fastrtps_cpp;rosidl_typesupport_introspection_cpp
-- Found rosidl_default_generators: 1.6.1 (/opt/ros/jazzy/share/rosidl_default_generators/cmake)
-- Found rosidl_adapter: 4.6.9 (/opt/ros/jazzy/share/rosidl_adapter/cmake)
-- Found ament_cmake_ros: 0.12.1 (/opt/ros/jazzy/share/ament_cmake_ros/cmake)
-- Using all available rosidl_typesupport_c: rosidl_typesupport_fastrtps_c;rosidl_typesupport_introspection_c
-- Using all available rosidl_typesupport_cpp: rosidl_typesupport_fastrtps_cpp;rosidl_typesupport_introspection_cpp
-- Found python_cmake_module: 0.11.1 (/opt/ros/jazzy/share/python_cmake_module/cmake)
-- Found PythonExtra: /usr/bin/python3  
-- Found Python3: /usr/bin/python3 (found version "3.12.3") found components: Interpreter Development NumPy Development.Module Development.Embed 
-- Found Python3: /usr/bin/python3 (found version "3.12.3") found components: Interpreter 
-- Found ament_lint_auto: 0.17.5 (/opt/ros/jazzy/share/ament_lint_auto/cmake)
-- Added test 'lint_cmake' to check CMake code style
-- Added test 'xmllint' to check XML markup files
-- Configuring done (5.1s)
-- Generating done (0.1s)
-- Build files have been written to: /home/zzs/chaptmy/chapt_ws/build/turtle_my_interfaces
[  5%] [34m[1mGenerating type hashes for ROS interfaces[0m
[  5%] [34m[1mGenerating Rust code for ROS interfaces[0m
[  5%] Built target turtle_my_interfaces__rosidl_generator_type_description
[  5%] Built target ament_cmake_python_copy_turtle_my_interfaces
[  8%] [34m[1mGenerating C code for ROS interfaces[0m
[  8%] Built target turtle_my_interfaces__rs
[ 11%] [34m[1mGenerating C++ code for ROS interfaces[0m
[ 14%] [32mBuilding C object CMakeFiles/turtle_my_interfaces__rosidl_generator_c.dir/rosidl_generator_c/turtle_my_interfaces/srv/detail/turtle_srv__description.c.o[0m
[ 14%] Built target turtle_my_interfaces__cpp
[ 17%] [32mBuilding C object CMakeFiles/turtle_my_interfaces__rosidl_generator_c.dir/rosidl_generator_c/turtle_my_interfaces/srv/detail/turtle_srv__functions.c.o[0m
[ 20%] [32mBuilding C object CMakeFiles/turtle_my_interfaces__rosidl_generator_c.dir/rosidl_generator_c/turtle_my_interfaces/srv/detail/turtle_srv__type_support.c.o[0m
[ 22%] [32m[1mLinking C shared library libturtle_my_interfaces__rosidl_generator_c.so[0m
[ 22%] Built target turtle_my_interfaces__rosidl_generator_c
[ 25%] [34m[1mGenerating C type support for eProsima Fast-RTPS[0m
running egg_info
creating turtle_my_interfaces.egg-info
writing turtle_my_interfaces.egg-info/PKG-INFO
writing dependency_links to turtle_my_interfaces.egg-info/dependency_links.txt
writing top-level names to turtle_my_interfaces.egg-info/top_level.txt
writing manifest file 'turtle_my_interfaces.egg-info/SOURCES.txt'
reading manifest file 'turtle_my_interfaces.egg-info/SOURCES.txt'
writing manifest file 'turtle_my_interfaces.egg-info/SOURCES.txt'
[ 25%] Built target ament_cmake_python_build_turtle_my_interfaces_egg
[ 28%] [34m[1mGenerating C++ type support for eProsima Fast-RTPS[0m
[ 31%] [32mBuilding CXX object CMakeFiles/turtle_my_interfaces__rosidl_typesupport_fastrtps_c.dir/rosidl_typesupport_fastrtps_c/turtle_my_interfaces/srv/detail/turtle_srv__type_support_c.cpp.o[0m
[ 34%] [32mBuilding CXX object CMakeFiles/turtle_my_interfaces__rosidl_typesupport_fastrtps_cpp.dir/rosidl_typesupport_fastrtps_cpp/turtle_my_interfaces/srv/detail/dds_fastrtps/turtle_srv__type_support.cpp.o[0m
[ 37%] [32m[1mLinking CXX shared library libturtle_my_interfaces__rosidl_typesupport_fastrtps_c.so[0m
[ 40%] [32m[1mLinking CXX shared library libturtle_my_interfaces__rosidl_typesupport_fastrtps_cpp.so[0m
[ 40%] Built target turtle_my_interfaces__rosidl_typesupport_fastrtps_c
[ 42%] [34m[1mGenerating C introspection for ROS interfaces[0m
[ 42%] Built target turtle_my_interfaces__rosidl_typesupport_fastrtps_cpp
[ 45%] [34m[1mGenerating C type support dispatch for ROS interfaces[0m
[ 48%] [32mBuilding C object CMakeFiles/turtle_my_interfaces__rosidl_typesupport_introspection_c.dir/rosidl_typesupport_introspection_c/turtle_my_interfaces/srv/detail/turtle_srv__type_support.c.o[0m
[ 51%] [32mBuilding CXX object CMakeFiles/turtle_my_interfaces__rosidl_typesupport_c.dir/rosidl_typesupport_c/turtle_my_interfaces/srv/turtle_srv__type_support.cpp.o[0m
[ 54%] [32m[1mLinking C shared library libturtle_my_interfaces__rosidl_typesupport_introspection_c.so[0m
[ 57%] [32m[1mLinking CXX shared library libturtle_my_interfaces__rosidl_typesupport_c.so[0m
[ 57%] Built target turtle_my_interfaces__rosidl_typesupport_introspection_c
[ 57%] Built target turtle_my_interfaces__rosidl_typesupport_c
[ 60%] [34m[1mGenerating C++ introspection for ROS interfaces[0m
[ 62%] [34m[1mGenerating C++ type support dispatch for ROS interfaces[0m
[ 65%] [32mBuilding CXX object CMakeFiles/turtle_my_interfaces__rosidl_typesupport_cpp.dir/rosidl_typesupport_cpp/turtle_my_interfaces/srv/turtle_srv__type_support.cpp.o[0m
[ 68%] [32mBuilding CXX object CMakeFiles/turtle_my_interfaces__rosidl_typesupport_introspection_cpp.dir/rosidl_typesupport_introspection_cpp/turtle_my_interfaces/srv/detail/turtle_srv__type_support.cpp.o[0m
[ 71%] [32m[1mLinking CXX shared library libturtle_my_interfaces__rosidl_typesupport_introspection_cpp.so[0m
[ 74%] [32m[1mLinking CXX shared library libturtle_my_interfaces__rosidl_typesupport_cpp.so[0m
[ 74%] Built target turtle_my_interfaces__rosidl_typesupport_introspection_cpp
[ 74%] Built target turtle_my_interfaces__rosidl_typesupport_cpp
[ 74%] Built target turtle_my_interfaces
[ 77%] [34m[1mGenerating Python code for ROS interfaces[0m
[ 77%] Built target turtle_my_interfaces__py
[ 80%] [32mBuilding C object CMakeFiles/turtle_my_interfaces__rosidl_generator_py.dir/rosidl_generator_py/turtle_my_interfaces/srv/_turtle_srv_s.c.o[0m
[ 82%] [32m[1mLinking C shared library libturtle_my_interfaces__rosidl_generator_py.so[0m
[ 82%] Built target turtle_my_interfaces__rosidl_generator_py
[ 85%] [32mBuilding C object CMakeFiles/turtle_my_interfaces_s__rosidl_typesupport_introspection_c.dir/rosidl_generator_py/turtle_my_interfaces/_turtle_my_interfaces_s.ep.rosidl_typesupport_introspection_c.c.o[0m
[ 88%] [32mBuilding C object CMakeFiles/turtle_my_interfaces_s__rosidl_typesupport_fastrtps_c.dir/rosidl_generator_py/turtle_my_interfaces/_turtle_my_interfaces_s.ep.rosidl_typesupport_fastrtps_c.c.o[0m
[ 91%] [32m[1mLinking C shared module rosidl_generator_py/turtle_my_interfaces/turtle_my_interfaces_s__rosidl_typesupport_introspection_c.so[0m
[ 94%] [32m[1mLinking C shared module rosidl_generator_py/turtle_my_interfaces/turtle_my_interfaces_s__rosidl_typesupport_fastrtps_c.so[0m
[ 94%] Built target turtle_my_interfaces_s__rosidl_typesupport_introspection_c
[ 94%] Built target turtle_my_interfaces_s__rosidl_typesupport_fastrtps_c
[ 97%] [32mBuilding C object CMakeFiles/turtle_my_interfaces_s__rosidl_typesupport_c.dir/rosidl_generator_py/turtle_my_interfaces/_turtle_my_interfaces_s.ep.rosidl_typesupport_c.c.o[0m
[100%] [32m[1mLinking C shared module rosidl_generator_py/turtle_my_interfaces/turtle_my_interfaces_s__rosidl_typesupport_c.so[0m
[100%] Built target turtle_my_interfaces_s__rosidl_typesupport_c
-- Install configuration: ""
-- Installing: /home/zzs/chaptmy/chapt_ws/install/turtle_my_interfaces/share/ament_index/resource_index/rosidl_interfaces/turtle_my_interfaces
-- Installing: /home/zzs/chaptmy/chapt_ws/install/turtle_my_interfaces/share/turtle_my_interfaces/srv/TurtleSrv.json
-- Installing: /home/zzs/chaptmy/chapt_ws/install/turtle_my_interfaces/include/turtle_my_interfaces/turtle_my_interfaces
-- Installing: /home/zzs/chaptmy/chapt_ws/install/turtle_my_interfaces/include/turtle_my_interfaces/turtle_my_interfaces/srv
-- Installing: /home/zzs/chaptmy/chapt_ws/install/turtle_my_interfaces/include/turtle_my_interfaces/turtle_my_interfaces/srv/turtle_srv.h
-- Installing: /home/zzs/chaptmy/chapt_ws/install/turtle_my_interfaces/include/turtle_my_interfaces/turtle_my_interfaces/srv/detail
-- Installing: /home/zzs/chaptmy/chapt_ws/install/turtle_my_interfaces/include/turtle_my_interfaces/turtle_my_interfaces/srv/detail/turtle_srv__type_support.h
-- Installing: /home/zzs/chaptmy/chapt_ws/install/turtle_my_interfaces/include/turtle_my_interfaces/turtle_my_interfaces/srv/detail/turtle_srv__functions.c
-- Installing: /home/zzs/chaptmy/chapt_ws/install/turtle_my_interfaces/include/turtle_my_interfaces/turtle_my_interfaces/srv/detail/turtle_srv__description.c
-- Installing: /home/zzs/chaptmy/chapt_ws/install/turtle_my_interfaces/include/turtle_my_interfaces/turtle_my_interfaces/srv/detail/turtle_srv__struct.h
-- Installing: /home/zzs/chaptmy/chapt_ws/install/turtle_my_interfaces/include/turtle_my_interfaces/turtle_my_interfaces/srv/detail/turtle_srv__type_support.c
-- Installing: /home/zzs/chaptmy/chapt_ws/install/turtle_my_interfaces/include/turtle_my_interfaces/turtle_my_interfaces/srv/detail/turtle_srv__functions.h
-- Installing: /home/zzs/chaptmy/chapt_ws/install/turtle_my_interfaces/include/turtle_my_interfaces/turtle_my_interfaces/msg
-- Installing: /home/zzs/chaptmy/chapt_ws/install/turtle_my_interfaces/include/turtle_my_interfaces/turtle_my_interfaces/msg/rosidl_generator_c__visibility_control.h
-- Installing: /home/zzs/chaptmy/chapt_ws/install/turtle_my_interfaces/share/turtle_my_interfaces/environment/library_path.sh
-- Installing: /home/zzs/chaptmy/chapt_ws/install/turtle_my_interfaces/share/turtle_my_interfaces/environment/library_path.dsv
-- Installing: /home/zzs/chaptmy/chapt_ws/install/turtle_my_interfaces/lib/libturtle_my_interfaces__rosidl_generator_c.so
-- Set non-toolchain portion of runtime path of "/home/zzs/chaptmy/chapt_ws/install/turtle_my_interfaces/lib/libturtle_my_interfaces__rosidl_generator_c.so" to ""
-- Up-to-date: /home/zzs/chaptmy/chapt_ws/install/turtle_my_interfaces/include/turtle_my_interfaces/turtle_my_interfaces
-- Up-to-date: /home/zzs/chaptmy/chapt_ws/install/turtle_my_interfaces/include/turtle_my_interfaces/turtle_my_interfaces/srv
-- Up-to-date: /home/zzs/chaptmy/chapt_ws/install/turtle_my_interfaces/include/turtle_my_interfaces/turtle_my_interfaces/srv/detail
-- Installing: /home/zzs/chaptmy/chapt_ws/install/turtle_my_interfaces/include/turtle_my_interfaces/turtle_my_interfaces/srv/detail/turtle_srv__rosidl_typesupport_fastrtps_c.h
-- Up-to-date: /home/zzs/chaptmy/chapt_ws/install/turtle_my_interfaces/include/turtle_my_interfaces/turtle_my_interfaces/msg
-- Installing: /home/zzs/chaptmy/chapt_ws/install/turtle_my_interfaces/include/turtle_my_interfaces/turtle_my_interfaces/msg/rosidl_typesupport_fastrtps_c__visibility_control.h
-- Installing: /home/zzs/chaptmy/chapt_ws/install/turtle_my_interfaces/lib/libturtle_my_interfaces__rosidl_typesupport_fastrtps_c.so
-- Set non-toolchain portion of runtime path of "/home/zzs/chaptmy/chapt_ws/install/turtle_my_interfaces/lib/libturtle_my_interfaces__rosidl_typesupport_fastrtps_c.so" to ""
-- Up-to-date: /home/zzs/chaptmy/chapt_ws/install/turtle_my_interfaces/include/turtle_my_interfaces/turtle_my_interfaces
-- Up-to-date: /home/zzs/chaptmy/chapt_ws/install/turtle_my_interfaces/include/turtle_my_interfaces/turtle_my_interfaces/srv
-- Up-to-date: /home/zzs/chaptmy/chapt_ws/install/turtle_my_interfaces/include/turtle_my_interfaces/turtle_my_interfaces/srv/detail
-- Installing: /home/zzs/chaptmy/chapt_ws/install/turtle_my_interfaces/include/turtle_my_interfaces/turtle_my_interfaces/srv/detail/turtle_srv__type_support.hpp
-- Installing: /home/zzs/chaptmy/chapt_ws/install/turtle_my_interfaces/include/turtle_my_interfaces/turtle_my_interfaces/srv/detail/turtle_srv__traits.hpp
-- Installing: /home/zzs/chaptmy/chapt_ws/install/turtle_my_interfaces/include/turtle_my_interfaces/turtle_my_interfaces/srv/detail/turtle_srv__struct.hpp
-- Installing: /home/zzs/chaptmy/chapt_ws/install/turtle_my_interfaces/include/turtle_my_interfaces/turtle_my_interfaces/srv/detail/turtle_srv__builder.hpp
-- Installing: /home/zzs/chaptmy/chapt_ws/install/turtle_my_interfaces/include/turtle_my_interfaces/turtle_my_interfaces/srv/turtle_srv.hpp
-- Up-to-date: /home/zzs/chaptmy/chapt_ws/install/turtle_my_interfaces/include/turtle_my_interfaces/turtle_my_interfaces/msg
-- Installing: /home/zzs/chaptmy/chapt_ws/install/turtle_my_interfaces/include/turtle_my_interfaces/turtle_my_interfaces/msg/rosidl_generator_cpp__visibility_control.hpp
-- Up-to-date: /home/zzs/chaptmy/chapt_ws/install/turtle_my_interfaces/include/turtle_my_interfaces/turtle_my_interfaces
-- Up-to-date: /home/zzs/chaptmy/chapt_ws/install/turtle_my_interfaces/include/turtle_my_interfaces/turtle_my_interfaces/srv
-- Up-to-date: /home/zzs/chaptmy/chapt_ws/install/turtle_my_interfaces/include/turtle_my_interfaces/turtle_my_interfaces/srv/detail
-- Installing: /home/zzs/chaptmy/chapt_ws/install/turtle_my_interfaces/include/turtle_my_interfaces/turtle_my_interfaces/srv/detail/turtle_srv__rosidl_typesupport_fastrtps_cpp.hpp
-- Installing: /home/zzs/chaptmy/chapt_ws/install/turtle_my_interfaces/include/turtle_my_interfaces/turtle_my_interfaces/srv/detail/dds_fastrtps
-- Up-to-date: /home/zzs/chaptmy/chapt_ws/install/turtle_my_interfaces/include/turtle_my_interfaces/turtle_my_interfaces/msg
-- Installing: /home/zzs/chaptmy/chapt_ws/install/turtle_my_interfaces/include/turtle_my_interfaces/turtle_my_interfaces/msg/rosidl_typesupport_fastrtps_cpp__visibility_control.h
-- Installing: /home/zzs/chaptmy/chapt_ws/install/turtle_my_interfaces/lib/libturtle_my_interfaces__rosidl_typesupport_fastrtps_cpp.so
-- Set non-toolchain portion of runtime path of "/home/zzs/chaptmy/chapt_ws/install/turtle_my_interfaces/lib/libturtle_my_interfaces__rosidl_typesupport_fastrtps_cpp.so" to ""
-- Up-to-date: /home/zzs/chaptmy/chapt_ws/install/turtle_my_interfaces/include/turtle_my_interfaces/turtle_my_interfaces
-- Up-to-date: /home/zzs/chaptmy/chapt_ws/install/turtle_my_interfaces/include/turtle_my_interfaces/turtle_my_interfaces/srv
-- Up-to-date: /home/zzs/chaptmy/chapt_ws/install/turtle_my_interfaces/include/turtle_my_interfaces/turtle_my_interfaces/srv/detail
-- Installing: /home/zzs/chaptmy/chapt_ws/install/turtle_my_interfaces/include/turtle_my_interfaces/turtle_my_interfaces/srv/detail/turtle_srv__rosidl_typesupport_introspection_c.h
-- Installing: /home/zzs/chaptmy/chapt_ws/install/turtle_my_interfaces/include/turtle_my_interfaces/turtle_my_interfaces/srv/detail/turtle_srv__type_support.c
-- Up-to-date: /home/zzs/chaptmy/chapt_ws/install/turtle_my_interfaces/include/turtle_my_interfaces/turtle_my_interfaces/msg
-- Installing: /home/zzs/chaptmy/chapt_ws/install/turtle_my_interfaces/include/turtle_my_interfaces/turtle_my_interfaces/msg/rosidl_typesupport_introspection_c__visibility_control.h
-- Installing: /home/zzs/chaptmy/chapt_ws/install/turtle_my_interfaces/lib/libturtle_my_interfaces__rosidl_typesupport_introspection_c.so
-- Set non-toolchain portion of runtime path of "/home/zzs/chaptmy/chapt_ws/install/turtle_my_interfaces/lib/libturtle_my_interfaces__rosidl_typesupport_introspection_c.so" to ""
-- Installing: /home/zzs/chaptmy/chapt_ws/install/turtle_my_interfaces/lib/libturtle_my_interfaces__rosidl_typesupport_c.so
-- Set non-toolchain portion of runtime path of "/home/zzs/chaptmy/chapt_ws/install/turtle_my_interfaces/lib/libturtle_my_interfaces__rosidl_typesupport_c.so" to ""
-- Up-to-date: /home/zzs/chaptmy/chapt_ws/install/turtle_my_interfaces/include/turtle_my_interfaces/turtle_my_interfaces
-- Up-to-date: /home/zzs/chaptmy/chapt_ws/install/turtle_my_interfaces/include/turtle_my_interfaces/turtle_my_interfaces/srv
-- Up-to-date: /home/zzs/chaptmy/chapt_ws/install/turtle_my_interfaces/include/turtle_my_interfaces/turtle_my_interfaces/srv/detail
-- Installing: /home/zzs/chaptmy/chapt_ws/install/turtle_my_interfaces/include/turtle_my_interfaces/turtle_my_interfaces/srv/detail/turtle_srv__type_support.cpp
-- Installing: /home/zzs/chaptmy/chapt_ws/install/turtle_my_interfaces/include/turtle_my_interfaces/turtle_my_interfaces/srv/detail/turtle_srv__rosidl_typesupport_introspection_cpp.hpp
-- Installing: /home/zzs/chaptmy/chapt_ws/install/turtle_my_interfaces/lib/libturtle_my_interfaces__rosidl_typesupport_introspection_cpp.so
-- Set non-toolchain portion of runtime path of "/home/zzs/chaptmy/chapt_ws/install/turtle_my_interfaces/lib/libturtle_my_interfaces__rosidl_typesupport_introspection_cpp.so" to ""
-- Installing: /home/zzs/chaptmy/chapt_ws/install/turtle_my_interfaces/lib/libturtle_my_interfaces__rosidl_typesupport_cpp.so
-- Set non-toolchain portion of runtime path of "/home/zzs/chaptmy/chapt_ws/install/turtle_my_interfaces/lib/libturtle_my_interfaces__rosidl_typesupport_cpp.so" to ""
-- Installing: /home/zzs/chaptmy/chapt_ws/install/turtle_my_interfaces/share/turtle_my_interfaces/environment/pythonpath.sh
-- Installing: /home/zzs/chaptmy/chapt_ws/install/turtle_my_interfaces/share/turtle_my_interfaces/environment/pythonpath.dsv
-- Installing: /home/zzs/chaptmy/chapt_ws/install/turtle_my_interfaces/lib/python3.12/site-packages/turtle_my_interfaces-0.0.0-py3.12.egg-info
-- Installing: /home/zzs/chaptmy/chapt_ws/install/turtle_my_interfaces/lib/python3.12/site-packages/turtle_my_interfaces-0.0.0-py3.12.egg-info/PKG-INFO
-- Installing: /home/zzs/chaptmy/chapt_ws/install/turtle_my_interfaces/lib/python3.12/site-packages/turtle_my_interfaces-0.0.0-py3.12.egg-info/SOURCES.txt
-- Installing: /home/zzs/chaptmy/chapt_ws/install/turtle_my_interfaces/lib/python3.12/site-packages/turtle_my_interfaces-0.0.0-py3.12.egg-info/top_level.txt
-- Installing: /home/zzs/chaptmy/chapt_ws/install/turtle_my_interfaces/lib/python3.12/site-packages/turtle_my_interfaces-0.0.0-py3.12.egg-info/dependency_links.txt
-- Installing: /home/zzs/chaptmy/chapt_ws/install/turtle_my_interfaces/lib/python3.12/site-packages/turtle_my_interfaces
-- Installing: /home/zzs/chaptmy/chapt_ws/install/turtle_my_interfaces/lib/python3.12/site-packages/turtle_my_interfaces/turtle_my_interfaces_s__rosidl_typesupport_fastrtps_c.so
-- Installing: /home/zzs/chaptmy/chapt_ws/install/turtle_my_interfaces/lib/python3.12/site-packages/turtle_my_interfaces/_turtle_my_interfaces_s.ep.rosidl_typesupport_fastrtps_c.c
-- Installing: /home/zzs/chaptmy/chapt_ws/install/turtle_my_interfaces/lib/python3.12/site-packages/turtle_my_interfaces/srv
-- Installing: /home/zzs/chaptmy/chapt_ws/install/turtle_my_interfaces/lib/python3.12/site-packages/turtle_my_interfaces/srv/_turtle_srv_s.c
-- Installing: /home/zzs/chaptmy/chapt_ws/install/turtle_my_interfaces/lib/python3.12/site-packages/turtle_my_interfaces/srv/__init__.py
-- Installing: /home/zzs/chaptmy/chapt_ws/install/turtle_my_interfaces/lib/python3.12/site-packages/turtle_my_interfaces/srv/_turtle_srv.py
-- Installing: /home/zzs/chaptmy/chapt_ws/install/turtle_my_interfaces/lib/python3.12/site-packages/turtle_my_interfaces/turtle_my_interfaces_s__rosidl_typesupport_introspection_c.so
-- Installing: /home/zzs/chaptmy/chapt_ws/install/turtle_my_interfaces/lib/python3.12/site-packages/turtle_my_interfaces/__init__.py
-- Installing: /home/zzs/chaptmy/chapt_ws/install/turtle_my_interfaces/lib/python3.12/site-packages/turtle_my_interfaces/_turtle_my_interfaces_s.ep.rosidl_typesupport_introspection_c.c
-- Installing: /home/zzs/chaptmy/chapt_ws/install/turtle_my_interfaces/lib/python3.12/site-packages/turtle_my_interfaces/turtle_my_interfaces_s__rosidl_typesupport_c.so
-- Installing: /home/zzs/chaptmy/chapt_ws/install/turtle_my_interfaces/lib/python3.12/site-packages/turtle_my_interfaces/_turtle_my_interfaces_s.ep.rosidl_typesupport_c.c
Listing '/home/zzs/chaptmy/chapt_ws/install/turtle_my_interfaces/lib/python3.12/site-packages/turtle_my_interfaces'...
Compiling '/home/zzs/chaptmy/chapt_ws/install/turtle_my_interfaces/lib/python3.12/site-packages/turtle_my_interfaces/__init__.py'...
Listing '/home/zzs/chaptmy/chapt_ws/install/turtle_my_interfaces/lib/python3.12/site-packages/turtle_my_interfaces/srv'...
Compiling '/home/zzs/chaptmy/chapt_ws/install/turtle_my_interfaces/lib/python3.12/site-packages/turtle_my_interfaces/srv/__init__.py'...
Compiling '/home/zzs/chaptmy/chapt_ws/install/turtle_my_interfaces/lib/python3.12/site-packages/turtle_my_interfaces/srv/_turtle_srv.py'...
-- Installing: /home/zzs/chaptmy/chapt_ws/install/turtle_my_interfaces/lib/python3.12/site-packages/turtle_my_interfaces/turtle_my_interfaces_s__rosidl_typesupport_fastrtps_c.so
-- Set non-toolchain portion of runtime path of "/home/zzs/chaptmy/chapt_ws/install/turtle_my_interfaces/lib/python3.12/site-packages/turtle_my_interfaces/turtle_my_interfaces_s__rosidl_typesupport_fastrtps_c.so" to ""
-- Installing: /home/zzs/chaptmy/chapt_ws/install/turtle_my_interfaces/lib/python3.12/site-packages/turtle_my_interfaces/turtle_my_interfaces_s__rosidl_typesupport_introspection_c.so
-- Set non-toolchain portion of runtime path of "/home/zzs/chaptmy/chapt_ws/install/turtle_my_interfaces/lib/python3.12/site-packages/turtle_my_interfaces/turtle_my_interfaces_s__rosidl_typesupport_introspection_c.so" to ""
-- Installing: /home/zzs/chaptmy/chapt_ws/install/turtle_my_interfaces/lib/python3.12/site-packages/turtle_my_interfaces/turtle_my_interfaces_s__rosidl_typesupport_c.so
-- Set non-toolchain portion of runtime path of "/home/zzs/chaptmy/chapt_ws/install/turtle_my_interfaces/lib/python3.12/site-packages/turtle_my_interfaces/turtle_my_interfaces_s__rosidl_typesupport_c.so" to ""
-- Installing: /home/zzs/chaptmy/chapt_ws/install/turtle_my_interfaces/lib/libturtle_my_interfaces__rosidl_generator_py.so
-- Set non-toolchain portion of runtime path of "/home/zzs/chaptmy/chapt_ws/install/turtle_my_interfaces/lib/libturtle_my_interfaces__rosidl_generator_py.so" to ""
-- Installing: /home/zzs/chaptmy/chapt_ws/install/turtle_my_interfaces/share/ament_index/resource_index/rust_packages/turtle_my_interfaces
-- Installing: /home/zzs/chaptmy/chapt_ws/install/turtle_my_interfaces/share/turtle_my_interfaces/rust
-- Installing: /home/zzs/chaptmy/chapt_ws/install/turtle_my_interfaces/share/turtle_my_interfaces/rust/src
-- Installing: /home/zzs/chaptmy/chapt_ws/install/turtle_my_interfaces/share/turtle_my_interfaces/rust/src/lib.rs
-- Installing: /home/zzs/chaptmy/chapt_ws/install/turtle_my_interfaces/share/turtle_my_interfaces/rust/src/srv
-- Installing: /home/zzs/chaptmy/chapt_ws/install/turtle_my_interfaces/share/turtle_my_interfaces/rust/src/srv/rmw.rs
-- Installing: /home/zzs/chaptmy/chapt_ws/install/turtle_my_interfaces/share/turtle_my_interfaces/rust/src/srv.rs
-- Installing: /home/zzs/chaptmy/chapt_ws/install/turtle_my_interfaces/share/turtle_my_interfaces/rust/build.rs
-- Installing: /home/zzs/chaptmy/chapt_ws/install/turtle_my_interfaces/share/turtle_my_interfaces/rust/Cargo.toml
-- Installing: /home/zzs/chaptmy/chapt_ws/install/turtle_my_interfaces/share/turtle_my_interfaces/srv/TurtleSrv.idl
-- Installing: /home/zzs/chaptmy/chapt_ws/install/turtle_my_interfaces/share/turtle_my_interfaces/srv/TurtleSrv.srv
-- Installing: /home/zzs/chaptmy/chapt_ws/install/turtle_my_interfaces/share/ament_index/resource_index/package_run_dependencies/turtle_my_interfaces
-- Installing: /home/zzs/chaptmy/chapt_ws/install/turtle_my_interfaces/share/ament_index/resource_index/parent_prefix_path/turtle_my_interfaces
-- Installing: /home/zzs/chaptmy/chapt_ws/install/turtle_my_interfaces/share/turtle_my_interfaces/environment/ament_prefix_path.sh
-- Installing: /home/zzs/chaptmy/chapt_ws/install/turtle_my_interfaces/share/turtle_my_interfaces/environment/ament_prefix_path.dsv
-- Installing: /home/zzs/chaptmy/chapt_ws/install/turtle_my_interfaces/share/turtle_my_interfaces/environment/path.sh
-- Installing: /home/zzs/chaptmy/chapt_ws/install/turtle_my_interfaces/share/turtle_my_interfaces/environment/path.dsv
-- Installing: /home/zzs/chaptmy/chapt_ws/install/turtle_my_interfaces/share/turtle_my_interfaces/local_setup.bash
-- Installing: /home/zzs/chaptmy/chapt_ws/install/turtle_my_interfaces/share/turtle_my_interfaces/local_setup.sh
-- Installing: /home/zzs/chaptmy/chapt_ws/install/turtle_my_interfaces/share/turtle_my_interfaces/local_setup.zsh
-- Installing: /home/zzs/chaptmy/chapt_ws/install/turtle_my_interfaces/share/turtle_my_interfaces/local_setup.dsv
-- Installing: /home/zzs/chaptmy/chapt_ws/install/turtle_my_interfaces/share/turtle_my_interfaces/package.dsv
-- Installing: /home/zzs/chaptmy/chapt_ws/install/turtle_my_interfaces/share/ament_index/resource_index/packages/turtle_my_interfaces
-- Installing: /home/zzs/chaptmy/chapt_ws/install/turtle_my_interfaces/share/turtle_my_interfaces/cmake/export_turtle_my_interfaces__rosidl_generator_cExport.cmake
-- Installing: /home/zzs/chaptmy/chapt_ws/install/turtle_my_interfaces/share/turtle_my_interfaces/cmake/export_turtle_my_interfaces__rosidl_generator_cExport-noconfig.cmake
-- Installing: /home/zzs/chaptmy/chapt_ws/install/turtle_my_interfaces/share/turtle_my_interfaces/cmake/export_turtle_my_interfaces__rosidl_typesupport_fastrtps_cExport.cmake
-- Installing: /home/zzs/chaptmy/chapt_ws/install/turtle_my_interfaces/share/turtle_my_interfaces/cmake/export_turtle_my_interfaces__rosidl_typesupport_fastrtps_cExport-noconfig.cmake
-- Installing: /home/zzs/chaptmy/chapt_ws/install/turtle_my_interfaces/share/turtle_my_interfaces/cmake/export_turtle_my_interfaces__rosidl_generator_cppExport.cmake
-- Installing: /home/zzs/chaptmy/chapt_ws/install/turtle_my_interfaces/share/turtle_my_interfaces/cmake/export_turtle_my_interfaces__rosidl_typesupport_fastrtps_cppExport.cmake
-- Installing: /home/zzs/chaptmy/chapt_ws/install/turtle_my_interfaces/share/turtle_my_interfaces/cmake/export_turtle_my_interfaces__rosidl_typesupport_fastrtps_cppExport-noconfig.cmake
-- Installing: /home/zzs/chaptmy/chapt_ws/install/turtle_my_interfaces/share/turtle_my_interfaces/cmake/turtle_my_interfaces__rosidl_typesupport_introspection_cExport.cmake
-- Installing: /home/zzs/chaptmy/chapt_ws/install/turtle_my_interfaces/share/turtle_my_interfaces/cmake/turtle_my_interfaces__rosidl_typesupport_introspection_cExport-noconfig.cmake
-- Installing: /home/zzs/chaptmy/chapt_ws/install/turtle_my_interfaces/share/turtle_my_interfaces/cmake/turtle_my_interfaces__rosidl_typesupport_cExport.cmake
-- Installing: /home/zzs/chaptmy/chapt_ws/install/turtle_my_interfaces/share/turtle_my_interfaces/cmake/turtle_my_interfaces__rosidl_typesupport_cExport-noconfig.cmake
-- Installing: /home/zzs/chaptmy/chapt_ws/install/turtle_my_interfaces/share/turtle_my_interfaces/cmake/turtle_my_interfaces__rosidl_typesupport_introspection_cppExport.cmake
-- Installing: /home/zzs/chaptmy/chapt_ws/install/turtle_my_interfaces/share/turtle_my_interfaces/cmake/turtle_my_interfaces__rosidl_typesupport_introspection_cppExport-noconfig.cmake
-- Installing: /home/zzs/chaptmy/chapt_ws/install/turtle_my_interfaces/share/turtle_my_interfaces/cmake/turtle_my_interfaces__rosidl_typesupport_cppExport.cmake
-- Installing: /home/zzs/chaptmy/chapt_ws/install/turtle_my_interfaces/share/turtle_my_interfaces/cmake/turtle_my_interfaces__rosidl_typesupport_cppExport-noconfig.cmake
-- Installing: /home/zzs/chaptmy/chapt_ws/install/turtle_my_interfaces/share/turtle_my_interfaces/cmake/export_turtle_my_interfaces__rosidl_generator_pyExport.cmake
-- Installing: /home/zzs/chaptmy/chapt_ws/install/turtle_my_interfaces/share/turtle_my_interfaces/cmake/export_turtle_my_interfaces__rosidl_generator_pyExport-noconfig.cmake
-- Installing: /home/zzs/chaptmy/chapt_ws/install/turtle_my_interfaces/share/turtle_my_interfaces/cmake/rosidl_cmake-extras.cmake
-- Installing: /home/zzs/chaptmy/chapt_ws/install/turtle_my_interfaces/share/turtle_my_interfaces/cmake/ament_cmake_export_dependencies-extras.cmake
-- Installing: /home/zzs/chaptmy/chapt_ws/install/turtle_my_interfaces/share/turtle_my_interfaces/cmake/ament_cmake_export_include_directories-extras.cmake
-- Installing: /home/zzs/chaptmy/chapt_ws/install/turtle_my_interfaces/share/turtle_my_interfaces/cmake/ament_cmake_export_libraries-extras.cmake
-- Installing: /home/zzs/chaptmy/chapt_ws/install/turtle_my_interfaces/share/turtle_my_interfaces/cmake/ament_cmake_export_targets-extras.cmake
-- Installing: /home/zzs/chaptmy/chapt_ws/install/turtle_my_interfaces/share/turtle_my_interfaces/cmake/rosidl_cmake_export_typesupport_targets-extras.cmake
-- Installing: /home/zzs/chaptmy/chapt_ws/install/turtle_my_interfaces/share/turtle_my_interfaces/cmake/rosidl_cmake_export_typesupport_libraries-extras.cmake
-- Installing: /home/zzs/chaptmy/chapt_ws/install/turtle_my_interfaces/share/turtle_my_interfaces/cmake/rosidl_cmake_aggregate_target-extras.cmake
-- Installing: /home/zzs/chaptmy/chapt_ws/install/turtle_my_interfaces/share/turtle_my_interfaces/cmake/turtle_my_interfacesConfig.cmake
-- Installing: /home/zzs/chaptmy/chapt_ws/install/turtle_my_interfaces/share/turtle_my_interfaces/cmake/turtle_my_interfacesConfig-version.cmake
-- Installing: /home/zzs/chaptmy/chapt_ws/install/turtle_my_interfaces/share/turtle_my_interfaces/package.xml
