[2.480s] Invoking command in '/home/zzs/workspace/ros2/ros2_study/chapt7/chapt7_ws/src/zzs_application': PYTHONPATH=/home/zzs/workspace/ros2/ros2_study/chapt7/chapt7_ws/build/zzs_application/prefix_override:/usr/lib/python3/dist-packages/colcon_core/task/python/colcon_distutils_commands:/home/zzs/workspace/ros2/ros2_study/chapt7/chapt7_ws/install/zzs_application/lib/python3.10/site-packages:${PYTHONPATH} /usr/bin/python3 -W ignore:setup.py install is deprecated -W ignore:easy_install command is deprecated setup.py egg_info --egg-base ../../build/zzs_application build --build-base /home/zzs/workspace/ros2/ros2_study/chapt7/chapt7_ws/build/zzs_application/build install --record /home/zzs/workspace/ros2/ros2_study/chapt7/chapt7_ws/build/zzs_application/install.log --install-scripts $base/lib/zzs_application --single-version-externally-managed install_data
[3.016s] running egg_info
[3.019s] writing ../../build/zzs_application/zzs_application.egg-info/PKG-INFO
[3.020s] writing dependency_links to ../../build/zzs_application/zzs_application.egg-info/dependency_links.txt
[3.020s] writing entry points to ../../build/zzs_application/zzs_application.egg-info/entry_points.txt
[3.022s] writing requirements to ../../build/zzs_application/zzs_application.egg-info/requires.txt
[3.029s] writing top-level names to ../../build/zzs_application/zzs_application.egg-info/top_level.txt
[3.032s] reading manifest file '../../build/zzs_application/zzs_application.egg-info/SOURCES.txt'
[3.036s] adding license file 'LICENSE'
[3.039s] writing manifest file '../../build/zzs_application/zzs_application.egg-info/SOURCES.txt'
[3.039s] running build
[3.039s] running build_py
[3.039s] copying zzs_application/nav_to_pose.py -> /home/zzs/workspace/ros2/ros2_study/chapt7/chapt7_ws/build/zzs_application/build/lib/zzs_application
[3.042s] running install
[3.042s] running install_lib
[3.049s] copying /home/zzs/workspace/ros2/ros2_study/chapt7/chapt7_ws/build/zzs_application/build/lib/zzs_application/nav_to_pose.py -> /home/zzs/workspace/ros2/ros2_study/chapt7/chapt7_ws/install/zzs_application/lib/python3.10/site-packages/zzs_application
[3.049s] byte-compiling /home/zzs/workspace/ros2/ros2_study/chapt7/chapt7_ws/install/zzs_application/lib/python3.10/site-packages/zzs_application/nav_to_pose.py to nav_to_pose.cpython-310.pyc
[3.050s] running install_data
[3.052s] running install_egg_info
[3.056s] removing '/home/zzs/workspace/ros2/ros2_study/chapt7/chapt7_ws/install/zzs_application/lib/python3.10/site-packages/zzs_application-0.0.0-py3.10.egg-info' (and everything under it)
[3.059s] Copying ../../build/zzs_application/zzs_application.egg-info to /home/zzs/workspace/ros2/ros2_study/chapt7/chapt7_ws/install/zzs_application/lib/python3.10/site-packages/zzs_application-0.0.0-py3.10.egg-info
[3.068s] running install_scripts
[3.128s] Installing get_robot_pose script to /home/zzs/workspace/ros2/ros2_study/chapt7/chapt7_ws/install/zzs_application/lib/zzs_application
[3.137s] Installing init_robot_pose script to /home/zzs/workspace/ros2/ros2_study/chapt7/chapt7_ws/install/zzs_application/lib/zzs_application
[3.137s] Installing nav_to_pose script to /home/zzs/workspace/ros2/ros2_study/chapt7/chapt7_ws/install/zzs_application/lib/zzs_application
[3.137s] writing list of installed files to '/home/zzs/workspace/ros2/ros2_study/chapt7/chapt7_ws/build/zzs_application/install.log'
[3.233s] Invoked command in '/home/zzs/workspace/ros2/ros2_study/chapt7/chapt7_ws/src/zzs_application' returned '0': PYTHONPATH=/home/zzs/workspace/ros2/ros2_study/chapt7/chapt7_ws/build/zzs_application/prefix_override:/usr/lib/python3/dist-packages/colcon_core/task/python/colcon_distutils_commands:/home/zzs/workspace/ros2/ros2_study/chapt7/chapt7_ws/install/zzs_application/lib/python3.10/site-packages:${PYTHONPATH} /usr/bin/python3 -W ignore:setup.py install is deprecated -W ignore:easy_install command is deprecated setup.py egg_info --egg-base ../../build/zzs_application build --build-base /home/zzs/workspace/ros2/ros2_study/chapt7/chapt7_ws/build/zzs_application/build install --record /home/zzs/workspace/ros2/ros2_study/chapt7/chapt7_ws/build/zzs_application/install.log --install-scripts $base/lib/zzs_application --single-version-externally-managed install_data
