[1.273s] Invoking command in '/home/zzs/chaptmy/chapt_ws/src/turtle_my_service': DEBUGINFOD_URLS=https://debuginfod.ubuntu.com PYTHONPATH=/home/zzs/chaptmy/chapt_ws/build/turtle_my_service/prefix_override:/usr/lib/python3/dist-packages/colcon_core/task/python/colcon_distutils_commands:/home/zzs/chaptmy/chapt_ws/install/turtle_my_service/lib/python3.12/site-packages:/home/zzs/chaptmy/chapt_ws/install/turtle_my_interfaces/lib/python3.12/site-packages:/home/zzs/chaptmy/chapt_ws/install/turtle_my_service/lib/python3.12/site-packages:/opt/ros/jazzy/lib/python3.12/site-packages /usr/bin/python3 -W ignore:setup.py install is deprecated -W ignore:easy_install command is deprecated setup.py egg_info --egg-base ../../build/turtle_my_service build --build-base /home/zzs/chaptmy/chapt_ws/build/turtle_my_service/build install --record /home/zzs/chaptmy/chapt_ws/build/turtle_my_service/install.log --install-scripts $base/lib/turtle_my_service --single-version-externally-managed install_data
[1.532s] running egg_info
[1.549s] writing ../../build/turtle_my_service/turtle_my_service.egg-info/PKG-INFO
[1.550s] writing dependency_links to ../../build/turtle_my_service/turtle_my_service.egg-info/dependency_links.txt
[1.551s] writing entry points to ../../build/turtle_my_service/turtle_my_service.egg-info/entry_points.txt
[1.552s] writing requirements to ../../build/turtle_my_service/turtle_my_service.egg-info/requires.txt
[1.552s] writing top-level names to ../../build/turtle_my_service/turtle_my_service.egg-info/top_level.txt
[1.592s] reading manifest file '../../build/turtle_my_service/turtle_my_service.egg-info/SOURCES.txt'
[1.593s] adding license file 'LICENSE'
[1.594s] writing manifest file '../../build/turtle_my_service/turtle_my_service.egg-info/SOURCES.txt'
[1.595s] running build
[1.595s] running build_py
[1.595s] running install
[1.602s] running install_lib
[1.622s] running install_data
[1.622s] running install_egg_info
[1.640s] removing '/home/zzs/chaptmy/chapt_ws/install/turtle_my_service/lib/python3.12/site-packages/turtle_my_service-0.0.0-py3.12.egg-info' (and everything under it)
[1.642s] Copying ../../build/turtle_my_service/turtle_my_service.egg-info to /home/zzs/chaptmy/chapt_ws/install/turtle_my_service/lib/python3.12/site-packages/turtle_my_service-0.0.0-py3.12.egg-info
[1.643s] running install_scripts
[1.772s] Installing turtle_my_client script to /home/zzs/chaptmy/chapt_ws/install/turtle_my_service/lib/turtle_my_service
[1.773s] Installing turtle_my_service script to /home/zzs/chaptmy/chapt_ws/install/turtle_my_service/lib/turtle_my_service
[1.773s] writing list of installed files to '/home/zzs/chaptmy/chapt_ws/build/turtle_my_service/install.log'
[1.809s] Invoked command in '/home/zzs/chaptmy/chapt_ws/src/turtle_my_service' returned '0': DEBUGINFOD_URLS=https://debuginfod.ubuntu.com PYTHONPATH=/home/zzs/chaptmy/chapt_ws/build/turtle_my_service/prefix_override:/usr/lib/python3/dist-packages/colcon_core/task/python/colcon_distutils_commands:/home/zzs/chaptmy/chapt_ws/install/turtle_my_service/lib/python3.12/site-packages:/home/zzs/chaptmy/chapt_ws/install/turtle_my_interfaces/lib/python3.12/site-packages:/home/zzs/chaptmy/chapt_ws/install/turtle_my_service/lib/python3.12/site-packages:/opt/ros/jazzy/lib/python3.12/site-packages /usr/bin/python3 -W ignore:setup.py install is deprecated -W ignore:easy_install command is deprecated setup.py egg_info --egg-base ../../build/turtle_my_service build --build-base /home/zzs/chaptmy/chapt_ws/build/turtle_my_service/build install --record /home/zzs/chaptmy/chapt_ws/build/turtle_my_service/install.log --install-scripts $base/lib/turtle_my_service --single-version-externally-managed install_data
