[1.878s] Invoking command in '/home/zzs/workspace/ros2/ros2_study/chapt7/chapt7_ws/src/autopatrol_robot': PYTHONPATH=/home/zzs/workspace/ros2/ros2_study/chapt7/chapt7_ws/build/autopatrol_robot/prefix_override:/usr/lib/python3/dist-packages/colcon_core/task/python/colcon_distutils_commands:/home/zzs/workspace/ros2/ros2_study/chapt7/chapt7_ws/install/autopatrol_robot/lib/python3.10/site-packages:${PYTHONPATH} /usr/bin/python3 -W ignore:setup.py install is deprecated -W ignore:easy_install command is deprecated setup.py egg_info --egg-base ../../build/autopatrol_robot build --build-base /home/zzs/workspace/ros2/ros2_study/chapt7/chapt7_ws/build/autopatrol_robot/build install --record /home/zzs/workspace/ros2/ros2_study/chapt7/chapt7_ws/build/autopatrol_robot/install.log --install-scripts $base/lib/autopatrol_robot --single-version-externally-managed install_data
[2.141s] running egg_info
[2.141s] creating ../../build/autopatrol_robot/autopatrol_robot.egg-info
[2.142s] writing ../../build/autopatrol_robot/autopatrol_robot.egg-info/PKG-INFO
[2.143s] writing dependency_links to ../../build/autopatrol_robot/autopatrol_robot.egg-info/dependency_links.txt
[2.145s] writing entry points to ../../build/autopatrol_robot/autopatrol_robot.egg-info/entry_points.txt
[2.145s] writing requirements to ../../build/autopatrol_robot/autopatrol_robot.egg-info/requires.txt
[2.145s] writing top-level names to ../../build/autopatrol_robot/autopatrol_robot.egg-info/top_level.txt
[2.145s] writing manifest file '../../build/autopatrol_robot/autopatrol_robot.egg-info/SOURCES.txt'
[2.149s] reading manifest file '../../build/autopatrol_robot/autopatrol_robot.egg-info/SOURCES.txt'
[2.149s] writing manifest file '../../build/autopatrol_robot/autopatrol_robot.egg-info/SOURCES.txt'
[2.150s] running build
[2.150s] running build_py
[2.151s] creating /home/zzs/workspace/ros2/ros2_study/chapt7/chapt7_ws/build/autopatrol_robot/build
[2.151s] creating /home/zzs/workspace/ros2/ros2_study/chapt7/chapt7_ws/build/autopatrol_robot/build/lib
[2.152s] creating /home/zzs/workspace/ros2/ros2_study/chapt7/chapt7_ws/build/autopatrol_robot/build/lib/autopatrol_robot
[2.152s] copying autopatrol_robot/speaker.py -> /home/zzs/workspace/ros2/ros2_study/chapt7/chapt7_ws/build/autopatrol_robot/build/lib/autopatrol_robot
[2.154s] copying autopatrol_robot/__init__.py -> /home/zzs/workspace/ros2/ros2_study/chapt7/chapt7_ws/build/autopatrol_robot/build/lib/autopatrol_robot
[2.154s] copying autopatrol_robot/patrol_node.py -> /home/zzs/workspace/ros2/ros2_study/chapt7/chapt7_ws/build/autopatrol_robot/build/lib/autopatrol_robot
[2.154s] running install
[2.154s] running install_lib
[2.156s] creating /home/zzs/workspace/ros2/ros2_study/chapt7/chapt7_ws/install/autopatrol_robot/lib/python3.10/site-packages/autopatrol_robot
[2.156s] copying /home/zzs/workspace/ros2/ros2_study/chapt7/chapt7_ws/build/autopatrol_robot/build/lib/autopatrol_robot/speaker.py -> /home/zzs/workspace/ros2/ros2_study/chapt7/chapt7_ws/install/autopatrol_robot/lib/python3.10/site-packages/autopatrol_robot
[2.157s] copying /home/zzs/workspace/ros2/ros2_study/chapt7/chapt7_ws/build/autopatrol_robot/build/lib/autopatrol_robot/__init__.py -> /home/zzs/workspace/ros2/ros2_study/chapt7/chapt7_ws/install/autopatrol_robot/lib/python3.10/site-packages/autopatrol_robot
[2.157s] copying /home/zzs/workspace/ros2/ros2_study/chapt7/chapt7_ws/build/autopatrol_robot/build/lib/autopatrol_robot/patrol_node.py -> /home/zzs/workspace/ros2/ros2_study/chapt7/chapt7_ws/install/autopatrol_robot/lib/python3.10/site-packages/autopatrol_robot
[2.158s] byte-compiling /home/zzs/workspace/ros2/ros2_study/chapt7/chapt7_ws/install/autopatrol_robot/lib/python3.10/site-packages/autopatrol_robot/speaker.py to speaker.cpython-310.pyc
[2.159s] byte-compiling /home/zzs/workspace/ros2/ros2_study/chapt7/chapt7_ws/install/autopatrol_robot/lib/python3.10/site-packages/autopatrol_robot/__init__.py to __init__.cpython-310.pyc
[2.161s] byte-compiling /home/zzs/workspace/ros2/ros2_study/chapt7/chapt7_ws/install/autopatrol_robot/lib/python3.10/site-packages/autopatrol_robot/patrol_node.py to patrol_node.cpython-310.pyc
[2.163s] running install_data
[2.163s] creating /home/zzs/workspace/ros2/ros2_study/chapt7/chapt7_ws/install/autopatrol_robot/share/ament_index
[2.163s] creating /home/zzs/workspace/ros2/ros2_study/chapt7/chapt7_ws/install/autopatrol_robot/share/ament_index/resource_index
[2.163s] creating /home/zzs/workspace/ros2/ros2_study/chapt7/chapt7_ws/install/autopatrol_robot/share/ament_index/resource_index/packages
[2.163s] copying resource/autopatrol_robot -> /home/zzs/workspace/ros2/ros2_study/chapt7/chapt7_ws/install/autopatrol_robot/share/ament_index/resource_index/packages
[2.163s] copying package.xml -> /home/zzs/workspace/ros2/ros2_study/chapt7/chapt7_ws/install/autopatrol_robot/share/autopatrol_robot
[2.163s] creating /home/zzs/workspace/ros2/ros2_study/chapt7/chapt7_ws/install/autopatrol_robot/share/autopatrol_robot/config
[2.163s] copying config/patrol_config.yaml -> /home/zzs/workspace/ros2/ros2_study/chapt7/chapt7_ws/install/autopatrol_robot/share/autopatrol_robot/config
[2.163s] creating /home/zzs/workspace/ros2/ros2_study/chapt7/chapt7_ws/install/autopatrol_robot/share/autopatrol_robot/launch
[2.163s] copying launch/autopatrol.launch.py -> /home/zzs/workspace/ros2/ros2_study/chapt7/chapt7_ws/install/autopatrol_robot/share/autopatrol_robot/launch
[2.163s] running install_egg_info
[2.165s] Copying ../../build/autopatrol_robot/autopatrol_robot.egg-info to /home/zzs/workspace/ros2/ros2_study/chapt7/chapt7_ws/install/autopatrol_robot/lib/python3.10/site-packages/autopatrol_robot-0.0.0-py3.10.egg-info
[2.168s] running install_scripts
[2.190s] Installing patrol_node script to /home/zzs/workspace/ros2/ros2_study/chapt7/chapt7_ws/install/autopatrol_robot/lib/autopatrol_robot
[2.193s] Installing speaker script to /home/zzs/workspace/ros2/ros2_study/chapt7/chapt7_ws/install/autopatrol_robot/lib/autopatrol_robot
[2.193s] writing list of installed files to '/home/zzs/workspace/ros2/ros2_study/chapt7/chapt7_ws/build/autopatrol_robot/install.log'
[2.240s] Invoked command in '/home/zzs/workspace/ros2/ros2_study/chapt7/chapt7_ws/src/autopatrol_robot' returned '0': PYTHONPATH=/home/zzs/workspace/ros2/ros2_study/chapt7/chapt7_ws/build/autopatrol_robot/prefix_override:/usr/lib/python3/dist-packages/colcon_core/task/python/colcon_distutils_commands:/home/zzs/workspace/ros2/ros2_study/chapt7/chapt7_ws/install/autopatrol_robot/lib/python3.10/site-packages:${PYTHONPATH} /usr/bin/python3 -W ignore:setup.py install is deprecated -W ignore:easy_install command is deprecated setup.py egg_info --egg-base ../../build/autopatrol_robot build --build-base /home/zzs/workspace/ros2/ros2_study/chapt7/chapt7_ws/build/autopatrol_robot/build install --record /home/zzs/workspace/ros2/ros2_study/chapt7/chapt7_ws/build/autopatrol_robot/install.log --install-scripts $base/lib/autopatrol_robot --single-version-externally-managed install_data
