[0.032s] Invoking command in '/home/zzs/chapt4/chapt4_ws/build/chapt4_interfaces': CMAKE_PREFIX_PATH=${CMAKE_PREFIX_PATH}:/home/zzs/chapt4/chapt4_ws/install/demo_python_service:/opt/ros/jazzy DEBUGINFOD_URLS=https://debuginfod.ubuntu.com /usr/bin/cmake --build /home/zzs/chapt4/chapt4_ws/build/chapt4_interfaces -- -j2 -l2
[0.261s] [  2%] Built target chapt4_interfaces__rs
[0.261s] [  5%] Built target chapt4_interfaces__rosidl_generator_type_description
[0.317s] [  5%] Built target ament_cmake_python_copy_chapt4_interfaces
[0.331s] [ 20%] Built target chapt4_interfaces__rosidl_generator_c
[0.360s] [ 22%] Built target chapt4_interfaces__cpp
[0.435s] [ 31%] Built target chapt4_interfaces__rosidl_typesupport_fastrtps_c
[0.483s] [ 40%] Built target chapt4_interfaces__rosidl_typesupport_fastrtps_cpp
[0.656s] [ 48%] Built target chapt4_interfaces__rosidl_typesupport_introspection_c
[0.764s] [ 57%] Built target chapt4_interfaces__rosidl_typesupport_c
[0.894s] [ 65%] Built target chapt4_interfaces__rosidl_typesupport_introspection_cpp
[0.960s] [ 74%] Built target chapt4_interfaces__rosidl_typesupport_cpp
[1.004s] [ 74%] Built target chapt4_interfaces
[1.078s] [ 77%] Built target chapt4_interfaces__py
[1.129s] [ 82%] Built target chapt4_interfaces__rosidl_generator_py
[1.170s] [ 88%] Built target chapt4_interfaces_s__rosidl_typesupport_fastrtps_c
[1.171s] running egg_info
[1.192s] writing chapt4_interfaces.egg-info/PKG-INFO
[1.194s] writing dependency_links to chapt4_interfaces.egg-info/dependency_links.txt
[1.195s] writing top-level names to chapt4_interfaces.egg-info/top_level.txt
[1.207s] [ 94%] Built target chapt4_interfaces_s__rosidl_typesupport_introspection_c
[1.253s] [100%] Built target chapt4_interfaces_s__rosidl_typesupport_c
[1.263s] reading manifest file 'chapt4_interfaces.egg-info/SOURCES.txt'
[1.265s] writing manifest file 'chapt4_interfaces.egg-info/SOURCES.txt'
[1.298s] [100%] Built target ament_cmake_python_build_chapt4_interfaces_egg
[1.321s] Invoked command in '/home/zzs/chapt4/chapt4_ws/build/chapt4_interfaces' returned '0': CMAKE_PREFIX_PATH=${CMAKE_PREFIX_PATH}:/home/zzs/chapt4/chapt4_ws/install/demo_python_service:/opt/ros/jazzy DEBUGINFOD_URLS=https://debuginfod.ubuntu.com /usr/bin/cmake --build /home/zzs/chapt4/chapt4_ws/build/chapt4_interfaces -- -j2 -l2
[1.352s] Invoking command in '/home/zzs/chapt4/chapt4_ws/build/chapt4_interfaces': CMAKE_PREFIX_PATH=${CMAKE_PREFIX_PATH}:/home/zzs/chapt4/chapt4_ws/install/demo_python_service:/opt/ros/jazzy DEBUGINFOD_URLS=https://debuginfod.ubuntu.com /usr/bin/cmake --install /home/zzs/chapt4/chapt4_ws/build/chapt4_interfaces
[1.365s] -- Install configuration: ""
[1.365s] -- Up-to-date: /home/zzs/chapt4/chapt4_ws/install/chapt4_interfaces/share/ament_index/resource_index/rosidl_interfaces/chapt4_interfaces
[1.365s] -- Up-to-date: /home/zzs/chapt4/chapt4_ws/install/chapt4_interfaces/share/chapt4_interfaces/srv/FaceDetector.json
[1.366s] -- Up-to-date: /home/zzs/chapt4/chapt4_ws/install/chapt4_interfaces/include/chapt4_interfaces/chapt4_interfaces
[1.366s] -- Up-to-date: /home/zzs/chapt4/chapt4_ws/install/chapt4_interfaces/include/chapt4_interfaces/chapt4_interfaces/srv
[1.367s] -- Up-to-date: /home/zzs/chapt4/chapt4_ws/install/chapt4_interfaces/include/chapt4_interfaces/chapt4_interfaces/srv/face_detector.h
[1.368s] -- Up-to-date: /home/zzs/chapt4/chapt4_ws/install/chapt4_interfaces/include/chapt4_interfaces/chapt4_interfaces/srv/detail
[1.368s] -- Up-to-date: /home/zzs/chapt4/chapt4_ws/install/chapt4_interfaces/include/chapt4_interfaces/chapt4_interfaces/srv/detail/face_detector__struct.h
[1.368s] -- Up-to-date: /home/zzs/chapt4/chapt4_ws/install/chapt4_interfaces/include/chapt4_interfaces/chapt4_interfaces/srv/detail/face_detector__functions.h
[1.368s] -- Up-to-date: /home/zzs/chapt4/chapt4_ws/install/chapt4_interfaces/include/chapt4_interfaces/chapt4_interfaces/srv/detail/face_detector__functions.c
[1.368s] -- Up-to-date: /home/zzs/chapt4/chapt4_ws/install/chapt4_interfaces/include/chapt4_interfaces/chapt4_interfaces/srv/detail/face_detector__description.c
[1.368s] -- Up-to-date: /home/zzs/chapt4/chapt4_ws/install/chapt4_interfaces/include/chapt4_interfaces/chapt4_interfaces/srv/detail/face_detector__type_support.h
[1.368s] -- Installing: /home/zzs/chapt4/chapt4_ws/install/chapt4_interfaces/include/chapt4_interfaces/chapt4_interfaces/srv/detail/face_detector__type_support.c
[1.369s] -- Up-to-date: /home/zzs/chapt4/chapt4_ws/install/chapt4_interfaces/include/chapt4_interfaces/chapt4_interfaces/msg
[1.370s] -- Up-to-date: /home/zzs/chapt4/chapt4_ws/install/chapt4_interfaces/include/chapt4_interfaces/chapt4_interfaces/msg/rosidl_generator_c__visibility_control.h
[1.370s] -- Up-to-date: /home/zzs/chapt4/chapt4_ws/install/chapt4_interfaces/share/chapt4_interfaces/environment/library_path.sh
[1.370s] -- Up-to-date: /home/zzs/chapt4/chapt4_ws/install/chapt4_interfaces/share/chapt4_interfaces/environment/library_path.dsv
[1.371s] -- Up-to-date: /home/zzs/chapt4/chapt4_ws/install/chapt4_interfaces/lib/libchapt4_interfaces__rosidl_generator_c.so
[1.371s] -- Up-to-date: /home/zzs/chapt4/chapt4_ws/install/chapt4_interfaces/include/chapt4_interfaces/chapt4_interfaces
[1.372s] -- Up-to-date: /home/zzs/chapt4/chapt4_ws/install/chapt4_interfaces/include/chapt4_interfaces/chapt4_interfaces/srv
[1.372s] -- Up-to-date: /home/zzs/chapt4/chapt4_ws/install/chapt4_interfaces/include/chapt4_interfaces/chapt4_interfaces/srv/detail
[1.372s] -- Up-to-date: /home/zzs/chapt4/chapt4_ws/install/chapt4_interfaces/include/chapt4_interfaces/chapt4_interfaces/srv/detail/face_detector__rosidl_typesupport_fastrtps_c.h
[1.373s] -- Up-to-date: /home/zzs/chapt4/chapt4_ws/install/chapt4_interfaces/include/chapt4_interfaces/chapt4_interfaces/msg
[1.374s] -- Up-to-date: /home/zzs/chapt4/chapt4_ws/install/chapt4_interfaces/include/chapt4_interfaces/chapt4_interfaces/msg/rosidl_typesupport_fastrtps_c__visibility_control.h
[1.374s] -- Up-to-date: /home/zzs/chapt4/chapt4_ws/install/chapt4_interfaces/lib/libchapt4_interfaces__rosidl_typesupport_fastrtps_c.so
[1.374s] -- Up-to-date: /home/zzs/chapt4/chapt4_ws/install/chapt4_interfaces/include/chapt4_interfaces/chapt4_interfaces
[1.374s] -- Up-to-date: /home/zzs/chapt4/chapt4_ws/install/chapt4_interfaces/include/chapt4_interfaces/chapt4_interfaces/srv
[1.375s] -- Up-to-date: /home/zzs/chapt4/chapt4_ws/install/chapt4_interfaces/include/chapt4_interfaces/chapt4_interfaces/srv/face_detector.hpp
[1.375s] -- Up-to-date: /home/zzs/chapt4/chapt4_ws/install/chapt4_interfaces/include/chapt4_interfaces/chapt4_interfaces/srv/detail
[1.375s] -- Up-to-date: /home/zzs/chapt4/chapt4_ws/install/chapt4_interfaces/include/chapt4_interfaces/chapt4_interfaces/srv/detail/face_detector__traits.hpp
[1.375s] -- Up-to-date: /home/zzs/chapt4/chapt4_ws/install/chapt4_interfaces/include/chapt4_interfaces/chapt4_interfaces/srv/detail/face_detector__struct.hpp
[1.375s] -- Up-to-date: /home/zzs/chapt4/chapt4_ws/install/chapt4_interfaces/include/chapt4_interfaces/chapt4_interfaces/srv/detail/face_detector__builder.hpp
[1.375s] -- Up-to-date: /home/zzs/chapt4/chapt4_ws/install/chapt4_interfaces/include/chapt4_interfaces/chapt4_interfaces/srv/detail/face_detector__type_support.hpp
[1.376s] -- Up-to-date: /home/zzs/chapt4/chapt4_ws/install/chapt4_interfaces/include/chapt4_interfaces/chapt4_interfaces/msg
[1.376s] -- Up-to-date: /home/zzs/chapt4/chapt4_ws/install/chapt4_interfaces/include/chapt4_interfaces/chapt4_interfaces/msg/rosidl_generator_cpp__visibility_control.hpp
[1.376s] -- Up-to-date: /home/zzs/chapt4/chapt4_ws/install/chapt4_interfaces/include/chapt4_interfaces/chapt4_interfaces
[1.377s] -- Up-to-date: /home/zzs/chapt4/chapt4_ws/install/chapt4_interfaces/include/chapt4_interfaces/chapt4_interfaces/srv
[1.377s] -- Up-to-date: /home/zzs/chapt4/chapt4_ws/install/chapt4_interfaces/include/chapt4_interfaces/chapt4_interfaces/srv/detail
[1.378s] -- Up-to-date: /home/zzs/chapt4/chapt4_ws/install/chapt4_interfaces/include/chapt4_interfaces/chapt4_interfaces/srv/detail/dds_fastrtps
[1.378s] -- Up-to-date: /home/zzs/chapt4/chapt4_ws/install/chapt4_interfaces/include/chapt4_interfaces/chapt4_interfaces/srv/detail/face_detector__rosidl_typesupport_fastrtps_cpp.hpp
[1.378s] -- Up-to-date: /home/zzs/chapt4/chapt4_ws/install/chapt4_interfaces/include/chapt4_interfaces/chapt4_interfaces/msg
[1.378s] -- Up-to-date: /home/zzs/chapt4/chapt4_ws/install/chapt4_interfaces/include/chapt4_interfaces/chapt4_interfaces/msg/rosidl_typesupport_fastrtps_cpp__visibility_control.h
[1.380s] -- Up-to-date: /home/zzs/chapt4/chapt4_ws/install/chapt4_interfaces/lib/libchapt4_interfaces__rosidl_typesupport_fastrtps_cpp.so
[1.380s] -- Up-to-date: /home/zzs/chapt4/chapt4_ws/install/chapt4_interfaces/include/chapt4_interfaces/chapt4_interfaces
[1.381s] -- Up-to-date: /home/zzs/chapt4/chapt4_ws/install/chapt4_interfaces/include/chapt4_interfaces/chapt4_interfaces/srv
[1.381s] -- Up-to-date: /home/zzs/chapt4/chapt4_ws/install/chapt4_interfaces/include/chapt4_interfaces/chapt4_interfaces/srv/detail
[1.381s] -- Up-to-date: /home/zzs/chapt4/chapt4_ws/install/chapt4_interfaces/include/chapt4_interfaces/chapt4_interfaces/srv/detail/face_detector__rosidl_typesupport_introspection_c.h
[1.381s] -- Installing: /home/zzs/chapt4/chapt4_ws/install/chapt4_interfaces/include/chapt4_interfaces/chapt4_interfaces/srv/detail/face_detector__type_support.c
[1.381s] -- Up-to-date: /home/zzs/chapt4/chapt4_ws/install/chapt4_interfaces/include/chapt4_interfaces/chapt4_interfaces/msg
[1.382s] -- Up-to-date: /home/zzs/chapt4/chapt4_ws/install/chapt4_interfaces/include/chapt4_interfaces/chapt4_interfaces/msg/rosidl_typesupport_introspection_c__visibility_control.h
[1.383s] -- Up-to-date: /home/zzs/chapt4/chapt4_ws/install/chapt4_interfaces/lib/libchapt4_interfaces__rosidl_typesupport_introspection_c.so
[1.384s] -- Up-to-date: /home/zzs/chapt4/chapt4_ws/install/chapt4_interfaces/lib/libchapt4_interfaces__rosidl_typesupport_c.so
[1.385s] -- Up-to-date: /home/zzs/chapt4/chapt4_ws/install/chapt4_interfaces/include/chapt4_interfaces/chapt4_interfaces
[1.385s] -- Up-to-date: /home/zzs/chapt4/chapt4_ws/install/chapt4_interfaces/include/chapt4_interfaces/chapt4_interfaces/srv
[1.385s] -- Up-to-date: /home/zzs/chapt4/chapt4_ws/install/chapt4_interfaces/include/chapt4_interfaces/chapt4_interfaces/srv/detail
[1.385s] -- Up-to-date: /home/zzs/chapt4/chapt4_ws/install/chapt4_interfaces/include/chapt4_interfaces/chapt4_interfaces/srv/detail/face_detector__rosidl_typesupport_introspection_cpp.hpp
[1.385s] -- Up-to-date: /home/zzs/chapt4/chapt4_ws/install/chapt4_interfaces/include/chapt4_interfaces/chapt4_interfaces/srv/detail/face_detector__type_support.cpp
[1.386s] -- Up-to-date: /home/zzs/chapt4/chapt4_ws/install/chapt4_interfaces/lib/libchapt4_interfaces__rosidl_typesupport_introspection_cpp.so
[1.388s] -- Up-to-date: /home/zzs/chapt4/chapt4_ws/install/chapt4_interfaces/lib/libchapt4_interfaces__rosidl_typesupport_cpp.so
[1.388s] -- Up-to-date: /home/zzs/chapt4/chapt4_ws/install/chapt4_interfaces/share/chapt4_interfaces/environment/pythonpath.sh
[1.388s] -- Up-to-date: /home/zzs/chapt4/chapt4_ws/install/chapt4_interfaces/share/chapt4_interfaces/environment/pythonpath.dsv
[1.388s] -- Up-to-date: /home/zzs/chapt4/chapt4_ws/install/chapt4_interfaces/lib/python3.12/site-packages/chapt4_interfaces-0.0.0-py3.12.egg-info
[1.389s] -- Installing: /home/zzs/chapt4/chapt4_ws/install/chapt4_interfaces/lib/python3.12/site-packages/chapt4_interfaces-0.0.0-py3.12.egg-info/PKG-INFO
[1.390s] -- Installing: /home/zzs/chapt4/chapt4_ws/install/chapt4_interfaces/lib/python3.12/site-packages/chapt4_interfaces-0.0.0-py3.12.egg-info/SOURCES.txt
[1.390s] -- Installing: /home/zzs/chapt4/chapt4_ws/install/chapt4_interfaces/lib/python3.12/site-packages/chapt4_interfaces-0.0.0-py3.12.egg-info/top_level.txt
[1.390s] -- Installing: /home/zzs/chapt4/chapt4_ws/install/chapt4_interfaces/lib/python3.12/site-packages/chapt4_interfaces-0.0.0-py3.12.egg-info/dependency_links.txt
[1.390s] -- Up-to-date: /home/zzs/chapt4/chapt4_ws/install/chapt4_interfaces/lib/python3.12/site-packages/chapt4_interfaces
[1.390s] -- Up-to-date: /home/zzs/chapt4/chapt4_ws/install/chapt4_interfaces/lib/python3.12/site-packages/chapt4_interfaces/_chapt4_interfaces_s.ep.rosidl_typesupport_fastrtps_c.c
[1.390s] -- Up-to-date: /home/zzs/chapt4/chapt4_ws/install/chapt4_interfaces/lib/python3.12/site-packages/chapt4_interfaces/chapt4_interfaces_s__rosidl_typesupport_fastrtps_c.so
[1.390s] -- Up-to-date: /home/zzs/chapt4/chapt4_ws/install/chapt4_interfaces/lib/python3.12/site-packages/chapt4_interfaces/srv
[1.390s] -- Up-to-date: /home/zzs/chapt4/chapt4_ws/install/chapt4_interfaces/lib/python3.12/site-packages/chapt4_interfaces/srv/_face_detector.py
[1.390s] -- Up-to-date: /home/zzs/chapt4/chapt4_ws/install/chapt4_interfaces/lib/python3.12/site-packages/chapt4_interfaces/srv/__init__.py
[1.390s] -- Up-to-date: /home/zzs/chapt4/chapt4_ws/install/chapt4_interfaces/lib/python3.12/site-packages/chapt4_interfaces/srv/_face_detector_s.c
[1.390s] -- Up-to-date: /home/zzs/chapt4/chapt4_ws/install/chapt4_interfaces/lib/python3.12/site-packages/chapt4_interfaces/chapt4_interfaces_s__rosidl_typesupport_introspection_c.so
[1.390s] -- Up-to-date: /home/zzs/chapt4/chapt4_ws/install/chapt4_interfaces/lib/python3.12/site-packages/chapt4_interfaces/__init__.py
[1.391s] -- Up-to-date: /home/zzs/chapt4/chapt4_ws/install/chapt4_interfaces/lib/python3.12/site-packages/chapt4_interfaces/chapt4_interfaces_s__rosidl_typesupport_c.so
[1.392s] -- Up-to-date: /home/zzs/chapt4/chapt4_ws/install/chapt4_interfaces/lib/python3.12/site-packages/chapt4_interfaces/_chapt4_interfaces_s.ep.rosidl_typesupport_introspection_c.c
[1.392s] -- Up-to-date: /home/zzs/chapt4/chapt4_ws/install/chapt4_interfaces/lib/python3.12/site-packages/chapt4_interfaces/_chapt4_interfaces_s.ep.rosidl_typesupport_c.c
[1.486s] Listing '/home/zzs/chapt4/chapt4_ws/install/chapt4_interfaces/lib/python3.12/site-packages/chapt4_interfaces'...
[1.486s] Listing '/home/zzs/chapt4/chapt4_ws/install/chapt4_interfaces/lib/python3.12/site-packages/chapt4_interfaces/srv'...
[1.494s] -- Up-to-date: /home/zzs/chapt4/chapt4_ws/install/chapt4_interfaces/lib/python3.12/site-packages/chapt4_interfaces/chapt4_interfaces_s__rosidl_typesupport_fastrtps_c.so
[1.495s] -- Up-to-date: /home/zzs/chapt4/chapt4_ws/install/chapt4_interfaces/lib/python3.12/site-packages/chapt4_interfaces/chapt4_interfaces_s__rosidl_typesupport_introspection_c.so
[1.497s] -- Up-to-date: /home/zzs/chapt4/chapt4_ws/install/chapt4_interfaces/lib/python3.12/site-packages/chapt4_interfaces/chapt4_interfaces_s__rosidl_typesupport_c.so
[1.499s] -- Up-to-date: /home/zzs/chapt4/chapt4_ws/install/chapt4_interfaces/lib/libchapt4_interfaces__rosidl_generator_py.so
[1.500s] -- Up-to-date: /home/zzs/chapt4/chapt4_ws/install/chapt4_interfaces/share/ament_index/resource_index/rust_packages/chapt4_interfaces
[1.500s] -- Up-to-date: /home/zzs/chapt4/chapt4_ws/install/chapt4_interfaces/share/chapt4_interfaces/rust
[1.503s] -- Up-to-date: /home/zzs/chapt4/chapt4_ws/install/chapt4_interfaces/share/chapt4_interfaces/rust/src
[1.503s] -- Up-to-date: /home/zzs/chapt4/chapt4_ws/install/chapt4_interfaces/share/chapt4_interfaces/rust/src/lib.rs
[1.503s] -- Up-to-date: /home/zzs/chapt4/chapt4_ws/install/chapt4_interfaces/share/chapt4_interfaces/rust/src/srv
[1.504s] -- Up-to-date: /home/zzs/chapt4/chapt4_ws/install/chapt4_interfaces/share/chapt4_interfaces/rust/src/srv/rmw.rs
[1.504s] -- Up-to-date: /home/zzs/chapt4/chapt4_ws/install/chapt4_interfaces/share/chapt4_interfaces/rust/src/srv.rs
[1.505s] -- Up-to-date: /home/zzs/chapt4/chapt4_ws/install/chapt4_interfaces/share/chapt4_interfaces/rust/build.rs
[1.505s] -- Up-to-date: /home/zzs/chapt4/chapt4_ws/install/chapt4_interfaces/share/chapt4_interfaces/rust/Cargo.toml
[1.506s] -- Up-to-date: /home/zzs/chapt4/chapt4_ws/install/chapt4_interfaces/share/chapt4_interfaces/srv/FaceDetector.idl
[1.506s] -- Up-to-date: /home/zzs/chapt4/chapt4_ws/install/chapt4_interfaces/share/chapt4_interfaces/srv/FaceDetector.srv
[1.506s] -- Up-to-date: /home/zzs/chapt4/chapt4_ws/install/chapt4_interfaces/share/ament_index/resource_index/package_run_dependencies/chapt4_interfaces
[1.507s] -- Up-to-date: /home/zzs/chapt4/chapt4_ws/install/chapt4_interfaces/share/ament_index/resource_index/parent_prefix_path/chapt4_interfaces
[1.507s] -- Up-to-date: /home/zzs/chapt4/chapt4_ws/install/chapt4_interfaces/share/chapt4_interfaces/environment/ament_prefix_path.sh
[1.507s] -- Up-to-date: /home/zzs/chapt4/chapt4_ws/install/chapt4_interfaces/share/chapt4_interfaces/environment/ament_prefix_path.dsv
[1.507s] -- Up-to-date: /home/zzs/chapt4/chapt4_ws/install/chapt4_interfaces/share/chapt4_interfaces/environment/path.sh
[1.507s] -- Up-to-date: /home/zzs/chapt4/chapt4_ws/install/chapt4_interfaces/share/chapt4_interfaces/environment/path.dsv
[1.507s] -- Up-to-date: /home/zzs/chapt4/chapt4_ws/install/chapt4_interfaces/share/chapt4_interfaces/local_setup.bash
[1.509s] -- Up-to-date: /home/zzs/chapt4/chapt4_ws/install/chapt4_interfaces/share/chapt4_interfaces/local_setup.sh
[1.510s] -- Up-to-date: /home/zzs/chapt4/chapt4_ws/install/chapt4_interfaces/share/chapt4_interfaces/local_setup.zsh
[1.511s] -- Up-to-date: /home/zzs/chapt4/chapt4_ws/install/chapt4_interfaces/share/chapt4_interfaces/local_setup.dsv
[1.511s] -- Installing: /home/zzs/chapt4/chapt4_ws/install/chapt4_interfaces/share/chapt4_interfaces/package.dsv
[1.511s] -- Up-to-date: /home/zzs/chapt4/chapt4_ws/install/chapt4_interfaces/share/ament_index/resource_index/packages/chapt4_interfaces
[1.511s] -- Up-to-date: /home/zzs/chapt4/chapt4_ws/install/chapt4_interfaces/share/chapt4_interfaces/cmake/export_chapt4_interfaces__rosidl_generator_cExport.cmake
[1.513s] -- Up-to-date: /home/zzs/chapt4/chapt4_ws/install/chapt4_interfaces/share/chapt4_interfaces/cmake/export_chapt4_interfaces__rosidl_generator_cExport-noconfig.cmake
[1.514s] -- Up-to-date: /home/zzs/chapt4/chapt4_ws/install/chapt4_interfaces/share/chapt4_interfaces/cmake/export_chapt4_interfaces__rosidl_typesupport_fastrtps_cExport.cmake
[1.514s] -- Up-to-date: /home/zzs/chapt4/chapt4_ws/install/chapt4_interfaces/share/chapt4_interfaces/cmake/export_chapt4_interfaces__rosidl_typesupport_fastrtps_cExport-noconfig.cmake
[1.514s] -- Up-to-date: /home/zzs/chapt4/chapt4_ws/install/chapt4_interfaces/share/chapt4_interfaces/cmake/export_chapt4_interfaces__rosidl_generator_cppExport.cmake
[1.514s] -- Up-to-date: /home/zzs/chapt4/chapt4_ws/install/chapt4_interfaces/share/chapt4_interfaces/cmake/export_chapt4_interfaces__rosidl_typesupport_fastrtps_cppExport.cmake
[1.515s] -- Up-to-date: /home/zzs/chapt4/chapt4_ws/install/chapt4_interfaces/share/chapt4_interfaces/cmake/export_chapt4_interfaces__rosidl_typesupport_fastrtps_cppExport-noconfig.cmake
[1.515s] -- Up-to-date: /home/zzs/chapt4/chapt4_ws/install/chapt4_interfaces/share/chapt4_interfaces/cmake/chapt4_interfaces__rosidl_typesupport_introspection_cExport.cmake
[1.515s] -- Up-to-date: /home/zzs/chapt4/chapt4_ws/install/chapt4_interfaces/share/chapt4_interfaces/cmake/chapt4_interfaces__rosidl_typesupport_introspection_cExport-noconfig.cmake
[1.516s] -- Up-to-date: /home/zzs/chapt4/chapt4_ws/install/chapt4_interfaces/share/chapt4_interfaces/cmake/chapt4_interfaces__rosidl_typesupport_cExport.cmake
[1.516s] -- Up-to-date: /home/zzs/chapt4/chapt4_ws/install/chapt4_interfaces/share/chapt4_interfaces/cmake/chapt4_interfaces__rosidl_typesupport_cExport-noconfig.cmake
[1.517s] -- Up-to-date: /home/zzs/chapt4/chapt4_ws/install/chapt4_interfaces/share/chapt4_interfaces/cmake/chapt4_interfaces__rosidl_typesupport_introspection_cppExport.cmake
[1.520s] -- Up-to-date: /home/zzs/chapt4/chapt4_ws/install/chapt4_interfaces/share/chapt4_interfaces/cmake/chapt4_interfaces__rosidl_typesupport_introspection_cppExport-noconfig.cmake
[1.520s] -- Up-to-date: /home/zzs/chapt4/chapt4_ws/install/chapt4_interfaces/share/chapt4_interfaces/cmake/chapt4_interfaces__rosidl_typesupport_cppExport.cmake
[1.520s] -- Up-to-date: /home/zzs/chapt4/chapt4_ws/install/chapt4_interfaces/share/chapt4_interfaces/cmake/chapt4_interfaces__rosidl_typesupport_cppExport-noconfig.cmake
[1.520s] -- Up-to-date: /home/zzs/chapt4/chapt4_ws/install/chapt4_interfaces/share/chapt4_interfaces/cmake/export_chapt4_interfaces__rosidl_generator_pyExport.cmake
[1.520s] -- Up-to-date: /home/zzs/chapt4/chapt4_ws/install/chapt4_interfaces/share/chapt4_interfaces/cmake/export_chapt4_interfaces__rosidl_generator_pyExport-noconfig.cmake
[1.520s] -- Up-to-date: /home/zzs/chapt4/chapt4_ws/install/chapt4_interfaces/share/chapt4_interfaces/cmake/rosidl_cmake-extras.cmake
[1.520s] -- Up-to-date: /home/zzs/chapt4/chapt4_ws/install/chapt4_interfaces/share/chapt4_interfaces/cmake/ament_cmake_export_dependencies-extras.cmake
[1.520s] -- Up-to-date: /home/zzs/chapt4/chapt4_ws/install/chapt4_interfaces/share/chapt4_interfaces/cmake/ament_cmake_export_include_directories-extras.cmake
[1.520s] -- Up-to-date: /home/zzs/chapt4/chapt4_ws/install/chapt4_interfaces/share/chapt4_interfaces/cmake/ament_cmake_export_libraries-extras.cmake
[1.520s] -- Up-to-date: /home/zzs/chapt4/chapt4_ws/install/chapt4_interfaces/share/chapt4_interfaces/cmake/ament_cmake_export_targets-extras.cmake
[1.520s] -- Up-to-date: /home/zzs/chapt4/chapt4_ws/install/chapt4_interfaces/share/chapt4_interfaces/cmake/rosidl_cmake_export_typesupport_targets-extras.cmake
[1.520s] -- Up-to-date: /home/zzs/chapt4/chapt4_ws/install/chapt4_interfaces/share/chapt4_interfaces/cmake/rosidl_cmake_export_typesupport_libraries-extras.cmake
[1.522s] -- Up-to-date: /home/zzs/chapt4/chapt4_ws/install/chapt4_interfaces/share/chapt4_interfaces/cmake/rosidl_cmake_aggregate_target-extras.cmake
[1.522s] -- Up-to-date: /home/zzs/chapt4/chapt4_ws/install/chapt4_interfaces/share/chapt4_interfaces/cmake/chapt4_interfacesConfig.cmake
[1.522s] -- Up-to-date: /home/zzs/chapt4/chapt4_ws/install/chapt4_interfaces/share/chapt4_interfaces/cmake/chapt4_interfacesConfig-version.cmake
[1.522s] -- Up-to-date: /home/zzs/chapt4/chapt4_ws/install/chapt4_interfaces/share/chapt4_interfaces/package.xml
[1.525s] Invoked command in '/home/zzs/chapt4/chapt4_ws/build/chapt4_interfaces' returned '0': CMAKE_PREFIX_PATH=${CMAKE_PREFIX_PATH}:/home/zzs/chapt4/chapt4_ws/install/demo_python_service:/opt/ros/jazzy DEBUGINFOD_URLS=https://debuginfod.ubuntu.com /usr/bin/cmake --install /home/zzs/chapt4/chapt4_ws/build/chapt4_interfaces
