[0.499s] DEBUG:colcon:Command line arguments: ['/usr/bin/colcon', 'build']
[0.499s] DEBUG:colcon:Parsed command line arguments: Namespace(log_base=None, log_level=None, verb_name='build', build_base='build', install_base='install', merge_install=False, symlink_install=False, test_result_base=None, continue_on_error=False, executor='parallel', parallel_workers=2, event_handlers=None, ignore_user_meta=False, metas=['./colcon.meta'], base_paths=['.'], packages_ignore=None, packages_ignore_regex=None, paths=None, packages_up_to=None, packages_up_to_regex=None, packages_above=None, packages_above_and_dependencies=None, packages_above_depth=None, packages_select_by_dep=None, packages_skip_by_dep=None, packages_skip_up_to=None, packages_select_build_failed=False, packages_skip_build_finished=False, packages_select_test_failures=False, packages_skip_test_passed=False, packages_select=None, packages_skip=None, packages_select_regex=None, packages_skip_regex=None, packages_start=None, packages_end=None, allow_overriding=[], cmake_args=None, cmake_target=None, cmake_target_skip_unavailable=False, cmake_clean_cache=False, cmake_clean_first=False, cmake_force_configure=False, ament_cmake_args=None, catkin_cmake_args=None, catkin_skip_building_tests=False, verb_parser=<colcon_defaults.argument_parser.defaults.DefaultArgumentsDecorator object at 0x7d3842d411e0>, verb_extension=<colcon_core.verb.build.BuildVerb object at 0x7d3842d40d60>, main=<bound method BuildVerb.main of <colcon_core.verb.build.BuildVerb object at 0x7d3842d40d60>>)
[1.093s] Level 1:colcon.colcon_core.package_discovery:discover_packages(colcon_meta) check parameters
[1.094s] Level 1:colcon.colcon_core.package_discovery:discover_packages(recursive) check parameters
[1.094s] Level 1:colcon.colcon_core.package_discovery:discover_packages(ignore) check parameters
[1.094s] Level 1:colcon.colcon_core.package_discovery:discover_packages(path) check parameters
[1.094s] Level 1:colcon.colcon_core.package_discovery:discover_packages(colcon_meta) discover
[1.094s] Level 1:colcon.colcon_core.package_discovery:discover_packages(recursive) discover
[1.094s] INFO:colcon.colcon_core.package_discovery:Crawling recursively for packages in '/home/zzs/workspace/ros2/ros2_study/chapt7/chapt7_ws'
[1.094s] Level 1:colcon.colcon_core.package_identification:_identify(.) by extensions ['ignore', 'ignore_ament_install']
[1.094s] Level 1:colcon.colcon_core.package_identification:_identify(.) by extension 'ignore'
[1.094s] Level 1:colcon.colcon_core.package_identification:_identify(.) by extension 'ignore_ament_install'
[1.094s] Level 1:colcon.colcon_core.package_identification:_identify(.) by extensions ['colcon_pkg']
[1.094s] Level 1:colcon.colcon_core.package_identification:_identify(.) by extension 'colcon_pkg'
[1.094s] Level 1:colcon.colcon_core.package_identification:_identify(.) by extensions ['colcon_meta']
[1.094s] Level 1:colcon.colcon_core.package_identification:_identify(.) by extension 'colcon_meta'
[1.094s] Level 1:colcon.colcon_core.package_identification:_identify(.) by extensions ['ros']
[1.094s] Level 1:colcon.colcon_core.package_identification:_identify(.) by extension 'ros'
[1.123s] Level 1:colcon.colcon_core.package_identification:_identify(.) by extensions ['cmake', 'python']
[1.123s] Level 1:colcon.colcon_core.package_identification:_identify(.) by extension 'cmake'
[1.123s] Level 1:colcon.colcon_core.package_identification:_identify(.) by extension 'python'
[1.123s] Level 1:colcon.colcon_core.package_identification:_identify(.) by extensions ['python_setup_py']
[1.123s] Level 1:colcon.colcon_core.package_identification:_identify(.) by extension 'python_setup_py'
[1.124s] Level 1:colcon.colcon_core.package_identification:_identify(build) by extensions ['ignore', 'ignore_ament_install']
[1.124s] Level 1:colcon.colcon_core.package_identification:_identify(build) by extension 'ignore'
[1.124s] Level 1:colcon.colcon_core.package_identification:_identify(build) ignored
[1.124s] Level 1:colcon.colcon_core.package_identification:_identify(install) by extensions ['ignore', 'ignore_ament_install']
[1.124s] Level 1:colcon.colcon_core.package_identification:_identify(install) by extension 'ignore'
[1.124s] Level 1:colcon.colcon_core.package_identification:_identify(install) ignored
[1.125s] Level 1:colcon.colcon_core.package_identification:_identify(log) by extensions ['ignore', 'ignore_ament_install']
[1.125s] Level 1:colcon.colcon_core.package_identification:_identify(log) by extension 'ignore'
[1.125s] Level 1:colcon.colcon_core.package_identification:_identify(log) ignored
[1.126s] Level 1:colcon.colcon_core.package_identification:_identify(src) by extensions ['ignore', 'ignore_ament_install']
[1.126s] Level 1:colcon.colcon_core.package_identification:_identify(src) by extension 'ignore'
[1.126s] Level 1:colcon.colcon_core.package_identification:_identify(src) by extension 'ignore_ament_install'
[1.126s] Level 1:colcon.colcon_core.package_identification:_identify(src) by extensions ['colcon_pkg']
[1.127s] Level 1:colcon.colcon_core.package_identification:_identify(src) by extension 'colcon_pkg'
[1.127s] Level 1:colcon.colcon_core.package_identification:_identify(src) by extensions ['colcon_meta']
[1.127s] Level 1:colcon.colcon_core.package_identification:_identify(src) by extension 'colcon_meta'
[1.127s] Level 1:colcon.colcon_core.package_identification:_identify(src) by extensions ['ros']
[1.127s] Level 1:colcon.colcon_core.package_identification:_identify(src) by extension 'ros'
[1.127s] Level 1:colcon.colcon_core.package_identification:_identify(src) by extensions ['cmake', 'python']
[1.127s] Level 1:colcon.colcon_core.package_identification:_identify(src) by extension 'cmake'
[1.127s] Level 1:colcon.colcon_core.package_identification:_identify(src) by extension 'python'
[1.127s] Level 1:colcon.colcon_core.package_identification:_identify(src) by extensions ['python_setup_py']
[1.127s] Level 1:colcon.colcon_core.package_identification:_identify(src) by extension 'python_setup_py'
[1.127s] Level 1:colcon.colcon_core.package_identification:_identify(src/zzs_description) by extensions ['ignore', 'ignore_ament_install']
[1.127s] Level 1:colcon.colcon_core.package_identification:_identify(src/zzs_description) by extension 'ignore'
[1.127s] Level 1:colcon.colcon_core.package_identification:_identify(src/zzs_description) by extension 'ignore_ament_install'
[1.127s] Level 1:colcon.colcon_core.package_identification:_identify(src/zzs_description) by extensions ['colcon_pkg']
[1.128s] Level 1:colcon.colcon_core.package_identification:_identify(src/zzs_description) by extension 'colcon_pkg'
[1.128s] Level 1:colcon.colcon_core.package_identification:_identify(src/zzs_description) by extensions ['colcon_meta']
[1.128s] Level 1:colcon.colcon_core.package_identification:_identify(src/zzs_description) by extension 'colcon_meta'
[1.128s] Level 1:colcon.colcon_core.package_identification:_identify(src/zzs_description) by extensions ['ros']
[1.128s] Level 1:colcon.colcon_core.package_identification:_identify(src/zzs_description) by extension 'ros'
[1.137s] DEBUG:colcon.colcon_core.package_identification:Package 'src/zzs_description' with type 'ros.ament_cmake' and name 'zzs_description'
[1.137s] Level 1:colcon.colcon_core.package_identification:_identify(src/zzs_navigation2) by extensions ['ignore', 'ignore_ament_install']
[1.138s] Level 1:colcon.colcon_core.package_identification:_identify(src/zzs_navigation2) by extension 'ignore'
[1.138s] Level 1:colcon.colcon_core.package_identification:_identify(src/zzs_navigation2) by extension 'ignore_ament_install'
[1.138s] Level 1:colcon.colcon_core.package_identification:_identify(src/zzs_navigation2) by extensions ['colcon_pkg']
[1.138s] Level 1:colcon.colcon_core.package_identification:_identify(src/zzs_navigation2) by extension 'colcon_pkg'
[1.138s] Level 1:colcon.colcon_core.package_identification:_identify(src/zzs_navigation2) by extensions ['colcon_meta']
[1.138s] Level 1:colcon.colcon_core.package_identification:_identify(src/zzs_navigation2) by extension 'colcon_meta'
[1.138s] Level 1:colcon.colcon_core.package_identification:_identify(src/zzs_navigation2) by extensions ['ros']
[1.139s] Level 1:colcon.colcon_core.package_identification:_identify(src/zzs_navigation2) by extension 'ros'
[1.140s] DEBUG:colcon.colcon_core.package_identification:Package 'src/zzs_navigation2' with type 'ros.ament_cmake' and name 'zzs_navigation2'
[1.140s] Level 1:colcon.colcon_core.package_discovery:discover_packages(recursive) using defaults
[1.140s] Level 1:colcon.colcon_core.package_discovery:discover_packages(ignore) discover
[1.140s] Level 1:colcon.colcon_core.package_discovery:discover_packages(ignore) using defaults
[1.140s] Level 1:colcon.colcon_core.package_discovery:discover_packages(path) discover
[1.140s] Level 1:colcon.colcon_core.package_discovery:discover_packages(path) using defaults
[1.210s] Level 1:colcon.colcon_core.package_discovery:discover_packages(prefix_path) check parameters
[1.210s] Level 1:colcon.colcon_core.package_discovery:discover_packages(prefix_path) discover
[1.222s] DEBUG:colcon.colcon_installed_package_information.package_discovery:Found 286 installed packages in /opt/ros/humble
[1.225s] Level 1:colcon.colcon_core.package_discovery:discover_packages(prefix_path) using defaults
[1.417s] Level 5:colcon.colcon_core.verb:set package 'zzs_description' build argument 'cmake_args' from command line to 'None'
[1.417s] Level 5:colcon.colcon_core.verb:set package 'zzs_description' build argument 'cmake_target' from command line to 'None'
[1.417s] Level 5:colcon.colcon_core.verb:set package 'zzs_description' build argument 'cmake_target_skip_unavailable' from command line to 'False'
[1.417s] Level 5:colcon.colcon_core.verb:set package 'zzs_description' build argument 'cmake_clean_cache' from command line to 'False'
[1.417s] Level 5:colcon.colcon_core.verb:set package 'zzs_description' build argument 'cmake_clean_first' from command line to 'False'
[1.417s] Level 5:colcon.colcon_core.verb:set package 'zzs_description' build argument 'cmake_force_configure' from command line to 'False'
[1.417s] Level 5:colcon.colcon_core.verb:set package 'zzs_description' build argument 'ament_cmake_args' from command line to 'None'
[1.417s] Level 5:colcon.colcon_core.verb:set package 'zzs_description' build argument 'catkin_cmake_args' from command line to 'None'
[1.417s] Level 5:colcon.colcon_core.verb:set package 'zzs_description' build argument 'catkin_skip_building_tests' from command line to 'False'
[1.417s] DEBUG:colcon.colcon_core.verb:Building package 'zzs_description' with the following arguments: {'ament_cmake_args': None, 'build_base': '/home/zzs/workspace/ros2/ros2_study/chapt7/chapt7_ws/build/zzs_description', 'catkin_cmake_args': None, 'catkin_skip_building_tests': False, 'cmake_args': None, 'cmake_clean_cache': False, 'cmake_clean_first': False, 'cmake_force_configure': False, 'cmake_target': None, 'cmake_target_skip_unavailable': False, 'install_base': '/home/zzs/workspace/ros2/ros2_study/chapt7/chapt7_ws/install/zzs_description', 'merge_install': False, 'path': '/home/zzs/workspace/ros2/ros2_study/chapt7/chapt7_ws/src/zzs_description', 'symlink_install': False, 'test_result_base': None}
[1.419s] Level 5:colcon.colcon_core.verb:set package 'zzs_navigation2' build argument 'cmake_args' from command line to 'None'
[1.419s] Level 5:colcon.colcon_core.verb:set package 'zzs_navigation2' build argument 'cmake_target' from command line to 'None'
[1.419s] Level 5:colcon.colcon_core.verb:set package 'zzs_navigation2' build argument 'cmake_target_skip_unavailable' from command line to 'False'
[1.419s] Level 5:colcon.colcon_core.verb:set package 'zzs_navigation2' build argument 'cmake_clean_cache' from command line to 'False'
[1.419s] Level 5:colcon.colcon_core.verb:set package 'zzs_navigation2' build argument 'cmake_clean_first' from command line to 'False'
[1.419s] Level 5:colcon.colcon_core.verb:set package 'zzs_navigation2' build argument 'cmake_force_configure' from command line to 'False'
[1.419s] Level 5:colcon.colcon_core.verb:set package 'zzs_navigation2' build argument 'ament_cmake_args' from command line to 'None'
[1.419s] Level 5:colcon.colcon_core.verb:set package 'zzs_navigation2' build argument 'catkin_cmake_args' from command line to 'None'
[1.419s] Level 5:colcon.colcon_core.verb:set package 'zzs_navigation2' build argument 'catkin_skip_building_tests' from command line to 'False'
[1.419s] DEBUG:colcon.colcon_core.verb:Building package 'zzs_navigation2' with the following arguments: {'ament_cmake_args': None, 'build_base': '/home/zzs/workspace/ros2/ros2_study/chapt7/chapt7_ws/build/zzs_navigation2', 'catkin_cmake_args': None, 'catkin_skip_building_tests': False, 'cmake_args': None, 'cmake_clean_cache': False, 'cmake_clean_first': False, 'cmake_force_configure': False, 'cmake_target': None, 'cmake_target_skip_unavailable': False, 'install_base': '/home/zzs/workspace/ros2/ros2_study/chapt7/chapt7_ws/install/zzs_navigation2', 'merge_install': False, 'path': '/home/zzs/workspace/ros2/ros2_study/chapt7/chapt7_ws/src/zzs_navigation2', 'symlink_install': False, 'test_result_base': None}
[1.419s] INFO:colcon.colcon_core.executor:Executing jobs using 'parallel' executor
[1.421s] DEBUG:colcon.colcon_parallel_executor.executor.parallel:run_until_complete
[1.421s] INFO:colcon.colcon_ros.task.ament_cmake.build:Building ROS package in '/home/zzs/workspace/ros2/ros2_study/chapt7/chapt7_ws/src/zzs_description' with build type 'ament_cmake'
[1.421s] INFO:colcon.colcon_cmake.task.cmake.build:Building CMake package in '/home/zzs/workspace/ros2/ros2_study/chapt7/chapt7_ws/src/zzs_description'
[1.434s] INFO:colcon.colcon_core.plugin_system:Skipping extension 'colcon_core.shell.bat': Not used on non-Windows systems
[1.434s] INFO:colcon.colcon_core.shell:Skip shell extension 'powershell' for command environment: Not usable outside of PowerShell
[1.434s] DEBUG:colcon.colcon_core.shell:Skip shell extension 'dsv' for command environment
[1.443s] INFO:colcon.colcon_ros.task.ament_cmake.build:Building ROS package in '/home/zzs/workspace/ros2/ros2_study/chapt7/chapt7_ws/src/zzs_navigation2' with build type 'ament_cmake'
[1.444s] INFO:colcon.colcon_cmake.task.cmake.build:Building CMake package in '/home/zzs/workspace/ros2/ros2_study/chapt7/chapt7_ws/src/zzs_navigation2'
[1.444s] INFO:colcon.colcon_core.shell:Skip shell extension 'powershell' for command environment: Not usable outside of PowerShell
[1.444s] DEBUG:colcon.colcon_core.shell:Skip shell extension 'dsv' for command environment
[1.477s] DEBUG:colcon.colcon_core.event_handler.log_command:Invoking command in '/home/zzs/workspace/ros2/ros2_study/chapt7/chapt7_ws/build/zzs_description': CMAKE_PREFIX_PATH=/opt/ros/humble /usr/bin/cmake --build /home/zzs/workspace/ros2/ros2_study/chapt7/chapt7_ws/build/zzs_description -- -j2 -l2
[1.500s] DEBUG:colcon.colcon_core.event_handler.log_command:Invoking command in '/home/zzs/workspace/ros2/ros2_study/chapt7/chapt7_ws/build/zzs_navigation2': CMAKE_PREFIX_PATH=/opt/ros/humble /usr/bin/cmake /home/zzs/workspace/ros2/ros2_study/chapt7/chapt7_ws/src/zzs_navigation2 -DCMAKE_INSTALL_PREFIX=/home/zzs/workspace/ros2/ros2_study/chapt7/chapt7_ws/install/zzs_navigation2
[1.714s] DEBUG:colcon.colcon_core.event_handler.log_command:Invoked command in '/home/zzs/workspace/ros2/ros2_study/chapt7/chapt7_ws/build/zzs_description' returned '0': CMAKE_PREFIX_PATH=/opt/ros/humble /usr/bin/cmake --build /home/zzs/workspace/ros2/ros2_study/chapt7/chapt7_ws/build/zzs_description -- -j2 -l2
[1.751s] DEBUG:colcon.colcon_core.event_handler.log_command:Invoking command in '/home/zzs/workspace/ros2/ros2_study/chapt7/chapt7_ws/build/zzs_description': CMAKE_PREFIX_PATH=/opt/ros/humble /usr/bin/cmake --install /home/zzs/workspace/ros2/ros2_study/chapt7/chapt7_ws/build/zzs_description
[1.845s] Level 1:colcon.colcon_core.environment:create_environment_scripts_only(zzs_description)
[1.850s] DEBUG:colcon.colcon_core.event_handler.log_command:Invoked command in '/home/zzs/workspace/ros2/ros2_study/chapt7/chapt7_ws/build/zzs_description' returned '0': CMAKE_PREFIX_PATH=/opt/ros/humble /usr/bin/cmake --install /home/zzs/workspace/ros2/ros2_study/chapt7/chapt7_ws/build/zzs_description
[1.892s] Level 1:colcon.colcon_core.environment:checking '/home/zzs/workspace/ros2/ros2_study/chapt7/chapt7_ws/install/zzs_description' for CMake module files
[1.893s] Level 1:colcon.colcon_core.environment:checking '/home/zzs/workspace/ros2/ros2_study/chapt7/chapt7_ws/install/zzs_description' for CMake config files
[1.893s] Level 1:colcon.colcon_core.shell:create_environment_hook('zzs_description', 'cmake_prefix_path')
[1.893s] INFO:colcon.colcon_core.shell:Creating environment hook '/home/zzs/workspace/ros2/ros2_study/chapt7/chapt7_ws/install/zzs_description/share/zzs_description/hook/cmake_prefix_path.ps1'
[1.899s] INFO:colcon.colcon_core.shell:Creating environment descriptor '/home/zzs/workspace/ros2/ros2_study/chapt7/chapt7_ws/install/zzs_description/share/zzs_description/hook/cmake_prefix_path.dsv'
[1.902s] INFO:colcon.colcon_core.shell:Creating environment hook '/home/zzs/workspace/ros2/ros2_study/chapt7/chapt7_ws/install/zzs_description/share/zzs_description/hook/cmake_prefix_path.sh'
[1.905s] Level 1:colcon.colcon_core.environment:checking '/home/zzs/workspace/ros2/ros2_study/chapt7/chapt7_ws/install/zzs_description/bin'
[1.905s] Level 1:colcon.colcon_core.environment:checking '/home/zzs/workspace/ros2/ros2_study/chapt7/chapt7_ws/install/zzs_description/lib/pkgconfig/zzs_description.pc'
[1.906s] Level 1:colcon.colcon_core.environment:checking '/home/zzs/workspace/ros2/ros2_study/chapt7/chapt7_ws/install/zzs_description/lib/python3.10/site-packages'
[1.906s] Level 1:colcon.colcon_core.environment:checking '/home/zzs/workspace/ros2/ros2_study/chapt7/chapt7_ws/install/zzs_description/bin'
[1.906s] INFO:colcon.colcon_core.shell:Creating package script '/home/zzs/workspace/ros2/ros2_study/chapt7/chapt7_ws/install/zzs_description/share/zzs_description/package.ps1'
[1.912s] INFO:colcon.colcon_core.shell:Creating package descriptor '/home/zzs/workspace/ros2/ros2_study/chapt7/chapt7_ws/install/zzs_description/share/zzs_description/package.dsv'
[1.914s] INFO:colcon.colcon_core.shell:Creating package script '/home/zzs/workspace/ros2/ros2_study/chapt7/chapt7_ws/install/zzs_description/share/zzs_description/package.sh'
[1.923s] INFO:colcon.colcon_core.shell:Creating package script '/home/zzs/workspace/ros2/ros2_study/chapt7/chapt7_ws/install/zzs_description/share/zzs_description/package.bash'
[1.925s] INFO:colcon.colcon_core.shell:Creating package script '/home/zzs/workspace/ros2/ros2_study/chapt7/chapt7_ws/install/zzs_description/share/zzs_description/package.zsh'
[1.932s] Level 1:colcon.colcon_core.environment:create_file_with_runtime_dependencies(/home/zzs/workspace/ros2/ros2_study/chapt7/chapt7_ws/install/zzs_description/share/colcon-core/packages/zzs_description)
[1.932s] Level 1:colcon.colcon_core.environment:create_environment_scripts_only(zzs_description)
[1.932s] Level 1:colcon.colcon_core.environment:checking '/home/zzs/workspace/ros2/ros2_study/chapt7/chapt7_ws/install/zzs_description' for CMake module files
[1.936s] Level 1:colcon.colcon_core.environment:checking '/home/zzs/workspace/ros2/ros2_study/chapt7/chapt7_ws/install/zzs_description' for CMake config files
[1.937s] Level 1:colcon.colcon_core.shell:create_environment_hook('zzs_description', 'cmake_prefix_path')
[1.939s] INFO:colcon.colcon_core.shell:Creating environment hook '/home/zzs/workspace/ros2/ros2_study/chapt7/chapt7_ws/install/zzs_description/share/zzs_description/hook/cmake_prefix_path.ps1'
[1.940s] INFO:colcon.colcon_core.shell:Creating environment descriptor '/home/zzs/workspace/ros2/ros2_study/chapt7/chapt7_ws/install/zzs_description/share/zzs_description/hook/cmake_prefix_path.dsv'
[1.944s] INFO:colcon.colcon_core.shell:Creating environment hook '/home/zzs/workspace/ros2/ros2_study/chapt7/chapt7_ws/install/zzs_description/share/zzs_description/hook/cmake_prefix_path.sh'
[1.951s] Level 1:colcon.colcon_core.environment:checking '/home/zzs/workspace/ros2/ros2_study/chapt7/chapt7_ws/install/zzs_description/bin'
[1.951s] Level 1:colcon.colcon_core.environment:checking '/home/zzs/workspace/ros2/ros2_study/chapt7/chapt7_ws/install/zzs_description/lib/pkgconfig/zzs_description.pc'
[1.951s] Level 1:colcon.colcon_core.environment:checking '/home/zzs/workspace/ros2/ros2_study/chapt7/chapt7_ws/install/zzs_description/lib/python3.10/site-packages'
[1.952s] Level 1:colcon.colcon_core.environment:checking '/home/zzs/workspace/ros2/ros2_study/chapt7/chapt7_ws/install/zzs_description/bin'
[1.952s] INFO:colcon.colcon_core.shell:Creating package script '/home/zzs/workspace/ros2/ros2_study/chapt7/chapt7_ws/install/zzs_description/share/zzs_description/package.ps1'
[1.956s] INFO:colcon.colcon_core.shell:Creating package descriptor '/home/zzs/workspace/ros2/ros2_study/chapt7/chapt7_ws/install/zzs_description/share/zzs_description/package.dsv'
[1.957s] INFO:colcon.colcon_core.shell:Creating package script '/home/zzs/workspace/ros2/ros2_study/chapt7/chapt7_ws/install/zzs_description/share/zzs_description/package.sh'
[1.958s] INFO:colcon.colcon_core.shell:Creating package script '/home/zzs/workspace/ros2/ros2_study/chapt7/chapt7_ws/install/zzs_description/share/zzs_description/package.bash'
[1.960s] INFO:colcon.colcon_core.shell:Creating package script '/home/zzs/workspace/ros2/ros2_study/chapt7/chapt7_ws/install/zzs_description/share/zzs_description/package.zsh'
[1.962s] Level 1:colcon.colcon_core.environment:create_file_with_runtime_dependencies(/home/zzs/workspace/ros2/ros2_study/chapt7/chapt7_ws/install/zzs_description/share/colcon-core/packages/zzs_description)
[4.098s] DEBUG:colcon.colcon_core.event_handler.log_command:Invoked command in '/home/zzs/workspace/ros2/ros2_study/chapt7/chapt7_ws/build/zzs_navigation2' returned '0': CMAKE_PREFIX_PATH=/opt/ros/humble /usr/bin/cmake /home/zzs/workspace/ros2/ros2_study/chapt7/chapt7_ws/src/zzs_navigation2 -DCMAKE_INSTALL_PREFIX=/home/zzs/workspace/ros2/ros2_study/chapt7/chapt7_ws/install/zzs_navigation2
[4.102s] DEBUG:colcon.colcon_core.event_handler.log_command:Invoking command in '/home/zzs/workspace/ros2/ros2_study/chapt7/chapt7_ws/build/zzs_navigation2': CMAKE_PREFIX_PATH=/opt/ros/humble /usr/bin/cmake --build /home/zzs/workspace/ros2/ros2_study/chapt7/chapt7_ws/build/zzs_navigation2 -- -j2 -l2
[4.277s] DEBUG:colcon.colcon_core.event_handler.log_command:Invoked command in '/home/zzs/workspace/ros2/ros2_study/chapt7/chapt7_ws/build/zzs_navigation2' returned '0': CMAKE_PREFIX_PATH=/opt/ros/humble /usr/bin/cmake --build /home/zzs/workspace/ros2/ros2_study/chapt7/chapt7_ws/build/zzs_navigation2 -- -j2 -l2
[4.292s] DEBUG:colcon.colcon_core.event_handler.log_command:Invoking command in '/home/zzs/workspace/ros2/ros2_study/chapt7/chapt7_ws/build/zzs_navigation2': CMAKE_PREFIX_PATH=/opt/ros/humble /usr/bin/cmake --install /home/zzs/workspace/ros2/ros2_study/chapt7/chapt7_ws/build/zzs_navigation2
[4.324s] Level 1:colcon.colcon_core.environment:create_environment_scripts_only(zzs_navigation2)
[4.325s] Level 1:colcon.colcon_core.environment:checking '/home/zzs/workspace/ros2/ros2_study/chapt7/chapt7_ws/install/zzs_navigation2' for CMake module files
[4.326s] Level 1:colcon.colcon_core.environment:checking '/home/zzs/workspace/ros2/ros2_study/chapt7/chapt7_ws/install/zzs_navigation2' for CMake config files
[4.327s] Level 1:colcon.colcon_core.shell:create_environment_hook('zzs_navigation2', 'cmake_prefix_path')
[4.327s] INFO:colcon.colcon_core.shell:Creating environment hook '/home/zzs/workspace/ros2/ros2_study/chapt7/chapt7_ws/install/zzs_navigation2/share/zzs_navigation2/hook/cmake_prefix_path.ps1'
[4.333s] INFO:colcon.colcon_core.shell:Creating environment descriptor '/home/zzs/workspace/ros2/ros2_study/chapt7/chapt7_ws/install/zzs_navigation2/share/zzs_navigation2/hook/cmake_prefix_path.dsv'
[4.332s] DEBUG:colcon.colcon_core.event_handler.log_command:Invoked command in '/home/zzs/workspace/ros2/ros2_study/chapt7/chapt7_ws/build/zzs_navigation2' returned '0': CMAKE_PREFIX_PATH=/opt/ros/humble /usr/bin/cmake --install /home/zzs/workspace/ros2/ros2_study/chapt7/chapt7_ws/build/zzs_navigation2
[4.335s] INFO:colcon.colcon_core.shell:Creating environment hook '/home/zzs/workspace/ros2/ros2_study/chapt7/chapt7_ws/install/zzs_navigation2/share/zzs_navigation2/hook/cmake_prefix_path.sh'
[4.336s] Level 1:colcon.colcon_core.environment:checking '/home/zzs/workspace/ros2/ros2_study/chapt7/chapt7_ws/install/zzs_navigation2/bin'
[4.336s] Level 1:colcon.colcon_core.environment:checking '/home/zzs/workspace/ros2/ros2_study/chapt7/chapt7_ws/install/zzs_navigation2/lib/pkgconfig/zzs_navigation2.pc'
[4.336s] Level 1:colcon.colcon_core.environment:checking '/home/zzs/workspace/ros2/ros2_study/chapt7/chapt7_ws/install/zzs_navigation2/lib/python3.10/site-packages'
[4.337s] Level 1:colcon.colcon_core.environment:checking '/home/zzs/workspace/ros2/ros2_study/chapt7/chapt7_ws/install/zzs_navigation2/bin'
[4.337s] INFO:colcon.colcon_core.shell:Creating package script '/home/zzs/workspace/ros2/ros2_study/chapt7/chapt7_ws/install/zzs_navigation2/share/zzs_navigation2/package.ps1'
[4.338s] INFO:colcon.colcon_core.shell:Creating package descriptor '/home/zzs/workspace/ros2/ros2_study/chapt7/chapt7_ws/install/zzs_navigation2/share/zzs_navigation2/package.dsv'
[4.339s] INFO:colcon.colcon_core.shell:Creating package script '/home/zzs/workspace/ros2/ros2_study/chapt7/chapt7_ws/install/zzs_navigation2/share/zzs_navigation2/package.sh'
[4.340s] INFO:colcon.colcon_core.shell:Creating package script '/home/zzs/workspace/ros2/ros2_study/chapt7/chapt7_ws/install/zzs_navigation2/share/zzs_navigation2/package.bash'
[4.341s] INFO:colcon.colcon_core.shell:Creating package script '/home/zzs/workspace/ros2/ros2_study/chapt7/chapt7_ws/install/zzs_navigation2/share/zzs_navigation2/package.zsh'
[4.341s] Level 1:colcon.colcon_core.environment:create_file_with_runtime_dependencies(/home/zzs/workspace/ros2/ros2_study/chapt7/chapt7_ws/install/zzs_navigation2/share/colcon-core/packages/zzs_navigation2)
[4.342s] Level 1:colcon.colcon_core.environment:create_environment_scripts_only(zzs_navigation2)
[4.343s] Level 1:colcon.colcon_core.environment:checking '/home/zzs/workspace/ros2/ros2_study/chapt7/chapt7_ws/install/zzs_navigation2' for CMake module files
[4.343s] Level 1:colcon.colcon_core.environment:checking '/home/zzs/workspace/ros2/ros2_study/chapt7/chapt7_ws/install/zzs_navigation2' for CMake config files
[4.344s] Level 1:colcon.colcon_core.shell:create_environment_hook('zzs_navigation2', 'cmake_prefix_path')
[4.347s] INFO:colcon.colcon_core.shell:Creating environment hook '/home/zzs/workspace/ros2/ros2_study/chapt7/chapt7_ws/install/zzs_navigation2/share/zzs_navigation2/hook/cmake_prefix_path.ps1'
[4.350s] INFO:colcon.colcon_core.shell:Creating environment descriptor '/home/zzs/workspace/ros2/ros2_study/chapt7/chapt7_ws/install/zzs_navigation2/share/zzs_navigation2/hook/cmake_prefix_path.dsv'
[4.352s] INFO:colcon.colcon_core.shell:Creating environment hook '/home/zzs/workspace/ros2/ros2_study/chapt7/chapt7_ws/install/zzs_navigation2/share/zzs_navigation2/hook/cmake_prefix_path.sh'
[4.358s] Level 1:colcon.colcon_core.environment:checking '/home/zzs/workspace/ros2/ros2_study/chapt7/chapt7_ws/install/zzs_navigation2/bin'
[4.359s] Level 1:colcon.colcon_core.environment:checking '/home/zzs/workspace/ros2/ros2_study/chapt7/chapt7_ws/install/zzs_navigation2/lib/pkgconfig/zzs_navigation2.pc'
[4.359s] Level 1:colcon.colcon_core.environment:checking '/home/zzs/workspace/ros2/ros2_study/chapt7/chapt7_ws/install/zzs_navigation2/lib/python3.10/site-packages'
[4.360s] Level 1:colcon.colcon_core.environment:checking '/home/zzs/workspace/ros2/ros2_study/chapt7/chapt7_ws/install/zzs_navigation2/bin'
[4.361s] INFO:colcon.colcon_core.shell:Creating package script '/home/zzs/workspace/ros2/ros2_study/chapt7/chapt7_ws/install/zzs_navigation2/share/zzs_navigation2/package.ps1'
[4.365s] INFO:colcon.colcon_core.shell:Creating package descriptor '/home/zzs/workspace/ros2/ros2_study/chapt7/chapt7_ws/install/zzs_navigation2/share/zzs_navigation2/package.dsv'
[4.367s] INFO:colcon.colcon_core.shell:Creating package script '/home/zzs/workspace/ros2/ros2_study/chapt7/chapt7_ws/install/zzs_navigation2/share/zzs_navigation2/package.sh'
[4.370s] INFO:colcon.colcon_core.shell:Creating package script '/home/zzs/workspace/ros2/ros2_study/chapt7/chapt7_ws/install/zzs_navigation2/share/zzs_navigation2/package.bash'
[4.372s] INFO:colcon.colcon_core.shell:Creating package script '/home/zzs/workspace/ros2/ros2_study/chapt7/chapt7_ws/install/zzs_navigation2/share/zzs_navigation2/package.zsh'
[4.373s] Level 1:colcon.colcon_core.environment:create_file_with_runtime_dependencies(/home/zzs/workspace/ros2/ros2_study/chapt7/chapt7_ws/install/zzs_navigation2/share/colcon-core/packages/zzs_navigation2)
[4.375s] DEBUG:colcon.colcon_parallel_executor.executor.parallel:closing loop
[4.375s] DEBUG:colcon.colcon_parallel_executor.executor.parallel:loop closed
[4.375s] DEBUG:colcon.colcon_parallel_executor.executor.parallel:run_until_complete finished with '0'
[4.375s] DEBUG:colcon.colcon_core.event_reactor:joining thread
[4.401s] INFO:colcon.colcon_core.plugin_system:Skipping extension 'colcon_notification.desktop_notification.terminal_notifier': Not used on non-Darwin systems
[4.403s] INFO:colcon.colcon_core.plugin_system:Skipping extension 'colcon_notification.desktop_notification.win32': Not used on non-Windows systems
[4.403s] INFO:colcon.colcon_notification.desktop_notification:Sending desktop notification using 'notify2'
[4.656s] DEBUG:colcon.colcon_core.event_reactor:joined thread
[4.657s] INFO:colcon.colcon_core.shell:Creating prefix script '/home/zzs/workspace/ros2/ros2_study/chapt7/chapt7_ws/install/local_setup.ps1'
[4.664s] INFO:colcon.colcon_core.shell:Creating prefix util module '/home/zzs/workspace/ros2/ros2_study/chapt7/chapt7_ws/install/_local_setup_util_ps1.py'
[4.666s] INFO:colcon.colcon_core.shell:Creating prefix chain script '/home/zzs/workspace/ros2/ros2_study/chapt7/chapt7_ws/install/setup.ps1'
[4.672s] INFO:colcon.colcon_core.shell:Creating prefix script '/home/zzs/workspace/ros2/ros2_study/chapt7/chapt7_ws/install/local_setup.sh'
[4.675s] INFO:colcon.colcon_core.shell:Creating prefix util module '/home/zzs/workspace/ros2/ros2_study/chapt7/chapt7_ws/install/_local_setup_util_sh.py'
[4.677s] INFO:colcon.colcon_core.shell:Creating prefix chain script '/home/zzs/workspace/ros2/ros2_study/chapt7/chapt7_ws/install/setup.sh'
[4.686s] INFO:colcon.colcon_core.shell:Creating prefix script '/home/zzs/workspace/ros2/ros2_study/chapt7/chapt7_ws/install/local_setup.bash'
[4.692s] INFO:colcon.colcon_core.shell:Creating prefix chain script '/home/zzs/workspace/ros2/ros2_study/chapt7/chapt7_ws/install/setup.bash'
[4.699s] INFO:colcon.colcon_core.shell:Creating prefix script '/home/zzs/workspace/ros2/ros2_study/chapt7/chapt7_ws/install/local_setup.zsh'
[4.705s] INFO:colcon.colcon_core.shell:Creating prefix chain script '/home/zzs/workspace/ros2/ros2_study/chapt7/chapt7_ws/install/setup.zsh'
