[0.546s] DEBUG:colcon:Command line arguments: ['/usr/bin/colcon', 'build']
[0.546s] DEBUG:colcon:Parsed command line arguments: Namespace(log_base=None, log_level=None, verb_name='build', build_base='build', install_base='install', merge_install=False, symlink_install=False, test_result_base=None, continue_on_error=False, executor='parallel', parallel_workers=2, event_handlers=None, ignore_user_meta=False, metas=['./colcon.meta'], base_paths=['.'], packages_ignore=None, packages_ignore_regex=None, paths=None, packages_up_to=None, packages_up_to_regex=None, packages_above=None, packages_above_and_dependencies=None, packages_above_depth=None, packages_select_by_dep=None, packages_skip_by_dep=None, packages_skip_up_to=None, packages_select_build_failed=False, packages_skip_build_finished=False, packages_select_test_failures=False, packages_skip_test_passed=False, packages_select=None, packages_skip=None, packages_select_regex=None, packages_skip_regex=None, packages_start=None, packages_end=None, allow_overriding=[], cmake_args=None, cmake_target=None, cmake_target_skip_unavailable=False, cmake_clean_cache=False, cmake_clean_first=False, cmake_force_configure=False, ament_cmake_args=None, catkin_cmake_args=None, catkin_skip_building_tests=False, verb_parser=<colcon_defaults.argument_parser.defaults.DefaultArgumentsDecorator object at 0x7bf723b6a060>, verb_extension=<colcon_core.verb.build.BuildVerb object at 0x7bf723d744a0>, main=<bound method BuildVerb.main of <colcon_core.verb.build.BuildVerb object at 0x7bf723d744a0>>)
[0.637s] Level 1:colcon.colcon_core.package_discovery:discover_packages(colcon_meta) check parameters
[0.637s] Level 1:colcon.colcon_core.package_discovery:discover_packages(recursive) check parameters
[0.637s] Level 1:colcon.colcon_core.package_discovery:discover_packages(ignore) check parameters
[0.637s] Level 1:colcon.colcon_core.package_discovery:discover_packages(path) check parameters
[0.637s] Level 1:colcon.colcon_core.package_discovery:discover_packages(colcon_meta) discover
[0.637s] Level 1:colcon.colcon_core.package_discovery:discover_packages(recursive) discover
[0.637s] INFO:colcon.colcon_core.package_discovery:Crawling recursively for packages in '/home/zzs/chapt4/chapt4_ws'
[0.637s] Level 1:colcon.colcon_core.package_identification:_identify(.) by extensions ['ignore', 'ignore_ament_install']
[0.638s] Level 1:colcon.colcon_core.package_identification:_identify(.) by extension 'ignore'
[0.638s] Level 1:colcon.colcon_core.package_identification:_identify(.) by extension 'ignore_ament_install'
[0.638s] Level 1:colcon.colcon_core.package_identification:_identify(.) by extensions ['colcon_pkg']
[0.638s] Level 1:colcon.colcon_core.package_identification:_identify(.) by extension 'colcon_pkg'
[0.638s] Level 1:colcon.colcon_core.package_identification:_identify(.) by extensions ['colcon_meta']
[0.638s] Level 1:colcon.colcon_core.package_identification:_identify(.) by extension 'colcon_meta'
[0.638s] Level 1:colcon.colcon_core.package_identification:_identify(.) by extensions ['ros']
[0.638s] Level 1:colcon.colcon_core.package_identification:_identify(.) by extension 'ros'
[0.675s] Level 1:colcon.colcon_core.package_identification:_identify(.) by extensions ['cmake', 'python']
[0.675s] Level 1:colcon.colcon_core.package_identification:_identify(.) by extension 'cmake'
[0.675s] Level 1:colcon.colcon_core.package_identification:_identify(.) by extension 'python'
[0.675s] Level 1:colcon.colcon_core.package_identification:_identify(.) by extensions ['python_setup_py']
[0.675s] Level 1:colcon.colcon_core.package_identification:_identify(.) by extension 'python_setup_py'
[0.675s] Level 1:colcon.colcon_core.package_identification:_identify(build) by extensions ['ignore', 'ignore_ament_install']
[0.676s] Level 1:colcon.colcon_core.package_identification:_identify(build) by extension 'ignore'
[0.676s] Level 1:colcon.colcon_core.package_identification:_identify(build) ignored
[0.676s] Level 1:colcon.colcon_core.package_identification:_identify(install) by extensions ['ignore', 'ignore_ament_install']
[0.676s] Level 1:colcon.colcon_core.package_identification:_identify(install) by extension 'ignore'
[0.676s] Level 1:colcon.colcon_core.package_identification:_identify(install) ignored
[0.676s] Level 1:colcon.colcon_core.package_identification:_identify(log) by extensions ['ignore', 'ignore_ament_install']
[0.676s] Level 1:colcon.colcon_core.package_identification:_identify(log) by extension 'ignore'
[0.677s] Level 1:colcon.colcon_core.package_identification:_identify(log) ignored
[0.677s] Level 1:colcon.colcon_core.package_identification:_identify(src) by extensions ['ignore', 'ignore_ament_install']
[0.677s] Level 1:colcon.colcon_core.package_identification:_identify(src) by extension 'ignore'
[0.677s] Level 1:colcon.colcon_core.package_identification:_identify(src) by extension 'ignore_ament_install'
[0.677s] Level 1:colcon.colcon_core.package_identification:_identify(src) by extensions ['colcon_pkg']
[0.677s] Level 1:colcon.colcon_core.package_identification:_identify(src) by extension 'colcon_pkg'
[0.678s] Level 1:colcon.colcon_core.package_identification:_identify(src) by extensions ['colcon_meta']
[0.678s] Level 1:colcon.colcon_core.package_identification:_identify(src) by extension 'colcon_meta'
[0.678s] Level 1:colcon.colcon_core.package_identification:_identify(src) by extensions ['ros']
[0.678s] Level 1:colcon.colcon_core.package_identification:_identify(src) by extension 'ros'
[0.678s] Level 1:colcon.colcon_core.package_identification:_identify(src) by extensions ['cmake', 'python']
[0.678s] Level 1:colcon.colcon_core.package_identification:_identify(src) by extension 'cmake'
[0.678s] Level 1:colcon.colcon_core.package_identification:_identify(src) by extension 'python'
[0.678s] Level 1:colcon.colcon_core.package_identification:_identify(src) by extensions ['python_setup_py']
[0.678s] Level 1:colcon.colcon_core.package_identification:_identify(src) by extension 'python_setup_py'
[0.678s] Level 1:colcon.colcon_core.package_identification:_identify(src/chapt4_interfaces) by extensions ['ignore', 'ignore_ament_install']
[0.678s] Level 1:colcon.colcon_core.package_identification:_identify(src/chapt4_interfaces) by extension 'ignore'
[0.679s] Level 1:colcon.colcon_core.package_identification:_identify(src/chapt4_interfaces) by extension 'ignore_ament_install'
[0.679s] Level 1:colcon.colcon_core.package_identification:_identify(src/chapt4_interfaces) by extensions ['colcon_pkg']
[0.679s] Level 1:colcon.colcon_core.package_identification:_identify(src/chapt4_interfaces) by extension 'colcon_pkg'
[0.679s] Level 1:colcon.colcon_core.package_identification:_identify(src/chapt4_interfaces) by extensions ['colcon_meta']
[0.679s] Level 1:colcon.colcon_core.package_identification:_identify(src/chapt4_interfaces) by extension 'colcon_meta'
[0.679s] Level 1:colcon.colcon_core.package_identification:_identify(src/chapt4_interfaces) by extensions ['ros']
[0.679s] Level 1:colcon.colcon_core.package_identification:_identify(src/chapt4_interfaces) by extension 'ros'
[0.684s] DEBUG:colcon.colcon_core.package_identification:Package 'src/chapt4_interfaces' with type 'ros.ament_cmake' and name 'chapt4_interfaces'
[0.684s] Level 1:colcon.colcon_core.package_identification:_identify(src/demo_python_service) by extensions ['ignore', 'ignore_ament_install']
[0.684s] Level 1:colcon.colcon_core.package_identification:_identify(src/demo_python_service) by extension 'ignore'
[0.684s] Level 1:colcon.colcon_core.package_identification:_identify(src/demo_python_service) by extension 'ignore_ament_install'
[0.684s] Level 1:colcon.colcon_core.package_identification:_identify(src/demo_python_service) by extensions ['colcon_pkg']
[0.684s] Level 1:colcon.colcon_core.package_identification:_identify(src/demo_python_service) by extension 'colcon_pkg'
[0.685s] Level 1:colcon.colcon_core.package_identification:_identify(src/demo_python_service) by extensions ['colcon_meta']
[0.685s] Level 1:colcon.colcon_core.package_identification:_identify(src/demo_python_service) by extension 'colcon_meta'
[0.685s] Level 1:colcon.colcon_core.package_identification:_identify(src/demo_python_service) by extensions ['ros']
[0.685s] Level 1:colcon.colcon_core.package_identification:_identify(src/demo_python_service) by extension 'ros'
[0.686s] DEBUG:colcon.colcon_core.package_identification:Package 'src/demo_python_service' with type 'ros.ament_python' and name 'demo_python_service'
[0.686s] Level 1:colcon.colcon_core.package_discovery:discover_packages(recursive) using defaults
[0.687s] Level 1:colcon.colcon_core.package_discovery:discover_packages(ignore) discover
[0.687s] Level 1:colcon.colcon_core.package_discovery:discover_packages(ignore) using defaults
[0.687s] Level 1:colcon.colcon_core.package_discovery:discover_packages(path) discover
[0.687s] Level 1:colcon.colcon_core.package_discovery:discover_packages(path) using defaults
[0.719s] Level 1:colcon.colcon_core.package_discovery:discover_packages(prefix_path) check parameters
[0.720s] Level 1:colcon.colcon_core.package_discovery:discover_packages(prefix_path) discover
[0.727s] DEBUG:colcon.colcon_installed_package_information.package_discovery:Found 2 installed packages in /home/zzs/chapt4/chapt4_ws/install
[0.731s] DEBUG:colcon.colcon_installed_package_information.package_discovery:Found 287 installed packages in /opt/ros/jazzy
[0.732s] Level 1:colcon.colcon_core.package_discovery:discover_packages(prefix_path) using defaults
[0.989s] Level 5:colcon.colcon_core.verb:set package 'chapt4_interfaces' build argument 'cmake_args' from command line to 'None'
[0.989s] Level 5:colcon.colcon_core.verb:set package 'chapt4_interfaces' build argument 'cmake_target' from command line to 'None'
[0.989s] Level 5:colcon.colcon_core.verb:set package 'chapt4_interfaces' build argument 'cmake_target_skip_unavailable' from command line to 'False'
[0.989s] Level 5:colcon.colcon_core.verb:set package 'chapt4_interfaces' build argument 'cmake_clean_cache' from command line to 'False'
[0.990s] Level 5:colcon.colcon_core.verb:set package 'chapt4_interfaces' build argument 'cmake_clean_first' from command line to 'False'
[0.990s] Level 5:colcon.colcon_core.verb:set package 'chapt4_interfaces' build argument 'cmake_force_configure' from command line to 'False'
[0.990s] Level 5:colcon.colcon_core.verb:set package 'chapt4_interfaces' build argument 'ament_cmake_args' from command line to 'None'
[0.990s] Level 5:colcon.colcon_core.verb:set package 'chapt4_interfaces' build argument 'catkin_cmake_args' from command line to 'None'
[0.990s] Level 5:colcon.colcon_core.verb:set package 'chapt4_interfaces' build argument 'catkin_skip_building_tests' from command line to 'False'
[0.990s] DEBUG:colcon.colcon_core.verb:Building package 'chapt4_interfaces' with the following arguments: {'ament_cmake_args': None, 'build_base': '/home/zzs/chapt4/chapt4_ws/build/chapt4_interfaces', 'catkin_cmake_args': None, 'catkin_skip_building_tests': False, 'cmake_args': None, 'cmake_clean_cache': False, 'cmake_clean_first': False, 'cmake_force_configure': False, 'cmake_target': None, 'cmake_target_skip_unavailable': False, 'install_base': '/home/zzs/chapt4/chapt4_ws/install/chapt4_interfaces', 'merge_install': False, 'path': '/home/zzs/chapt4/chapt4_ws/src/chapt4_interfaces', 'symlink_install': False, 'test_result_base': None}
[0.990s] Level 5:colcon.colcon_core.verb:set package 'demo_python_service' build argument 'cmake_args' from command line to 'None'
[0.990s] Level 5:colcon.colcon_core.verb:set package 'demo_python_service' build argument 'cmake_target' from command line to 'None'
[0.990s] Level 5:colcon.colcon_core.verb:set package 'demo_python_service' build argument 'cmake_target_skip_unavailable' from command line to 'False'
[0.990s] Level 5:colcon.colcon_core.verb:set package 'demo_python_service' build argument 'cmake_clean_cache' from command line to 'False'
[0.990s] Level 5:colcon.colcon_core.verb:set package 'demo_python_service' build argument 'cmake_clean_first' from command line to 'False'
[0.990s] Level 5:colcon.colcon_core.verb:set package 'demo_python_service' build argument 'cmake_force_configure' from command line to 'False'
[0.990s] Level 5:colcon.colcon_core.verb:set package 'demo_python_service' build argument 'ament_cmake_args' from command line to 'None'
[0.990s] Level 5:colcon.colcon_core.verb:set package 'demo_python_service' build argument 'catkin_cmake_args' from command line to 'None'
[0.990s] Level 5:colcon.colcon_core.verb:set package 'demo_python_service' build argument 'catkin_skip_building_tests' from command line to 'False'
[0.990s] DEBUG:colcon.colcon_core.verb:Building package 'demo_python_service' with the following arguments: {'ament_cmake_args': None, 'build_base': '/home/zzs/chapt4/chapt4_ws/build/demo_python_service', 'catkin_cmake_args': None, 'catkin_skip_building_tests': False, 'cmake_args': None, 'cmake_clean_cache': False, 'cmake_clean_first': False, 'cmake_force_configure': False, 'cmake_target': None, 'cmake_target_skip_unavailable': False, 'install_base': '/home/zzs/chapt4/chapt4_ws/install/demo_python_service', 'merge_install': False, 'path': '/home/zzs/chapt4/chapt4_ws/src/demo_python_service', 'symlink_install': False, 'test_result_base': None}
[0.990s] INFO:colcon.colcon_core.executor:Executing jobs using 'parallel' executor
[0.991s] DEBUG:colcon.colcon_parallel_executor.executor.parallel:run_until_complete
[0.991s] INFO:colcon.colcon_ros.task.ament_cmake.build:Building ROS package in '/home/zzs/chapt4/chapt4_ws/src/chapt4_interfaces' with build type 'ament_cmake'
[0.992s] INFO:colcon.colcon_cmake.task.cmake.build:Building CMake package in '/home/zzs/chapt4/chapt4_ws/src/chapt4_interfaces'
[1.006s] INFO:colcon.colcon_core.plugin_system:Skipping extension 'colcon_core.shell.bat': Not used on non-Windows systems
[1.006s] INFO:colcon.colcon_core.shell:Skip shell extension 'powershell' for command environment: Not usable outside of PowerShell
[1.006s] DEBUG:colcon.colcon_core.shell:Skip shell extension 'dsv' for command environment
[1.041s] DEBUG:colcon.colcon_core.event_handler.log_command:Invoking command in '/home/zzs/chapt4/chapt4_ws/build/chapt4_interfaces': CMAKE_PREFIX_PATH=${CMAKE_PREFIX_PATH}:/home/zzs/chapt4/chapt4_ws/install/demo_python_service:/opt/ros/jazzy DEBUGINFOD_URLS=https://debuginfod.ubuntu.com /usr/bin/cmake --build /home/zzs/chapt4/chapt4_ws/build/chapt4_interfaces -- -j2 -l2
[3.066s] DEBUG:colcon.colcon_core.event_handler.log_command:Invoked command in '/home/zzs/chapt4/chapt4_ws/build/chapt4_interfaces' returned '0': CMAKE_PREFIX_PATH=${CMAKE_PREFIX_PATH}:/home/zzs/chapt4/chapt4_ws/install/demo_python_service:/opt/ros/jazzy DEBUGINFOD_URLS=https://debuginfod.ubuntu.com /usr/bin/cmake --build /home/zzs/chapt4/chapt4_ws/build/chapt4_interfaces -- -j2 -l2
[3.102s] DEBUG:colcon.colcon_core.event_handler.log_command:Invoking command in '/home/zzs/chapt4/chapt4_ws/build/chapt4_interfaces': CMAKE_PREFIX_PATH=${CMAKE_PREFIX_PATH}:/home/zzs/chapt4/chapt4_ws/install/demo_python_service:/opt/ros/jazzy DEBUGINFOD_URLS=https://debuginfod.ubuntu.com /usr/bin/cmake --install /home/zzs/chapt4/chapt4_ws/build/chapt4_interfaces
[3.281s] Level 1:colcon.colcon_core.environment:create_environment_scripts_only(chapt4_interfaces)
[3.282s] DEBUG:colcon.colcon_core.event_handler.log_command:Invoked command in '/home/zzs/chapt4/chapt4_ws/build/chapt4_interfaces' returned '0': CMAKE_PREFIX_PATH=${CMAKE_PREFIX_PATH}:/home/zzs/chapt4/chapt4_ws/install/demo_python_service:/opt/ros/jazzy DEBUGINFOD_URLS=https://debuginfod.ubuntu.com /usr/bin/cmake --install /home/zzs/chapt4/chapt4_ws/build/chapt4_interfaces
[3.298s] Level 1:colcon.colcon_core.environment:checking '/home/zzs/chapt4/chapt4_ws/install/chapt4_interfaces' for CMake module files
[3.299s] Level 1:colcon.colcon_core.environment:checking '/home/zzs/chapt4/chapt4_ws/install/chapt4_interfaces' for CMake config files
[3.300s] Level 1:colcon.colcon_core.shell:create_environment_hook('chapt4_interfaces', 'cmake_prefix_path')
[3.300s] INFO:colcon.colcon_core.shell:Creating environment hook '/home/zzs/chapt4/chapt4_ws/install/chapt4_interfaces/share/chapt4_interfaces/hook/cmake_prefix_path.ps1'
[3.303s] INFO:colcon.colcon_core.shell:Creating environment descriptor '/home/zzs/chapt4/chapt4_ws/install/chapt4_interfaces/share/chapt4_interfaces/hook/cmake_prefix_path.dsv'
[3.305s] INFO:colcon.colcon_core.shell:Creating environment hook '/home/zzs/chapt4/chapt4_ws/install/chapt4_interfaces/share/chapt4_interfaces/hook/cmake_prefix_path.sh'
[3.309s] Level 1:colcon.colcon_core.environment:checking '/home/zzs/chapt4/chapt4_ws/install/chapt4_interfaces/lib'
[3.309s] Level 1:colcon.colcon_core.shell:create_environment_hook('chapt4_interfaces', 'ld_library_path_lib')
[3.310s] INFO:colcon.colcon_core.shell:Creating environment hook '/home/zzs/chapt4/chapt4_ws/install/chapt4_interfaces/share/chapt4_interfaces/hook/ld_library_path_lib.ps1'
[3.312s] INFO:colcon.colcon_core.shell:Creating environment descriptor '/home/zzs/chapt4/chapt4_ws/install/chapt4_interfaces/share/chapt4_interfaces/hook/ld_library_path_lib.dsv'
[3.313s] INFO:colcon.colcon_core.shell:Creating environment hook '/home/zzs/chapt4/chapt4_ws/install/chapt4_interfaces/share/chapt4_interfaces/hook/ld_library_path_lib.sh'
[3.316s] Level 1:colcon.colcon_core.environment:checking '/home/zzs/chapt4/chapt4_ws/install/chapt4_interfaces/bin'
[3.317s] Level 1:colcon.colcon_core.environment:checking '/home/zzs/chapt4/chapt4_ws/install/chapt4_interfaces/lib/pkgconfig/chapt4_interfaces.pc'
[3.317s] Level 1:colcon.colcon_core.environment:checking '/home/zzs/chapt4/chapt4_ws/install/chapt4_interfaces/lib/python3.12/site-packages'
[3.318s] Level 1:colcon.colcon_core.shell:create_environment_hook('chapt4_interfaces', 'pythonpath')
[3.319s] INFO:colcon.colcon_core.shell:Creating environment hook '/home/zzs/chapt4/chapt4_ws/install/chapt4_interfaces/share/chapt4_interfaces/hook/pythonpath.ps1'
[3.321s] INFO:colcon.colcon_core.shell:Creating environment descriptor '/home/zzs/chapt4/chapt4_ws/install/chapt4_interfaces/share/chapt4_interfaces/hook/pythonpath.dsv'
[3.325s] INFO:colcon.colcon_core.shell:Creating environment hook '/home/zzs/chapt4/chapt4_ws/install/chapt4_interfaces/share/chapt4_interfaces/hook/pythonpath.sh'
[3.327s] Level 1:colcon.colcon_core.environment:checking '/home/zzs/chapt4/chapt4_ws/install/chapt4_interfaces/bin'
[3.328s] INFO:colcon.colcon_core.shell:Creating package script '/home/zzs/chapt4/chapt4_ws/install/chapt4_interfaces/share/chapt4_interfaces/package.ps1'
[3.330s] INFO:colcon.colcon_core.shell:Creating package descriptor '/home/zzs/chapt4/chapt4_ws/install/chapt4_interfaces/share/chapt4_interfaces/package.dsv'
[3.332s] INFO:colcon.colcon_core.shell:Creating package script '/home/zzs/chapt4/chapt4_ws/install/chapt4_interfaces/share/chapt4_interfaces/package.sh'
[3.334s] INFO:colcon.colcon_core.shell:Creating package script '/home/zzs/chapt4/chapt4_ws/install/chapt4_interfaces/share/chapt4_interfaces/package.bash'
[3.337s] INFO:colcon.colcon_core.shell:Creating package script '/home/zzs/chapt4/chapt4_ws/install/chapt4_interfaces/share/chapt4_interfaces/package.zsh'
[3.343s] Level 1:colcon.colcon_core.environment:create_file_with_runtime_dependencies(/home/zzs/chapt4/chapt4_ws/install/chapt4_interfaces/share/colcon-core/packages/chapt4_interfaces)
[3.345s] Level 1:colcon.colcon_core.environment:create_environment_scripts_only(chapt4_interfaces)
[3.345s] Level 1:colcon.colcon_core.environment:checking '/home/zzs/chapt4/chapt4_ws/install/chapt4_interfaces' for CMake module files
[3.349s] Level 1:colcon.colcon_core.environment:checking '/home/zzs/chapt4/chapt4_ws/install/chapt4_interfaces' for CMake config files
[3.349s] Level 1:colcon.colcon_core.shell:create_environment_hook('chapt4_interfaces', 'cmake_prefix_path')
[3.350s] INFO:colcon.colcon_core.shell:Creating environment hook '/home/zzs/chapt4/chapt4_ws/install/chapt4_interfaces/share/chapt4_interfaces/hook/cmake_prefix_path.ps1'
[3.353s] INFO:colcon.colcon_core.shell:Creating environment descriptor '/home/zzs/chapt4/chapt4_ws/install/chapt4_interfaces/share/chapt4_interfaces/hook/cmake_prefix_path.dsv'
[3.353s] INFO:colcon.colcon_core.shell:Creating environment hook '/home/zzs/chapt4/chapt4_ws/install/chapt4_interfaces/share/chapt4_interfaces/hook/cmake_prefix_path.sh'
[3.356s] Level 1:colcon.colcon_core.environment:checking '/home/zzs/chapt4/chapt4_ws/install/chapt4_interfaces/lib'
[3.357s] Level 1:colcon.colcon_core.shell:create_environment_hook('chapt4_interfaces', 'ld_library_path_lib')
[3.358s] INFO:colcon.colcon_core.shell:Creating environment hook '/home/zzs/chapt4/chapt4_ws/install/chapt4_interfaces/share/chapt4_interfaces/hook/ld_library_path_lib.ps1'
[3.360s] INFO:colcon.colcon_core.shell:Creating environment descriptor '/home/zzs/chapt4/chapt4_ws/install/chapt4_interfaces/share/chapt4_interfaces/hook/ld_library_path_lib.dsv'
[3.361s] INFO:colcon.colcon_core.shell:Creating environment hook '/home/zzs/chapt4/chapt4_ws/install/chapt4_interfaces/share/chapt4_interfaces/hook/ld_library_path_lib.sh'
[3.362s] Level 1:colcon.colcon_core.environment:checking '/home/zzs/chapt4/chapt4_ws/install/chapt4_interfaces/bin'
[3.363s] Level 1:colcon.colcon_core.environment:checking '/home/zzs/chapt4/chapt4_ws/install/chapt4_interfaces/lib/pkgconfig/chapt4_interfaces.pc'
[3.363s] Level 1:colcon.colcon_core.environment:checking '/home/zzs/chapt4/chapt4_ws/install/chapt4_interfaces/lib/python3.12/site-packages'
[3.363s] Level 1:colcon.colcon_core.shell:create_environment_hook('chapt4_interfaces', 'pythonpath')
[3.363s] INFO:colcon.colcon_core.shell:Creating environment hook '/home/zzs/chapt4/chapt4_ws/install/chapt4_interfaces/share/chapt4_interfaces/hook/pythonpath.ps1'
[3.364s] INFO:colcon.colcon_core.shell:Creating environment descriptor '/home/zzs/chapt4/chapt4_ws/install/chapt4_interfaces/share/chapt4_interfaces/hook/pythonpath.dsv'
[3.365s] INFO:colcon.colcon_core.shell:Creating environment hook '/home/zzs/chapt4/chapt4_ws/install/chapt4_interfaces/share/chapt4_interfaces/hook/pythonpath.sh'
[3.366s] Level 1:colcon.colcon_core.environment:checking '/home/zzs/chapt4/chapt4_ws/install/chapt4_interfaces/bin'
[3.367s] INFO:colcon.colcon_core.shell:Creating package script '/home/zzs/chapt4/chapt4_ws/install/chapt4_interfaces/share/chapt4_interfaces/package.ps1'
[3.368s] INFO:colcon.colcon_core.shell:Creating package descriptor '/home/zzs/chapt4/chapt4_ws/install/chapt4_interfaces/share/chapt4_interfaces/package.dsv'
[3.368s] INFO:colcon.colcon_core.shell:Creating package script '/home/zzs/chapt4/chapt4_ws/install/chapt4_interfaces/share/chapt4_interfaces/package.sh'
[3.369s] INFO:colcon.colcon_core.shell:Creating package script '/home/zzs/chapt4/chapt4_ws/install/chapt4_interfaces/share/chapt4_interfaces/package.bash'
[3.370s] INFO:colcon.colcon_core.shell:Creating package script '/home/zzs/chapt4/chapt4_ws/install/chapt4_interfaces/share/chapt4_interfaces/package.zsh'
[3.371s] Level 1:colcon.colcon_core.environment:create_file_with_runtime_dependencies(/home/zzs/chapt4/chapt4_ws/install/chapt4_interfaces/share/colcon-core/packages/chapt4_interfaces)
[3.371s] INFO:colcon.colcon_ros.task.ament_python.build:Building ROS package in '/home/zzs/chapt4/chapt4_ws/src/demo_python_service' with build type 'ament_python'
[3.371s] Level 1:colcon.colcon_core.shell:create_environment_hook('demo_python_service', 'ament_prefix_path')
[3.372s] INFO:colcon.colcon_core.shell:Creating environment hook '/home/zzs/chapt4/chapt4_ws/install/demo_python_service/share/demo_python_service/hook/ament_prefix_path.ps1'
[3.374s] INFO:colcon.colcon_core.shell:Creating environment descriptor '/home/zzs/chapt4/chapt4_ws/install/demo_python_service/share/demo_python_service/hook/ament_prefix_path.dsv'
[3.375s] INFO:colcon.colcon_core.shell:Creating environment hook '/home/zzs/chapt4/chapt4_ws/install/demo_python_service/share/demo_python_service/hook/ament_prefix_path.sh'
[3.375s] INFO:colcon.colcon_core.shell:Skip shell extension 'powershell' for command environment: Not usable outside of PowerShell
[3.376s] DEBUG:colcon.colcon_core.shell:Skip shell extension 'dsv' for command environment
[3.773s] INFO:colcon.colcon_core.task.python.build:Building Python package in '/home/zzs/chapt4/chapt4_ws/src/demo_python_service'
[3.773s] INFO:colcon.colcon_core.shell:Skip shell extension 'powershell' for command environment: Not usable outside of PowerShell
[3.773s] DEBUG:colcon.colcon_core.shell:Skip shell extension 'dsv' for command environment
[5.949s] DEBUG:colcon.colcon_core.task.python.build:Available setuptools commands: bdist_egg, register, install_headers, bdist_rpm, clean, saveopts, rotate, bdist_dumb, upload, build, build_clib, sdist, develop, update_catalog, dist_info, editable_wheel, easy_install, check, build_scripts, test, install_scripts, install, extract_messages, bdist_wheel, init_catalog, alias, install_lib, install_egg_info, upload_docs, build_ext, compile_catalog, bdist, egg_info, setopt, symlink_data, install_data, build_py
[5.957s] DEBUG:colcon.colcon_core.event_handler.log_command:Invoking command in '/home/zzs/chapt4/chapt4_ws/src/demo_python_service': DEBUGINFOD_URLS=https://debuginfod.ubuntu.com PYTHONPATH=/home/zzs/chapt4/chapt4_ws/build/demo_python_service/prefix_override:/usr/lib/python3/dist-packages/colcon_core/task/python/colcon_distutils_commands:/home/zzs/chapt4/chapt4_ws/install/demo_python_service/lib/python3.12/site-packages:/home/zzs/chapt4/chapt4_ws/install/chapt4_interfaces/lib/python3.12/site-packages:/home/zzs/chapt4/chapt4_ws/install/demo_python_service/lib/python3.12/site-packages:/opt/ros/jazzy/lib/python3.12/site-packages /usr/bin/python3 -W ignore:setup.py install is deprecated -W ignore:easy_install command is deprecated setup.py egg_info --egg-base ../../build/demo_python_service build --build-base /home/zzs/chapt4/chapt4_ws/build/demo_python_service/build install --record /home/zzs/chapt4/chapt4_ws/build/demo_python_service/install.log --install-scripts $base/lib/demo_python_service --single-version-externally-managed install_data
[6.794s] Level 1:colcon.colcon_core.environment:checking '/home/zzs/chapt4/chapt4_ws/install/demo_python_service' for CMake module files
[6.795s] DEBUG:colcon.colcon_core.event_handler.log_command:Invoked command in '/home/zzs/chapt4/chapt4_ws/src/demo_python_service' returned '0': DEBUGINFOD_URLS=https://debuginfod.ubuntu.com PYTHONPATH=/home/zzs/chapt4/chapt4_ws/build/demo_python_service/prefix_override:/usr/lib/python3/dist-packages/colcon_core/task/python/colcon_distutils_commands:/home/zzs/chapt4/chapt4_ws/install/demo_python_service/lib/python3.12/site-packages:/home/zzs/chapt4/chapt4_ws/install/chapt4_interfaces/lib/python3.12/site-packages:/home/zzs/chapt4/chapt4_ws/install/demo_python_service/lib/python3.12/site-packages:/opt/ros/jazzy/lib/python3.12/site-packages /usr/bin/python3 -W ignore:setup.py install is deprecated -W ignore:easy_install command is deprecated setup.py egg_info --egg-base ../../build/demo_python_service build --build-base /home/zzs/chapt4/chapt4_ws/build/demo_python_service/build install --record /home/zzs/chapt4/chapt4_ws/build/demo_python_service/install.log --install-scripts $base/lib/demo_python_service --single-version-externally-managed install_data
[6.796s] Level 1:colcon.colcon_core.environment:checking '/home/zzs/chapt4/chapt4_ws/install/demo_python_service' for CMake config files
[6.797s] Level 1:colcon.colcon_core.environment:checking '/home/zzs/chapt4/chapt4_ws/install/demo_python_service/lib'
[6.797s] Level 1:colcon.colcon_core.environment:checking '/home/zzs/chapt4/chapt4_ws/install/demo_python_service/bin'
[6.797s] Level 1:colcon.colcon_core.environment:checking '/home/zzs/chapt4/chapt4_ws/install/demo_python_service/lib/pkgconfig/demo_python_service.pc'
[6.797s] Level 1:colcon.colcon_core.environment:checking '/home/zzs/chapt4/chapt4_ws/install/demo_python_service/lib/python3.12/site-packages'
[6.797s] Level 1:colcon.colcon_core.shell:create_environment_hook('demo_python_service', 'pythonpath')
[6.797s] INFO:colcon.colcon_core.shell:Creating environment hook '/home/zzs/chapt4/chapt4_ws/install/demo_python_service/share/demo_python_service/hook/pythonpath.ps1'
[6.798s] INFO:colcon.colcon_core.shell:Creating environment descriptor '/home/zzs/chapt4/chapt4_ws/install/demo_python_service/share/demo_python_service/hook/pythonpath.dsv'
[6.799s] INFO:colcon.colcon_core.shell:Creating environment hook '/home/zzs/chapt4/chapt4_ws/install/demo_python_service/share/demo_python_service/hook/pythonpath.sh'
[6.800s] Level 1:colcon.colcon_core.environment:checking '/home/zzs/chapt4/chapt4_ws/install/demo_python_service/bin'
[6.800s] Level 1:colcon.colcon_core.environment:create_environment_scripts_only(demo_python_service)
[6.800s] INFO:colcon.colcon_core.shell:Creating package script '/home/zzs/chapt4/chapt4_ws/install/demo_python_service/share/demo_python_service/package.ps1'
[6.801s] INFO:colcon.colcon_core.shell:Creating package descriptor '/home/zzs/chapt4/chapt4_ws/install/demo_python_service/share/demo_python_service/package.dsv'
[6.802s] INFO:colcon.colcon_core.shell:Creating package script '/home/zzs/chapt4/chapt4_ws/install/demo_python_service/share/demo_python_service/package.sh'
[6.803s] INFO:colcon.colcon_core.shell:Creating package script '/home/zzs/chapt4/chapt4_ws/install/demo_python_service/share/demo_python_service/package.bash'
[6.804s] INFO:colcon.colcon_core.shell:Creating package script '/home/zzs/chapt4/chapt4_ws/install/demo_python_service/share/demo_python_service/package.zsh'
[6.804s] Level 1:colcon.colcon_core.environment:create_file_with_runtime_dependencies(/home/zzs/chapt4/chapt4_ws/install/demo_python_service/share/colcon-core/packages/demo_python_service)
[6.805s] DEBUG:colcon.colcon_parallel_executor.executor.parallel:closing loop
[6.805s] DEBUG:colcon.colcon_parallel_executor.executor.parallel:loop closed
[6.805s] DEBUG:colcon.colcon_parallel_executor.executor.parallel:run_until_complete finished with '0'
[6.805s] DEBUG:colcon.colcon_core.event_reactor:joining thread
[6.827s] INFO:colcon.colcon_core.plugin_system:Skipping extension 'colcon_notification.desktop_notification.terminal_notifier': Not used on non-Darwin systems
[6.828s] INFO:colcon.colcon_core.plugin_system:Skipping extension 'colcon_notification.desktop_notification.win32': Not used on non-Windows systems
[6.828s] INFO:colcon.colcon_notification.desktop_notification:Sending desktop notification using 'notify2'
[7.256s] DEBUG:colcon.colcon_core.event_reactor:joined thread
[7.265s] INFO:colcon.colcon_core.shell:Creating prefix script '/home/zzs/chapt4/chapt4_ws/install/local_setup.ps1'
[7.280s] INFO:colcon.colcon_core.shell:Creating prefix util module '/home/zzs/chapt4/chapt4_ws/install/_local_setup_util_ps1.py'
[7.305s] INFO:colcon.colcon_core.shell:Creating prefix chain script '/home/zzs/chapt4/chapt4_ws/install/setup.ps1'
[7.333s] INFO:colcon.colcon_core.shell:Creating prefix script '/home/zzs/chapt4/chapt4_ws/install/local_setup.sh'
[7.336s] INFO:colcon.colcon_core.shell:Creating prefix util module '/home/zzs/chapt4/chapt4_ws/install/_local_setup_util_sh.py'
[7.348s] INFO:colcon.colcon_core.shell:Creating prefix chain script '/home/zzs/chapt4/chapt4_ws/install/setup.sh'
[7.355s] INFO:colcon.colcon_core.shell:Creating prefix script '/home/zzs/chapt4/chapt4_ws/install/local_setup.bash'
[7.365s] INFO:colcon.colcon_core.shell:Creating prefix chain script '/home/zzs/chapt4/chapt4_ws/install/setup.bash'
[7.367s] INFO:colcon.colcon_core.shell:Creating prefix script '/home/zzs/chapt4/chapt4_ws/install/local_setup.zsh'
[7.390s] INFO:colcon.colcon_core.shell:Creating prefix chain script '/home/zzs/chapt4/chapt4_ws/install/setup.zsh'
