[1.121s] Invoking command in '/home/zzs/chapt3/topic_ws/src/demo_python_topic': DEBUGINFOD_URLS=https://debuginfod.ubuntu.com PYTHONPATH=/home/zzs/chapt3/topic_ws/build/demo_python_topic/prefix_override:/usr/lib/python3/dist-packages/colcon_core/task/python/colcon_distutils_commands:/home/zzs/chapt3/topic_ws/install/demo_python_topic/lib/python3.12/site-packages:${PYTHONPATH} /usr/bin/python3 -W ignore:setup.py install is deprecated -W ignore:easy_install command is deprecated setup.py egg_info --egg-base ../../build/demo_python_topic build --build-base /home/zzs/chapt3/topic_ws/build/demo_python_topic/build install --record /home/zzs/chapt3/topic_ws/build/demo_python_topic/install.log --install-scripts $base/lib/demo_python_topic --single-version-externally-managed install_data
[1.404s] running egg_info
[1.423s] writing ../../build/demo_python_topic/demo_python_topic.egg-info/PKG-INFO
[1.424s] writing dependency_links to ../../build/demo_python_topic/demo_python_topic.egg-info/dependency_links.txt
[1.424s] writing entry points to ../../build/demo_python_topic/demo_python_topic.egg-info/entry_points.txt
[1.425s] writing requirements to ../../build/demo_python_topic/demo_python_topic.egg-info/requires.txt
[1.426s] writing top-level names to ../../build/demo_python_topic/demo_python_topic.egg-info/top_level.txt
[1.474s] reading manifest file '../../build/demo_python_topic/demo_python_topic.egg-info/SOURCES.txt'
[1.474s] adding license file 'LICENSE'
[1.476s] writing manifest file '../../build/demo_python_topic/demo_python_topic.egg-info/SOURCES.txt'
[1.476s] running build
[1.477s] running build_py
[1.477s] copying demo_python_topic/novel_pub_node.py -> /home/zzs/chapt3/topic_ws/build/demo_python_topic/build/lib/demo_python_topic
[1.478s] running install
[1.483s] running install_lib
[1.501s] copying /home/zzs/chapt3/topic_ws/build/demo_python_topic/build/lib/demo_python_topic/novel_pub_node.py -> /home/zzs/chapt3/topic_ws/install/demo_python_topic/lib/python3.12/site-packages/demo_python_topic
[1.501s] byte-compiling /home/zzs/chapt3/topic_ws/install/demo_python_topic/lib/python3.12/site-packages/demo_python_topic/novel_pub_node.py to novel_pub_node.cpython-312.pyc
[1.502s] running install_data
[1.502s] running install_egg_info
[1.521s] removing '/home/zzs/chapt3/topic_ws/install/demo_python_topic/lib/python3.12/site-packages/demo_python_topic-0.0.0-py3.12.egg-info' (and everything under it)
[1.521s] Copying ../../build/demo_python_topic/demo_python_topic.egg-info to /home/zzs/chapt3/topic_ws/install/demo_python_topic/lib/python3.12/site-packages/demo_python_topic-0.0.0-py3.12.egg-info
[1.522s] running install_scripts
[1.654s] Installing novel_pub_node script to /home/zzs/chapt3/topic_ws/install/demo_python_topic/lib/demo_python_topic
[1.655s] writing list of installed files to '/home/zzs/chapt3/topic_ws/build/demo_python_topic/install.log'
[1.690s] Invoked command in '/home/zzs/chapt3/topic_ws/src/demo_python_topic' returned '0': DEBUGINFOD_URLS=https://debuginfod.ubuntu.com PYTHONPATH=/home/zzs/chapt3/topic_ws/build/demo_python_topic/prefix_override:/usr/lib/python3/dist-packages/colcon_core/task/python/colcon_distutils_commands:/home/zzs/chapt3/topic_ws/install/demo_python_topic/lib/python3.12/site-packages:${PYTHONPATH} /usr/bin/python3 -W ignore:setup.py install is deprecated -W ignore:easy_install command is deprecated setup.py egg_info --egg-base ../../build/demo_python_topic build --build-base /home/zzs/chapt3/topic_ws/build/demo_python_topic/build install --record /home/zzs/chapt3/topic_ws/build/demo_python_topic/install.log --install-scripts $base/lib/demo_python_topic --single-version-externally-managed install_data
