[0.086s] Invoking command in '/home/zzs/chapt4/chapt4_ws/build/chapt4_interfaces': CMAKE_PREFIX_PATH=${CMAKE_PREFIX_PATH}:/home/zzs/chapt4/chapt4_ws/install/demo_python_service:/opt/ros/jazzy DEBUGINFOD_URLS=https://debuginfod.ubuntu.com /usr/bin/cmake --build /home/zzs/chapt4/chapt4_ws/build/chapt4_interfaces -- -j2 -l2
[1.558s] [  2%] Built target chapt4_interfaces__rs
[1.652s] [  5%] Built target chapt4_interfaces__rosidl_generator_type_description
[2.003s] [  5%] Built target ament_cmake_python_copy_chapt4_interfaces
[2.206s] [ 20%] Built target chapt4_interfaces__rosidl_generator_c
[2.259s] [ 22%] Built target chapt4_interfaces__cpp
[2.745s] running egg_info
[2.772s] writing chapt4_interfaces.egg-info/PKG-INFO
[2.773s] writing dependency_links to chapt4_interfaces.egg-info/dependency_links.txt
[2.773s] writing top-level names to chapt4_interfaces.egg-info/top_level.txt
[2.835s] reading manifest file 'chapt4_interfaces.egg-info/SOURCES.txt'
[2.837s] writing manifest file 'chapt4_interfaces.egg-info/SOURCES.txt'
[2.878s] [ 22%] Built target ament_cmake_python_build_chapt4_interfaces_egg
[2.944s] [ 31%] Built target chapt4_interfaces__rosidl_typesupport_fastrtps_c
[2.990s] [ 40%] Built target chapt4_interfaces__rosidl_typesupport_fastrtps_cpp
[3.048s] [ 48%] Built target chapt4_interfaces__rosidl_typesupport_introspection_c
[3.133s] [ 57%] Built target chapt4_interfaces__rosidl_typesupport_c
[3.195s] [ 65%] Built target chapt4_interfaces__rosidl_typesupport_introspection_cpp
[3.311s] [ 74%] Built target chapt4_interfaces__rosidl_typesupport_cpp
[3.377s] [ 74%] Built target chapt4_interfaces
[3.457s] [ 77%] Built target chapt4_interfaces__py
[3.519s] [ 82%] Built target chapt4_interfaces__rosidl_generator_py
[3.565s] [ 88%] Built target chapt4_interfaces_s__rosidl_typesupport_fastrtps_c
[3.605s] [ 94%] Built target chapt4_interfaces_s__rosidl_typesupport_introspection_c
[3.648s] [100%] Built target chapt4_interfaces_s__rosidl_typesupport_c
[3.667s] Invoked command in '/home/zzs/chapt4/chapt4_ws/build/chapt4_interfaces' returned '0': CMAKE_PREFIX_PATH=${CMAKE_PREFIX_PATH}:/home/zzs/chapt4/chapt4_ws/install/demo_python_service:/opt/ros/jazzy DEBUGINFOD_URLS=https://debuginfod.ubuntu.com /usr/bin/cmake --build /home/zzs/chapt4/chapt4_ws/build/chapt4_interfaces -- -j2 -l2
[3.691s] Invoking command in '/home/zzs/chapt4/chapt4_ws/build/chapt4_interfaces': CMAKE_PREFIX_PATH=${CMAKE_PREFIX_PATH}:/home/zzs/chapt4/chapt4_ws/install/demo_python_service:/opt/ros/jazzy DEBUGINFOD_URLS=https://debuginfod.ubuntu.com /usr/bin/cmake --install /home/zzs/chapt4/chapt4_ws/build/chapt4_interfaces
[3.702s] -- Install configuration: ""
[3.703s] -- Up-to-date: /home/zzs/chapt4/chapt4_ws/install/chapt4_interfaces/share/ament_index/resource_index/rosidl_interfaces/chapt4_interfaces
[3.704s] -- Up-to-date: /home/zzs/chapt4/chapt4_ws/install/chapt4_interfaces/share/chapt4_interfaces/srv/FaceDetector.json
[3.706s] -- Up-to-date: /home/zzs/chapt4/chapt4_ws/install/chapt4_interfaces/include/chapt4_interfaces/chapt4_interfaces
[3.706s] -- Up-to-date: /home/zzs/chapt4/chapt4_ws/install/chapt4_interfaces/include/chapt4_interfaces/chapt4_interfaces/srv
[3.706s] -- Up-to-date: /home/zzs/chapt4/chapt4_ws/install/chapt4_interfaces/include/chapt4_interfaces/chapt4_interfaces/srv/face_detector.h
[3.707s] -- Up-to-date: /home/zzs/chapt4/chapt4_ws/install/chapt4_interfaces/include/chapt4_interfaces/chapt4_interfaces/srv/detail
[3.707s] -- Up-to-date: /home/zzs/chapt4/chapt4_ws/install/chapt4_interfaces/include/chapt4_interfaces/chapt4_interfaces/srv/detail/face_detector__struct.h
[3.707s] -- Up-to-date: /home/zzs/chapt4/chapt4_ws/install/chapt4_interfaces/include/chapt4_interfaces/chapt4_interfaces/srv/detail/face_detector__functions.h
[3.707s] -- Up-to-date: /home/zzs/chapt4/chapt4_ws/install/chapt4_interfaces/include/chapt4_interfaces/chapt4_interfaces/srv/detail/face_detector__functions.c
[3.707s] -- Up-to-date: /home/zzs/chapt4/chapt4_ws/install/chapt4_interfaces/include/chapt4_interfaces/chapt4_interfaces/srv/detail/face_detector__description.c
[3.707s] -- Up-to-date: /home/zzs/chapt4/chapt4_ws/install/chapt4_interfaces/include/chapt4_interfaces/chapt4_interfaces/srv/detail/face_detector__type_support.h
[3.707s] -- Installing: /home/zzs/chapt4/chapt4_ws/install/chapt4_interfaces/include/chapt4_interfaces/chapt4_interfaces/srv/detail/face_detector__type_support.c
[3.708s] -- Up-to-date: /home/zzs/chapt4/chapt4_ws/install/chapt4_interfaces/include/chapt4_interfaces/chapt4_interfaces/msg
[3.709s] -- Up-to-date: /home/zzs/chapt4/chapt4_ws/install/chapt4_interfaces/include/chapt4_interfaces/chapt4_interfaces/msg/rosidl_generator_c__visibility_control.h
[3.709s] -- Up-to-date: /home/zzs/chapt4/chapt4_ws/install/chapt4_interfaces/share/chapt4_interfaces/environment/library_path.sh
[3.709s] -- Up-to-date: /home/zzs/chapt4/chapt4_ws/install/chapt4_interfaces/share/chapt4_interfaces/environment/library_path.dsv
[3.710s] -- Up-to-date: /home/zzs/chapt4/chapt4_ws/install/chapt4_interfaces/lib/libchapt4_interfaces__rosidl_generator_c.so
[3.710s] -- Up-to-date: /home/zzs/chapt4/chapt4_ws/install/chapt4_interfaces/include/chapt4_interfaces/chapt4_interfaces
[3.712s] -- Up-to-date: /home/zzs/chapt4/chapt4_ws/install/chapt4_interfaces/include/chapt4_interfaces/chapt4_interfaces/srv
[3.712s] -- Up-to-date: /home/zzs/chapt4/chapt4_ws/install/chapt4_interfaces/include/chapt4_interfaces/chapt4_interfaces/srv/detail
[3.712s] -- Up-to-date: /home/zzs/chapt4/chapt4_ws/install/chapt4_interfaces/include/chapt4_interfaces/chapt4_interfaces/srv/detail/face_detector__rosidl_typesupport_fastrtps_c.h
[3.712s] -- Up-to-date: /home/zzs/chapt4/chapt4_ws/install/chapt4_interfaces/include/chapt4_interfaces/chapt4_interfaces/msg
[3.712s] -- Up-to-date: /home/zzs/chapt4/chapt4_ws/install/chapt4_interfaces/include/chapt4_interfaces/chapt4_interfaces/msg/rosidl_typesupport_fastrtps_c__visibility_control.h
[3.712s] -- Up-to-date: /home/zzs/chapt4/chapt4_ws/install/chapt4_interfaces/lib/libchapt4_interfaces__rosidl_typesupport_fastrtps_c.so
[3.713s] -- Up-to-date: /home/zzs/chapt4/chapt4_ws/install/chapt4_interfaces/include/chapt4_interfaces/chapt4_interfaces
[3.713s] -- Up-to-date: /home/zzs/chapt4/chapt4_ws/install/chapt4_interfaces/include/chapt4_interfaces/chapt4_interfaces/srv
[3.713s] -- Up-to-date: /home/zzs/chapt4/chapt4_ws/install/chapt4_interfaces/include/chapt4_interfaces/chapt4_interfaces/srv/face_detector.hpp
[3.714s] -- Up-to-date: /home/zzs/chapt4/chapt4_ws/install/chapt4_interfaces/include/chapt4_interfaces/chapt4_interfaces/srv/detail
[3.714s] -- Up-to-date: /home/zzs/chapt4/chapt4_ws/install/chapt4_interfaces/include/chapt4_interfaces/chapt4_interfaces/srv/detail/face_detector__traits.hpp
[3.714s] -- Up-to-date: /home/zzs/chapt4/chapt4_ws/install/chapt4_interfaces/include/chapt4_interfaces/chapt4_interfaces/srv/detail/face_detector__struct.hpp
[3.714s] -- Up-to-date: /home/zzs/chapt4/chapt4_ws/install/chapt4_interfaces/include/chapt4_interfaces/chapt4_interfaces/srv/detail/face_detector__builder.hpp
[3.714s] -- Up-to-date: /home/zzs/chapt4/chapt4_ws/install/chapt4_interfaces/include/chapt4_interfaces/chapt4_interfaces/srv/detail/face_detector__type_support.hpp
[3.714s] -- Up-to-date: /home/zzs/chapt4/chapt4_ws/install/chapt4_interfaces/include/chapt4_interfaces/chapt4_interfaces/msg
[3.714s] -- Up-to-date: /home/zzs/chapt4/chapt4_ws/install/chapt4_interfaces/include/chapt4_interfaces/chapt4_interfaces/msg/rosidl_generator_cpp__visibility_control.hpp
[3.714s] -- Up-to-date: /home/zzs/chapt4/chapt4_ws/install/chapt4_interfaces/include/chapt4_interfaces/chapt4_interfaces
[3.715s] -- Up-to-date: /home/zzs/chapt4/chapt4_ws/install/chapt4_interfaces/include/chapt4_interfaces/chapt4_interfaces/srv
[3.715s] -- Up-to-date: /home/zzs/chapt4/chapt4_ws/install/chapt4_interfaces/include/chapt4_interfaces/chapt4_interfaces/srv/detail
[3.715s] -- Up-to-date: /home/zzs/chapt4/chapt4_ws/install/chapt4_interfaces/include/chapt4_interfaces/chapt4_interfaces/srv/detail/dds_fastrtps
[3.717s] -- Up-to-date: /home/zzs/chapt4/chapt4_ws/install/chapt4_interfaces/include/chapt4_interfaces/chapt4_interfaces/srv/detail/face_detector__rosidl_typesupport_fastrtps_cpp.hpp
[3.717s] -- Up-to-date: /home/zzs/chapt4/chapt4_ws/install/chapt4_interfaces/include/chapt4_interfaces/chapt4_interfaces/msg
[3.717s] -- Up-to-date: /home/zzs/chapt4/chapt4_ws/install/chapt4_interfaces/include/chapt4_interfaces/chapt4_interfaces/msg/rosidl_typesupport_fastrtps_cpp__visibility_control.h
[3.718s] -- Up-to-date: /home/zzs/chapt4/chapt4_ws/install/chapt4_interfaces/lib/libchapt4_interfaces__rosidl_typesupport_fastrtps_cpp.so
[3.718s] -- Up-to-date: /home/zzs/chapt4/chapt4_ws/install/chapt4_interfaces/include/chapt4_interfaces/chapt4_interfaces
[3.718s] -- Up-to-date: /home/zzs/chapt4/chapt4_ws/install/chapt4_interfaces/include/chapt4_interfaces/chapt4_interfaces/srv
[3.718s] -- Up-to-date: /home/zzs/chapt4/chapt4_ws/install/chapt4_interfaces/include/chapt4_interfaces/chapt4_interfaces/srv/detail
[3.719s] -- Up-to-date: /home/zzs/chapt4/chapt4_ws/install/chapt4_interfaces/include/chapt4_interfaces/chapt4_interfaces/srv/detail/face_detector__rosidl_typesupport_introspection_c.h
[3.719s] -- Installing: /home/zzs/chapt4/chapt4_ws/install/chapt4_interfaces/include/chapt4_interfaces/chapt4_interfaces/srv/detail/face_detector__type_support.c
[3.721s] -- Up-to-date: /home/zzs/chapt4/chapt4_ws/install/chapt4_interfaces/include/chapt4_interfaces/chapt4_interfaces/msg
[3.721s] -- Up-to-date: /home/zzs/chapt4/chapt4_ws/install/chapt4_interfaces/include/chapt4_interfaces/chapt4_interfaces/msg/rosidl_typesupport_introspection_c__visibility_control.h
[3.722s] -- Up-to-date: /home/zzs/chapt4/chapt4_ws/install/chapt4_interfaces/lib/libchapt4_interfaces__rosidl_typesupport_introspection_c.so
[3.726s] -- Up-to-date: /home/zzs/chapt4/chapt4_ws/install/chapt4_interfaces/lib/libchapt4_interfaces__rosidl_typesupport_c.so
[3.726s] -- Up-to-date: /home/zzs/chapt4/chapt4_ws/install/chapt4_interfaces/include/chapt4_interfaces/chapt4_interfaces
[3.726s] -- Up-to-date: /home/zzs/chapt4/chapt4_ws/install/chapt4_interfaces/include/chapt4_interfaces/chapt4_interfaces/srv
[3.726s] -- Up-to-date: /home/zzs/chapt4/chapt4_ws/install/chapt4_interfaces/include/chapt4_interfaces/chapt4_interfaces/srv/detail
[3.727s] -- Up-to-date: /home/zzs/chapt4/chapt4_ws/install/chapt4_interfaces/include/chapt4_interfaces/chapt4_interfaces/srv/detail/face_detector__rosidl_typesupport_introspection_cpp.hpp
[3.727s] -- Up-to-date: /home/zzs/chapt4/chapt4_ws/install/chapt4_interfaces/include/chapt4_interfaces/chapt4_interfaces/srv/detail/face_detector__type_support.cpp
[3.727s] -- Up-to-date: /home/zzs/chapt4/chapt4_ws/install/chapt4_interfaces/lib/libchapt4_interfaces__rosidl_typesupport_introspection_cpp.so
[3.728s] -- Up-to-date: /home/zzs/chapt4/chapt4_ws/install/chapt4_interfaces/lib/libchapt4_interfaces__rosidl_typesupport_cpp.so
[3.728s] -- Up-to-date: /home/zzs/chapt4/chapt4_ws/install/chapt4_interfaces/share/chapt4_interfaces/environment/pythonpath.sh
[3.728s] -- Up-to-date: /home/zzs/chapt4/chapt4_ws/install/chapt4_interfaces/share/chapt4_interfaces/environment/pythonpath.dsv
[3.728s] -- Up-to-date: /home/zzs/chapt4/chapt4_ws/install/chapt4_interfaces/lib/python3.12/site-packages/chapt4_interfaces-0.0.0-py3.12.egg-info
[3.729s] -- Installing: /home/zzs/chapt4/chapt4_ws/install/chapt4_interfaces/lib/python3.12/site-packages/chapt4_interfaces-0.0.0-py3.12.egg-info/PKG-INFO
[3.730s] -- Installing: /home/zzs/chapt4/chapt4_ws/install/chapt4_interfaces/lib/python3.12/site-packages/chapt4_interfaces-0.0.0-py3.12.egg-info/SOURCES.txt
[3.730s] -- Installing: /home/zzs/chapt4/chapt4_ws/install/chapt4_interfaces/lib/python3.12/site-packages/chapt4_interfaces-0.0.0-py3.12.egg-info/top_level.txt
[3.730s] -- Installing: /home/zzs/chapt4/chapt4_ws/install/chapt4_interfaces/lib/python3.12/site-packages/chapt4_interfaces-0.0.0-py3.12.egg-info/dependency_links.txt
[3.733s] -- Up-to-date: /home/zzs/chapt4/chapt4_ws/install/chapt4_interfaces/lib/python3.12/site-packages/chapt4_interfaces
[3.733s] -- Up-to-date: /home/zzs/chapt4/chapt4_ws/install/chapt4_interfaces/lib/python3.12/site-packages/chapt4_interfaces/_chapt4_interfaces_s.ep.rosidl_typesupport_fastrtps_c.c
[3.733s] -- Up-to-date: /home/zzs/chapt4/chapt4_ws/install/chapt4_interfaces/lib/python3.12/site-packages/chapt4_interfaces/chapt4_interfaces_s__rosidl_typesupport_fastrtps_c.so
[3.733s] -- Up-to-date: /home/zzs/chapt4/chapt4_ws/install/chapt4_interfaces/lib/python3.12/site-packages/chapt4_interfaces/srv
[3.733s] -- Up-to-date: /home/zzs/chapt4/chapt4_ws/install/chapt4_interfaces/lib/python3.12/site-packages/chapt4_interfaces/srv/_face_detector.py
[3.733s] -- Up-to-date: /home/zzs/chapt4/chapt4_ws/install/chapt4_interfaces/lib/python3.12/site-packages/chapt4_interfaces/srv/__init__.py
[3.733s] -- Up-to-date: /home/zzs/chapt4/chapt4_ws/install/chapt4_interfaces/lib/python3.12/site-packages/chapt4_interfaces/srv/_face_detector_s.c
[3.733s] -- Up-to-date: /home/zzs/chapt4/chapt4_ws/install/chapt4_interfaces/lib/python3.12/site-packages/chapt4_interfaces/chapt4_interfaces_s__rosidl_typesupport_introspection_c.so
[3.733s] -- Up-to-date: /home/zzs/chapt4/chapt4_ws/install/chapt4_interfaces/lib/python3.12/site-packages/chapt4_interfaces/__init__.py
[3.733s] -- Up-to-date: /home/zzs/chapt4/chapt4_ws/install/chapt4_interfaces/lib/python3.12/site-packages/chapt4_interfaces/chapt4_interfaces_s__rosidl_typesupport_c.so
[3.734s] -- Up-to-date: /home/zzs/chapt4/chapt4_ws/install/chapt4_interfaces/lib/python3.12/site-packages/chapt4_interfaces/_chapt4_interfaces_s.ep.rosidl_typesupport_introspection_c.c
[3.734s] -- Up-to-date: /home/zzs/chapt4/chapt4_ws/install/chapt4_interfaces/lib/python3.12/site-packages/chapt4_interfaces/_chapt4_interfaces_s.ep.rosidl_typesupport_c.c
[3.772s] Listing '/home/zzs/chapt4/chapt4_ws/install/chapt4_interfaces/lib/python3.12/site-packages/chapt4_interfaces'...
[3.773s] Listing '/home/zzs/chapt4/chapt4_ws/install/chapt4_interfaces/lib/python3.12/site-packages/chapt4_interfaces/srv'...
[3.780s] -- Up-to-date: /home/zzs/chapt4/chapt4_ws/install/chapt4_interfaces/lib/python3.12/site-packages/chapt4_interfaces/chapt4_interfaces_s__rosidl_typesupport_fastrtps_c.so
[3.781s] -- Up-to-date: /home/zzs/chapt4/chapt4_ws/install/chapt4_interfaces/lib/python3.12/site-packages/chapt4_interfaces/chapt4_interfaces_s__rosidl_typesupport_introspection_c.so
[3.782s] -- Up-to-date: /home/zzs/chapt4/chapt4_ws/install/chapt4_interfaces/lib/python3.12/site-packages/chapt4_interfaces/chapt4_interfaces_s__rosidl_typesupport_c.so
[3.786s] -- Up-to-date: /home/zzs/chapt4/chapt4_ws/install/chapt4_interfaces/lib/libchapt4_interfaces__rosidl_generator_py.so
[3.786s] -- Up-to-date: /home/zzs/chapt4/chapt4_ws/install/chapt4_interfaces/share/ament_index/resource_index/rust_packages/chapt4_interfaces
[3.786s] -- Up-to-date: /home/zzs/chapt4/chapt4_ws/install/chapt4_interfaces/share/chapt4_interfaces/rust
[3.786s] -- Up-to-date: /home/zzs/chapt4/chapt4_ws/install/chapt4_interfaces/share/chapt4_interfaces/rust/src
[3.788s] -- Up-to-date: /home/zzs/chapt4/chapt4_ws/install/chapt4_interfaces/share/chapt4_interfaces/rust/src/lib.rs
[3.790s] -- Up-to-date: /home/zzs/chapt4/chapt4_ws/install/chapt4_interfaces/share/chapt4_interfaces/rust/src/srv
[3.791s] -- Up-to-date: /home/zzs/chapt4/chapt4_ws/install/chapt4_interfaces/share/chapt4_interfaces/rust/src/srv/rmw.rs
[3.791s] -- Up-to-date: /home/zzs/chapt4/chapt4_ws/install/chapt4_interfaces/share/chapt4_interfaces/rust/src/srv.rs
[3.791s] -- Up-to-date: /home/zzs/chapt4/chapt4_ws/install/chapt4_interfaces/share/chapt4_interfaces/rust/build.rs
[3.792s] -- Up-to-date: /home/zzs/chapt4/chapt4_ws/install/chapt4_interfaces/share/chapt4_interfaces/rust/Cargo.toml
[3.792s] -- Up-to-date: /home/zzs/chapt4/chapt4_ws/install/chapt4_interfaces/share/chapt4_interfaces/srv/FaceDetector.idl
[3.795s] -- Up-to-date: /home/zzs/chapt4/chapt4_ws/install/chapt4_interfaces/share/chapt4_interfaces/srv/FaceDetector.srv
[3.795s] -- Up-to-date: /home/zzs/chapt4/chapt4_ws/install/chapt4_interfaces/share/ament_index/resource_index/package_run_dependencies/chapt4_interfaces
[3.795s] -- Up-to-date: /home/zzs/chapt4/chapt4_ws/install/chapt4_interfaces/share/ament_index/resource_index/parent_prefix_path/chapt4_interfaces
[3.795s] -- Up-to-date: /home/zzs/chapt4/chapt4_ws/install/chapt4_interfaces/share/chapt4_interfaces/environment/ament_prefix_path.sh
[3.795s] -- Up-to-date: /home/zzs/chapt4/chapt4_ws/install/chapt4_interfaces/share/chapt4_interfaces/environment/ament_prefix_path.dsv
[3.795s] -- Up-to-date: /home/zzs/chapt4/chapt4_ws/install/chapt4_interfaces/share/chapt4_interfaces/environment/path.sh
[3.795s] -- Up-to-date: /home/zzs/chapt4/chapt4_ws/install/chapt4_interfaces/share/chapt4_interfaces/environment/path.dsv
[3.795s] -- Up-to-date: /home/zzs/chapt4/chapt4_ws/install/chapt4_interfaces/share/chapt4_interfaces/local_setup.bash
[3.795s] -- Up-to-date: /home/zzs/chapt4/chapt4_ws/install/chapt4_interfaces/share/chapt4_interfaces/local_setup.sh
[3.799s] -- Up-to-date: /home/zzs/chapt4/chapt4_ws/install/chapt4_interfaces/share/chapt4_interfaces/local_setup.zsh
[3.800s] -- Up-to-date: /home/zzs/chapt4/chapt4_ws/install/chapt4_interfaces/share/chapt4_interfaces/local_setup.dsv
[3.800s] -- Installing: /home/zzs/chapt4/chapt4_ws/install/chapt4_interfaces/share/chapt4_interfaces/package.dsv
[3.801s] -- Up-to-date: /home/zzs/chapt4/chapt4_ws/install/chapt4_interfaces/share/ament_index/resource_index/packages/chapt4_interfaces
[3.801s] -- Up-to-date: /home/zzs/chapt4/chapt4_ws/install/chapt4_interfaces/share/chapt4_interfaces/cmake/export_chapt4_interfaces__rosidl_generator_cExport.cmake
[3.805s] -- Up-to-date: /home/zzs/chapt4/chapt4_ws/install/chapt4_interfaces/share/chapt4_interfaces/cmake/export_chapt4_interfaces__rosidl_generator_cExport-noconfig.cmake
[3.806s] -- Up-to-date: /home/zzs/chapt4/chapt4_ws/install/chapt4_interfaces/share/chapt4_interfaces/cmake/export_chapt4_interfaces__rosidl_typesupport_fastrtps_cExport.cmake
[3.806s] -- Up-to-date: /home/zzs/chapt4/chapt4_ws/install/chapt4_interfaces/share/chapt4_interfaces/cmake/export_chapt4_interfaces__rosidl_typesupport_fastrtps_cExport-noconfig.cmake
[3.806s] -- Up-to-date: /home/zzs/chapt4/chapt4_ws/install/chapt4_interfaces/share/chapt4_interfaces/cmake/export_chapt4_interfaces__rosidl_generator_cppExport.cmake
[3.806s] -- Up-to-date: /home/zzs/chapt4/chapt4_ws/install/chapt4_interfaces/share/chapt4_interfaces/cmake/export_chapt4_interfaces__rosidl_typesupport_fastrtps_cppExport.cmake
[3.806s] -- Up-to-date: /home/zzs/chapt4/chapt4_ws/install/chapt4_interfaces/share/chapt4_interfaces/cmake/export_chapt4_interfaces__rosidl_typesupport_fastrtps_cppExport-noconfig.cmake
[3.806s] -- Up-to-date: /home/zzs/chapt4/chapt4_ws/install/chapt4_interfaces/share/chapt4_interfaces/cmake/chapt4_interfaces__rosidl_typesupport_introspection_cExport.cmake
[3.806s] -- Up-to-date: /home/zzs/chapt4/chapt4_ws/install/chapt4_interfaces/share/chapt4_interfaces/cmake/chapt4_interfaces__rosidl_typesupport_introspection_cExport-noconfig.cmake
[3.806s] -- Up-to-date: /home/zzs/chapt4/chapt4_ws/install/chapt4_interfaces/share/chapt4_interfaces/cmake/chapt4_interfaces__rosidl_typesupport_cExport.cmake
[3.806s] -- Up-to-date: /home/zzs/chapt4/chapt4_ws/install/chapt4_interfaces/share/chapt4_interfaces/cmake/chapt4_interfaces__rosidl_typesupport_cExport-noconfig.cmake
[3.806s] -- Up-to-date: /home/zzs/chapt4/chapt4_ws/install/chapt4_interfaces/share/chapt4_interfaces/cmake/chapt4_interfaces__rosidl_typesupport_introspection_cppExport.cmake
[3.806s] -- Up-to-date: /home/zzs/chapt4/chapt4_ws/install/chapt4_interfaces/share/chapt4_interfaces/cmake/chapt4_interfaces__rosidl_typesupport_introspection_cppExport-noconfig.cmake
[3.806s] -- Up-to-date: /home/zzs/chapt4/chapt4_ws/install/chapt4_interfaces/share/chapt4_interfaces/cmake/chapt4_interfaces__rosidl_typesupport_cppExport.cmake
[3.807s] -- Up-to-date: /home/zzs/chapt4/chapt4_ws/install/chapt4_interfaces/share/chapt4_interfaces/cmake/chapt4_interfaces__rosidl_typesupport_cppExport-noconfig.cmake
[3.807s] -- Up-to-date: /home/zzs/chapt4/chapt4_ws/install/chapt4_interfaces/share/chapt4_interfaces/cmake/export_chapt4_interfaces__rosidl_generator_pyExport.cmake
[3.807s] -- Up-to-date: /home/zzs/chapt4/chapt4_ws/install/chapt4_interfaces/share/chapt4_interfaces/cmake/export_chapt4_interfaces__rosidl_generator_pyExport-noconfig.cmake
[3.807s] -- Up-to-date: /home/zzs/chapt4/chapt4_ws/install/chapt4_interfaces/share/chapt4_interfaces/cmake/rosidl_cmake-extras.cmake
[3.807s] -- Up-to-date: /home/zzs/chapt4/chapt4_ws/install/chapt4_interfaces/share/chapt4_interfaces/cmake/ament_cmake_export_dependencies-extras.cmake
[3.807s] -- Up-to-date: /home/zzs/chapt4/chapt4_ws/install/chapt4_interfaces/share/chapt4_interfaces/cmake/ament_cmake_export_include_directories-extras.cmake
[3.810s] -- Up-to-date: /home/zzs/chapt4/chapt4_ws/install/chapt4_interfaces/share/chapt4_interfaces/cmake/ament_cmake_export_libraries-extras.cmake
[3.811s] -- Up-to-date: /home/zzs/chapt4/chapt4_ws/install/chapt4_interfaces/share/chapt4_interfaces/cmake/ament_cmake_export_targets-extras.cmake
[3.811s] -- Up-to-date: /home/zzs/chapt4/chapt4_ws/install/chapt4_interfaces/share/chapt4_interfaces/cmake/rosidl_cmake_export_typesupport_targets-extras.cmake
[3.811s] -- Up-to-date: /home/zzs/chapt4/chapt4_ws/install/chapt4_interfaces/share/chapt4_interfaces/cmake/rosidl_cmake_export_typesupport_libraries-extras.cmake
[3.811s] -- Up-to-date: /home/zzs/chapt4/chapt4_ws/install/chapt4_interfaces/share/chapt4_interfaces/cmake/rosidl_cmake_aggregate_target-extras.cmake
[3.811s] -- Up-to-date: /home/zzs/chapt4/chapt4_ws/install/chapt4_interfaces/share/chapt4_interfaces/cmake/chapt4_interfacesConfig.cmake
[3.811s] -- Up-to-date: /home/zzs/chapt4/chapt4_ws/install/chapt4_interfaces/share/chapt4_interfaces/cmake/chapt4_interfacesConfig-version.cmake
[3.812s] -- Up-to-date: /home/zzs/chapt4/chapt4_ws/install/chapt4_interfaces/share/chapt4_interfaces/package.xml
[3.815s] Invoked command in '/home/zzs/chapt4/chapt4_ws/build/chapt4_interfaces' returned '0': CMAKE_PREFIX_PATH=${CMAKE_PREFIX_PATH}:/home/zzs/chapt4/chapt4_ws/install/demo_python_service:/opt/ros/jazzy DEBUGINFOD_URLS=https://debuginfod.ubuntu.com /usr/bin/cmake --install /home/zzs/chapt4/chapt4_ws/build/chapt4_interfaces
