[1.817s] DEBUG:colcon:Command line arguments: ['/usr/bin/colcon', 'build']
[1.818s] DEBUG:colcon:Parsed command line arguments: Namespace(log_base=None, log_level=None, verb_name='build', build_base='build', install_base='install', merge_install=False, symlink_install=False, test_result_base=None, continue_on_error=False, executor='parallel', parallel_workers=2, event_handlers=None, ignore_user_meta=False, metas=['./colcon.meta'], base_paths=['.'], packages_ignore=None, packages_ignore_regex=None, paths=None, packages_up_to=None, packages_up_to_regex=None, packages_above=None, packages_above_and_dependencies=None, packages_above_depth=None, packages_select_by_dep=None, packages_skip_by_dep=None, packages_skip_up_to=None, packages_select_build_failed=False, packages_skip_build_finished=False, packages_select_test_failures=False, packages_skip_test_passed=False, packages_select=None, packages_skip=None, packages_select_regex=None, packages_skip_regex=None, packages_start=None, packages_end=None, allow_overriding=[], cmake_args=None, cmake_target=None, cmake_target_skip_unavailable=False, cmake_clean_cache=False, cmake_clean_first=False, cmake_force_configure=False, ament_cmake_args=None, catkin_cmake_args=None, catkin_skip_building_tests=False, verb_parser=<colcon_defaults.argument_parser.defaults.DefaultArgumentsDecorator object at 0x765468e81a00>, verb_extension=<colcon_core.verb.build.BuildVerb object at 0x765468e811f0>, main=<bound method BuildVerb.main of <colcon_core.verb.build.BuildVerb object at 0x765468e811f0>>)
[2.236s] Level 1:colcon.colcon_core.package_discovery:discover_packages(colcon_meta) check parameters
[2.239s] Level 1:colcon.colcon_core.package_discovery:discover_packages(recursive) check parameters
[2.241s] Level 1:colcon.colcon_core.package_discovery:discover_packages(ignore) check parameters
[2.242s] Level 1:colcon.colcon_core.package_discovery:discover_packages(path) check parameters
[2.243s] Level 1:colcon.colcon_core.package_discovery:discover_packages(colcon_meta) discover
[2.246s] Level 1:colcon.colcon_core.package_discovery:discover_packages(recursive) discover
[2.246s] INFO:colcon.colcon_core.package_discovery:Crawling recursively for packages in '/home/zzs/chapt4/chapt4_ws'
[2.247s] Level 1:colcon.colcon_core.package_identification:_identify(.) by extensions ['ignore', 'ignore_ament_install']
[2.251s] Level 1:colcon.colcon_core.package_identification:_identify(.) by extension 'ignore'
[2.252s] Level 1:colcon.colcon_core.package_identification:_identify(.) by extension 'ignore_ament_install'
[2.253s] Level 1:colcon.colcon_core.package_identification:_identify(.) by extensions ['colcon_pkg']
[2.253s] Level 1:colcon.colcon_core.package_identification:_identify(.) by extension 'colcon_pkg'
[2.257s] Level 1:colcon.colcon_core.package_identification:_identify(.) by extensions ['colcon_meta']
[2.258s] Level 1:colcon.colcon_core.package_identification:_identify(.) by extension 'colcon_meta'
[2.259s] Level 1:colcon.colcon_core.package_identification:_identify(.) by extensions ['ros']
[2.260s] Level 1:colcon.colcon_core.package_identification:_identify(.) by extension 'ros'
[2.628s] Level 1:colcon.colcon_core.package_identification:_identify(.) by extensions ['cmake', 'python']
[2.633s] Level 1:colcon.colcon_core.package_identification:_identify(.) by extension 'cmake'
[2.638s] Level 1:colcon.colcon_core.package_identification:_identify(.) by extension 'python'
[2.638s] Level 1:colcon.colcon_core.package_identification:_identify(.) by extensions ['python_setup_py']
[2.638s] Level 1:colcon.colcon_core.package_identification:_identify(.) by extension 'python_setup_py'
[2.638s] Level 1:colcon.colcon_core.package_identification:_identify(build) by extensions ['ignore', 'ignore_ament_install']
[2.638s] Level 1:colcon.colcon_core.package_identification:_identify(build) by extension 'ignore'
[2.638s] Level 1:colcon.colcon_core.package_identification:_identify(build) ignored
[2.638s] Level 1:colcon.colcon_core.package_identification:_identify(install) by extensions ['ignore', 'ignore_ament_install']
[2.638s] Level 1:colcon.colcon_core.package_identification:_identify(install) by extension 'ignore'
[2.638s] Level 1:colcon.colcon_core.package_identification:_identify(install) ignored
[2.638s] Level 1:colcon.colcon_core.package_identification:_identify(log) by extensions ['ignore', 'ignore_ament_install']
[2.638s] Level 1:colcon.colcon_core.package_identification:_identify(log) by extension 'ignore'
[2.639s] Level 1:colcon.colcon_core.package_identification:_identify(log) ignored
[2.639s] Level 1:colcon.colcon_core.package_identification:_identify(src) by extensions ['ignore', 'ignore_ament_install']
[2.639s] Level 1:colcon.colcon_core.package_identification:_identify(src) by extension 'ignore'
[2.639s] Level 1:colcon.colcon_core.package_identification:_identify(src) by extension 'ignore_ament_install'
[2.645s] Level 1:colcon.colcon_core.package_identification:_identify(src) by extensions ['colcon_pkg']
[2.649s] Level 1:colcon.colcon_core.package_identification:_identify(src) by extension 'colcon_pkg'
[2.649s] Level 1:colcon.colcon_core.package_identification:_identify(src) by extensions ['colcon_meta']
[2.649s] Level 1:colcon.colcon_core.package_identification:_identify(src) by extension 'colcon_meta'
[2.649s] Level 1:colcon.colcon_core.package_identification:_identify(src) by extensions ['ros']
[2.649s] Level 1:colcon.colcon_core.package_identification:_identify(src) by extension 'ros'
[2.649s] Level 1:colcon.colcon_core.package_identification:_identify(src) by extensions ['cmake', 'python']
[2.649s] Level 1:colcon.colcon_core.package_identification:_identify(src) by extension 'cmake'
[2.649s] Level 1:colcon.colcon_core.package_identification:_identify(src) by extension 'python'
[2.649s] Level 1:colcon.colcon_core.package_identification:_identify(src) by extensions ['python_setup_py']
[2.649s] Level 1:colcon.colcon_core.package_identification:_identify(src) by extension 'python_setup_py'
[2.650s] Level 1:colcon.colcon_core.package_identification:_identify(src/chapt4_interfaces) by extensions ['ignore', 'ignore_ament_install']
[2.650s] Level 1:colcon.colcon_core.package_identification:_identify(src/chapt4_interfaces) by extension 'ignore'
[2.650s] Level 1:colcon.colcon_core.package_identification:_identify(src/chapt4_interfaces) by extension 'ignore_ament_install'
[2.650s] Level 1:colcon.colcon_core.package_identification:_identify(src/chapt4_interfaces) by extensions ['colcon_pkg']
[2.650s] Level 1:colcon.colcon_core.package_identification:_identify(src/chapt4_interfaces) by extension 'colcon_pkg'
[2.650s] Level 1:colcon.colcon_core.package_identification:_identify(src/chapt4_interfaces) by extensions ['colcon_meta']
[2.650s] Level 1:colcon.colcon_core.package_identification:_identify(src/chapt4_interfaces) by extension 'colcon_meta'
[2.657s] Level 1:colcon.colcon_core.package_identification:_identify(src/chapt4_interfaces) by extensions ['ros']
[2.658s] Level 1:colcon.colcon_core.package_identification:_identify(src/chapt4_interfaces) by extension 'ros'
[2.704s] DEBUG:colcon.colcon_core.package_identification:Package 'src/chapt4_interfaces' with type 'ros.ament_cmake' and name 'chapt4_interfaces'
[2.709s] Level 1:colcon.colcon_core.package_identification:_identify(src/demo_python_service) by extensions ['ignore', 'ignore_ament_install']
[2.709s] Level 1:colcon.colcon_core.package_identification:_identify(src/demo_python_service) by extension 'ignore'
[2.709s] Level 1:colcon.colcon_core.package_identification:_identify(src/demo_python_service) by extension 'ignore_ament_install'
[2.709s] Level 1:colcon.colcon_core.package_identification:_identify(src/demo_python_service) by extensions ['colcon_pkg']
[2.709s] Level 1:colcon.colcon_core.package_identification:_identify(src/demo_python_service) by extension 'colcon_pkg'
[2.709s] Level 1:colcon.colcon_core.package_identification:_identify(src/demo_python_service) by extensions ['colcon_meta']
[2.709s] Level 1:colcon.colcon_core.package_identification:_identify(src/demo_python_service) by extension 'colcon_meta'
[2.709s] Level 1:colcon.colcon_core.package_identification:_identify(src/demo_python_service) by extensions ['ros']
[2.709s] Level 1:colcon.colcon_core.package_identification:_identify(src/demo_python_service) by extension 'ros'
[2.719s] DEBUG:colcon.colcon_core.package_identification:Package 'src/demo_python_service' with type 'ros.ament_python' and name 'demo_python_service'
[2.720s] Level 1:colcon.colcon_core.package_discovery:discover_packages(recursive) using defaults
[2.720s] Level 1:colcon.colcon_core.package_discovery:discover_packages(ignore) discover
[2.720s] Level 1:colcon.colcon_core.package_discovery:discover_packages(ignore) using defaults
[2.720s] Level 1:colcon.colcon_core.package_discovery:discover_packages(path) discover
[2.720s] Level 1:colcon.colcon_core.package_discovery:discover_packages(path) using defaults
[2.898s] Level 1:colcon.colcon_core.package_discovery:discover_packages(prefix_path) check parameters
[2.898s] Level 1:colcon.colcon_core.package_discovery:discover_packages(prefix_path) discover
[2.913s] DEBUG:colcon.colcon_installed_package_information.package_discovery:Found 2 installed packages in /home/zzs/chapt4/chapt4_ws/install
[2.919s] DEBUG:colcon.colcon_installed_package_information.package_discovery:Found 287 installed packages in /opt/ros/jazzy
[2.922s] Level 1:colcon.colcon_core.package_discovery:discover_packages(prefix_path) using defaults
[3.297s] Level 5:colcon.colcon_core.verb:set package 'chapt4_interfaces' build argument 'cmake_args' from command line to 'None'
[3.297s] Level 5:colcon.colcon_core.verb:set package 'chapt4_interfaces' build argument 'cmake_target' from command line to 'None'
[3.297s] Level 5:colcon.colcon_core.verb:set package 'chapt4_interfaces' build argument 'cmake_target_skip_unavailable' from command line to 'False'
[3.297s] Level 5:colcon.colcon_core.verb:set package 'chapt4_interfaces' build argument 'cmake_clean_cache' from command line to 'False'
[3.297s] Level 5:colcon.colcon_core.verb:set package 'chapt4_interfaces' build argument 'cmake_clean_first' from command line to 'False'
[3.297s] Level 5:colcon.colcon_core.verb:set package 'chapt4_interfaces' build argument 'cmake_force_configure' from command line to 'False'
[3.299s] Level 5:colcon.colcon_core.verb:set package 'chapt4_interfaces' build argument 'ament_cmake_args' from command line to 'None'
[3.299s] Level 5:colcon.colcon_core.verb:set package 'chapt4_interfaces' build argument 'catkin_cmake_args' from command line to 'None'
[3.299s] Level 5:colcon.colcon_core.verb:set package 'chapt4_interfaces' build argument 'catkin_skip_building_tests' from command line to 'False'
[3.299s] DEBUG:colcon.colcon_core.verb:Building package 'chapt4_interfaces' with the following arguments: {'ament_cmake_args': None, 'build_base': '/home/zzs/chapt4/chapt4_ws/build/chapt4_interfaces', 'catkin_cmake_args': None, 'catkin_skip_building_tests': False, 'cmake_args': None, 'cmake_clean_cache': False, 'cmake_clean_first': False, 'cmake_force_configure': False, 'cmake_target': None, 'cmake_target_skip_unavailable': False, 'install_base': '/home/zzs/chapt4/chapt4_ws/install/chapt4_interfaces', 'merge_install': False, 'path': '/home/zzs/chapt4/chapt4_ws/src/chapt4_interfaces', 'symlink_install': False, 'test_result_base': None}
[3.300s] Level 5:colcon.colcon_core.verb:set package 'demo_python_service' build argument 'cmake_args' from command line to 'None'
[3.300s] Level 5:colcon.colcon_core.verb:set package 'demo_python_service' build argument 'cmake_target' from command line to 'None'
[3.300s] Level 5:colcon.colcon_core.verb:set package 'demo_python_service' build argument 'cmake_target_skip_unavailable' from command line to 'False'
[3.300s] Level 5:colcon.colcon_core.verb:set package 'demo_python_service' build argument 'cmake_clean_cache' from command line to 'False'
[3.301s] Level 5:colcon.colcon_core.verb:set package 'demo_python_service' build argument 'cmake_clean_first' from command line to 'False'
[3.301s] Level 5:colcon.colcon_core.verb:set package 'demo_python_service' build argument 'cmake_force_configure' from command line to 'False'
[3.301s] Level 5:colcon.colcon_core.verb:set package 'demo_python_service' build argument 'ament_cmake_args' from command line to 'None'
[3.301s] Level 5:colcon.colcon_core.verb:set package 'demo_python_service' build argument 'catkin_cmake_args' from command line to 'None'
[3.301s] Level 5:colcon.colcon_core.verb:set package 'demo_python_service' build argument 'catkin_skip_building_tests' from command line to 'False'
[3.301s] DEBUG:colcon.colcon_core.verb:Building package 'demo_python_service' with the following arguments: {'ament_cmake_args': None, 'build_base': '/home/zzs/chapt4/chapt4_ws/build/demo_python_service', 'catkin_cmake_args': None, 'catkin_skip_building_tests': False, 'cmake_args': None, 'cmake_clean_cache': False, 'cmake_clean_first': False, 'cmake_force_configure': False, 'cmake_target': None, 'cmake_target_skip_unavailable': False, 'install_base': '/home/zzs/chapt4/chapt4_ws/install/demo_python_service', 'merge_install': False, 'path': '/home/zzs/chapt4/chapt4_ws/src/demo_python_service', 'symlink_install': False, 'test_result_base': None}
[3.302s] INFO:colcon.colcon_core.executor:Executing jobs using 'parallel' executor
[3.308s] DEBUG:colcon.colcon_parallel_executor.executor.parallel:run_until_complete
[3.308s] INFO:colcon.colcon_ros.task.ament_cmake.build:Building ROS package in '/home/zzs/chapt4/chapt4_ws/src/chapt4_interfaces' with build type 'ament_cmake'
[3.308s] INFO:colcon.colcon_cmake.task.cmake.build:Building CMake package in '/home/zzs/chapt4/chapt4_ws/src/chapt4_interfaces'
[3.339s] INFO:colcon.colcon_core.plugin_system:Skipping extension 'colcon_core.shell.bat': Not used on non-Windows systems
[3.340s] INFO:colcon.colcon_core.shell:Skip shell extension 'powershell' for command environment: Not usable outside of PowerShell
[3.341s] DEBUG:colcon.colcon_core.shell:Skip shell extension 'dsv' for command environment
[3.401s] DEBUG:colcon.colcon_core.event_handler.log_command:Invoking command in '/home/zzs/chapt4/chapt4_ws/build/chapt4_interfaces': CMAKE_PREFIX_PATH=${CMAKE_PREFIX_PATH}:/home/zzs/chapt4/chapt4_ws/install/demo_python_service:/opt/ros/jazzy DEBUGINFOD_URLS=https://debuginfod.ubuntu.com /usr/bin/cmake --build /home/zzs/chapt4/chapt4_ws/build/chapt4_interfaces -- -j2 -l2
[6.982s] DEBUG:colcon.colcon_core.event_handler.log_command:Invoked command in '/home/zzs/chapt4/chapt4_ws/build/chapt4_interfaces' returned '0': CMAKE_PREFIX_PATH=${CMAKE_PREFIX_PATH}:/home/zzs/chapt4/chapt4_ws/install/demo_python_service:/opt/ros/jazzy DEBUGINFOD_URLS=https://debuginfod.ubuntu.com /usr/bin/cmake --build /home/zzs/chapt4/chapt4_ws/build/chapt4_interfaces -- -j2 -l2
[7.006s] DEBUG:colcon.colcon_core.event_handler.log_command:Invoking command in '/home/zzs/chapt4/chapt4_ws/build/chapt4_interfaces': CMAKE_PREFIX_PATH=${CMAKE_PREFIX_PATH}:/home/zzs/chapt4/chapt4_ws/install/demo_python_service:/opt/ros/jazzy DEBUGINFOD_URLS=https://debuginfod.ubuntu.com /usr/bin/cmake --install /home/zzs/chapt4/chapt4_ws/build/chapt4_interfaces
[7.128s] Level 1:colcon.colcon_core.environment:create_environment_scripts_only(chapt4_interfaces)
[7.130s] DEBUG:colcon.colcon_core.event_handler.log_command:Invoked command in '/home/zzs/chapt4/chapt4_ws/build/chapt4_interfaces' returned '0': CMAKE_PREFIX_PATH=${CMAKE_PREFIX_PATH}:/home/zzs/chapt4/chapt4_ws/install/demo_python_service:/opt/ros/jazzy DEBUGINFOD_URLS=https://debuginfod.ubuntu.com /usr/bin/cmake --install /home/zzs/chapt4/chapt4_ws/build/chapt4_interfaces
[7.147s] Level 1:colcon.colcon_core.environment:checking '/home/zzs/chapt4/chapt4_ws/install/chapt4_interfaces' for CMake module files
[7.148s] Level 1:colcon.colcon_core.environment:checking '/home/zzs/chapt4/chapt4_ws/install/chapt4_interfaces' for CMake config files
[7.148s] Level 1:colcon.colcon_core.shell:create_environment_hook('chapt4_interfaces', 'cmake_prefix_path')
[7.149s] INFO:colcon.colcon_core.shell:Creating environment hook '/home/zzs/chapt4/chapt4_ws/install/chapt4_interfaces/share/chapt4_interfaces/hook/cmake_prefix_path.ps1'
[7.152s] INFO:colcon.colcon_core.shell:Creating environment descriptor '/home/zzs/chapt4/chapt4_ws/install/chapt4_interfaces/share/chapt4_interfaces/hook/cmake_prefix_path.dsv'
[7.154s] INFO:colcon.colcon_core.shell:Creating environment hook '/home/zzs/chapt4/chapt4_ws/install/chapt4_interfaces/share/chapt4_interfaces/hook/cmake_prefix_path.sh'
[7.155s] Level 1:colcon.colcon_core.environment:checking '/home/zzs/chapt4/chapt4_ws/install/chapt4_interfaces/lib'
[7.155s] Level 1:colcon.colcon_core.shell:create_environment_hook('chapt4_interfaces', 'ld_library_path_lib')
[7.156s] INFO:colcon.colcon_core.shell:Creating environment hook '/home/zzs/chapt4/chapt4_ws/install/chapt4_interfaces/share/chapt4_interfaces/hook/ld_library_path_lib.ps1'
[7.157s] INFO:colcon.colcon_core.shell:Creating environment descriptor '/home/zzs/chapt4/chapt4_ws/install/chapt4_interfaces/share/chapt4_interfaces/hook/ld_library_path_lib.dsv'
[7.157s] INFO:colcon.colcon_core.shell:Creating environment hook '/home/zzs/chapt4/chapt4_ws/install/chapt4_interfaces/share/chapt4_interfaces/hook/ld_library_path_lib.sh'
[7.158s] Level 1:colcon.colcon_core.environment:checking '/home/zzs/chapt4/chapt4_ws/install/chapt4_interfaces/bin'
[7.158s] Level 1:colcon.colcon_core.environment:checking '/home/zzs/chapt4/chapt4_ws/install/chapt4_interfaces/lib/pkgconfig/chapt4_interfaces.pc'
[7.158s] Level 1:colcon.colcon_core.environment:checking '/home/zzs/chapt4/chapt4_ws/install/chapt4_interfaces/lib/python3.12/site-packages'
[7.158s] Level 1:colcon.colcon_core.shell:create_environment_hook('chapt4_interfaces', 'pythonpath')
[7.159s] INFO:colcon.colcon_core.shell:Creating environment hook '/home/zzs/chapt4/chapt4_ws/install/chapt4_interfaces/share/chapt4_interfaces/hook/pythonpath.ps1'
[7.159s] INFO:colcon.colcon_core.shell:Creating environment descriptor '/home/zzs/chapt4/chapt4_ws/install/chapt4_interfaces/share/chapt4_interfaces/hook/pythonpath.dsv'
[7.160s] INFO:colcon.colcon_core.shell:Creating environment hook '/home/zzs/chapt4/chapt4_ws/install/chapt4_interfaces/share/chapt4_interfaces/hook/pythonpath.sh'
[7.161s] Level 1:colcon.colcon_core.environment:checking '/home/zzs/chapt4/chapt4_ws/install/chapt4_interfaces/bin'
[7.161s] INFO:colcon.colcon_core.shell:Creating package script '/home/zzs/chapt4/chapt4_ws/install/chapt4_interfaces/share/chapt4_interfaces/package.ps1'
[7.163s] INFO:colcon.colcon_core.shell:Creating package descriptor '/home/zzs/chapt4/chapt4_ws/install/chapt4_interfaces/share/chapt4_interfaces/package.dsv'
[7.165s] INFO:colcon.colcon_core.shell:Creating package script '/home/zzs/chapt4/chapt4_ws/install/chapt4_interfaces/share/chapt4_interfaces/package.sh'
[7.167s] INFO:colcon.colcon_core.shell:Creating package script '/home/zzs/chapt4/chapt4_ws/install/chapt4_interfaces/share/chapt4_interfaces/package.bash'
[7.169s] INFO:colcon.colcon_core.shell:Creating package script '/home/zzs/chapt4/chapt4_ws/install/chapt4_interfaces/share/chapt4_interfaces/package.zsh'
[7.170s] Level 1:colcon.colcon_core.environment:create_file_with_runtime_dependencies(/home/zzs/chapt4/chapt4_ws/install/chapt4_interfaces/share/colcon-core/packages/chapt4_interfaces)
[7.171s] Level 1:colcon.colcon_core.environment:create_environment_scripts_only(chapt4_interfaces)
[7.171s] Level 1:colcon.colcon_core.environment:checking '/home/zzs/chapt4/chapt4_ws/install/chapt4_interfaces' for CMake module files
[7.172s] Level 1:colcon.colcon_core.environment:checking '/home/zzs/chapt4/chapt4_ws/install/chapt4_interfaces' for CMake config files
[7.173s] Level 1:colcon.colcon_core.shell:create_environment_hook('chapt4_interfaces', 'cmake_prefix_path')
[7.173s] INFO:colcon.colcon_core.shell:Creating environment hook '/home/zzs/chapt4/chapt4_ws/install/chapt4_interfaces/share/chapt4_interfaces/hook/cmake_prefix_path.ps1'
[7.176s] INFO:colcon.colcon_core.shell:Creating environment descriptor '/home/zzs/chapt4/chapt4_ws/install/chapt4_interfaces/share/chapt4_interfaces/hook/cmake_prefix_path.dsv'
[7.178s] INFO:colcon.colcon_core.shell:Creating environment hook '/home/zzs/chapt4/chapt4_ws/install/chapt4_interfaces/share/chapt4_interfaces/hook/cmake_prefix_path.sh'
[7.181s] Level 1:colcon.colcon_core.environment:checking '/home/zzs/chapt4/chapt4_ws/install/chapt4_interfaces/lib'
[7.181s] Level 1:colcon.colcon_core.shell:create_environment_hook('chapt4_interfaces', 'ld_library_path_lib')
[7.182s] INFO:colcon.colcon_core.shell:Creating environment hook '/home/zzs/chapt4/chapt4_ws/install/chapt4_interfaces/share/chapt4_interfaces/hook/ld_library_path_lib.ps1'
[7.182s] INFO:colcon.colcon_core.shell:Creating environment descriptor '/home/zzs/chapt4/chapt4_ws/install/chapt4_interfaces/share/chapt4_interfaces/hook/ld_library_path_lib.dsv'
[7.187s] INFO:colcon.colcon_core.shell:Creating environment hook '/home/zzs/chapt4/chapt4_ws/install/chapt4_interfaces/share/chapt4_interfaces/hook/ld_library_path_lib.sh'
[7.188s] Level 1:colcon.colcon_core.environment:checking '/home/zzs/chapt4/chapt4_ws/install/chapt4_interfaces/bin'
[7.190s] Level 1:colcon.colcon_core.environment:checking '/home/zzs/chapt4/chapt4_ws/install/chapt4_interfaces/lib/pkgconfig/chapt4_interfaces.pc'
[7.191s] Level 1:colcon.colcon_core.environment:checking '/home/zzs/chapt4/chapt4_ws/install/chapt4_interfaces/lib/python3.12/site-packages'
[7.191s] Level 1:colcon.colcon_core.shell:create_environment_hook('chapt4_interfaces', 'pythonpath')
[7.191s] INFO:colcon.colcon_core.shell:Creating environment hook '/home/zzs/chapt4/chapt4_ws/install/chapt4_interfaces/share/chapt4_interfaces/hook/pythonpath.ps1'
[7.191s] INFO:colcon.colcon_core.shell:Creating environment descriptor '/home/zzs/chapt4/chapt4_ws/install/chapt4_interfaces/share/chapt4_interfaces/hook/pythonpath.dsv'
[7.195s] INFO:colcon.colcon_core.shell:Creating environment hook '/home/zzs/chapt4/chapt4_ws/install/chapt4_interfaces/share/chapt4_interfaces/hook/pythonpath.sh'
[7.200s] Level 1:colcon.colcon_core.environment:checking '/home/zzs/chapt4/chapt4_ws/install/chapt4_interfaces/bin'
[7.200s] INFO:colcon.colcon_core.shell:Creating package script '/home/zzs/chapt4/chapt4_ws/install/chapt4_interfaces/share/chapt4_interfaces/package.ps1'
[7.204s] INFO:colcon.colcon_core.shell:Creating package descriptor '/home/zzs/chapt4/chapt4_ws/install/chapt4_interfaces/share/chapt4_interfaces/package.dsv'
[7.207s] INFO:colcon.colcon_core.shell:Creating package script '/home/zzs/chapt4/chapt4_ws/install/chapt4_interfaces/share/chapt4_interfaces/package.sh'
[7.215s] INFO:colcon.colcon_core.shell:Creating package script '/home/zzs/chapt4/chapt4_ws/install/chapt4_interfaces/share/chapt4_interfaces/package.bash'
[7.216s] INFO:colcon.colcon_core.shell:Creating package script '/home/zzs/chapt4/chapt4_ws/install/chapt4_interfaces/share/chapt4_interfaces/package.zsh'
[7.219s] Level 1:colcon.colcon_core.environment:create_file_with_runtime_dependencies(/home/zzs/chapt4/chapt4_ws/install/chapt4_interfaces/share/colcon-core/packages/chapt4_interfaces)
[7.221s] INFO:colcon.colcon_ros.task.ament_python.build:Building ROS package in '/home/zzs/chapt4/chapt4_ws/src/demo_python_service' with build type 'ament_python'
[7.222s] Level 1:colcon.colcon_core.shell:create_environment_hook('demo_python_service', 'ament_prefix_path')
[7.223s] INFO:colcon.colcon_core.shell:Creating environment hook '/home/zzs/chapt4/chapt4_ws/install/demo_python_service/share/demo_python_service/hook/ament_prefix_path.ps1'
[7.225s] INFO:colcon.colcon_core.shell:Creating environment descriptor '/home/zzs/chapt4/chapt4_ws/install/demo_python_service/share/demo_python_service/hook/ament_prefix_path.dsv'
[7.226s] INFO:colcon.colcon_core.shell:Creating environment hook '/home/zzs/chapt4/chapt4_ws/install/demo_python_service/share/demo_python_service/hook/ament_prefix_path.sh'
[7.228s] INFO:colcon.colcon_core.shell:Skip shell extension 'powershell' for command environment: Not usable outside of PowerShell
[7.228s] DEBUG:colcon.colcon_core.shell:Skip shell extension 'dsv' for command environment
[7.503s] INFO:colcon.colcon_core.task.python.build:Building Python package in '/home/zzs/chapt4/chapt4_ws/src/demo_python_service'
[7.503s] INFO:colcon.colcon_core.shell:Skip shell extension 'powershell' for command environment: Not usable outside of PowerShell
[7.503s] DEBUG:colcon.colcon_core.shell:Skip shell extension 'dsv' for command environment
[8.965s] DEBUG:colcon.colcon_core.task.python.build:Available setuptools commands: install_data, easy_install, dist_info, bdist_wheel, bdist_dumb, upload, symlink_data, install_egg_info, bdist_rpm, setopt, bdist_egg, build_clib, init_catalog, register, check, egg_info, extract_messages, install_lib, build, compile_catalog, sdist, clean, editable_wheel, install_scripts, upload_docs, bdist, build_py, alias, install, update_catalog, test, develop, build_ext, install_headers, rotate, saveopts, build_scripts
[8.967s] DEBUG:colcon.colcon_core.event_handler.log_command:Invoking command in '/home/zzs/chapt4/chapt4_ws/src/demo_python_service': DEBUGINFOD_URLS=https://debuginfod.ubuntu.com PYTHONPATH=/home/zzs/chapt4/chapt4_ws/build/demo_python_service/prefix_override:/usr/lib/python3/dist-packages/colcon_core/task/python/colcon_distutils_commands:/home/zzs/chapt4/chapt4_ws/install/demo_python_service/lib/python3.12/site-packages:/home/zzs/chapt4/chapt4_ws/install/chapt4_interfaces/lib/python3.12/site-packages:/home/zzs/chapt4/chapt4_ws/install/demo_python_service/lib/python3.12/site-packages:/opt/ros/jazzy/lib/python3.12/site-packages /usr/bin/python3 -W ignore:setup.py install is deprecated -W ignore:easy_install command is deprecated setup.py egg_info --egg-base ../../build/demo_python_service build --build-base /home/zzs/chapt4/chapt4_ws/build/demo_python_service/build install --record /home/zzs/chapt4/chapt4_ws/build/demo_python_service/install.log --install-scripts $base/lib/demo_python_service --single-version-externally-managed install_data
[9.549s] Level 1:colcon.colcon_core.environment:checking '/home/zzs/chapt4/chapt4_ws/install/demo_python_service' for CMake module files
[9.550s] DEBUG:colcon.colcon_core.event_handler.log_command:Invoked command in '/home/zzs/chapt4/chapt4_ws/src/demo_python_service' returned '0': DEBUGINFOD_URLS=https://debuginfod.ubuntu.com PYTHONPATH=/home/zzs/chapt4/chapt4_ws/build/demo_python_service/prefix_override:/usr/lib/python3/dist-packages/colcon_core/task/python/colcon_distutils_commands:/home/zzs/chapt4/chapt4_ws/install/demo_python_service/lib/python3.12/site-packages:/home/zzs/chapt4/chapt4_ws/install/chapt4_interfaces/lib/python3.12/site-packages:/home/zzs/chapt4/chapt4_ws/install/demo_python_service/lib/python3.12/site-packages:/opt/ros/jazzy/lib/python3.12/site-packages /usr/bin/python3 -W ignore:setup.py install is deprecated -W ignore:easy_install command is deprecated setup.py egg_info --egg-base ../../build/demo_python_service build --build-base /home/zzs/chapt4/chapt4_ws/build/demo_python_service/build install --record /home/zzs/chapt4/chapt4_ws/build/demo_python_service/install.log --install-scripts $base/lib/demo_python_service --single-version-externally-managed install_data
[9.551s] Level 1:colcon.colcon_core.environment:checking '/home/zzs/chapt4/chapt4_ws/install/demo_python_service' for CMake config files
[9.552s] Level 1:colcon.colcon_core.environment:checking '/home/zzs/chapt4/chapt4_ws/install/demo_python_service/lib'
[9.552s] Level 1:colcon.colcon_core.environment:checking '/home/zzs/chapt4/chapt4_ws/install/demo_python_service/bin'
[9.552s] Level 1:colcon.colcon_core.environment:checking '/home/zzs/chapt4/chapt4_ws/install/demo_python_service/lib/pkgconfig/demo_python_service.pc'
[9.552s] Level 1:colcon.colcon_core.environment:checking '/home/zzs/chapt4/chapt4_ws/install/demo_python_service/lib/python3.12/site-packages'
[9.552s] Level 1:colcon.colcon_core.shell:create_environment_hook('demo_python_service', 'pythonpath')
[9.553s] INFO:colcon.colcon_core.shell:Creating environment hook '/home/zzs/chapt4/chapt4_ws/install/demo_python_service/share/demo_python_service/hook/pythonpath.ps1'
[9.554s] INFO:colcon.colcon_core.shell:Creating environment descriptor '/home/zzs/chapt4/chapt4_ws/install/demo_python_service/share/demo_python_service/hook/pythonpath.dsv'
[9.555s] INFO:colcon.colcon_core.shell:Creating environment hook '/home/zzs/chapt4/chapt4_ws/install/demo_python_service/share/demo_python_service/hook/pythonpath.sh'
[9.555s] Level 1:colcon.colcon_core.environment:checking '/home/zzs/chapt4/chapt4_ws/install/demo_python_service/bin'
[9.556s] Level 1:colcon.colcon_core.environment:create_environment_scripts_only(demo_python_service)
[9.556s] INFO:colcon.colcon_core.shell:Creating package script '/home/zzs/chapt4/chapt4_ws/install/demo_python_service/share/demo_python_service/package.ps1'
[9.556s] INFO:colcon.colcon_core.shell:Creating package descriptor '/home/zzs/chapt4/chapt4_ws/install/demo_python_service/share/demo_python_service/package.dsv'
[9.557s] INFO:colcon.colcon_core.shell:Creating package script '/home/zzs/chapt4/chapt4_ws/install/demo_python_service/share/demo_python_service/package.sh'
[9.558s] INFO:colcon.colcon_core.shell:Creating package script '/home/zzs/chapt4/chapt4_ws/install/demo_python_service/share/demo_python_service/package.bash'
[9.558s] INFO:colcon.colcon_core.shell:Creating package script '/home/zzs/chapt4/chapt4_ws/install/demo_python_service/share/demo_python_service/package.zsh'
[9.559s] Level 1:colcon.colcon_core.environment:create_file_with_runtime_dependencies(/home/zzs/chapt4/chapt4_ws/install/demo_python_service/share/colcon-core/packages/demo_python_service)
[9.559s] DEBUG:colcon.colcon_parallel_executor.executor.parallel:closing loop
[9.560s] DEBUG:colcon.colcon_parallel_executor.executor.parallel:loop closed
[9.560s] DEBUG:colcon.colcon_parallel_executor.executor.parallel:run_until_complete finished with '0'
[9.560s] DEBUG:colcon.colcon_core.event_reactor:joining thread
[9.578s] INFO:colcon.colcon_core.plugin_system:Skipping extension 'colcon_notification.desktop_notification.terminal_notifier': Not used on non-Darwin systems
[9.578s] INFO:colcon.colcon_core.plugin_system:Skipping extension 'colcon_notification.desktop_notification.win32': Not used on non-Windows systems
[9.578s] INFO:colcon.colcon_notification.desktop_notification:Sending desktop notification using 'notify2'
[9.881s] DEBUG:colcon.colcon_core.event_reactor:joined thread
[9.881s] INFO:colcon.colcon_core.shell:Creating prefix script '/home/zzs/chapt4/chapt4_ws/install/local_setup.ps1'
[9.883s] INFO:colcon.colcon_core.shell:Creating prefix util module '/home/zzs/chapt4/chapt4_ws/install/_local_setup_util_ps1.py'
[9.885s] INFO:colcon.colcon_core.shell:Creating prefix chain script '/home/zzs/chapt4/chapt4_ws/install/setup.ps1'
[9.887s] INFO:colcon.colcon_core.shell:Creating prefix script '/home/zzs/chapt4/chapt4_ws/install/local_setup.sh'
[9.888s] INFO:colcon.colcon_core.shell:Creating prefix util module '/home/zzs/chapt4/chapt4_ws/install/_local_setup_util_sh.py'
[9.889s] INFO:colcon.colcon_core.shell:Creating prefix chain script '/home/zzs/chapt4/chapt4_ws/install/setup.sh'
[9.890s] INFO:colcon.colcon_core.shell:Creating prefix script '/home/zzs/chapt4/chapt4_ws/install/local_setup.bash'
[9.892s] INFO:colcon.colcon_core.shell:Creating prefix chain script '/home/zzs/chapt4/chapt4_ws/install/setup.bash'
[9.893s] INFO:colcon.colcon_core.shell:Creating prefix script '/home/zzs/chapt4/chapt4_ws/install/local_setup.zsh'
[9.894s] INFO:colcon.colcon_core.shell:Creating prefix chain script '/home/zzs/chapt4/chapt4_ws/install/setup.zsh'
