running egg_info
creating ../../build/zzs_application/zzs_application.egg-info
writing ../../build/zzs_application/zzs_application.egg-info/PKG-INFO
writing dependency_links to ../../build/zzs_application/zzs_application.egg-info/dependency_links.txt
writing entry points to ../../build/zzs_application/zzs_application.egg-info/entry_points.txt
writing requirements to ../../build/zzs_application/zzs_application.egg-info/requires.txt
writing top-level names to ../../build/zzs_application/zzs_application.egg-info/top_level.txt
writing manifest file '../../build/zzs_application/zzs_application.egg-info/SOURCES.txt'
reading manifest file '../../build/zzs_application/zzs_application.egg-info/SOURCES.txt'
adding license file 'LICENSE'
writing manifest file '../../build/zzs_application/zzs_application.egg-info/SOURCES.txt'
running build
running build_py
creating /home/zzs/workspace/ros2/ros2_study/chapt7/chapt7_ws/build/zzs_application/build
creating /home/zzs/workspace/ros2/ros2_study/chapt7/chapt7_ws/build/zzs_application/build/lib
creating /home/zzs/workspace/ros2/ros2_study/chapt7/chapt7_ws/build/zzs_application/build/lib/zzs_application
copying zzs_application/__init__.py -> /home/zzs/workspace/ros2/ros2_study/chapt7/chapt7_ws/build/zzs_application/build/lib/zzs_application
copying zzs_application/init_robot_pose.py -> /home/zzs/workspace/ros2/ros2_study/chapt7/chapt7_ws/build/zzs_application/build/lib/zzs_application
running install
running install_lib
creating /home/zzs/workspace/ros2/ros2_study/chapt7/chapt7_ws/install/zzs_application/lib/python3.10/site-packages/zzs_application
copying /home/zzs/workspace/ros2/ros2_study/chapt7/chapt7_ws/build/zzs_application/build/lib/zzs_application/__init__.py -> /home/zzs/workspace/ros2/ros2_study/chapt7/chapt7_ws/install/zzs_application/lib/python3.10/site-packages/zzs_application
copying /home/zzs/workspace/ros2/ros2_study/chapt7/chapt7_ws/build/zzs_application/build/lib/zzs_application/init_robot_pose.py -> /home/zzs/workspace/ros2/ros2_study/chapt7/chapt7_ws/install/zzs_application/lib/python3.10/site-packages/zzs_application
byte-compiling /home/zzs/workspace/ros2/ros2_study/chapt7/chapt7_ws/install/zzs_application/lib/python3.10/site-packages/zzs_application/__init__.py to __init__.cpython-310.pyc
byte-compiling /home/zzs/workspace/ros2/ros2_study/chapt7/chapt7_ws/install/zzs_application/lib/python3.10/site-packages/zzs_application/init_robot_pose.py to init_robot_pose.cpython-310.pyc
running install_data
creating /home/zzs/workspace/ros2/ros2_study/chapt7/chapt7_ws/install/zzs_application/share/ament_index
creating /home/zzs/workspace/ros2/ros2_study/chapt7/chapt7_ws/install/zzs_application/share/ament_index/resource_index
creating /home/zzs/workspace/ros2/ros2_study/chapt7/chapt7_ws/install/zzs_application/share/ament_index/resource_index/packages
copying resource/zzs_application -> /home/zzs/workspace/ros2/ros2_study/chapt7/chapt7_ws/install/zzs_application/share/ament_index/resource_index/packages
copying package.xml -> /home/zzs/workspace/ros2/ros2_study/chapt7/chapt7_ws/install/zzs_application/share/zzs_application
running install_egg_info
Copying ../../build/zzs_application/zzs_application.egg-info to /home/zzs/workspace/ros2/ros2_study/chapt7/chapt7_ws/install/zzs_application/lib/python3.10/site-packages/zzs_application-0.0.0-py3.10.egg-info
running install_scripts
Installing init_robot_pose script to /home/zzs/workspace/ros2/ros2_study/chapt7/chapt7_ws/install/zzs_application/lib/zzs_application
writing list of installed files to '/home/zzs/workspace/ros2/ros2_study/chapt7/chapt7_ws/build/zzs_application/install.log'
