[0.387s] DEBUG:colcon:Command line arguments: ['/usr/bin/colcon', 'build']
[0.387s] DEBUG:colcon:Parsed command line arguments: Namespace(log_base=None, log_level=None, verb_name='build', build_base='build', install_base='install', merge_install=False, symlink_install=False, test_result_base=None, continue_on_error=False, executor='parallel', parallel_workers=2, event_handlers=None, ignore_user_meta=False, metas=['./colcon.meta'], base_paths=['.'], packages_ignore=None, packages_ignore_regex=None, paths=None, packages_up_to=None, packages_up_to_regex=None, packages_above=None, packages_above_and_dependencies=None, packages_above_depth=None, packages_select_by_dep=None, packages_skip_by_dep=None, packages_skip_up_to=None, packages_select_build_failed=False, packages_skip_build_finished=False, packages_select_test_failures=False, packages_skip_test_passed=False, packages_select=None, packages_skip=None, packages_select_regex=None, packages_skip_regex=None, packages_start=None, packages_end=None, allow_overriding=[], cmake_args=None, cmake_target=None, cmake_target_skip_unavailable=False, cmake_clean_cache=False, cmake_clean_first=False, cmake_force_configure=False, ament_cmake_args=None, catkin_cmake_args=None, catkin_skip_building_tests=False, verb_parser=<colcon_defaults.argument_parser.defaults.DefaultArgumentsDecorator object at 0x7e0a639416c0>, verb_extension=<colcon_core.verb.build.BuildVerb object at 0x7e0a639411b0>, main=<bound method BuildVerb.main of <colcon_core.verb.build.BuildVerb object at 0x7e0a639411b0>>)
[0.975s] Level 1:colcon.colcon_core.package_discovery:discover_packages(colcon_meta) check parameters
[0.975s] Level 1:colcon.colcon_core.package_discovery:discover_packages(recursive) check parameters
[0.975s] Level 1:colcon.colcon_core.package_discovery:discover_packages(ignore) check parameters
[0.975s] Level 1:colcon.colcon_core.package_discovery:discover_packages(path) check parameters
[0.975s] Level 1:colcon.colcon_core.package_discovery:discover_packages(colcon_meta) discover
[0.975s] Level 1:colcon.colcon_core.package_discovery:discover_packages(recursive) discover
[0.975s] INFO:colcon.colcon_core.package_discovery:Crawling recursively for packages in '/home/zzs/workspace/ros2/ros2_study/chapt7/chapt7_ws'
[0.975s] Level 1:colcon.colcon_core.package_identification:_identify(.) by extensions ['ignore', 'ignore_ament_install']
[0.975s] Level 1:colcon.colcon_core.package_identification:_identify(.) by extension 'ignore'
[0.976s] Level 1:colcon.colcon_core.package_identification:_identify(.) by extension 'ignore_ament_install'
[0.976s] Level 1:colcon.colcon_core.package_identification:_identify(.) by extensions ['colcon_pkg']
[0.976s] Level 1:colcon.colcon_core.package_identification:_identify(.) by extension 'colcon_pkg'
[0.976s] Level 1:colcon.colcon_core.package_identification:_identify(.) by extensions ['colcon_meta']
[0.976s] Level 1:colcon.colcon_core.package_identification:_identify(.) by extension 'colcon_meta'
[0.976s] Level 1:colcon.colcon_core.package_identification:_identify(.) by extensions ['ros']
[0.976s] Level 1:colcon.colcon_core.package_identification:_identify(.) by extension 'ros'
[0.998s] Level 1:colcon.colcon_core.package_identification:_identify(.) by extensions ['cmake', 'python']
[0.998s] Level 1:colcon.colcon_core.package_identification:_identify(.) by extension 'cmake'
[0.998s] Level 1:colcon.colcon_core.package_identification:_identify(.) by extension 'python'
[0.998s] Level 1:colcon.colcon_core.package_identification:_identify(.) by extensions ['python_setup_py']
[0.998s] Level 1:colcon.colcon_core.package_identification:_identify(.) by extension 'python_setup_py'
[0.998s] Level 1:colcon.colcon_core.package_identification:_identify(build) by extensions ['ignore', 'ignore_ament_install']
[0.999s] Level 1:colcon.colcon_core.package_identification:_identify(build) by extension 'ignore'
[0.999s] Level 1:colcon.colcon_core.package_identification:_identify(build) ignored
[0.999s] Level 1:colcon.colcon_core.package_identification:_identify(install) by extensions ['ignore', 'ignore_ament_install']
[0.999s] Level 1:colcon.colcon_core.package_identification:_identify(install) by extension 'ignore'
[1.000s] Level 1:colcon.colcon_core.package_identification:_identify(install) ignored
[1.000s] Level 1:colcon.colcon_core.package_identification:_identify(log) by extensions ['ignore', 'ignore_ament_install']
[1.000s] Level 1:colcon.colcon_core.package_identification:_identify(log) by extension 'ignore'
[1.000s] Level 1:colcon.colcon_core.package_identification:_identify(log) ignored
[1.000s] Level 1:colcon.colcon_core.package_identification:_identify(src) by extensions ['ignore', 'ignore_ament_install']
[1.000s] Level 1:colcon.colcon_core.package_identification:_identify(src) by extension 'ignore'
[1.000s] Level 1:colcon.colcon_core.package_identification:_identify(src) by extension 'ignore_ament_install'
[1.000s] Level 1:colcon.colcon_core.package_identification:_identify(src) by extensions ['colcon_pkg']
[1.000s] Level 1:colcon.colcon_core.package_identification:_identify(src) by extension 'colcon_pkg'
[1.000s] Level 1:colcon.colcon_core.package_identification:_identify(src) by extensions ['colcon_meta']
[1.000s] Level 1:colcon.colcon_core.package_identification:_identify(src) by extension 'colcon_meta'
[1.000s] Level 1:colcon.colcon_core.package_identification:_identify(src) by extensions ['ros']
[1.000s] Level 1:colcon.colcon_core.package_identification:_identify(src) by extension 'ros'
[1.001s] Level 1:colcon.colcon_core.package_identification:_identify(src) by extensions ['cmake', 'python']
[1.001s] Level 1:colcon.colcon_core.package_identification:_identify(src) by extension 'cmake'
[1.001s] Level 1:colcon.colcon_core.package_identification:_identify(src) by extension 'python'
[1.001s] Level 1:colcon.colcon_core.package_identification:_identify(src) by extensions ['python_setup_py']
[1.001s] Level 1:colcon.colcon_core.package_identification:_identify(src) by extension 'python_setup_py'
[1.001s] Level 1:colcon.colcon_core.package_identification:_identify(src/zzs_application) by extensions ['ignore', 'ignore_ament_install']
[1.001s] Level 1:colcon.colcon_core.package_identification:_identify(src/zzs_application) by extension 'ignore'
[1.001s] Level 1:colcon.colcon_core.package_identification:_identify(src/zzs_application) by extension 'ignore_ament_install'
[1.001s] Level 1:colcon.colcon_core.package_identification:_identify(src/zzs_application) by extensions ['colcon_pkg']
[1.001s] Level 1:colcon.colcon_core.package_identification:_identify(src/zzs_application) by extension 'colcon_pkg'
[1.001s] Level 1:colcon.colcon_core.package_identification:_identify(src/zzs_application) by extensions ['colcon_meta']
[1.001s] Level 1:colcon.colcon_core.package_identification:_identify(src/zzs_application) by extension 'colcon_meta'
[1.001s] Level 1:colcon.colcon_core.package_identification:_identify(src/zzs_application) by extensions ['ros']
[1.001s] Level 1:colcon.colcon_core.package_identification:_identify(src/zzs_application) by extension 'ros'
[1.006s] DEBUG:colcon.colcon_core.package_identification:Package 'src/zzs_application' with type 'ros.ament_python' and name 'zzs_application'
[1.007s] Level 1:colcon.colcon_core.package_identification:_identify(src/zzs_description) by extensions ['ignore', 'ignore_ament_install']
[1.008s] Level 1:colcon.colcon_core.package_identification:_identify(src/zzs_description) by extension 'ignore'
[1.008s] Level 1:colcon.colcon_core.package_identification:_identify(src/zzs_description) by extension 'ignore_ament_install'
[1.008s] Level 1:colcon.colcon_core.package_identification:_identify(src/zzs_description) by extensions ['colcon_pkg']
[1.008s] Level 1:colcon.colcon_core.package_identification:_identify(src/zzs_description) by extension 'colcon_pkg'
[1.008s] Level 1:colcon.colcon_core.package_identification:_identify(src/zzs_description) by extensions ['colcon_meta']
[1.008s] Level 1:colcon.colcon_core.package_identification:_identify(src/zzs_description) by extension 'colcon_meta'
[1.008s] Level 1:colcon.colcon_core.package_identification:_identify(src/zzs_description) by extensions ['ros']
[1.008s] Level 1:colcon.colcon_core.package_identification:_identify(src/zzs_description) by extension 'ros'
[1.010s] DEBUG:colcon.colcon_core.package_identification:Package 'src/zzs_description' with type 'ros.ament_cmake' and name 'zzs_description'
[1.010s] Level 1:colcon.colcon_core.package_identification:_identify(src/zzs_navigation2) by extensions ['ignore', 'ignore_ament_install']
[1.010s] Level 1:colcon.colcon_core.package_identification:_identify(src/zzs_navigation2) by extension 'ignore'
[1.010s] Level 1:colcon.colcon_core.package_identification:_identify(src/zzs_navigation2) by extension 'ignore_ament_install'
[1.011s] Level 1:colcon.colcon_core.package_identification:_identify(src/zzs_navigation2) by extensions ['colcon_pkg']
[1.011s] Level 1:colcon.colcon_core.package_identification:_identify(src/zzs_navigation2) by extension 'colcon_pkg'
[1.011s] Level 1:colcon.colcon_core.package_identification:_identify(src/zzs_navigation2) by extensions ['colcon_meta']
[1.011s] Level 1:colcon.colcon_core.package_identification:_identify(src/zzs_navigation2) by extension 'colcon_meta'
[1.011s] Level 1:colcon.colcon_core.package_identification:_identify(src/zzs_navigation2) by extensions ['ros']
[1.011s] Level 1:colcon.colcon_core.package_identification:_identify(src/zzs_navigation2) by extension 'ros'
[1.013s] DEBUG:colcon.colcon_core.package_identification:Package 'src/zzs_navigation2' with type 'ros.ament_cmake' and name 'zzs_navigation2'
[1.013s] Level 1:colcon.colcon_core.package_discovery:discover_packages(recursive) using defaults
[1.013s] Level 1:colcon.colcon_core.package_discovery:discover_packages(ignore) discover
[1.013s] Level 1:colcon.colcon_core.package_discovery:discover_packages(ignore) using defaults
[1.013s] Level 1:colcon.colcon_core.package_discovery:discover_packages(path) discover
[1.013s] Level 1:colcon.colcon_core.package_discovery:discover_packages(path) using defaults
[1.061s] Level 1:colcon.colcon_core.package_discovery:discover_packages(prefix_path) check parameters
[1.061s] Level 1:colcon.colcon_core.package_discovery:discover_packages(prefix_path) discover
[1.072s] DEBUG:colcon.colcon_installed_package_information.package_discovery:Found 3 installed packages in /home/zzs/workspace/ros2/ros2_study/chapt7/chapt7_ws/install
[1.075s] DEBUG:colcon.colcon_installed_package_information.package_discovery:Found 288 installed packages in /opt/ros/humble
[1.078s] Level 1:colcon.colcon_core.package_discovery:discover_packages(prefix_path) using defaults
[1.278s] Level 5:colcon.colcon_core.verb:set package 'zzs_application' build argument 'cmake_args' from command line to 'None'
[1.279s] Level 5:colcon.colcon_core.verb:set package 'zzs_application' build argument 'cmake_target' from command line to 'None'
[1.279s] Level 5:colcon.colcon_core.verb:set package 'zzs_application' build argument 'cmake_target_skip_unavailable' from command line to 'False'
[1.279s] Level 5:colcon.colcon_core.verb:set package 'zzs_application' build argument 'cmake_clean_cache' from command line to 'False'
[1.279s] Level 5:colcon.colcon_core.verb:set package 'zzs_application' build argument 'cmake_clean_first' from command line to 'False'
[1.279s] Level 5:colcon.colcon_core.verb:set package 'zzs_application' build argument 'cmake_force_configure' from command line to 'False'
[1.279s] Level 5:colcon.colcon_core.verb:set package 'zzs_application' build argument 'ament_cmake_args' from command line to 'None'
[1.279s] Level 5:colcon.colcon_core.verb:set package 'zzs_application' build argument 'catkin_cmake_args' from command line to 'None'
[1.279s] Level 5:colcon.colcon_core.verb:set package 'zzs_application' build argument 'catkin_skip_building_tests' from command line to 'False'
[1.279s] DEBUG:colcon.colcon_core.verb:Building package 'zzs_application' with the following arguments: {'ament_cmake_args': None, 'build_base': '/home/zzs/workspace/ros2/ros2_study/chapt7/chapt7_ws/build/zzs_application', 'catkin_cmake_args': None, 'catkin_skip_building_tests': False, 'cmake_args': None, 'cmake_clean_cache': False, 'cmake_clean_first': False, 'cmake_force_configure': False, 'cmake_target': None, 'cmake_target_skip_unavailable': False, 'install_base': '/home/zzs/workspace/ros2/ros2_study/chapt7/chapt7_ws/install/zzs_application', 'merge_install': False, 'path': '/home/zzs/workspace/ros2/ros2_study/chapt7/chapt7_ws/src/zzs_application', 'symlink_install': False, 'test_result_base': None}
[1.281s] Level 5:colcon.colcon_core.verb:set package 'zzs_description' build argument 'cmake_args' from command line to 'None'
[1.281s] Level 5:colcon.colcon_core.verb:set package 'zzs_description' build argument 'cmake_target' from command line to 'None'
[1.281s] Level 5:colcon.colcon_core.verb:set package 'zzs_description' build argument 'cmake_target_skip_unavailable' from command line to 'False'
[1.281s] Level 5:colcon.colcon_core.verb:set package 'zzs_description' build argument 'cmake_clean_cache' from command line to 'False'
[1.281s] Level 5:colcon.colcon_core.verb:set package 'zzs_description' build argument 'cmake_clean_first' from command line to 'False'
[1.281s] Level 5:colcon.colcon_core.verb:set package 'zzs_description' build argument 'cmake_force_configure' from command line to 'False'
[1.281s] Level 5:colcon.colcon_core.verb:set package 'zzs_description' build argument 'ament_cmake_args' from command line to 'None'
[1.281s] Level 5:colcon.colcon_core.verb:set package 'zzs_description' build argument 'catkin_cmake_args' from command line to 'None'
[1.281s] Level 5:colcon.colcon_core.verb:set package 'zzs_description' build argument 'catkin_skip_building_tests' from command line to 'False'
[1.281s] DEBUG:colcon.colcon_core.verb:Building package 'zzs_description' with the following arguments: {'ament_cmake_args': None, 'build_base': '/home/zzs/workspace/ros2/ros2_study/chapt7/chapt7_ws/build/zzs_description', 'catkin_cmake_args': None, 'catkin_skip_building_tests': False, 'cmake_args': None, 'cmake_clean_cache': False, 'cmake_clean_first': False, 'cmake_force_configure': False, 'cmake_target': None, 'cmake_target_skip_unavailable': False, 'install_base': '/home/zzs/workspace/ros2/ros2_study/chapt7/chapt7_ws/install/zzs_description', 'merge_install': False, 'path': '/home/zzs/workspace/ros2/ros2_study/chapt7/chapt7_ws/src/zzs_description', 'symlink_install': False, 'test_result_base': None}
[1.282s] Level 5:colcon.colcon_core.verb:set package 'zzs_navigation2' build argument 'cmake_args' from command line to 'None'
[1.282s] Level 5:colcon.colcon_core.verb:set package 'zzs_navigation2' build argument 'cmake_target' from command line to 'None'
[1.282s] Level 5:colcon.colcon_core.verb:set package 'zzs_navigation2' build argument 'cmake_target_skip_unavailable' from command line to 'False'
[1.283s] Level 5:colcon.colcon_core.verb:set package 'zzs_navigation2' build argument 'cmake_clean_cache' from command line to 'False'
[1.283s] Level 5:colcon.colcon_core.verb:set package 'zzs_navigation2' build argument 'cmake_clean_first' from command line to 'False'
[1.283s] Level 5:colcon.colcon_core.verb:set package 'zzs_navigation2' build argument 'cmake_force_configure' from command line to 'False'
[1.283s] Level 5:colcon.colcon_core.verb:set package 'zzs_navigation2' build argument 'ament_cmake_args' from command line to 'None'
[1.283s] Level 5:colcon.colcon_core.verb:set package 'zzs_navigation2' build argument 'catkin_cmake_args' from command line to 'None'
[1.284s] Level 5:colcon.colcon_core.verb:set package 'zzs_navigation2' build argument 'catkin_skip_building_tests' from command line to 'False'
[1.284s] DEBUG:colcon.colcon_core.verb:Building package 'zzs_navigation2' with the following arguments: {'ament_cmake_args': None, 'build_base': '/home/zzs/workspace/ros2/ros2_study/chapt7/chapt7_ws/build/zzs_navigation2', 'catkin_cmake_args': None, 'catkin_skip_building_tests': False, 'cmake_args': None, 'cmake_clean_cache': False, 'cmake_clean_first': False, 'cmake_force_configure': False, 'cmake_target': None, 'cmake_target_skip_unavailable': False, 'install_base': '/home/zzs/workspace/ros2/ros2_study/chapt7/chapt7_ws/install/zzs_navigation2', 'merge_install': False, 'path': '/home/zzs/workspace/ros2/ros2_study/chapt7/chapt7_ws/src/zzs_navigation2', 'symlink_install': False, 'test_result_base': None}
[1.284s] INFO:colcon.colcon_core.executor:Executing jobs using 'parallel' executor
[1.286s] DEBUG:colcon.colcon_parallel_executor.executor.parallel:run_until_complete
[1.286s] INFO:colcon.colcon_ros.task.ament_python.build:Building ROS package in '/home/zzs/workspace/ros2/ros2_study/chapt7/chapt7_ws/src/zzs_application' with build type 'ament_python'
[1.287s] Level 1:colcon.colcon_core.shell:create_environment_hook('zzs_application', 'ament_prefix_path')
[1.297s] INFO:colcon.colcon_core.plugin_system:Skipping extension 'colcon_core.shell.bat': Not used on non-Windows systems
[1.299s] INFO:colcon.colcon_core.shell:Creating environment hook '/home/zzs/workspace/ros2/ros2_study/chapt7/chapt7_ws/install/zzs_application/share/zzs_application/hook/ament_prefix_path.ps1'
[1.302s] INFO:colcon.colcon_core.shell:Creating environment descriptor '/home/zzs/workspace/ros2/ros2_study/chapt7/chapt7_ws/install/zzs_application/share/zzs_application/hook/ament_prefix_path.dsv'
[1.303s] INFO:colcon.colcon_core.shell:Creating environment hook '/home/zzs/workspace/ros2/ros2_study/chapt7/chapt7_ws/install/zzs_application/share/zzs_application/hook/ament_prefix_path.sh'
[1.306s] INFO:colcon.colcon_core.shell:Skip shell extension 'powershell' for command environment: Not usable outside of PowerShell
[1.306s] DEBUG:colcon.colcon_core.shell:Skip shell extension 'dsv' for command environment
[1.315s] INFO:colcon.colcon_ros.task.ament_cmake.build:Building ROS package in '/home/zzs/workspace/ros2/ros2_study/chapt7/chapt7_ws/src/zzs_description' with build type 'ament_cmake'
[1.316s] INFO:colcon.colcon_cmake.task.cmake.build:Building CMake package in '/home/zzs/workspace/ros2/ros2_study/chapt7/chapt7_ws/src/zzs_description'
[1.317s] INFO:colcon.colcon_core.shell:Skip shell extension 'powershell' for command environment: Not usable outside of PowerShell
[1.318s] DEBUG:colcon.colcon_core.shell:Skip shell extension 'dsv' for command environment
[1.350s] DEBUG:colcon.colcon_core.event_handler.log_command:Invoking command in '/home/zzs/workspace/ros2/ros2_study/chapt7/chapt7_ws/build/zzs_description': CMAKE_PREFIX_PATH=${CMAKE_PREFIX_PATH}:/home/zzs/workspace/ros2/ros2_study/chapt7/chapt7_ws/install/zzs_application:/opt/ros/humble /usr/bin/cmake --build /home/zzs/workspace/ros2/ros2_study/chapt7/chapt7_ws/build/zzs_description -- -j2 -l2
[2.106s] INFO:colcon.colcon_core.task.python.build:Building Python package in '/home/zzs/workspace/ros2/ros2_study/chapt7/chapt7_ws/src/zzs_application'
[2.106s] INFO:colcon.colcon_core.shell:Skip shell extension 'powershell' for command environment: Not usable outside of PowerShell
[2.108s] DEBUG:colcon.colcon_core.shell:Skip shell extension 'dsv' for command environment
[2.157s] DEBUG:colcon.colcon_core.event_handler.log_command:Invoked command in '/home/zzs/workspace/ros2/ros2_study/chapt7/chapt7_ws/build/zzs_description' returned '0': CMAKE_PREFIX_PATH=${CMAKE_PREFIX_PATH}:/home/zzs/workspace/ros2/ros2_study/chapt7/chapt7_ws/install/zzs_application:/opt/ros/humble /usr/bin/cmake --build /home/zzs/workspace/ros2/ros2_study/chapt7/chapt7_ws/build/zzs_description -- -j2 -l2
[2.243s] DEBUG:colcon.colcon_core.event_handler.log_command:Invoking command in '/home/zzs/workspace/ros2/ros2_study/chapt7/chapt7_ws/build/zzs_description': CMAKE_PREFIX_PATH=${CMAKE_PREFIX_PATH}:/home/zzs/workspace/ros2/ros2_study/chapt7/chapt7_ws/install/zzs_application:/opt/ros/humble /usr/bin/cmake --install /home/zzs/workspace/ros2/ros2_study/chapt7/chapt7_ws/build/zzs_description
[2.344s] Level 1:colcon.colcon_core.environment:create_environment_scripts_only(zzs_description)
[2.368s] DEBUG:colcon.colcon_core.event_handler.log_command:Invoked command in '/home/zzs/workspace/ros2/ros2_study/chapt7/chapt7_ws/build/zzs_description' returned '0': CMAKE_PREFIX_PATH=${CMAKE_PREFIX_PATH}:/home/zzs/workspace/ros2/ros2_study/chapt7/chapt7_ws/install/zzs_application:/opt/ros/humble /usr/bin/cmake --install /home/zzs/workspace/ros2/ros2_study/chapt7/chapt7_ws/build/zzs_description
[2.372s] Level 1:colcon.colcon_core.environment:checking '/home/zzs/workspace/ros2/ros2_study/chapt7/chapt7_ws/install/zzs_description' for CMake module files
[2.373s] Level 1:colcon.colcon_core.environment:checking '/home/zzs/workspace/ros2/ros2_study/chapt7/chapt7_ws/install/zzs_description' for CMake config files
[2.378s] Level 1:colcon.colcon_core.shell:create_environment_hook('zzs_description', 'cmake_prefix_path')
[2.380s] INFO:colcon.colcon_core.shell:Creating environment hook '/home/zzs/workspace/ros2/ros2_study/chapt7/chapt7_ws/install/zzs_description/share/zzs_description/hook/cmake_prefix_path.ps1'
[2.381s] INFO:colcon.colcon_core.shell:Creating environment descriptor '/home/zzs/workspace/ros2/ros2_study/chapt7/chapt7_ws/install/zzs_description/share/zzs_description/hook/cmake_prefix_path.dsv'
[2.382s] INFO:colcon.colcon_core.shell:Creating environment hook '/home/zzs/workspace/ros2/ros2_study/chapt7/chapt7_ws/install/zzs_description/share/zzs_description/hook/cmake_prefix_path.sh'
[2.385s] Level 1:colcon.colcon_core.environment:checking '/home/zzs/workspace/ros2/ros2_study/chapt7/chapt7_ws/install/zzs_description/bin'
[2.385s] Level 1:colcon.colcon_core.environment:checking '/home/zzs/workspace/ros2/ros2_study/chapt7/chapt7_ws/install/zzs_description/lib/pkgconfig/zzs_description.pc'
[2.388s] Level 1:colcon.colcon_core.environment:checking '/home/zzs/workspace/ros2/ros2_study/chapt7/chapt7_ws/install/zzs_description/lib/python3.10/site-packages'
[2.388s] Level 1:colcon.colcon_core.environment:checking '/home/zzs/workspace/ros2/ros2_study/chapt7/chapt7_ws/install/zzs_description/bin'
[2.388s] INFO:colcon.colcon_core.shell:Creating package script '/home/zzs/workspace/ros2/ros2_study/chapt7/chapt7_ws/install/zzs_description/share/zzs_description/package.ps1'
[2.404s] INFO:colcon.colcon_core.shell:Creating package descriptor '/home/zzs/workspace/ros2/ros2_study/chapt7/chapt7_ws/install/zzs_description/share/zzs_description/package.dsv'
[2.405s] INFO:colcon.colcon_core.shell:Creating package script '/home/zzs/workspace/ros2/ros2_study/chapt7/chapt7_ws/install/zzs_description/share/zzs_description/package.sh'
[2.409s] INFO:colcon.colcon_core.shell:Creating package script '/home/zzs/workspace/ros2/ros2_study/chapt7/chapt7_ws/install/zzs_description/share/zzs_description/package.bash'
[2.411s] INFO:colcon.colcon_core.shell:Creating package script '/home/zzs/workspace/ros2/ros2_study/chapt7/chapt7_ws/install/zzs_description/share/zzs_description/package.zsh'
[2.413s] Level 1:colcon.colcon_core.environment:create_file_with_runtime_dependencies(/home/zzs/workspace/ros2/ros2_study/chapt7/chapt7_ws/install/zzs_description/share/colcon-core/packages/zzs_description)
[2.415s] Level 1:colcon.colcon_core.environment:create_environment_scripts_only(zzs_description)
[2.415s] Level 1:colcon.colcon_core.environment:checking '/home/zzs/workspace/ros2/ros2_study/chapt7/chapt7_ws/install/zzs_description' for CMake module files
[2.416s] Level 1:colcon.colcon_core.environment:checking '/home/zzs/workspace/ros2/ros2_study/chapt7/chapt7_ws/install/zzs_description' for CMake config files
[2.416s] Level 1:colcon.colcon_core.shell:create_environment_hook('zzs_description', 'cmake_prefix_path')
[2.416s] INFO:colcon.colcon_core.shell:Creating environment hook '/home/zzs/workspace/ros2/ros2_study/chapt7/chapt7_ws/install/zzs_description/share/zzs_description/hook/cmake_prefix_path.ps1'
[2.423s] INFO:colcon.colcon_core.shell:Creating environment descriptor '/home/zzs/workspace/ros2/ros2_study/chapt7/chapt7_ws/install/zzs_description/share/zzs_description/hook/cmake_prefix_path.dsv'
[2.425s] INFO:colcon.colcon_core.shell:Creating environment hook '/home/zzs/workspace/ros2/ros2_study/chapt7/chapt7_ws/install/zzs_description/share/zzs_description/hook/cmake_prefix_path.sh'
[2.427s] Level 1:colcon.colcon_core.environment:checking '/home/zzs/workspace/ros2/ros2_study/chapt7/chapt7_ws/install/zzs_description/bin'
[2.427s] Level 1:colcon.colcon_core.environment:checking '/home/zzs/workspace/ros2/ros2_study/chapt7/chapt7_ws/install/zzs_description/lib/pkgconfig/zzs_description.pc'
[2.427s] Level 1:colcon.colcon_core.environment:checking '/home/zzs/workspace/ros2/ros2_study/chapt7/chapt7_ws/install/zzs_description/lib/python3.10/site-packages'
[2.428s] Level 1:colcon.colcon_core.environment:checking '/home/zzs/workspace/ros2/ros2_study/chapt7/chapt7_ws/install/zzs_description/bin'
[2.428s] INFO:colcon.colcon_core.shell:Creating package script '/home/zzs/workspace/ros2/ros2_study/chapt7/chapt7_ws/install/zzs_description/share/zzs_description/package.ps1'
[2.432s] INFO:colcon.colcon_core.shell:Creating package descriptor '/home/zzs/workspace/ros2/ros2_study/chapt7/chapt7_ws/install/zzs_description/share/zzs_description/package.dsv'
[2.434s] INFO:colcon.colcon_core.shell:Creating package script '/home/zzs/workspace/ros2/ros2_study/chapt7/chapt7_ws/install/zzs_description/share/zzs_description/package.sh'
[2.437s] INFO:colcon.colcon_core.shell:Creating package script '/home/zzs/workspace/ros2/ros2_study/chapt7/chapt7_ws/install/zzs_description/share/zzs_description/package.bash'
[2.439s] INFO:colcon.colcon_core.shell:Creating package script '/home/zzs/workspace/ros2/ros2_study/chapt7/chapt7_ws/install/zzs_description/share/zzs_description/package.zsh'
[2.440s] Level 1:colcon.colcon_core.environment:create_file_with_runtime_dependencies(/home/zzs/workspace/ros2/ros2_study/chapt7/chapt7_ws/install/zzs_description/share/colcon-core/packages/zzs_description)
[2.441s] INFO:colcon.colcon_ros.task.ament_cmake.build:Building ROS package in '/home/zzs/workspace/ros2/ros2_study/chapt7/chapt7_ws/src/zzs_navigation2' with build type 'ament_cmake'
[2.441s] INFO:colcon.colcon_cmake.task.cmake.build:Building CMake package in '/home/zzs/workspace/ros2/ros2_study/chapt7/chapt7_ws/src/zzs_navigation2'
[2.441s] INFO:colcon.colcon_core.shell:Skip shell extension 'powershell' for command environment: Not usable outside of PowerShell
[2.441s] DEBUG:colcon.colcon_core.shell:Skip shell extension 'dsv' for command environment
[2.503s] DEBUG:colcon.colcon_core.event_handler.log_command:Invoking command in '/home/zzs/workspace/ros2/ros2_study/chapt7/chapt7_ws/build/zzs_navigation2': CMAKE_PREFIX_PATH=${CMAKE_PREFIX_PATH}:/home/zzs/workspace/ros2/ros2_study/chapt7/chapt7_ws/install/zzs_application:/opt/ros/humble /usr/bin/cmake --build /home/zzs/workspace/ros2/ros2_study/chapt7/chapt7_ws/build/zzs_navigation2 -- -j2 -l2
[2.840s] DEBUG:colcon.colcon_core.event_handler.log_command:Invoked command in '/home/zzs/workspace/ros2/ros2_study/chapt7/chapt7_ws/build/zzs_navigation2' returned '0': CMAKE_PREFIX_PATH=${CMAKE_PREFIX_PATH}:/home/zzs/workspace/ros2/ros2_study/chapt7/chapt7_ws/install/zzs_application:/opt/ros/humble /usr/bin/cmake --build /home/zzs/workspace/ros2/ros2_study/chapt7/chapt7_ws/build/zzs_navigation2 -- -j2 -l2
[2.860s] DEBUG:colcon.colcon_core.event_handler.log_command:Invoking command in '/home/zzs/workspace/ros2/ros2_study/chapt7/chapt7_ws/build/zzs_navigation2': CMAKE_PREFIX_PATH=${CMAKE_PREFIX_PATH}:/home/zzs/workspace/ros2/ros2_study/chapt7/chapt7_ws/install/zzs_application:/opt/ros/humble /usr/bin/cmake --install /home/zzs/workspace/ros2/ros2_study/chapt7/chapt7_ws/build/zzs_navigation2
[2.941s] Level 1:colcon.colcon_core.environment:create_environment_scripts_only(zzs_navigation2)
[2.942s] DEBUG:colcon.colcon_core.event_handler.log_command:Invoked command in '/home/zzs/workspace/ros2/ros2_study/chapt7/chapt7_ws/build/zzs_navigation2' returned '0': CMAKE_PREFIX_PATH=${CMAKE_PREFIX_PATH}:/home/zzs/workspace/ros2/ros2_study/chapt7/chapt7_ws/install/zzs_application:/opt/ros/humble /usr/bin/cmake --install /home/zzs/workspace/ros2/ros2_study/chapt7/chapt7_ws/build/zzs_navigation2
[2.944s] Level 1:colcon.colcon_core.environment:checking '/home/zzs/workspace/ros2/ros2_study/chapt7/chapt7_ws/install/zzs_navigation2' for CMake module files
[2.950s] Level 1:colcon.colcon_core.environment:checking '/home/zzs/workspace/ros2/ros2_study/chapt7/chapt7_ws/install/zzs_navigation2' for CMake config files
[2.954s] Level 1:colcon.colcon_core.shell:create_environment_hook('zzs_navigation2', 'cmake_prefix_path')
[2.955s] INFO:colcon.colcon_core.shell:Creating environment hook '/home/zzs/workspace/ros2/ros2_study/chapt7/chapt7_ws/install/zzs_navigation2/share/zzs_navigation2/hook/cmake_prefix_path.ps1'
[2.968s] INFO:colcon.colcon_core.shell:Creating environment descriptor '/home/zzs/workspace/ros2/ros2_study/chapt7/chapt7_ws/install/zzs_navigation2/share/zzs_navigation2/hook/cmake_prefix_path.dsv'
[2.978s] INFO:colcon.colcon_core.shell:Creating environment hook '/home/zzs/workspace/ros2/ros2_study/chapt7/chapt7_ws/install/zzs_navigation2/share/zzs_navigation2/hook/cmake_prefix_path.sh'
[2.987s] Level 1:colcon.colcon_core.environment:checking '/home/zzs/workspace/ros2/ros2_study/chapt7/chapt7_ws/install/zzs_navigation2/bin'
[2.988s] Level 1:colcon.colcon_core.environment:checking '/home/zzs/workspace/ros2/ros2_study/chapt7/chapt7_ws/install/zzs_navigation2/lib/pkgconfig/zzs_navigation2.pc'
[2.988s] Level 1:colcon.colcon_core.environment:checking '/home/zzs/workspace/ros2/ros2_study/chapt7/chapt7_ws/install/zzs_navigation2/lib/python3.10/site-packages'
[2.988s] Level 1:colcon.colcon_core.environment:checking '/home/zzs/workspace/ros2/ros2_study/chapt7/chapt7_ws/install/zzs_navigation2/bin'
[2.989s] INFO:colcon.colcon_core.shell:Creating package script '/home/zzs/workspace/ros2/ros2_study/chapt7/chapt7_ws/install/zzs_navigation2/share/zzs_navigation2/package.ps1'
[2.996s] INFO:colcon.colcon_core.shell:Creating package descriptor '/home/zzs/workspace/ros2/ros2_study/chapt7/chapt7_ws/install/zzs_navigation2/share/zzs_navigation2/package.dsv'
[2.996s] INFO:colcon.colcon_core.shell:Creating package script '/home/zzs/workspace/ros2/ros2_study/chapt7/chapt7_ws/install/zzs_navigation2/share/zzs_navigation2/package.sh'
[3.000s] INFO:colcon.colcon_core.shell:Creating package script '/home/zzs/workspace/ros2/ros2_study/chapt7/chapt7_ws/install/zzs_navigation2/share/zzs_navigation2/package.bash'
[3.004s] INFO:colcon.colcon_core.shell:Creating package script '/home/zzs/workspace/ros2/ros2_study/chapt7/chapt7_ws/install/zzs_navigation2/share/zzs_navigation2/package.zsh'
[3.008s] Level 1:colcon.colcon_core.environment:create_file_with_runtime_dependencies(/home/zzs/workspace/ros2/ros2_study/chapt7/chapt7_ws/install/zzs_navigation2/share/colcon-core/packages/zzs_navigation2)
[3.009s] Level 1:colcon.colcon_core.environment:create_environment_scripts_only(zzs_navigation2)
[3.010s] Level 1:colcon.colcon_core.environment:checking '/home/zzs/workspace/ros2/ros2_study/chapt7/chapt7_ws/install/zzs_navigation2' for CMake module files
[3.010s] Level 1:colcon.colcon_core.environment:checking '/home/zzs/workspace/ros2/ros2_study/chapt7/chapt7_ws/install/zzs_navigation2' for CMake config files
[3.010s] Level 1:colcon.colcon_core.shell:create_environment_hook('zzs_navigation2', 'cmake_prefix_path')
[3.017s] INFO:colcon.colcon_core.shell:Creating environment hook '/home/zzs/workspace/ros2/ros2_study/chapt7/chapt7_ws/install/zzs_navigation2/share/zzs_navigation2/hook/cmake_prefix_path.ps1'
[3.024s] INFO:colcon.colcon_core.shell:Creating environment descriptor '/home/zzs/workspace/ros2/ros2_study/chapt7/chapt7_ws/install/zzs_navigation2/share/zzs_navigation2/hook/cmake_prefix_path.dsv'
[3.030s] INFO:colcon.colcon_core.shell:Creating environment hook '/home/zzs/workspace/ros2/ros2_study/chapt7/chapt7_ws/install/zzs_navigation2/share/zzs_navigation2/hook/cmake_prefix_path.sh'
[3.032s] Level 1:colcon.colcon_core.environment:checking '/home/zzs/workspace/ros2/ros2_study/chapt7/chapt7_ws/install/zzs_navigation2/bin'
[3.033s] Level 1:colcon.colcon_core.environment:checking '/home/zzs/workspace/ros2/ros2_study/chapt7/chapt7_ws/install/zzs_navigation2/lib/pkgconfig/zzs_navigation2.pc'
[3.033s] Level 1:colcon.colcon_core.environment:checking '/home/zzs/workspace/ros2/ros2_study/chapt7/chapt7_ws/install/zzs_navigation2/lib/python3.10/site-packages'
[3.040s] Level 1:colcon.colcon_core.environment:checking '/home/zzs/workspace/ros2/ros2_study/chapt7/chapt7_ws/install/zzs_navigation2/bin'
[3.042s] INFO:colcon.colcon_core.shell:Creating package script '/home/zzs/workspace/ros2/ros2_study/chapt7/chapt7_ws/install/zzs_navigation2/share/zzs_navigation2/package.ps1'
[3.047s] INFO:colcon.colcon_core.shell:Creating package descriptor '/home/zzs/workspace/ros2/ros2_study/chapt7/chapt7_ws/install/zzs_navigation2/share/zzs_navigation2/package.dsv'
[3.050s] INFO:colcon.colcon_core.shell:Creating package script '/home/zzs/workspace/ros2/ros2_study/chapt7/chapt7_ws/install/zzs_navigation2/share/zzs_navigation2/package.sh'
[3.056s] INFO:colcon.colcon_core.shell:Creating package script '/home/zzs/workspace/ros2/ros2_study/chapt7/chapt7_ws/install/zzs_navigation2/share/zzs_navigation2/package.bash'
[3.062s] INFO:colcon.colcon_core.shell:Creating package script '/home/zzs/workspace/ros2/ros2_study/chapt7/chapt7_ws/install/zzs_navigation2/share/zzs_navigation2/package.zsh'
[3.067s] Level 1:colcon.colcon_core.environment:create_file_with_runtime_dependencies(/home/zzs/workspace/ros2/ros2_study/chapt7/chapt7_ws/install/zzs_navigation2/share/colcon-core/packages/zzs_navigation2)
[3.760s] DEBUG:colcon.colcon_core.task.python.build:Available setuptools commands: build_ext, setopt, build_py, clean, bdist_dumb, bdist_egg, bdist_wheel, dist_info, test, sdist, install_lib, build_scripts, alias, bdist, egg_info, update_catalog, init_catalog, upload, easy_install, install_egg_info, saveopts, develop, register, bdist_rpm, upload_docs, install_scripts, rotate, extract_messages, install, build, symlink_data, check, install_data, build_clib, compile_catalog, install_headers
[3.768s] DEBUG:colcon.colcon_core.event_handler.log_command:Invoking command in '/home/zzs/workspace/ros2/ros2_study/chapt7/chapt7_ws/src/zzs_application': PYTHONPATH=/home/zzs/workspace/ros2/ros2_study/chapt7/chapt7_ws/build/zzs_application/prefix_override:/usr/lib/python3/dist-packages/colcon_core/task/python/colcon_distutils_commands:/home/zzs/workspace/ros2/ros2_study/chapt7/chapt7_ws/install/zzs_application/lib/python3.10/site-packages:${PYTHONPATH} /usr/bin/python3 -W ignore:setup.py install is deprecated -W ignore:easy_install command is deprecated setup.py egg_info --egg-base ../../build/zzs_application build --build-base /home/zzs/workspace/ros2/ros2_study/chapt7/chapt7_ws/build/zzs_application/build install --record /home/zzs/workspace/ros2/ros2_study/chapt7/chapt7_ws/build/zzs_application/install.log --install-scripts $base/lib/zzs_application --single-version-externally-managed install_data
[4.521s] Level 1:colcon.colcon_core.environment:checking '/home/zzs/workspace/ros2/ros2_study/chapt7/chapt7_ws/install/zzs_application' for CMake module files
[4.521s] DEBUG:colcon.colcon_core.event_handler.log_command:Invoked command in '/home/zzs/workspace/ros2/ros2_study/chapt7/chapt7_ws/src/zzs_application' returned '0': PYTHONPATH=/home/zzs/workspace/ros2/ros2_study/chapt7/chapt7_ws/build/zzs_application/prefix_override:/usr/lib/python3/dist-packages/colcon_core/task/python/colcon_distutils_commands:/home/zzs/workspace/ros2/ros2_study/chapt7/chapt7_ws/install/zzs_application/lib/python3.10/site-packages:${PYTHONPATH} /usr/bin/python3 -W ignore:setup.py install is deprecated -W ignore:easy_install command is deprecated setup.py egg_info --egg-base ../../build/zzs_application build --build-base /home/zzs/workspace/ros2/ros2_study/chapt7/chapt7_ws/build/zzs_application/build install --record /home/zzs/workspace/ros2/ros2_study/chapt7/chapt7_ws/build/zzs_application/install.log --install-scripts $base/lib/zzs_application --single-version-externally-managed install_data
[4.522s] Level 1:colcon.colcon_core.environment:checking '/home/zzs/workspace/ros2/ros2_study/chapt7/chapt7_ws/install/zzs_application' for CMake config files
[4.522s] Level 1:colcon.colcon_core.environment:checking '/home/zzs/workspace/ros2/ros2_study/chapt7/chapt7_ws/install/zzs_application/lib'
[4.523s] Level 1:colcon.colcon_core.environment:checking '/home/zzs/workspace/ros2/ros2_study/chapt7/chapt7_ws/install/zzs_application/bin'
[4.523s] Level 1:colcon.colcon_core.environment:checking '/home/zzs/workspace/ros2/ros2_study/chapt7/chapt7_ws/install/zzs_application/lib/pkgconfig/zzs_application.pc'
[4.523s] Level 1:colcon.colcon_core.environment:checking '/home/zzs/workspace/ros2/ros2_study/chapt7/chapt7_ws/install/zzs_application/lib/python3.10/site-packages'
[4.523s] Level 1:colcon.colcon_core.shell:create_environment_hook('zzs_application', 'pythonpath')
[4.523s] INFO:colcon.colcon_core.shell:Creating environment hook '/home/zzs/workspace/ros2/ros2_study/chapt7/chapt7_ws/install/zzs_application/share/zzs_application/hook/pythonpath.ps1'
[4.524s] INFO:colcon.colcon_core.shell:Creating environment descriptor '/home/zzs/workspace/ros2/ros2_study/chapt7/chapt7_ws/install/zzs_application/share/zzs_application/hook/pythonpath.dsv'
[4.525s] INFO:colcon.colcon_core.shell:Creating environment hook '/home/zzs/workspace/ros2/ros2_study/chapt7/chapt7_ws/install/zzs_application/share/zzs_application/hook/pythonpath.sh'
[4.528s] Level 1:colcon.colcon_core.environment:checking '/home/zzs/workspace/ros2/ros2_study/chapt7/chapt7_ws/install/zzs_application/bin'
[4.528s] Level 1:colcon.colcon_core.environment:create_environment_scripts_only(zzs_application)
[4.528s] INFO:colcon.colcon_core.shell:Creating package script '/home/zzs/workspace/ros2/ros2_study/chapt7/chapt7_ws/install/zzs_application/share/zzs_application/package.ps1'
[4.535s] INFO:colcon.colcon_core.shell:Creating package descriptor '/home/zzs/workspace/ros2/ros2_study/chapt7/chapt7_ws/install/zzs_application/share/zzs_application/package.dsv'
[4.536s] INFO:colcon.colcon_core.shell:Creating package script '/home/zzs/workspace/ros2/ros2_study/chapt7/chapt7_ws/install/zzs_application/share/zzs_application/package.sh'
[4.538s] INFO:colcon.colcon_core.shell:Creating package script '/home/zzs/workspace/ros2/ros2_study/chapt7/chapt7_ws/install/zzs_application/share/zzs_application/package.bash'
[4.540s] INFO:colcon.colcon_core.shell:Creating package script '/home/zzs/workspace/ros2/ros2_study/chapt7/chapt7_ws/install/zzs_application/share/zzs_application/package.zsh'
[4.543s] Level 1:colcon.colcon_core.environment:create_file_with_runtime_dependencies(/home/zzs/workspace/ros2/ros2_study/chapt7/chapt7_ws/install/zzs_application/share/colcon-core/packages/zzs_application)
[4.548s] DEBUG:colcon.colcon_parallel_executor.executor.parallel:closing loop
[4.548s] DEBUG:colcon.colcon_parallel_executor.executor.parallel:loop closed
[4.551s] DEBUG:colcon.colcon_parallel_executor.executor.parallel:run_until_complete finished with '0'
[4.551s] DEBUG:colcon.colcon_core.event_reactor:joining thread
[4.577s] INFO:colcon.colcon_core.plugin_system:Skipping extension 'colcon_notification.desktop_notification.terminal_notifier': Not used on non-Darwin systems
[4.578s] INFO:colcon.colcon_core.plugin_system:Skipping extension 'colcon_notification.desktop_notification.win32': Not used on non-Windows systems
[4.578s] INFO:colcon.colcon_notification.desktop_notification:Sending desktop notification using 'notify2'
[4.647s] DEBUG:colcon.colcon_core.event_reactor:joined thread
[4.648s] INFO:colcon.colcon_core.shell:Creating prefix script '/home/zzs/workspace/ros2/ros2_study/chapt7/chapt7_ws/install/local_setup.ps1'
[4.653s] INFO:colcon.colcon_core.shell:Creating prefix util module '/home/zzs/workspace/ros2/ros2_study/chapt7/chapt7_ws/install/_local_setup_util_ps1.py'
[4.657s] INFO:colcon.colcon_core.shell:Creating prefix chain script '/home/zzs/workspace/ros2/ros2_study/chapt7/chapt7_ws/install/setup.ps1'
[4.665s] INFO:colcon.colcon_core.shell:Creating prefix script '/home/zzs/workspace/ros2/ros2_study/chapt7/chapt7_ws/install/local_setup.sh'
[4.668s] INFO:colcon.colcon_core.shell:Creating prefix util module '/home/zzs/workspace/ros2/ros2_study/chapt7/chapt7_ws/install/_local_setup_util_sh.py'
[4.673s] INFO:colcon.colcon_core.shell:Creating prefix chain script '/home/zzs/workspace/ros2/ros2_study/chapt7/chapt7_ws/install/setup.sh'
[4.677s] INFO:colcon.colcon_core.shell:Creating prefix script '/home/zzs/workspace/ros2/ros2_study/chapt7/chapt7_ws/install/local_setup.bash'
[4.678s] INFO:colcon.colcon_core.shell:Creating prefix chain script '/home/zzs/workspace/ros2/ros2_study/chapt7/chapt7_ws/install/setup.bash'
[4.680s] INFO:colcon.colcon_core.shell:Creating prefix script '/home/zzs/workspace/ros2/ros2_study/chapt7/chapt7_ws/install/local_setup.zsh'
[4.684s] INFO:colcon.colcon_core.shell:Creating prefix chain script '/home/zzs/workspace/ros2/ros2_study/chapt7/chapt7_ws/install/setup.zsh'
