[0.030s] Invoking command in '/home/zzs/chaptmy/chapt_ws/build/turtle_my_interfaces': CMAKE_PREFIX_PATH=${CMAKE_PREFIX_PATH}:/opt/ros/jazzy DEBUGINFOD_URLS=https://debuginfod.ubuntu.com /usr/bin/cmake --build /home/zzs/chaptmy/chapt_ws/build/turtle_my_interfaces -- -j2 -l2
[0.314s] [  2%] Built target turtle_my_interfaces__rs
[0.334s] [  5%] Built target turtle_my_interfaces__rosidl_generator_type_description
[0.550s] [  5%] Built target ament_cmake_python_copy_turtle_my_interfaces
[0.631s] [ 20%] Built target turtle_my_interfaces__rosidl_generator_c
[0.737s] [ 22%] Built target turtle_my_interfaces__cpp
[0.949s] [ 31%] Built target turtle_my_interfaces__rosidl_typesupport_fastrtps_c
[1.033s] [ 40%] Built target turtle_my_interfaces__rosidl_typesupport_fastrtps_cpp
[1.092s] [ 48%] Built target turtle_my_interfaces__rosidl_typesupport_introspection_c
[1.135s] [ 57%] Built target turtle_my_interfaces__rosidl_typesupport_c
[1.158s] running egg_info
[1.181s] writing turtle_my_interfaces.egg-info/PKG-INFO
[1.183s] writing dependency_links to turtle_my_interfaces.egg-info/dependency_links.txt
[1.184s] writing top-level names to turtle_my_interfaces.egg-info/top_level.txt
[1.189s] [ 65%] Built target turtle_my_interfaces__rosidl_typesupport_introspection_cpp
[1.229s] [ 74%] Built target turtle_my_interfaces__rosidl_typesupport_cpp
[1.265s] reading manifest file 'turtle_my_interfaces.egg-info/SOURCES.txt'
[1.265s] writing manifest file 'turtle_my_interfaces.egg-info/SOURCES.txt'
[1.277s] [ 74%] Built target turtle_my_interfaces
[1.307s] [ 74%] Built target ament_cmake_python_build_turtle_my_interfaces_egg
[1.312s] [ 77%] Built target turtle_my_interfaces__py
[1.385s] [ 82%] Built target turtle_my_interfaces__rosidl_generator_py
[1.488s] [ 91%] Built target turtle_my_interfaces_s__rosidl_typesupport_introspection_c
[1.491s] [ 94%] Built target turtle_my_interfaces_s__rosidl_typesupport_fastrtps_c
[1.532s] [100%] Built target turtle_my_interfaces_s__rosidl_typesupport_c
[1.557s] Invoked command in '/home/zzs/chaptmy/chapt_ws/build/turtle_my_interfaces' returned '0': CMAKE_PREFIX_PATH=${CMAKE_PREFIX_PATH}:/opt/ros/jazzy DEBUGINFOD_URLS=https://debuginfod.ubuntu.com /usr/bin/cmake --build /home/zzs/chaptmy/chapt_ws/build/turtle_my_interfaces -- -j2 -l2
[1.616s] Invoking command in '/home/zzs/chaptmy/chapt_ws/build/turtle_my_interfaces': CMAKE_PREFIX_PATH=${CMAKE_PREFIX_PATH}:/opt/ros/jazzy DEBUGINFOD_URLS=https://debuginfod.ubuntu.com /usr/bin/cmake --install /home/zzs/chaptmy/chapt_ws/build/turtle_my_interfaces
[1.630s] -- Install configuration: ""
[1.630s] -- Up-to-date: /home/zzs/chaptmy/chapt_ws/install/turtle_my_interfaces/share/ament_index/resource_index/rosidl_interfaces/turtle_my_interfaces
[1.630s] -- Up-to-date: /home/zzs/chaptmy/chapt_ws/install/turtle_my_interfaces/share/turtle_my_interfaces/srv/TurtleSrv.json
[1.631s] -- Up-to-date: /home/zzs/chaptmy/chapt_ws/install/turtle_my_interfaces/include/turtle_my_interfaces/turtle_my_interfaces
[1.631s] -- Up-to-date: /home/zzs/chaptmy/chapt_ws/install/turtle_my_interfaces/include/turtle_my_interfaces/turtle_my_interfaces/srv
[1.631s] -- Up-to-date: /home/zzs/chaptmy/chapt_ws/install/turtle_my_interfaces/include/turtle_my_interfaces/turtle_my_interfaces/srv/turtle_srv.h
[1.631s] -- Up-to-date: /home/zzs/chaptmy/chapt_ws/install/turtle_my_interfaces/include/turtle_my_interfaces/turtle_my_interfaces/srv/detail
[1.633s] -- Up-to-date: /home/zzs/chaptmy/chapt_ws/install/turtle_my_interfaces/include/turtle_my_interfaces/turtle_my_interfaces/srv/detail/turtle_srv__type_support.h
[1.634s] -- Up-to-date: /home/zzs/chaptmy/chapt_ws/install/turtle_my_interfaces/include/turtle_my_interfaces/turtle_my_interfaces/srv/detail/turtle_srv__functions.c
[1.634s] -- Up-to-date: /home/zzs/chaptmy/chapt_ws/install/turtle_my_interfaces/include/turtle_my_interfaces/turtle_my_interfaces/srv/detail/turtle_srv__description.c
[1.635s] -- Up-to-date: /home/zzs/chaptmy/chapt_ws/install/turtle_my_interfaces/include/turtle_my_interfaces/turtle_my_interfaces/srv/detail/turtle_srv__struct.h
[1.635s] -- Installing: /home/zzs/chaptmy/chapt_ws/install/turtle_my_interfaces/include/turtle_my_interfaces/turtle_my_interfaces/srv/detail/turtle_srv__type_support.c
[1.635s] -- Up-to-date: /home/zzs/chaptmy/chapt_ws/install/turtle_my_interfaces/include/turtle_my_interfaces/turtle_my_interfaces/srv/detail/turtle_srv__functions.h
[1.635s] -- Up-to-date: /home/zzs/chaptmy/chapt_ws/install/turtle_my_interfaces/include/turtle_my_interfaces/turtle_my_interfaces/msg
[1.635s] -- Up-to-date: /home/zzs/chaptmy/chapt_ws/install/turtle_my_interfaces/include/turtle_my_interfaces/turtle_my_interfaces/msg/rosidl_generator_c__visibility_control.h
[1.635s] -- Up-to-date: /home/zzs/chaptmy/chapt_ws/install/turtle_my_interfaces/share/turtle_my_interfaces/environment/library_path.sh
[1.635s] -- Up-to-date: /home/zzs/chaptmy/chapt_ws/install/turtle_my_interfaces/share/turtle_my_interfaces/environment/library_path.dsv
[1.635s] -- Up-to-date: /home/zzs/chaptmy/chapt_ws/install/turtle_my_interfaces/lib/libturtle_my_interfaces__rosidl_generator_c.so
[1.635s] -- Up-to-date: /home/zzs/chaptmy/chapt_ws/install/turtle_my_interfaces/include/turtle_my_interfaces/turtle_my_interfaces
[1.638s] -- Up-to-date: /home/zzs/chaptmy/chapt_ws/install/turtle_my_interfaces/include/turtle_my_interfaces/turtle_my_interfaces/srv
[1.639s] -- Up-to-date: /home/zzs/chaptmy/chapt_ws/install/turtle_my_interfaces/include/turtle_my_interfaces/turtle_my_interfaces/srv/detail
[1.639s] -- Up-to-date: /home/zzs/chaptmy/chapt_ws/install/turtle_my_interfaces/include/turtle_my_interfaces/turtle_my_interfaces/srv/detail/turtle_srv__rosidl_typesupport_fastrtps_c.h
[1.639s] -- Up-to-date: /home/zzs/chaptmy/chapt_ws/install/turtle_my_interfaces/include/turtle_my_interfaces/turtle_my_interfaces/msg
[1.639s] -- Up-to-date: /home/zzs/chaptmy/chapt_ws/install/turtle_my_interfaces/include/turtle_my_interfaces/turtle_my_interfaces/msg/rosidl_typesupport_fastrtps_c__visibility_control.h
[1.639s] -- Up-to-date: /home/zzs/chaptmy/chapt_ws/install/turtle_my_interfaces/lib/libturtle_my_interfaces__rosidl_typesupport_fastrtps_c.so
[1.639s] -- Up-to-date: /home/zzs/chaptmy/chapt_ws/install/turtle_my_interfaces/include/turtle_my_interfaces/turtle_my_interfaces
[1.639s] -- Up-to-date: /home/zzs/chaptmy/chapt_ws/install/turtle_my_interfaces/include/turtle_my_interfaces/turtle_my_interfaces/srv
[1.639s] -- Up-to-date: /home/zzs/chaptmy/chapt_ws/install/turtle_my_interfaces/include/turtle_my_interfaces/turtle_my_interfaces/srv/detail
[1.639s] -- Up-to-date: /home/zzs/chaptmy/chapt_ws/install/turtle_my_interfaces/include/turtle_my_interfaces/turtle_my_interfaces/srv/detail/turtle_srv__type_support.hpp
[1.639s] -- Up-to-date: /home/zzs/chaptmy/chapt_ws/install/turtle_my_interfaces/include/turtle_my_interfaces/turtle_my_interfaces/srv/detail/turtle_srv__traits.hpp
[1.639s] -- Up-to-date: /home/zzs/chaptmy/chapt_ws/install/turtle_my_interfaces/include/turtle_my_interfaces/turtle_my_interfaces/srv/detail/turtle_srv__struct.hpp
[1.640s] -- Up-to-date: /home/zzs/chaptmy/chapt_ws/install/turtle_my_interfaces/include/turtle_my_interfaces/turtle_my_interfaces/srv/detail/turtle_srv__builder.hpp
[1.640s] -- Up-to-date: /home/zzs/chaptmy/chapt_ws/install/turtle_my_interfaces/include/turtle_my_interfaces/turtle_my_interfaces/srv/turtle_srv.hpp
[1.640s] -- Up-to-date: /home/zzs/chaptmy/chapt_ws/install/turtle_my_interfaces/include/turtle_my_interfaces/turtle_my_interfaces/msg
[1.640s] -- Up-to-date: /home/zzs/chaptmy/chapt_ws/install/turtle_my_interfaces/include/turtle_my_interfaces/turtle_my_interfaces/msg/rosidl_generator_cpp__visibility_control.hpp
[1.642s] -- Up-to-date: /home/zzs/chaptmy/chapt_ws/install/turtle_my_interfaces/include/turtle_my_interfaces/turtle_my_interfaces
[1.642s] -- Up-to-date: /home/zzs/chaptmy/chapt_ws/install/turtle_my_interfaces/include/turtle_my_interfaces/turtle_my_interfaces/srv
[1.642s] -- Up-to-date: /home/zzs/chaptmy/chapt_ws/install/turtle_my_interfaces/include/turtle_my_interfaces/turtle_my_interfaces/srv/detail
[1.642s] -- Up-to-date: /home/zzs/chaptmy/chapt_ws/install/turtle_my_interfaces/include/turtle_my_interfaces/turtle_my_interfaces/srv/detail/turtle_srv__rosidl_typesupport_fastrtps_cpp.hpp
[1.642s] -- Up-to-date: /home/zzs/chaptmy/chapt_ws/install/turtle_my_interfaces/include/turtle_my_interfaces/turtle_my_interfaces/srv/detail/dds_fastrtps
[1.642s] -- Up-to-date: /home/zzs/chaptmy/chapt_ws/install/turtle_my_interfaces/include/turtle_my_interfaces/turtle_my_interfaces/msg
[1.642s] -- Up-to-date: /home/zzs/chaptmy/chapt_ws/install/turtle_my_interfaces/include/turtle_my_interfaces/turtle_my_interfaces/msg/rosidl_typesupport_fastrtps_cpp__visibility_control.h
[1.643s] -- Up-to-date: /home/zzs/chaptmy/chapt_ws/install/turtle_my_interfaces/lib/libturtle_my_interfaces__rosidl_typesupport_fastrtps_cpp.so
[1.643s] -- Up-to-date: /home/zzs/chaptmy/chapt_ws/install/turtle_my_interfaces/include/turtle_my_interfaces/turtle_my_interfaces
[1.644s] -- Up-to-date: /home/zzs/chaptmy/chapt_ws/install/turtle_my_interfaces/include/turtle_my_interfaces/turtle_my_interfaces/srv
[1.645s] -- Up-to-date: /home/zzs/chaptmy/chapt_ws/install/turtle_my_interfaces/include/turtle_my_interfaces/turtle_my_interfaces/srv/detail
[1.645s] -- Up-to-date: /home/zzs/chaptmy/chapt_ws/install/turtle_my_interfaces/include/turtle_my_interfaces/turtle_my_interfaces/srv/detail/turtle_srv__rosidl_typesupport_introspection_c.h
[1.646s] -- Installing: /home/zzs/chaptmy/chapt_ws/install/turtle_my_interfaces/include/turtle_my_interfaces/turtle_my_interfaces/srv/detail/turtle_srv__type_support.c
[1.647s] -- Up-to-date: /home/zzs/chaptmy/chapt_ws/install/turtle_my_interfaces/include/turtle_my_interfaces/turtle_my_interfaces/msg
[1.647s] -- Up-to-date: /home/zzs/chaptmy/chapt_ws/install/turtle_my_interfaces/include/turtle_my_interfaces/turtle_my_interfaces/msg/rosidl_typesupport_introspection_c__visibility_control.h
[1.651s] -- Up-to-date: /home/zzs/chaptmy/chapt_ws/install/turtle_my_interfaces/lib/libturtle_my_interfaces__rosidl_typesupport_introspection_c.so
[1.651s] -- Up-to-date: /home/zzs/chaptmy/chapt_ws/install/turtle_my_interfaces/lib/libturtle_my_interfaces__rosidl_typesupport_c.so
[1.651s] -- Up-to-date: /home/zzs/chaptmy/chapt_ws/install/turtle_my_interfaces/include/turtle_my_interfaces/turtle_my_interfaces
[1.651s] -- Up-to-date: /home/zzs/chaptmy/chapt_ws/install/turtle_my_interfaces/include/turtle_my_interfaces/turtle_my_interfaces/srv
[1.651s] -- Up-to-date: /home/zzs/chaptmy/chapt_ws/install/turtle_my_interfaces/include/turtle_my_interfaces/turtle_my_interfaces/srv/detail
[1.651s] -- Up-to-date: /home/zzs/chaptmy/chapt_ws/install/turtle_my_interfaces/include/turtle_my_interfaces/turtle_my_interfaces/srv/detail/turtle_srv__type_support.cpp
[1.651s] -- Up-to-date: /home/zzs/chaptmy/chapt_ws/install/turtle_my_interfaces/include/turtle_my_interfaces/turtle_my_interfaces/srv/detail/turtle_srv__rosidl_typesupport_introspection_cpp.hpp
[1.654s] -- Up-to-date: /home/zzs/chaptmy/chapt_ws/install/turtle_my_interfaces/lib/libturtle_my_interfaces__rosidl_typesupport_introspection_cpp.so
[1.659s] -- Up-to-date: /home/zzs/chaptmy/chapt_ws/install/turtle_my_interfaces/lib/libturtle_my_interfaces__rosidl_typesupport_cpp.so
[1.659s] -- Up-to-date: /home/zzs/chaptmy/chapt_ws/install/turtle_my_interfaces/share/turtle_my_interfaces/environment/pythonpath.sh
[1.659s] -- Up-to-date: /home/zzs/chaptmy/chapt_ws/install/turtle_my_interfaces/share/turtle_my_interfaces/environment/pythonpath.dsv
[1.659s] -- Up-to-date: /home/zzs/chaptmy/chapt_ws/install/turtle_my_interfaces/lib/python3.12/site-packages/turtle_my_interfaces-0.0.0-py3.12.egg-info
[1.659s] -- Installing: /home/zzs/chaptmy/chapt_ws/install/turtle_my_interfaces/lib/python3.12/site-packages/turtle_my_interfaces-0.0.0-py3.12.egg-info/PKG-INFO
[1.660s] -- Installing: /home/zzs/chaptmy/chapt_ws/install/turtle_my_interfaces/lib/python3.12/site-packages/turtle_my_interfaces-0.0.0-py3.12.egg-info/SOURCES.txt
[1.662s] -- Installing: /home/zzs/chaptmy/chapt_ws/install/turtle_my_interfaces/lib/python3.12/site-packages/turtle_my_interfaces-0.0.0-py3.12.egg-info/top_level.txt
[1.663s] -- Installing: /home/zzs/chaptmy/chapt_ws/install/turtle_my_interfaces/lib/python3.12/site-packages/turtle_my_interfaces-0.0.0-py3.12.egg-info/dependency_links.txt
[1.663s] -- Up-to-date: /home/zzs/chaptmy/chapt_ws/install/turtle_my_interfaces/lib/python3.12/site-packages/turtle_my_interfaces
[1.664s] -- Up-to-date: /home/zzs/chaptmy/chapt_ws/install/turtle_my_interfaces/lib/python3.12/site-packages/turtle_my_interfaces/turtle_my_interfaces_s__rosidl_typesupport_fastrtps_c.so
[1.664s] -- Up-to-date: /home/zzs/chaptmy/chapt_ws/install/turtle_my_interfaces/lib/python3.12/site-packages/turtle_my_interfaces/_turtle_my_interfaces_s.ep.rosidl_typesupport_fastrtps_c.c
[1.664s] -- Up-to-date: /home/zzs/chaptmy/chapt_ws/install/turtle_my_interfaces/lib/python3.12/site-packages/turtle_my_interfaces/srv
[1.664s] -- Up-to-date: /home/zzs/chaptmy/chapt_ws/install/turtle_my_interfaces/lib/python3.12/site-packages/turtle_my_interfaces/srv/_turtle_srv_s.c
[1.664s] -- Installing: /home/zzs/chaptmy/chapt_ws/install/turtle_my_interfaces/lib/python3.12/site-packages/turtle_my_interfaces/srv/__init__.py
[1.664s] -- Up-to-date: /home/zzs/chaptmy/chapt_ws/install/turtle_my_interfaces/lib/python3.12/site-packages/turtle_my_interfaces/srv/_turtle_srv.py
[1.664s] -- Up-to-date: /home/zzs/chaptmy/chapt_ws/install/turtle_my_interfaces/lib/python3.12/site-packages/turtle_my_interfaces/turtle_my_interfaces_s__rosidl_typesupport_introspection_c.so
[1.664s] -- Up-to-date: /home/zzs/chaptmy/chapt_ws/install/turtle_my_interfaces/lib/python3.12/site-packages/turtle_my_interfaces/__init__.py
[1.664s] -- Up-to-date: /home/zzs/chaptmy/chapt_ws/install/turtle_my_interfaces/lib/python3.12/site-packages/turtle_my_interfaces/_turtle_my_interfaces_s.ep.rosidl_typesupport_introspection_c.c
[1.664s] -- Up-to-date: /home/zzs/chaptmy/chapt_ws/install/turtle_my_interfaces/lib/python3.12/site-packages/turtle_my_interfaces/turtle_my_interfaces_s__rosidl_typesupport_c.so
[1.665s] -- Up-to-date: /home/zzs/chaptmy/chapt_ws/install/turtle_my_interfaces/lib/python3.12/site-packages/turtle_my_interfaces/_turtle_my_interfaces_s.ep.rosidl_typesupport_c.c
[1.731s] Listing '/home/zzs/chaptmy/chapt_ws/install/turtle_my_interfaces/lib/python3.12/site-packages/turtle_my_interfaces'...
[1.731s] Listing '/home/zzs/chaptmy/chapt_ws/install/turtle_my_interfaces/lib/python3.12/site-packages/turtle_my_interfaces/srv'...
[1.744s] -- Up-to-date: /home/zzs/chaptmy/chapt_ws/install/turtle_my_interfaces/lib/python3.12/site-packages/turtle_my_interfaces/turtle_my_interfaces_s__rosidl_typesupport_fastrtps_c.so
[1.745s] -- Up-to-date: /home/zzs/chaptmy/chapt_ws/install/turtle_my_interfaces/lib/python3.12/site-packages/turtle_my_interfaces/turtle_my_interfaces_s__rosidl_typesupport_introspection_c.so
[1.746s] -- Up-to-date: /home/zzs/chaptmy/chapt_ws/install/turtle_my_interfaces/lib/python3.12/site-packages/turtle_my_interfaces/turtle_my_interfaces_s__rosidl_typesupport_c.so
[1.750s] -- Up-to-date: /home/zzs/chaptmy/chapt_ws/install/turtle_my_interfaces/lib/libturtle_my_interfaces__rosidl_generator_py.so
[1.750s] -- Up-to-date: /home/zzs/chaptmy/chapt_ws/install/turtle_my_interfaces/share/ament_index/resource_index/rust_packages/turtle_my_interfaces
[1.751s] -- Up-to-date: /home/zzs/chaptmy/chapt_ws/install/turtle_my_interfaces/share/turtle_my_interfaces/rust
[1.751s] -- Up-to-date: /home/zzs/chaptmy/chapt_ws/install/turtle_my_interfaces/share/turtle_my_interfaces/rust/src
[1.751s] -- Up-to-date: /home/zzs/chaptmy/chapt_ws/install/turtle_my_interfaces/share/turtle_my_interfaces/rust/src/lib.rs
[1.752s] -- Up-to-date: /home/zzs/chaptmy/chapt_ws/install/turtle_my_interfaces/share/turtle_my_interfaces/rust/src/srv
[1.752s] -- Up-to-date: /home/zzs/chaptmy/chapt_ws/install/turtle_my_interfaces/share/turtle_my_interfaces/rust/src/srv/rmw.rs
[1.755s] -- Up-to-date: /home/zzs/chaptmy/chapt_ws/install/turtle_my_interfaces/share/turtle_my_interfaces/rust/src/srv.rs
[1.755s] -- Up-to-date: /home/zzs/chaptmy/chapt_ws/install/turtle_my_interfaces/share/turtle_my_interfaces/rust/build.rs
[1.755s] -- Up-to-date: /home/zzs/chaptmy/chapt_ws/install/turtle_my_interfaces/share/turtle_my_interfaces/rust/Cargo.toml
[1.755s] -- Up-to-date: /home/zzs/chaptmy/chapt_ws/install/turtle_my_interfaces/share/turtle_my_interfaces/srv/TurtleSrv.idl
[1.755s] -- Up-to-date: /home/zzs/chaptmy/chapt_ws/install/turtle_my_interfaces/share/turtle_my_interfaces/srv/TurtleSrv.srv
[1.755s] -- Up-to-date: /home/zzs/chaptmy/chapt_ws/install/turtle_my_interfaces/share/ament_index/resource_index/package_run_dependencies/turtle_my_interfaces
[1.755s] -- Up-to-date: /home/zzs/chaptmy/chapt_ws/install/turtle_my_interfaces/share/ament_index/resource_index/parent_prefix_path/turtle_my_interfaces
[1.755s] -- Up-to-date: /home/zzs/chaptmy/chapt_ws/install/turtle_my_interfaces/share/turtle_my_interfaces/environment/ament_prefix_path.sh
[1.763s] -- Up-to-date: /home/zzs/chaptmy/chapt_ws/install/turtle_my_interfaces/share/turtle_my_interfaces/environment/ament_prefix_path.dsv
[1.763s] -- Up-to-date: /home/zzs/chaptmy/chapt_ws/install/turtle_my_interfaces/share/turtle_my_interfaces/environment/path.sh
[1.763s] -- Up-to-date: /home/zzs/chaptmy/chapt_ws/install/turtle_my_interfaces/share/turtle_my_interfaces/environment/path.dsv
[1.763s] -- Up-to-date: /home/zzs/chaptmy/chapt_ws/install/turtle_my_interfaces/share/turtle_my_interfaces/local_setup.bash
[1.763s] -- Up-to-date: /home/zzs/chaptmy/chapt_ws/install/turtle_my_interfaces/share/turtle_my_interfaces/local_setup.sh
[1.763s] -- Up-to-date: /home/zzs/chaptmy/chapt_ws/install/turtle_my_interfaces/share/turtle_my_interfaces/local_setup.zsh
[1.763s] -- Up-to-date: /home/zzs/chaptmy/chapt_ws/install/turtle_my_interfaces/share/turtle_my_interfaces/local_setup.dsv
[1.763s] -- Installing: /home/zzs/chaptmy/chapt_ws/install/turtle_my_interfaces/share/turtle_my_interfaces/package.dsv
[1.763s] -- Up-to-date: /home/zzs/chaptmy/chapt_ws/install/turtle_my_interfaces/share/ament_index/resource_index/packages/turtle_my_interfaces
[1.763s] -- Up-to-date: /home/zzs/chaptmy/chapt_ws/install/turtle_my_interfaces/share/turtle_my_interfaces/cmake/export_turtle_my_interfaces__rosidl_generator_cExport.cmake
[1.764s] -- Up-to-date: /home/zzs/chaptmy/chapt_ws/install/turtle_my_interfaces/share/turtle_my_interfaces/cmake/export_turtle_my_interfaces__rosidl_generator_cExport-noconfig.cmake
[1.765s] -- Up-to-date: /home/zzs/chaptmy/chapt_ws/install/turtle_my_interfaces/share/turtle_my_interfaces/cmake/export_turtle_my_interfaces__rosidl_typesupport_fastrtps_cExport.cmake
[1.766s] -- Up-to-date: /home/zzs/chaptmy/chapt_ws/install/turtle_my_interfaces/share/turtle_my_interfaces/cmake/export_turtle_my_interfaces__rosidl_typesupport_fastrtps_cExport-noconfig.cmake
[1.767s] -- Up-to-date: /home/zzs/chaptmy/chapt_ws/install/turtle_my_interfaces/share/turtle_my_interfaces/cmake/export_turtle_my_interfaces__rosidl_generator_cppExport.cmake
[1.773s] -- Up-to-date: /home/zzs/chaptmy/chapt_ws/install/turtle_my_interfaces/share/turtle_my_interfaces/cmake/export_turtle_my_interfaces__rosidl_typesupport_fastrtps_cppExport.cmake
[1.773s] -- Up-to-date: /home/zzs/chaptmy/chapt_ws/install/turtle_my_interfaces/share/turtle_my_interfaces/cmake/export_turtle_my_interfaces__rosidl_typesupport_fastrtps_cppExport-noconfig.cmake
[1.773s] -- Up-to-date: /home/zzs/chaptmy/chapt_ws/install/turtle_my_interfaces/share/turtle_my_interfaces/cmake/turtle_my_interfaces__rosidl_typesupport_introspection_cExport.cmake
[1.777s] -- Up-to-date: /home/zzs/chaptmy/chapt_ws/install/turtle_my_interfaces/share/turtle_my_interfaces/cmake/turtle_my_interfaces__rosidl_typesupport_introspection_cExport-noconfig.cmake
[1.777s] -- Up-to-date: /home/zzs/chaptmy/chapt_ws/install/turtle_my_interfaces/share/turtle_my_interfaces/cmake/turtle_my_interfaces__rosidl_typesupport_cExport.cmake
[1.778s] -- Up-to-date: /home/zzs/chaptmy/chapt_ws/install/turtle_my_interfaces/share/turtle_my_interfaces/cmake/turtle_my_interfaces__rosidl_typesupport_cExport-noconfig.cmake
[1.779s] -- Up-to-date: /home/zzs/chaptmy/chapt_ws/install/turtle_my_interfaces/share/turtle_my_interfaces/cmake/turtle_my_interfaces__rosidl_typesupport_introspection_cppExport.cmake
[1.779s] -- Up-to-date: /home/zzs/chaptmy/chapt_ws/install/turtle_my_interfaces/share/turtle_my_interfaces/cmake/turtle_my_interfaces__rosidl_typesupport_introspection_cppExport-noconfig.cmake
[1.781s] -- Up-to-date: /home/zzs/chaptmy/chapt_ws/install/turtle_my_interfaces/share/turtle_my_interfaces/cmake/turtle_my_interfaces__rosidl_typesupport_cppExport.cmake
[1.781s] -- Up-to-date: /home/zzs/chaptmy/chapt_ws/install/turtle_my_interfaces/share/turtle_my_interfaces/cmake/turtle_my_interfaces__rosidl_typesupport_cppExport-noconfig.cmake
[1.790s] -- Up-to-date: /home/zzs/chaptmy/chapt_ws/install/turtle_my_interfaces/share/turtle_my_interfaces/cmake/export_turtle_my_interfaces__rosidl_generator_pyExport.cmake
[1.790s] -- Up-to-date: /home/zzs/chaptmy/chapt_ws/install/turtle_my_interfaces/share/turtle_my_interfaces/cmake/export_turtle_my_interfaces__rosidl_generator_pyExport-noconfig.cmake
[1.790s] -- Up-to-date: /home/zzs/chaptmy/chapt_ws/install/turtle_my_interfaces/share/turtle_my_interfaces/cmake/rosidl_cmake-extras.cmake
[1.790s] -- Up-to-date: /home/zzs/chaptmy/chapt_ws/install/turtle_my_interfaces/share/turtle_my_interfaces/cmake/ament_cmake_export_dependencies-extras.cmake
[1.790s] -- Up-to-date: /home/zzs/chaptmy/chapt_ws/install/turtle_my_interfaces/share/turtle_my_interfaces/cmake/ament_cmake_export_include_directories-extras.cmake
[1.790s] -- Up-to-date: /home/zzs/chaptmy/chapt_ws/install/turtle_my_interfaces/share/turtle_my_interfaces/cmake/ament_cmake_export_libraries-extras.cmake
[1.790s] -- Up-to-date: /home/zzs/chaptmy/chapt_ws/install/turtle_my_interfaces/share/turtle_my_interfaces/cmake/ament_cmake_export_targets-extras.cmake
[1.793s] -- Up-to-date: /home/zzs/chaptmy/chapt_ws/install/turtle_my_interfaces/share/turtle_my_interfaces/cmake/rosidl_cmake_export_typesupport_targets-extras.cmake
[1.793s] -- Up-to-date: /home/zzs/chaptmy/chapt_ws/install/turtle_my_interfaces/share/turtle_my_interfaces/cmake/rosidl_cmake_export_typesupport_libraries-extras.cmake
[1.793s] -- Up-to-date: /home/zzs/chaptmy/chapt_ws/install/turtle_my_interfaces/share/turtle_my_interfaces/cmake/rosidl_cmake_aggregate_target-extras.cmake
[1.794s] -- Up-to-date: /home/zzs/chaptmy/chapt_ws/install/turtle_my_interfaces/share/turtle_my_interfaces/cmake/turtle_my_interfacesConfig.cmake
[1.794s] -- Up-to-date: /home/zzs/chaptmy/chapt_ws/install/turtle_my_interfaces/share/turtle_my_interfaces/cmake/turtle_my_interfacesConfig-version.cmake
[1.794s] -- Up-to-date: /home/zzs/chaptmy/chapt_ws/install/turtle_my_interfaces/share/turtle_my_interfaces/package.xml
[1.804s] Invoked command in '/home/zzs/chaptmy/chapt_ws/build/turtle_my_interfaces' returned '0': CMAKE_PREFIX_PATH=${CMAKE_PREFIX_PATH}:/opt/ros/jazzy DEBUGINFOD_URLS=https://debuginfod.ubuntu.com /usr/bin/cmake --install /home/zzs/chaptmy/chapt_ws/build/turtle_my_interfaces
