[0.091s] Invoking command in '/home/zzs/chapt4/chapt4_ws/build/chapt4_interfaces': CMAKE_PREFIX_PATH=${CMAKE_PREFIX_PATH}:/opt/ros/jazzy DEBUGINFOD_URLS=https://debuginfod.ubuntu.com /usr/bin/cmake --build /home/zzs/chapt4/chapt4_ws/build/chapt4_interfaces -- -j2 -l2
[0.763s] [  2%] Built target chapt4_interfaces__rosidl_generator_type_description
[0.792s] [  5%] Built target chapt4_interfaces__rs
[1.061s] [  5%] Built target ament_cmake_python_copy_chapt4_interfaces
[1.085s] [ 20%] Built target chapt4_interfaces__rosidl_generator_c
[1.330s] [ 22%] Built target chapt4_interfaces__cpp
[1.776s] [ 31%] Built target chapt4_interfaces__rosidl_typesupport_fastrtps_c
[1.997s] [ 40%] Built target chapt4_interfaces__rosidl_typesupport_fastrtps_cpp
[2.131s] [ 48%] Built target chapt4_interfaces__rosidl_typesupport_introspection_c
[2.213s] [ 57%] Built target chapt4_interfaces__rosidl_typesupport_c
[2.237s] running egg_info
[2.262s] writing chapt4_interfaces.egg-info/PKG-INFO
[2.262s] writing dependency_links to chapt4_interfaces.egg-info/dependency_links.txt
[2.264s] writing top-level names to chapt4_interfaces.egg-info/top_level.txt
[2.266s] [ 65%] Built target chapt4_interfaces__rosidl_typesupport_introspection_cpp
[2.343s] [ 74%] Built target chapt4_interfaces__rosidl_typesupport_cpp
[2.395s] reading manifest file 'chapt4_interfaces.egg-info/SOURCES.txt'
[2.400s] writing manifest file 'chapt4_interfaces.egg-info/SOURCES.txt'
[2.420s] [ 74%] Built target chapt4_interfaces
[2.490s] [ 77%] Built target chapt4_interfaces__py
[2.502s] [ 77%] Built target ament_cmake_python_build_chapt4_interfaces_egg
[2.551s] [ 82%] Built target chapt4_interfaces__rosidl_generator_py
[2.604s] [ 88%] Built target chapt4_interfaces_s__rosidl_typesupport_introspection_c
[2.622s] [ 94%] Built target chapt4_interfaces_s__rosidl_typesupport_fastrtps_c
[2.655s] [100%] Built target chapt4_interfaces_s__rosidl_typesupport_c
[2.677s] Invoked command in '/home/zzs/chapt4/chapt4_ws/build/chapt4_interfaces' returned '0': CMAKE_PREFIX_PATH=${CMAKE_PREFIX_PATH}:/opt/ros/jazzy DEBUGINFOD_URLS=https://debuginfod.ubuntu.com /usr/bin/cmake --build /home/zzs/chapt4/chapt4_ws/build/chapt4_interfaces -- -j2 -l2
[2.703s] Invoking command in '/home/zzs/chapt4/chapt4_ws/build/chapt4_interfaces': CMAKE_PREFIX_PATH=${CMAKE_PREFIX_PATH}:/opt/ros/jazzy DEBUGINFOD_URLS=https://debuginfod.ubuntu.com /usr/bin/cmake --install /home/zzs/chapt4/chapt4_ws/build/chapt4_interfaces
[2.721s] -- Install configuration: ""
[2.724s] -- Up-to-date: /home/zzs/chapt4/chapt4_ws/install/chapt4_interfaces/share/ament_index/resource_index/rosidl_interfaces/chapt4_interfaces
[2.725s] -- Up-to-date: /home/zzs/chapt4/chapt4_ws/install/chapt4_interfaces/share/chapt4_interfaces/srv/FaceDetector.json
[2.725s] -- Up-to-date: /home/zzs/chapt4/chapt4_ws/install/chapt4_interfaces/include/chapt4_interfaces/chapt4_interfaces
[2.726s] -- Up-to-date: /home/zzs/chapt4/chapt4_ws/install/chapt4_interfaces/include/chapt4_interfaces/chapt4_interfaces/srv
[2.727s] -- Up-to-date: /home/zzs/chapt4/chapt4_ws/install/chapt4_interfaces/include/chapt4_interfaces/chapt4_interfaces/srv/face_detector.h
[2.727s] -- Up-to-date: /home/zzs/chapt4/chapt4_ws/install/chapt4_interfaces/include/chapt4_interfaces/chapt4_interfaces/srv/detail
[2.727s] -- Up-to-date: /home/zzs/chapt4/chapt4_ws/install/chapt4_interfaces/include/chapt4_interfaces/chapt4_interfaces/srv/detail/face_detector__struct.h
[2.727s] -- Up-to-date: /home/zzs/chapt4/chapt4_ws/install/chapt4_interfaces/include/chapt4_interfaces/chapt4_interfaces/srv/detail/face_detector__functions.h
[2.728s] -- Up-to-date: /home/zzs/chapt4/chapt4_ws/install/chapt4_interfaces/include/chapt4_interfaces/chapt4_interfaces/srv/detail/face_detector__functions.c
[2.728s] -- Up-to-date: /home/zzs/chapt4/chapt4_ws/install/chapt4_interfaces/include/chapt4_interfaces/chapt4_interfaces/srv/detail/face_detector__description.c
[2.728s] -- Up-to-date: /home/zzs/chapt4/chapt4_ws/install/chapt4_interfaces/include/chapt4_interfaces/chapt4_interfaces/srv/detail/face_detector__type_support.h
[2.728s] -- Installing: /home/zzs/chapt4/chapt4_ws/install/chapt4_interfaces/include/chapt4_interfaces/chapt4_interfaces/srv/detail/face_detector__type_support.c
[2.728s] -- Up-to-date: /home/zzs/chapt4/chapt4_ws/install/chapt4_interfaces/include/chapt4_interfaces/chapt4_interfaces/msg
[2.729s] -- Up-to-date: /home/zzs/chapt4/chapt4_ws/install/chapt4_interfaces/include/chapt4_interfaces/chapt4_interfaces/msg/rosidl_generator_c__visibility_control.h
[2.729s] -- Up-to-date: /home/zzs/chapt4/chapt4_ws/install/chapt4_interfaces/share/chapt4_interfaces/environment/library_path.sh
[2.729s] -- Up-to-date: /home/zzs/chapt4/chapt4_ws/install/chapt4_interfaces/share/chapt4_interfaces/environment/library_path.dsv
[2.731s] -- Up-to-date: /home/zzs/chapt4/chapt4_ws/install/chapt4_interfaces/lib/libchapt4_interfaces__rosidl_generator_c.so
[2.732s] -- Up-to-date: /home/zzs/chapt4/chapt4_ws/install/chapt4_interfaces/include/chapt4_interfaces/chapt4_interfaces
[2.732s] -- Up-to-date: /home/zzs/chapt4/chapt4_ws/install/chapt4_interfaces/include/chapt4_interfaces/chapt4_interfaces/srv
[2.732s] -- Up-to-date: /home/zzs/chapt4/chapt4_ws/install/chapt4_interfaces/include/chapt4_interfaces/chapt4_interfaces/srv/detail
[2.732s] -- Up-to-date: /home/zzs/chapt4/chapt4_ws/install/chapt4_interfaces/include/chapt4_interfaces/chapt4_interfaces/srv/detail/face_detector__rosidl_typesupport_fastrtps_c.h
[2.732s] -- Up-to-date: /home/zzs/chapt4/chapt4_ws/install/chapt4_interfaces/include/chapt4_interfaces/chapt4_interfaces/msg
[2.733s] -- Up-to-date: /home/zzs/chapt4/chapt4_ws/install/chapt4_interfaces/include/chapt4_interfaces/chapt4_interfaces/msg/rosidl_typesupport_fastrtps_c__visibility_control.h
[2.736s] -- Up-to-date: /home/zzs/chapt4/chapt4_ws/install/chapt4_interfaces/lib/libchapt4_interfaces__rosidl_typesupport_fastrtps_c.so
[2.737s] -- Up-to-date: /home/zzs/chapt4/chapt4_ws/install/chapt4_interfaces/include/chapt4_interfaces/chapt4_interfaces
[2.737s] -- Up-to-date: /home/zzs/chapt4/chapt4_ws/install/chapt4_interfaces/include/chapt4_interfaces/chapt4_interfaces/srv
[2.737s] -- Up-to-date: /home/zzs/chapt4/chapt4_ws/install/chapt4_interfaces/include/chapt4_interfaces/chapt4_interfaces/srv/face_detector.hpp
[2.738s] -- Up-to-date: /home/zzs/chapt4/chapt4_ws/install/chapt4_interfaces/include/chapt4_interfaces/chapt4_interfaces/srv/detail
[2.738s] -- Up-to-date: /home/zzs/chapt4/chapt4_ws/install/chapt4_interfaces/include/chapt4_interfaces/chapt4_interfaces/srv/detail/face_detector__traits.hpp
[2.739s] -- Up-to-date: /home/zzs/chapt4/chapt4_ws/install/chapt4_interfaces/include/chapt4_interfaces/chapt4_interfaces/srv/detail/face_detector__struct.hpp
[2.739s] -- Up-to-date: /home/zzs/chapt4/chapt4_ws/install/chapt4_interfaces/include/chapt4_interfaces/chapt4_interfaces/srv/detail/face_detector__builder.hpp
[2.739s] -- Up-to-date: /home/zzs/chapt4/chapt4_ws/install/chapt4_interfaces/include/chapt4_interfaces/chapt4_interfaces/srv/detail/face_detector__type_support.hpp
[2.739s] -- Up-to-date: /home/zzs/chapt4/chapt4_ws/install/chapt4_interfaces/include/chapt4_interfaces/chapt4_interfaces/msg
[2.739s] -- Up-to-date: /home/zzs/chapt4/chapt4_ws/install/chapt4_interfaces/include/chapt4_interfaces/chapt4_interfaces/msg/rosidl_generator_cpp__visibility_control.hpp
[2.739s] -- Up-to-date: /home/zzs/chapt4/chapt4_ws/install/chapt4_interfaces/include/chapt4_interfaces/chapt4_interfaces
[2.740s] -- Up-to-date: /home/zzs/chapt4/chapt4_ws/install/chapt4_interfaces/include/chapt4_interfaces/chapt4_interfaces/srv
[2.740s] -- Up-to-date: /home/zzs/chapt4/chapt4_ws/install/chapt4_interfaces/include/chapt4_interfaces/chapt4_interfaces/srv/detail
[2.740s] -- Up-to-date: /home/zzs/chapt4/chapt4_ws/install/chapt4_interfaces/include/chapt4_interfaces/chapt4_interfaces/srv/detail/dds_fastrtps
[2.740s] -- Up-to-date: /home/zzs/chapt4/chapt4_ws/install/chapt4_interfaces/include/chapt4_interfaces/chapt4_interfaces/srv/detail/face_detector__rosidl_typesupport_fastrtps_cpp.hpp
[2.740s] -- Up-to-date: /home/zzs/chapt4/chapt4_ws/install/chapt4_interfaces/include/chapt4_interfaces/chapt4_interfaces/msg
[2.741s] -- Up-to-date: /home/zzs/chapt4/chapt4_ws/install/chapt4_interfaces/include/chapt4_interfaces/chapt4_interfaces/msg/rosidl_typesupport_fastrtps_cpp__visibility_control.h
[2.741s] -- Up-to-date: /home/zzs/chapt4/chapt4_ws/install/chapt4_interfaces/lib/libchapt4_interfaces__rosidl_typesupport_fastrtps_cpp.so
[2.741s] -- Up-to-date: /home/zzs/chapt4/chapt4_ws/install/chapt4_interfaces/include/chapt4_interfaces/chapt4_interfaces
[2.741s] -- Up-to-date: /home/zzs/chapt4/chapt4_ws/install/chapt4_interfaces/include/chapt4_interfaces/chapt4_interfaces/srv
[2.741s] -- Up-to-date: /home/zzs/chapt4/chapt4_ws/install/chapt4_interfaces/include/chapt4_interfaces/chapt4_interfaces/srv/detail
[2.741s] -- Up-to-date: /home/zzs/chapt4/chapt4_ws/install/chapt4_interfaces/include/chapt4_interfaces/chapt4_interfaces/srv/detail/face_detector__rosidl_typesupport_introspection_c.h
[2.741s] -- Installing: /home/zzs/chapt4/chapt4_ws/install/chapt4_interfaces/include/chapt4_interfaces/chapt4_interfaces/srv/detail/face_detector__type_support.c
[2.742s] -- Up-to-date: /home/zzs/chapt4/chapt4_ws/install/chapt4_interfaces/include/chapt4_interfaces/chapt4_interfaces/msg
[2.742s] -- Up-to-date: /home/zzs/chapt4/chapt4_ws/install/chapt4_interfaces/include/chapt4_interfaces/chapt4_interfaces/msg/rosidl_typesupport_introspection_c__visibility_control.h
[2.742s] -- Up-to-date: /home/zzs/chapt4/chapt4_ws/install/chapt4_interfaces/lib/libchapt4_interfaces__rosidl_typesupport_introspection_c.so
[2.746s] -- Up-to-date: /home/zzs/chapt4/chapt4_ws/install/chapt4_interfaces/lib/libchapt4_interfaces__rosidl_typesupport_c.so
[2.746s] -- Up-to-date: /home/zzs/chapt4/chapt4_ws/install/chapt4_interfaces/include/chapt4_interfaces/chapt4_interfaces
[2.746s] -- Up-to-date: /home/zzs/chapt4/chapt4_ws/install/chapt4_interfaces/include/chapt4_interfaces/chapt4_interfaces/srv
[2.746s] -- Up-to-date: /home/zzs/chapt4/chapt4_ws/install/chapt4_interfaces/include/chapt4_interfaces/chapt4_interfaces/srv/detail
[2.747s] -- Up-to-date: /home/zzs/chapt4/chapt4_ws/install/chapt4_interfaces/include/chapt4_interfaces/chapt4_interfaces/srv/detail/face_detector__rosidl_typesupport_introspection_cpp.hpp
[2.747s] -- Up-to-date: /home/zzs/chapt4/chapt4_ws/install/chapt4_interfaces/include/chapt4_interfaces/chapt4_interfaces/srv/detail/face_detector__type_support.cpp
[2.748s] -- Up-to-date: /home/zzs/chapt4/chapt4_ws/install/chapt4_interfaces/lib/libchapt4_interfaces__rosidl_typesupport_introspection_cpp.so
[2.748s] -- Up-to-date: /home/zzs/chapt4/chapt4_ws/install/chapt4_interfaces/lib/libchapt4_interfaces__rosidl_typesupport_cpp.so
[2.749s] -- Up-to-date: /home/zzs/chapt4/chapt4_ws/install/chapt4_interfaces/share/chapt4_interfaces/environment/pythonpath.sh
[2.749s] -- Up-to-date: /home/zzs/chapt4/chapt4_ws/install/chapt4_interfaces/share/chapt4_interfaces/environment/pythonpath.dsv
[2.749s] -- Up-to-date: /home/zzs/chapt4/chapt4_ws/install/chapt4_interfaces/lib/python3.12/site-packages/chapt4_interfaces-0.0.0-py3.12.egg-info
[2.749s] -- Installing: /home/zzs/chapt4/chapt4_ws/install/chapt4_interfaces/lib/python3.12/site-packages/chapt4_interfaces-0.0.0-py3.12.egg-info/PKG-INFO
[2.751s] -- Installing: /home/zzs/chapt4/chapt4_ws/install/chapt4_interfaces/lib/python3.12/site-packages/chapt4_interfaces-0.0.0-py3.12.egg-info/SOURCES.txt
[2.752s] -- Installing: /home/zzs/chapt4/chapt4_ws/install/chapt4_interfaces/lib/python3.12/site-packages/chapt4_interfaces-0.0.0-py3.12.egg-info/top_level.txt
[2.752s] -- Installing: /home/zzs/chapt4/chapt4_ws/install/chapt4_interfaces/lib/python3.12/site-packages/chapt4_interfaces-0.0.0-py3.12.egg-info/dependency_links.txt
[2.752s] -- Up-to-date: /home/zzs/chapt4/chapt4_ws/install/chapt4_interfaces/lib/python3.12/site-packages/chapt4_interfaces
[2.752s] -- Up-to-date: /home/zzs/chapt4/chapt4_ws/install/chapt4_interfaces/lib/python3.12/site-packages/chapt4_interfaces/_chapt4_interfaces_s.ep.rosidl_typesupport_fastrtps_c.c
[2.752s] -- Up-to-date: /home/zzs/chapt4/chapt4_ws/install/chapt4_interfaces/lib/python3.12/site-packages/chapt4_interfaces/chapt4_interfaces_s__rosidl_typesupport_fastrtps_c.so
[2.752s] -- Up-to-date: /home/zzs/chapt4/chapt4_ws/install/chapt4_interfaces/lib/python3.12/site-packages/chapt4_interfaces/srv
[2.752s] -- Up-to-date: /home/zzs/chapt4/chapt4_ws/install/chapt4_interfaces/lib/python3.12/site-packages/chapt4_interfaces/srv/_face_detector.py
[2.752s] -- Up-to-date: /home/zzs/chapt4/chapt4_ws/install/chapt4_interfaces/lib/python3.12/site-packages/chapt4_interfaces/srv/__init__.py
[2.752s] -- Up-to-date: /home/zzs/chapt4/chapt4_ws/install/chapt4_interfaces/lib/python3.12/site-packages/chapt4_interfaces/srv/_face_detector_s.c
[2.752s] -- Up-to-date: /home/zzs/chapt4/chapt4_ws/install/chapt4_interfaces/lib/python3.12/site-packages/chapt4_interfaces/chapt4_interfaces_s__rosidl_typesupport_introspection_c.so
[2.752s] -- Up-to-date: /home/zzs/chapt4/chapt4_ws/install/chapt4_interfaces/lib/python3.12/site-packages/chapt4_interfaces/__init__.py
[2.753s] -- Up-to-date: /home/zzs/chapt4/chapt4_ws/install/chapt4_interfaces/lib/python3.12/site-packages/chapt4_interfaces/chapt4_interfaces_s__rosidl_typesupport_c.so
[2.753s] -- Up-to-date: /home/zzs/chapt4/chapt4_ws/install/chapt4_interfaces/lib/python3.12/site-packages/chapt4_interfaces/_chapt4_interfaces_s.ep.rosidl_typesupport_introspection_c.c
[2.753s] -- Up-to-date: /home/zzs/chapt4/chapt4_ws/install/chapt4_interfaces/lib/python3.12/site-packages/chapt4_interfaces/_chapt4_interfaces_s.ep.rosidl_typesupport_c.c
[2.809s] Listing '/home/zzs/chapt4/chapt4_ws/install/chapt4_interfaces/lib/python3.12/site-packages/chapt4_interfaces'...
[2.810s] Listing '/home/zzs/chapt4/chapt4_ws/install/chapt4_interfaces/lib/python3.12/site-packages/chapt4_interfaces/srv'...
[2.818s] -- Up-to-date: /home/zzs/chapt4/chapt4_ws/install/chapt4_interfaces/lib/python3.12/site-packages/chapt4_interfaces/chapt4_interfaces_s__rosidl_typesupport_fastrtps_c.so
[2.822s] -- Up-to-date: /home/zzs/chapt4/chapt4_ws/install/chapt4_interfaces/lib/python3.12/site-packages/chapt4_interfaces/chapt4_interfaces_s__rosidl_typesupport_introspection_c.so
[2.823s] -- Up-to-date: /home/zzs/chapt4/chapt4_ws/install/chapt4_interfaces/lib/python3.12/site-packages/chapt4_interfaces/chapt4_interfaces_s__rosidl_typesupport_c.so
[2.824s] -- Up-to-date: /home/zzs/chapt4/chapt4_ws/install/chapt4_interfaces/lib/libchapt4_interfaces__rosidl_generator_py.so
[2.824s] -- Up-to-date: /home/zzs/chapt4/chapt4_ws/install/chapt4_interfaces/share/ament_index/resource_index/rust_packages/chapt4_interfaces
[2.824s] -- Up-to-date: /home/zzs/chapt4/chapt4_ws/install/chapt4_interfaces/share/chapt4_interfaces/rust
[2.824s] -- Up-to-date: /home/zzs/chapt4/chapt4_ws/install/chapt4_interfaces/share/chapt4_interfaces/rust/src
[2.827s] -- Up-to-date: /home/zzs/chapt4/chapt4_ws/install/chapt4_interfaces/share/chapt4_interfaces/rust/src/lib.rs
[2.827s] -- Up-to-date: /home/zzs/chapt4/chapt4_ws/install/chapt4_interfaces/share/chapt4_interfaces/rust/src/srv
[2.828s] -- Up-to-date: /home/zzs/chapt4/chapt4_ws/install/chapt4_interfaces/share/chapt4_interfaces/rust/src/srv/rmw.rs
[2.829s] -- Up-to-date: /home/zzs/chapt4/chapt4_ws/install/chapt4_interfaces/share/chapt4_interfaces/rust/src/srv.rs
[2.829s] -- Up-to-date: /home/zzs/chapt4/chapt4_ws/install/chapt4_interfaces/share/chapt4_interfaces/rust/build.rs
[2.829s] -- Up-to-date: /home/zzs/chapt4/chapt4_ws/install/chapt4_interfaces/share/chapt4_interfaces/rust/Cargo.toml
[2.829s] -- Up-to-date: /home/zzs/chapt4/chapt4_ws/install/chapt4_interfaces/share/chapt4_interfaces/srv/FaceDetector.idl
[2.834s] -- Up-to-date: /home/zzs/chapt4/chapt4_ws/install/chapt4_interfaces/share/chapt4_interfaces/srv/FaceDetector.srv
[2.834s] -- Up-to-date: /home/zzs/chapt4/chapt4_ws/install/chapt4_interfaces/share/ament_index/resource_index/package_run_dependencies/chapt4_interfaces
[2.834s] -- Up-to-date: /home/zzs/chapt4/chapt4_ws/install/chapt4_interfaces/share/ament_index/resource_index/parent_prefix_path/chapt4_interfaces
[2.834s] -- Up-to-date: /home/zzs/chapt4/chapt4_ws/install/chapt4_interfaces/share/chapt4_interfaces/environment/ament_prefix_path.sh
[2.837s] -- Up-to-date: /home/zzs/chapt4/chapt4_ws/install/chapt4_interfaces/share/chapt4_interfaces/environment/ament_prefix_path.dsv
[2.837s] -- Up-to-date: /home/zzs/chapt4/chapt4_ws/install/chapt4_interfaces/share/chapt4_interfaces/environment/path.sh
[2.837s] -- Up-to-date: /home/zzs/chapt4/chapt4_ws/install/chapt4_interfaces/share/chapt4_interfaces/environment/path.dsv
[2.837s] -- Up-to-date: /home/zzs/chapt4/chapt4_ws/install/chapt4_interfaces/share/chapt4_interfaces/local_setup.bash
[2.837s] -- Up-to-date: /home/zzs/chapt4/chapt4_ws/install/chapt4_interfaces/share/chapt4_interfaces/local_setup.sh
[2.837s] -- Up-to-date: /home/zzs/chapt4/chapt4_ws/install/chapt4_interfaces/share/chapt4_interfaces/local_setup.zsh
[2.837s] -- Up-to-date: /home/zzs/chapt4/chapt4_ws/install/chapt4_interfaces/share/chapt4_interfaces/local_setup.dsv
[2.837s] -- Installing: /home/zzs/chapt4/chapt4_ws/install/chapt4_interfaces/share/chapt4_interfaces/package.dsv
[2.837s] -- Up-to-date: /home/zzs/chapt4/chapt4_ws/install/chapt4_interfaces/share/ament_index/resource_index/packages/chapt4_interfaces
[2.841s] -- Up-to-date: /home/zzs/chapt4/chapt4_ws/install/chapt4_interfaces/share/chapt4_interfaces/cmake/export_chapt4_interfaces__rosidl_generator_cExport.cmake
[2.842s] -- Up-to-date: /home/zzs/chapt4/chapt4_ws/install/chapt4_interfaces/share/chapt4_interfaces/cmake/export_chapt4_interfaces__rosidl_generator_cExport-noconfig.cmake
[2.844s] -- Up-to-date: /home/zzs/chapt4/chapt4_ws/install/chapt4_interfaces/share/chapt4_interfaces/cmake/export_chapt4_interfaces__rosidl_typesupport_fastrtps_cExport.cmake
[2.844s] -- Up-to-date: /home/zzs/chapt4/chapt4_ws/install/chapt4_interfaces/share/chapt4_interfaces/cmake/export_chapt4_interfaces__rosidl_typesupport_fastrtps_cExport-noconfig.cmake
[2.844s] -- Up-to-date: /home/zzs/chapt4/chapt4_ws/install/chapt4_interfaces/share/chapt4_interfaces/cmake/export_chapt4_interfaces__rosidl_generator_cppExport.cmake
[2.844s] -- Up-to-date: /home/zzs/chapt4/chapt4_ws/install/chapt4_interfaces/share/chapt4_interfaces/cmake/export_chapt4_interfaces__rosidl_typesupport_fastrtps_cppExport.cmake
[2.844s] -- Up-to-date: /home/zzs/chapt4/chapt4_ws/install/chapt4_interfaces/share/chapt4_interfaces/cmake/export_chapt4_interfaces__rosidl_typesupport_fastrtps_cppExport-noconfig.cmake
[2.845s] -- Up-to-date: /home/zzs/chapt4/chapt4_ws/install/chapt4_interfaces/share/chapt4_interfaces/cmake/chapt4_interfaces__rosidl_typesupport_introspection_cExport.cmake
[2.845s] -- Up-to-date: /home/zzs/chapt4/chapt4_ws/install/chapt4_interfaces/share/chapt4_interfaces/cmake/chapt4_interfaces__rosidl_typesupport_introspection_cExport-noconfig.cmake
[2.845s] -- Up-to-date: /home/zzs/chapt4/chapt4_ws/install/chapt4_interfaces/share/chapt4_interfaces/cmake/chapt4_interfaces__rosidl_typesupport_cExport.cmake
[2.845s] -- Up-to-date: /home/zzs/chapt4/chapt4_ws/install/chapt4_interfaces/share/chapt4_interfaces/cmake/chapt4_interfaces__rosidl_typesupport_cExport-noconfig.cmake
[2.846s] -- Up-to-date: /home/zzs/chapt4/chapt4_ws/install/chapt4_interfaces/share/chapt4_interfaces/cmake/chapt4_interfaces__rosidl_typesupport_introspection_cppExport.cmake
[2.846s] -- Up-to-date: /home/zzs/chapt4/chapt4_ws/install/chapt4_interfaces/share/chapt4_interfaces/cmake/chapt4_interfaces__rosidl_typesupport_introspection_cppExport-noconfig.cmake
[2.847s] -- Up-to-date: /home/zzs/chapt4/chapt4_ws/install/chapt4_interfaces/share/chapt4_interfaces/cmake/chapt4_interfaces__rosidl_typesupport_cppExport.cmake
[2.847s] -- Up-to-date: /home/zzs/chapt4/chapt4_ws/install/chapt4_interfaces/share/chapt4_interfaces/cmake/chapt4_interfaces__rosidl_typesupport_cppExport-noconfig.cmake
[2.848s] -- Up-to-date: /home/zzs/chapt4/chapt4_ws/install/chapt4_interfaces/share/chapt4_interfaces/cmake/export_chapt4_interfaces__rosidl_generator_pyExport.cmake
[2.848s] -- Up-to-date: /home/zzs/chapt4/chapt4_ws/install/chapt4_interfaces/share/chapt4_interfaces/cmake/export_chapt4_interfaces__rosidl_generator_pyExport-noconfig.cmake
[2.848s] -- Up-to-date: /home/zzs/chapt4/chapt4_ws/install/chapt4_interfaces/share/chapt4_interfaces/cmake/rosidl_cmake-extras.cmake
[2.848s] -- Up-to-date: /home/zzs/chapt4/chapt4_ws/install/chapt4_interfaces/share/chapt4_interfaces/cmake/ament_cmake_export_dependencies-extras.cmake
[2.848s] -- Up-to-date: /home/zzs/chapt4/chapt4_ws/install/chapt4_interfaces/share/chapt4_interfaces/cmake/ament_cmake_export_include_directories-extras.cmake
[2.848s] -- Up-to-date: /home/zzs/chapt4/chapt4_ws/install/chapt4_interfaces/share/chapt4_interfaces/cmake/ament_cmake_export_libraries-extras.cmake
[2.850s] -- Up-to-date: /home/zzs/chapt4/chapt4_ws/install/chapt4_interfaces/share/chapt4_interfaces/cmake/ament_cmake_export_targets-extras.cmake
[2.851s] -- Up-to-date: /home/zzs/chapt4/chapt4_ws/install/chapt4_interfaces/share/chapt4_interfaces/cmake/rosidl_cmake_export_typesupport_targets-extras.cmake
[2.851s] -- Up-to-date: /home/zzs/chapt4/chapt4_ws/install/chapt4_interfaces/share/chapt4_interfaces/cmake/rosidl_cmake_export_typesupport_libraries-extras.cmake
[2.851s] -- Up-to-date: /home/zzs/chapt4/chapt4_ws/install/chapt4_interfaces/share/chapt4_interfaces/cmake/rosidl_cmake_aggregate_target-extras.cmake
[2.851s] -- Up-to-date: /home/zzs/chapt4/chapt4_ws/install/chapt4_interfaces/share/chapt4_interfaces/cmake/chapt4_interfacesConfig.cmake
[2.851s] -- Up-to-date: /home/zzs/chapt4/chapt4_ws/install/chapt4_interfaces/share/chapt4_interfaces/cmake/chapt4_interfacesConfig-version.cmake
[2.851s] -- Up-to-date: /home/zzs/chapt4/chapt4_ws/install/chapt4_interfaces/share/chapt4_interfaces/package.xml
[2.853s] Invoked command in '/home/zzs/chapt4/chapt4_ws/build/chapt4_interfaces' returned '0': CMAKE_PREFIX_PATH=${CMAKE_PREFIX_PATH}:/opt/ros/jazzy DEBUGINFOD_URLS=https://debuginfod.ubuntu.com /usr/bin/cmake --install /home/zzs/chapt4/chapt4_ws/build/chapt4_interfaces
