running egg_info
creating ../../build/demo_cpp_topic/demo_cpp_topic.egg-info
writing ../../build/demo_cpp_topic/demo_cpp_topic.egg-info/PKG-INFO
writing dependency_links to ../../build/demo_cpp_topic/demo_cpp_topic.egg-info/dependency_links.txt
writing entry points to ../../build/demo_cpp_topic/demo_cpp_topic.egg-info/entry_points.txt
writing requirements to ../../build/demo_cpp_topic/demo_cpp_topic.egg-info/requires.txt
writing top-level names to ../../build/demo_cpp_topic/demo_cpp_topic.egg-info/top_level.txt
writing manifest file '../../build/demo_cpp_topic/demo_cpp_topic.egg-info/SOURCES.txt'
reading manifest file '../../build/demo_cpp_topic/demo_cpp_topic.egg-info/SOURCES.txt'
adding license file 'LICENSE'
writing manifest file '../../build/demo_cpp_topic/demo_cpp_topic.egg-info/SOURCES.txt'
running build
running build_py
creating /home/zzs/chapt3/topic_ws/build/demo_cpp_topic/build
creating /home/zzs/chapt3/topic_ws/build/demo_cpp_topic/build/lib
creating /home/zzs/chapt3/topic_ws/build/demo_cpp_topic/build/lib/demo_cpp_topic
copying demo_cpp_topic/turtle_circle.py -> /home/zzs/chapt3/topic_ws/build/demo_cpp_topic/build/lib/demo_cpp_topic
copying demo_cpp_topic/__init__.py -> /home/zzs/chapt3/topic_ws/build/demo_cpp_topic/build/lib/demo_cpp_topic
running install
running install_lib
creating /home/zzs/chapt3/topic_ws/install/demo_cpp_topic/lib/python3.12/site-packages/demo_cpp_topic
copying /home/zzs/chapt3/topic_ws/build/demo_cpp_topic/build/lib/demo_cpp_topic/turtle_circle.py -> /home/zzs/chapt3/topic_ws/install/demo_cpp_topic/lib/python3.12/site-packages/demo_cpp_topic
copying /home/zzs/chapt3/topic_ws/build/demo_cpp_topic/build/lib/demo_cpp_topic/__init__.py -> /home/zzs/chapt3/topic_ws/install/demo_cpp_topic/lib/python3.12/site-packages/demo_cpp_topic
byte-compiling /home/zzs/chapt3/topic_ws/install/demo_cpp_topic/lib/python3.12/site-packages/demo_cpp_topic/turtle_circle.py to turtle_circle.cpython-312.pyc
byte-compiling /home/zzs/chapt3/topic_ws/install/demo_cpp_topic/lib/python3.12/site-packages/demo_cpp_topic/__init__.py to __init__.cpython-312.pyc
running install_data
creating /home/zzs/chapt3/topic_ws/install/demo_cpp_topic/share/ament_index
creating /home/zzs/chapt3/topic_ws/install/demo_cpp_topic/share/ament_index/resource_index
creating /home/zzs/chapt3/topic_ws/install/demo_cpp_topic/share/ament_index/resource_index/packages
copying resource/demo_cpp_topic -> /home/zzs/chapt3/topic_ws/install/demo_cpp_topic/share/ament_index/resource_index/packages
copying package.xml -> /home/zzs/chapt3/topic_ws/install/demo_cpp_topic/share/demo_cpp_topic
running install_egg_info
Copying ../../build/demo_cpp_topic/demo_cpp_topic.egg-info to /home/zzs/chapt3/topic_ws/install/demo_cpp_topic/lib/python3.12/site-packages/demo_cpp_topic-0.0.0-py3.12.egg-info
running install_scripts
Installing turtle_circle script to /home/zzs/chapt3/topic_ws/install/demo_cpp_topic/lib/demo_cpp_topic
writing list of installed files to '/home/zzs/chapt3/topic_ws/build/demo_cpp_topic/install.log'
