[1.384s] Invoking command in '/home/zzs/chapt5/chapt5_ws/src/demo_python_tf': DEBUGINFOD_URLS=https://debuginfod.ubuntu.com PYTHONPATH=/home/zzs/chapt5/chapt5_ws/build/demo_python_tf/prefix_override:/usr/lib/python3/dist-packages/colcon_core/task/python/colcon_distutils_commands:/home/zzs/chapt5/chapt5_ws/install/demo_python_tf/lib/python3.12/site-packages:${PYTHONPATH} /usr/bin/python3 -W ignore:setup.py install is deprecated -W ignore:easy_install command is deprecated setup.py egg_info --egg-base ../../build/demo_python_tf build --build-base /home/zzs/chapt5/chapt5_ws/build/demo_python_tf/build install --record /home/zzs/chapt5/chapt5_ws/build/demo_python_tf/install.log --install-scripts $base/lib/demo_python_tf --single-version-externally-managed install_data
[1.669s] running egg_info
[1.693s] writing ../../build/demo_python_tf/demo_python_tf.egg-info/PKG-INFO
[1.694s] writing dependency_links to ../../build/demo_python_tf/demo_python_tf.egg-info/dependency_links.txt
[1.694s] writing entry points to ../../build/demo_python_tf/demo_python_tf.egg-info/entry_points.txt
[1.696s] writing requirements to ../../build/demo_python_tf/demo_python_tf.egg-info/requires.txt
[1.696s] writing top-level names to ../../build/demo_python_tf/demo_python_tf.egg-info/top_level.txt
[1.736s] reading manifest file '../../build/demo_python_tf/demo_python_tf.egg-info/SOURCES.txt'
[1.737s] adding license file 'LICENSE'
[1.738s] writing manifest file '../../build/demo_python_tf/demo_python_tf.egg-info/SOURCES.txt'
[1.738s] running build
[1.739s] running build_py
[1.739s] copying demo_python_tf/dynamic_tf_broadcaster.py -> /home/zzs/chapt5/chapt5_ws/build/demo_python_tf/build/lib/demo_python_tf
[1.740s] running install
[1.747s] running install_lib
[1.771s] copying /home/zzs/chapt5/chapt5_ws/build/demo_python_tf/build/lib/demo_python_tf/dynamic_tf_broadcaster.py -> /home/zzs/chapt5/chapt5_ws/install/demo_python_tf/lib/python3.12/site-packages/demo_python_tf
[1.772s] byte-compiling /home/zzs/chapt5/chapt5_ws/install/demo_python_tf/lib/python3.12/site-packages/demo_python_tf/dynamic_tf_broadcaster.py to dynamic_tf_broadcaster.cpython-312.pyc
[1.774s] running install_data
[1.775s] running install_egg_info
[1.812s] removing '/home/zzs/chapt5/chapt5_ws/install/demo_python_tf/lib/python3.12/site-packages/demo_python_tf-0.0.0-py3.12.egg-info' (and everything under it)
[1.816s] Copying ../../build/demo_python_tf/demo_python_tf.egg-info to /home/zzs/chapt5/chapt5_ws/install/demo_python_tf/lib/python3.12/site-packages/demo_python_tf-0.0.0-py3.12.egg-info
[1.824s] running install_scripts
[1.998s] Installing dynamic_tf_broadcaster script to /home/zzs/chapt5/chapt5_ws/install/demo_python_tf/lib/demo_python_tf
[1.999s] Installing static_tf_broadcaster script to /home/zzs/chapt5/chapt5_ws/install/demo_python_tf/lib/demo_python_tf
[2.000s] writing list of installed files to '/home/zzs/chapt5/chapt5_ws/build/demo_python_tf/install.log'
[2.038s] Invoked command in '/home/zzs/chapt5/chapt5_ws/src/demo_python_tf' returned '0': DEBUGINFOD_URLS=https://debuginfod.ubuntu.com PYTHONPATH=/home/zzs/chapt5/chapt5_ws/build/demo_python_tf/prefix_override:/usr/lib/python3/dist-packages/colcon_core/task/python/colcon_distutils_commands:/home/zzs/chapt5/chapt5_ws/install/demo_python_tf/lib/python3.12/site-packages:${PYTHONPATH} /usr/bin/python3 -W ignore:setup.py install is deprecated -W ignore:easy_install command is deprecated setup.py egg_info --egg-base ../../build/demo_python_tf build --build-base /home/zzs/chapt5/chapt5_ws/build/demo_python_tf/build install --record /home/zzs/chapt5/chapt5_ws/build/demo_python_tf/install.log --install-scripts $base/lib/demo_python_tf --single-version-externally-managed install_data
