[0.900s] Invoking command in '/home/zzs/chaptmy/chapt_ws/src/turtle_my_service': DEBUGINFOD_URLS=https://debuginfod.ubuntu.com PYTHONPATH=/home/zzs/chaptmy/chapt_ws/build/turtle_my_service/prefix_override:/usr/lib/python3/dist-packages/colcon_core/task/python/colcon_distutils_commands:/home/zzs/chaptmy/chapt_ws/install/turtle_my_service/lib/python3.12/site-packages:/home/zzs/chaptmy/chapt_ws/install/turtle_my_interfaces/lib/python3.12/site-packages:/home/zzs/chaptmy/chapt_ws/install/turtle_my_service/lib/python3.12/site-packages:/opt/ros/jazzy/lib/python3.12/site-packages /usr/bin/python3 -W ignore:setup.py install is deprecated -W ignore:easy_install command is deprecated setup.py egg_info --egg-base ../../build/turtle_my_service build --build-base /home/zzs/chaptmy/chapt_ws/build/turtle_my_service/build install --record /home/zzs/chaptmy/chapt_ws/build/turtle_my_service/install.log --install-scripts $base/lib/turtle_my_service --single-version-externally-managed install_data
[1.191s] running egg_info
[1.226s] writing ../../build/turtle_my_service/turtle_my_service.egg-info/PKG-INFO
[1.227s] writing dependency_links to ../../build/turtle_my_service/turtle_my_service.egg-info/dependency_links.txt
[1.227s] writing entry points to ../../build/turtle_my_service/turtle_my_service.egg-info/entry_points.txt
[1.228s] writing requirements to ../../build/turtle_my_service/turtle_my_service.egg-info/requires.txt
[1.228s] writing top-level names to ../../build/turtle_my_service/turtle_my_service.egg-info/top_level.txt
[1.269s] reading manifest file '../../build/turtle_my_service/turtle_my_service.egg-info/SOURCES.txt'
[1.270s] adding license file 'LICENSE'
[1.270s] writing manifest file '../../build/turtle_my_service/turtle_my_service.egg-info/SOURCES.txt'
[1.270s] running build
[1.270s] running build_py
[1.271s] running install
[1.277s] running install_lib
[1.295s] running install_data
[1.296s] running install_egg_info
[1.316s] removing '/home/zzs/chaptmy/chapt_ws/install/turtle_my_service/lib/python3.12/site-packages/turtle_my_service-0.0.0-py3.12.egg-info' (and everything under it)
[1.316s] Copying ../../build/turtle_my_service/turtle_my_service.egg-info to /home/zzs/chaptmy/chapt_ws/install/turtle_my_service/lib/python3.12/site-packages/turtle_my_service-0.0.0-py3.12.egg-info
[1.317s] running install_scripts
[1.487s] Installing turtle_my_client script to /home/zzs/chaptmy/chapt_ws/install/turtle_my_service/lib/turtle_my_service
[1.488s] Installing turtle_my_service script to /home/zzs/chaptmy/chapt_ws/install/turtle_my_service/lib/turtle_my_service
[1.489s] writing list of installed files to '/home/zzs/chaptmy/chapt_ws/build/turtle_my_service/install.log'
[1.537s] Invoked command in '/home/zzs/chaptmy/chapt_ws/src/turtle_my_service' returned '0': DEBUGINFOD_URLS=https://debuginfod.ubuntu.com PYTHONPATH=/home/zzs/chaptmy/chapt_ws/build/turtle_my_service/prefix_override:/usr/lib/python3/dist-packages/colcon_core/task/python/colcon_distutils_commands:/home/zzs/chaptmy/chapt_ws/install/turtle_my_service/lib/python3.12/site-packages:/home/zzs/chaptmy/chapt_ws/install/turtle_my_interfaces/lib/python3.12/site-packages:/home/zzs/chaptmy/chapt_ws/install/turtle_my_service/lib/python3.12/site-packages:/opt/ros/jazzy/lib/python3.12/site-packages /usr/bin/python3 -W ignore:setup.py install is deprecated -W ignore:easy_install command is deprecated setup.py egg_info --egg-base ../../build/turtle_my_service build --build-base /home/zzs/chaptmy/chapt_ws/build/turtle_my_service/build install --record /home/zzs/chaptmy/chapt_ws/build/turtle_my_service/install.log --install-scripts $base/lib/turtle_my_service --single-version-externally-managed install_data
