[1.237s] DEBUG:colcon:Command line arguments: ['/usr/bin/colcon', 'build']
[1.238s] DEBUG:colcon:Parsed command line arguments: Namespace(log_base=None, log_level=None, verb_name='build', build_base='build', install_base='install', merge_install=False, symlink_install=False, test_result_base=None, continue_on_error=False, executor='parallel', parallel_workers=2, event_handlers=None, ignore_user_meta=False, metas=['./colcon.meta'], base_paths=['.'], packages_ignore=None, packages_ignore_regex=None, paths=None, packages_up_to=None, packages_up_to_regex=None, packages_above=None, packages_above_and_dependencies=None, packages_above_depth=None, packages_select_by_dep=None, packages_skip_by_dep=None, packages_skip_up_to=None, packages_select_build_failed=False, packages_skip_build_finished=False, packages_select_test_failures=False, packages_skip_test_passed=False, packages_select=None, packages_skip=None, packages_select_regex=None, packages_skip_regex=None, packages_start=None, packages_end=None, allow_overriding=[], cmake_args=None, cmake_target=None, cmake_target_skip_unavailable=False, cmake_clean_cache=False, cmake_clean_first=False, cmake_force_configure=False, ament_cmake_args=None, catkin_cmake_args=None, catkin_skip_building_tests=False, verb_parser=<colcon_defaults.argument_parser.defaults.DefaultArgumentsDecorator object at 0x73f6b6061880>, verb_extension=<colcon_core.verb.build.BuildVerb object at 0x73f6b61ac4a0>, main=<bound method BuildVerb.main of <colcon_core.verb.build.BuildVerb object at 0x73f6b61ac4a0>>)
[1.387s] Level 1:colcon.colcon_core.package_discovery:discover_packages(colcon_meta) check parameters
[1.387s] Level 1:colcon.colcon_core.package_discovery:discover_packages(recursive) check parameters
[1.387s] Level 1:colcon.colcon_core.package_discovery:discover_packages(ignore) check parameters
[1.387s] Level 1:colcon.colcon_core.package_discovery:discover_packages(path) check parameters
[1.387s] Level 1:colcon.colcon_core.package_discovery:discover_packages(colcon_meta) discover
[1.387s] Level 1:colcon.colcon_core.package_discovery:discover_packages(recursive) discover
[1.387s] INFO:colcon.colcon_core.package_discovery:Crawling recursively for packages in '/home/zzs/chaptmy/chapt_ws'
[1.387s] Level 1:colcon.colcon_core.package_identification:_identify(.) by extensions ['ignore', 'ignore_ament_install']
[1.387s] Level 1:colcon.colcon_core.package_identification:_identify(.) by extension 'ignore'
[1.388s] Level 1:colcon.colcon_core.package_identification:_identify(.) by extension 'ignore_ament_install'
[1.388s] Level 1:colcon.colcon_core.package_identification:_identify(.) by extensions ['colcon_pkg']
[1.388s] Level 1:colcon.colcon_core.package_identification:_identify(.) by extension 'colcon_pkg'
[1.388s] Level 1:colcon.colcon_core.package_identification:_identify(.) by extensions ['colcon_meta']
[1.388s] Level 1:colcon.colcon_core.package_identification:_identify(.) by extension 'colcon_meta'
[1.388s] Level 1:colcon.colcon_core.package_identification:_identify(.) by extensions ['ros']
[1.388s] Level 1:colcon.colcon_core.package_identification:_identify(.) by extension 'ros'
[1.434s] Level 1:colcon.colcon_core.package_identification:_identify(.) by extensions ['cmake', 'python']
[1.434s] Level 1:colcon.colcon_core.package_identification:_identify(.) by extension 'cmake'
[1.434s] Level 1:colcon.colcon_core.package_identification:_identify(.) by extension 'python'
[1.434s] Level 1:colcon.colcon_core.package_identification:_identify(.) by extensions ['python_setup_py']
[1.434s] Level 1:colcon.colcon_core.package_identification:_identify(.) by extension 'python_setup_py'
[1.434s] Level 1:colcon.colcon_core.package_identification:_identify(build) by extensions ['ignore', 'ignore_ament_install']
[1.435s] Level 1:colcon.colcon_core.package_identification:_identify(build) by extension 'ignore'
[1.435s] Level 1:colcon.colcon_core.package_identification:_identify(build) ignored
[1.435s] Level 1:colcon.colcon_core.package_identification:_identify(install) by extensions ['ignore', 'ignore_ament_install']
[1.435s] Level 1:colcon.colcon_core.package_identification:_identify(install) by extension 'ignore'
[1.435s] Level 1:colcon.colcon_core.package_identification:_identify(install) ignored
[1.435s] Level 1:colcon.colcon_core.package_identification:_identify(log) by extensions ['ignore', 'ignore_ament_install']
[1.435s] Level 1:colcon.colcon_core.package_identification:_identify(log) by extension 'ignore'
[1.435s] Level 1:colcon.colcon_core.package_identification:_identify(log) ignored
[1.436s] Level 1:colcon.colcon_core.package_identification:_identify(src) by extensions ['ignore', 'ignore_ament_install']
[1.436s] Level 1:colcon.colcon_core.package_identification:_identify(src) by extension 'ignore'
[1.436s] Level 1:colcon.colcon_core.package_identification:_identify(src) by extension 'ignore_ament_install'
[1.436s] Level 1:colcon.colcon_core.package_identification:_identify(src) by extensions ['colcon_pkg']
[1.436s] Level 1:colcon.colcon_core.package_identification:_identify(src) by extension 'colcon_pkg'
[1.436s] Level 1:colcon.colcon_core.package_identification:_identify(src) by extensions ['colcon_meta']
[1.436s] Level 1:colcon.colcon_core.package_identification:_identify(src) by extension 'colcon_meta'
[1.436s] Level 1:colcon.colcon_core.package_identification:_identify(src) by extensions ['ros']
[1.436s] Level 1:colcon.colcon_core.package_identification:_identify(src) by extension 'ros'
[1.437s] Level 1:colcon.colcon_core.package_identification:_identify(src) by extensions ['cmake', 'python']
[1.437s] Level 1:colcon.colcon_core.package_identification:_identify(src) by extension 'cmake'
[1.437s] Level 1:colcon.colcon_core.package_identification:_identify(src) by extension 'python'
[1.437s] Level 1:colcon.colcon_core.package_identification:_identify(src) by extensions ['python_setup_py']
[1.437s] Level 1:colcon.colcon_core.package_identification:_identify(src) by extension 'python_setup_py'
[1.437s] Level 1:colcon.colcon_core.package_identification:_identify(src/turtle_my_interfaces) by extensions ['ignore', 'ignore_ament_install']
[1.437s] Level 1:colcon.colcon_core.package_identification:_identify(src/turtle_my_interfaces) by extension 'ignore'
[1.437s] Level 1:colcon.colcon_core.package_identification:_identify(src/turtle_my_interfaces) by extension 'ignore_ament_install'
[1.438s] Level 1:colcon.colcon_core.package_identification:_identify(src/turtle_my_interfaces) by extensions ['colcon_pkg']
[1.438s] Level 1:colcon.colcon_core.package_identification:_identify(src/turtle_my_interfaces) by extension 'colcon_pkg'
[1.438s] Level 1:colcon.colcon_core.package_identification:_identify(src/turtle_my_interfaces) by extensions ['colcon_meta']
[1.438s] Level 1:colcon.colcon_core.package_identification:_identify(src/turtle_my_interfaces) by extension 'colcon_meta'
[1.438s] Level 1:colcon.colcon_core.package_identification:_identify(src/turtle_my_interfaces) by extensions ['ros']
[1.438s] Level 1:colcon.colcon_core.package_identification:_identify(src/turtle_my_interfaces) by extension 'ros'
[1.446s] DEBUG:colcon.colcon_core.package_identification:Package 'src/turtle_my_interfaces' with type 'ros.ament_cmake' and name 'turtle_my_interfaces'
[1.449s] Level 1:colcon.colcon_core.package_identification:_identify(src/turtle_my_service) by extensions ['ignore', 'ignore_ament_install']
[1.449s] Level 1:colcon.colcon_core.package_identification:_identify(src/turtle_my_service) by extension 'ignore'
[1.449s] Level 1:colcon.colcon_core.package_identification:_identify(src/turtle_my_service) by extension 'ignore_ament_install'
[1.449s] Level 1:colcon.colcon_core.package_identification:_identify(src/turtle_my_service) by extensions ['colcon_pkg']
[1.449s] Level 1:colcon.colcon_core.package_identification:_identify(src/turtle_my_service) by extension 'colcon_pkg'
[1.449s] Level 1:colcon.colcon_core.package_identification:_identify(src/turtle_my_service) by extensions ['colcon_meta']
[1.449s] Level 1:colcon.colcon_core.package_identification:_identify(src/turtle_my_service) by extension 'colcon_meta'
[1.449s] Level 1:colcon.colcon_core.package_identification:_identify(src/turtle_my_service) by extensions ['ros']
[1.449s] Level 1:colcon.colcon_core.package_identification:_identify(src/turtle_my_service) by extension 'ros'
[1.450s] DEBUG:colcon.colcon_core.package_identification:Package 'src/turtle_my_service' with type 'ros.ament_python' and name 'turtle_my_service'
[1.450s] Level 1:colcon.colcon_core.package_discovery:discover_packages(recursive) using defaults
[1.450s] Level 1:colcon.colcon_core.package_discovery:discover_packages(ignore) discover
[1.451s] Level 1:colcon.colcon_core.package_discovery:discover_packages(ignore) using defaults
[1.451s] Level 1:colcon.colcon_core.package_discovery:discover_packages(path) discover
[1.451s] Level 1:colcon.colcon_core.package_discovery:discover_packages(path) using defaults
[1.503s] Level 1:colcon.colcon_core.package_discovery:discover_packages(prefix_path) check parameters
[1.503s] Level 1:colcon.colcon_core.package_discovery:discover_packages(prefix_path) discover
[1.514s] DEBUG:colcon.colcon_installed_package_information.package_discovery:Found 287 installed packages in /opt/ros/jazzy
[1.516s] Level 1:colcon.colcon_core.package_discovery:discover_packages(prefix_path) using defaults
[1.653s] Level 5:colcon.colcon_core.verb:set package 'turtle_my_interfaces' build argument 'cmake_args' from command line to 'None'
[1.653s] Level 5:colcon.colcon_core.verb:set package 'turtle_my_interfaces' build argument 'cmake_target' from command line to 'None'
[1.653s] Level 5:colcon.colcon_core.verb:set package 'turtle_my_interfaces' build argument 'cmake_target_skip_unavailable' from command line to 'False'
[1.653s] Level 5:colcon.colcon_core.verb:set package 'turtle_my_interfaces' build argument 'cmake_clean_cache' from command line to 'False'
[1.653s] Level 5:colcon.colcon_core.verb:set package 'turtle_my_interfaces' build argument 'cmake_clean_first' from command line to 'False'
[1.653s] Level 5:colcon.colcon_core.verb:set package 'turtle_my_interfaces' build argument 'cmake_force_configure' from command line to 'False'
[1.653s] Level 5:colcon.colcon_core.verb:set package 'turtle_my_interfaces' build argument 'ament_cmake_args' from command line to 'None'
[1.653s] Level 5:colcon.colcon_core.verb:set package 'turtle_my_interfaces' build argument 'catkin_cmake_args' from command line to 'None'
[1.653s] Level 5:colcon.colcon_core.verb:set package 'turtle_my_interfaces' build argument 'catkin_skip_building_tests' from command line to 'False'
[1.653s] DEBUG:colcon.colcon_core.verb:Building package 'turtle_my_interfaces' with the following arguments: {'ament_cmake_args': None, 'build_base': '/home/zzs/chaptmy/chapt_ws/build/turtle_my_interfaces', 'catkin_cmake_args': None, 'catkin_skip_building_tests': False, 'cmake_args': None, 'cmake_clean_cache': False, 'cmake_clean_first': False, 'cmake_force_configure': False, 'cmake_target': None, 'cmake_target_skip_unavailable': False, 'install_base': '/home/zzs/chaptmy/chapt_ws/install/turtle_my_interfaces', 'merge_install': False, 'path': '/home/zzs/chaptmy/chapt_ws/src/turtle_my_interfaces', 'symlink_install': False, 'test_result_base': None}
[1.653s] Level 5:colcon.colcon_core.verb:set package 'turtle_my_service' build argument 'cmake_args' from command line to 'None'
[1.653s] Level 5:colcon.colcon_core.verb:set package 'turtle_my_service' build argument 'cmake_target' from command line to 'None'
[1.653s] Level 5:colcon.colcon_core.verb:set package 'turtle_my_service' build argument 'cmake_target_skip_unavailable' from command line to 'False'
[1.653s] Level 5:colcon.colcon_core.verb:set package 'turtle_my_service' build argument 'cmake_clean_cache' from command line to 'False'
[1.653s] Level 5:colcon.colcon_core.verb:set package 'turtle_my_service' build argument 'cmake_clean_first' from command line to 'False'
[1.653s] Level 5:colcon.colcon_core.verb:set package 'turtle_my_service' build argument 'cmake_force_configure' from command line to 'False'
[1.653s] Level 5:colcon.colcon_core.verb:set package 'turtle_my_service' build argument 'ament_cmake_args' from command line to 'None'
[1.653s] Level 5:colcon.colcon_core.verb:set package 'turtle_my_service' build argument 'catkin_cmake_args' from command line to 'None'
[1.653s] Level 5:colcon.colcon_core.verb:set package 'turtle_my_service' build argument 'catkin_skip_building_tests' from command line to 'False'
[1.653s] DEBUG:colcon.colcon_core.verb:Building package 'turtle_my_service' with the following arguments: {'ament_cmake_args': None, 'build_base': '/home/zzs/chaptmy/chapt_ws/build/turtle_my_service', 'catkin_cmake_args': None, 'catkin_skip_building_tests': False, 'cmake_args': None, 'cmake_clean_cache': False, 'cmake_clean_first': False, 'cmake_force_configure': False, 'cmake_target': None, 'cmake_target_skip_unavailable': False, 'install_base': '/home/zzs/chaptmy/chapt_ws/install/turtle_my_service', 'merge_install': False, 'path': '/home/zzs/chaptmy/chapt_ws/src/turtle_my_service', 'symlink_install': False, 'test_result_base': None}
[1.654s] INFO:colcon.colcon_core.executor:Executing jobs using 'parallel' executor
[1.655s] DEBUG:colcon.colcon_parallel_executor.executor.parallel:run_until_complete
[1.655s] INFO:colcon.colcon_ros.task.ament_cmake.build:Building ROS package in '/home/zzs/chaptmy/chapt_ws/src/turtle_my_interfaces' with build type 'ament_cmake'
[1.655s] INFO:colcon.colcon_cmake.task.cmake.build:Building CMake package in '/home/zzs/chaptmy/chapt_ws/src/turtle_my_interfaces'
[1.664s] INFO:colcon.colcon_core.plugin_system:Skipping extension 'colcon_core.shell.bat': Not used on non-Windows systems
[1.664s] INFO:colcon.colcon_core.shell:Skip shell extension 'powershell' for command environment: Not usable outside of PowerShell
[1.664s] DEBUG:colcon.colcon_core.shell:Skip shell extension 'dsv' for command environment
[1.686s] DEBUG:colcon.colcon_core.event_handler.log_command:Invoking command in '/home/zzs/chaptmy/chapt_ws/build/turtle_my_interfaces': CMAKE_PREFIX_PATH=${CMAKE_PREFIX_PATH}:/opt/ros/jazzy DEBUGINFOD_URLS=https://debuginfod.ubuntu.com /usr/bin/cmake --build /home/zzs/chaptmy/chapt_ws/build/turtle_my_interfaces -- -j2 -l2
[3.218s] DEBUG:colcon.colcon_core.event_handler.log_command:Invoked command in '/home/zzs/chaptmy/chapt_ws/build/turtle_my_interfaces' returned '0': CMAKE_PREFIX_PATH=${CMAKE_PREFIX_PATH}:/opt/ros/jazzy DEBUGINFOD_URLS=https://debuginfod.ubuntu.com /usr/bin/cmake --build /home/zzs/chaptmy/chapt_ws/build/turtle_my_interfaces -- -j2 -l2
[3.272s] DEBUG:colcon.colcon_core.event_handler.log_command:Invoking command in '/home/zzs/chaptmy/chapt_ws/build/turtle_my_interfaces': CMAKE_PREFIX_PATH=${CMAKE_PREFIX_PATH}:/opt/ros/jazzy DEBUGINFOD_URLS=https://debuginfod.ubuntu.com /usr/bin/cmake --install /home/zzs/chaptmy/chapt_ws/build/turtle_my_interfaces
[3.458s] Level 1:colcon.colcon_core.environment:create_environment_scripts_only(turtle_my_interfaces)
[3.460s] DEBUG:colcon.colcon_core.event_handler.log_command:Invoked command in '/home/zzs/chaptmy/chapt_ws/build/turtle_my_interfaces' returned '0': CMAKE_PREFIX_PATH=${CMAKE_PREFIX_PATH}:/opt/ros/jazzy DEBUGINFOD_URLS=https://debuginfod.ubuntu.com /usr/bin/cmake --install /home/zzs/chaptmy/chapt_ws/build/turtle_my_interfaces
[3.475s] Level 1:colcon.colcon_core.environment:checking '/home/zzs/chaptmy/chapt_ws/install/turtle_my_interfaces' for CMake module files
[3.476s] Level 1:colcon.colcon_core.environment:checking '/home/zzs/chaptmy/chapt_ws/install/turtle_my_interfaces' for CMake config files
[3.476s] Level 1:colcon.colcon_core.shell:create_environment_hook('turtle_my_interfaces', 'cmake_prefix_path')
[3.476s] INFO:colcon.colcon_core.shell:Creating environment hook '/home/zzs/chaptmy/chapt_ws/install/turtle_my_interfaces/share/turtle_my_interfaces/hook/cmake_prefix_path.ps1'
[3.487s] INFO:colcon.colcon_core.shell:Creating environment descriptor '/home/zzs/chaptmy/chapt_ws/install/turtle_my_interfaces/share/turtle_my_interfaces/hook/cmake_prefix_path.dsv'
[3.492s] INFO:colcon.colcon_core.shell:Creating environment hook '/home/zzs/chaptmy/chapt_ws/install/turtle_my_interfaces/share/turtle_my_interfaces/hook/cmake_prefix_path.sh'
[3.501s] Level 1:colcon.colcon_core.environment:checking '/home/zzs/chaptmy/chapt_ws/install/turtle_my_interfaces/lib'
[3.506s] Level 1:colcon.colcon_core.shell:create_environment_hook('turtle_my_interfaces', 'ld_library_path_lib')
[3.507s] INFO:colcon.colcon_core.shell:Creating environment hook '/home/zzs/chaptmy/chapt_ws/install/turtle_my_interfaces/share/turtle_my_interfaces/hook/ld_library_path_lib.ps1'
[3.510s] INFO:colcon.colcon_core.shell:Creating environment descriptor '/home/zzs/chaptmy/chapt_ws/install/turtle_my_interfaces/share/turtle_my_interfaces/hook/ld_library_path_lib.dsv'
[3.514s] INFO:colcon.colcon_core.shell:Creating environment hook '/home/zzs/chaptmy/chapt_ws/install/turtle_my_interfaces/share/turtle_my_interfaces/hook/ld_library_path_lib.sh'
[3.517s] Level 1:colcon.colcon_core.environment:checking '/home/zzs/chaptmy/chapt_ws/install/turtle_my_interfaces/bin'
[3.517s] Level 1:colcon.colcon_core.environment:checking '/home/zzs/chaptmy/chapt_ws/install/turtle_my_interfaces/lib/pkgconfig/turtle_my_interfaces.pc'
[3.520s] Level 1:colcon.colcon_core.environment:checking '/home/zzs/chaptmy/chapt_ws/install/turtle_my_interfaces/lib/python3.12/site-packages'
[3.520s] Level 1:colcon.colcon_core.shell:create_environment_hook('turtle_my_interfaces', 'pythonpath')
[3.522s] INFO:colcon.colcon_core.shell:Creating environment hook '/home/zzs/chaptmy/chapt_ws/install/turtle_my_interfaces/share/turtle_my_interfaces/hook/pythonpath.ps1'
[3.526s] INFO:colcon.colcon_core.shell:Creating environment descriptor '/home/zzs/chaptmy/chapt_ws/install/turtle_my_interfaces/share/turtle_my_interfaces/hook/pythonpath.dsv'
[3.527s] INFO:colcon.colcon_core.shell:Creating environment hook '/home/zzs/chaptmy/chapt_ws/install/turtle_my_interfaces/share/turtle_my_interfaces/hook/pythonpath.sh'
[3.536s] Level 1:colcon.colcon_core.environment:checking '/home/zzs/chaptmy/chapt_ws/install/turtle_my_interfaces/bin'
[3.536s] INFO:colcon.colcon_core.shell:Creating package script '/home/zzs/chaptmy/chapt_ws/install/turtle_my_interfaces/share/turtle_my_interfaces/package.ps1'
[3.547s] INFO:colcon.colcon_core.shell:Creating package descriptor '/home/zzs/chaptmy/chapt_ws/install/turtle_my_interfaces/share/turtle_my_interfaces/package.dsv'
[3.553s] INFO:colcon.colcon_core.shell:Creating package script '/home/zzs/chaptmy/chapt_ws/install/turtle_my_interfaces/share/turtle_my_interfaces/package.sh'
[3.558s] INFO:colcon.colcon_core.shell:Creating package script '/home/zzs/chaptmy/chapt_ws/install/turtle_my_interfaces/share/turtle_my_interfaces/package.bash'
[3.568s] INFO:colcon.colcon_core.shell:Creating package script '/home/zzs/chaptmy/chapt_ws/install/turtle_my_interfaces/share/turtle_my_interfaces/package.zsh'
[3.576s] Level 1:colcon.colcon_core.environment:create_file_with_runtime_dependencies(/home/zzs/chaptmy/chapt_ws/install/turtle_my_interfaces/share/colcon-core/packages/turtle_my_interfaces)
[3.578s] Level 1:colcon.colcon_core.environment:create_environment_scripts_only(turtle_my_interfaces)
[3.579s] Level 1:colcon.colcon_core.environment:checking '/home/zzs/chaptmy/chapt_ws/install/turtle_my_interfaces' for CMake module files
[3.581s] Level 1:colcon.colcon_core.environment:checking '/home/zzs/chaptmy/chapt_ws/install/turtle_my_interfaces' for CMake config files
[3.584s] Level 1:colcon.colcon_core.shell:create_environment_hook('turtle_my_interfaces', 'cmake_prefix_path')
[3.584s] INFO:colcon.colcon_core.shell:Creating environment hook '/home/zzs/chaptmy/chapt_ws/install/turtle_my_interfaces/share/turtle_my_interfaces/hook/cmake_prefix_path.ps1'
[3.587s] INFO:colcon.colcon_core.shell:Creating environment descriptor '/home/zzs/chaptmy/chapt_ws/install/turtle_my_interfaces/share/turtle_my_interfaces/hook/cmake_prefix_path.dsv'
[3.588s] INFO:colcon.colcon_core.shell:Creating environment hook '/home/zzs/chaptmy/chapt_ws/install/turtle_my_interfaces/share/turtle_my_interfaces/hook/cmake_prefix_path.sh'
[3.589s] Level 1:colcon.colcon_core.environment:checking '/home/zzs/chaptmy/chapt_ws/install/turtle_my_interfaces/lib'
[3.589s] Level 1:colcon.colcon_core.shell:create_environment_hook('turtle_my_interfaces', 'ld_library_path_lib')
[3.591s] INFO:colcon.colcon_core.shell:Creating environment hook '/home/zzs/chaptmy/chapt_ws/install/turtle_my_interfaces/share/turtle_my_interfaces/hook/ld_library_path_lib.ps1'
[3.591s] INFO:colcon.colcon_core.shell:Creating environment descriptor '/home/zzs/chaptmy/chapt_ws/install/turtle_my_interfaces/share/turtle_my_interfaces/hook/ld_library_path_lib.dsv'
[3.594s] INFO:colcon.colcon_core.shell:Creating environment hook '/home/zzs/chaptmy/chapt_ws/install/turtle_my_interfaces/share/turtle_my_interfaces/hook/ld_library_path_lib.sh'
[3.595s] Level 1:colcon.colcon_core.environment:checking '/home/zzs/chaptmy/chapt_ws/install/turtle_my_interfaces/bin'
[3.595s] Level 1:colcon.colcon_core.environment:checking '/home/zzs/chaptmy/chapt_ws/install/turtle_my_interfaces/lib/pkgconfig/turtle_my_interfaces.pc'
[3.595s] Level 1:colcon.colcon_core.environment:checking '/home/zzs/chaptmy/chapt_ws/install/turtle_my_interfaces/lib/python3.12/site-packages'
[3.596s] Level 1:colcon.colcon_core.shell:create_environment_hook('turtle_my_interfaces', 'pythonpath')
[3.598s] INFO:colcon.colcon_core.shell:Creating environment hook '/home/zzs/chaptmy/chapt_ws/install/turtle_my_interfaces/share/turtle_my_interfaces/hook/pythonpath.ps1'
[3.598s] INFO:colcon.colcon_core.shell:Creating environment descriptor '/home/zzs/chaptmy/chapt_ws/install/turtle_my_interfaces/share/turtle_my_interfaces/hook/pythonpath.dsv'
[3.599s] INFO:colcon.colcon_core.shell:Creating environment hook '/home/zzs/chaptmy/chapt_ws/install/turtle_my_interfaces/share/turtle_my_interfaces/hook/pythonpath.sh'
[3.602s] Level 1:colcon.colcon_core.environment:checking '/home/zzs/chaptmy/chapt_ws/install/turtle_my_interfaces/bin'
[3.602s] INFO:colcon.colcon_core.shell:Creating package script '/home/zzs/chaptmy/chapt_ws/install/turtle_my_interfaces/share/turtle_my_interfaces/package.ps1'
[3.606s] INFO:colcon.colcon_core.shell:Creating package descriptor '/home/zzs/chaptmy/chapt_ws/install/turtle_my_interfaces/share/turtle_my_interfaces/package.dsv'
[3.609s] INFO:colcon.colcon_core.shell:Creating package script '/home/zzs/chaptmy/chapt_ws/install/turtle_my_interfaces/share/turtle_my_interfaces/package.sh'
[3.613s] INFO:colcon.colcon_core.shell:Creating package script '/home/zzs/chaptmy/chapt_ws/install/turtle_my_interfaces/share/turtle_my_interfaces/package.bash'
[3.616s] INFO:colcon.colcon_core.shell:Creating package script '/home/zzs/chaptmy/chapt_ws/install/turtle_my_interfaces/share/turtle_my_interfaces/package.zsh'
[3.617s] Level 1:colcon.colcon_core.environment:create_file_with_runtime_dependencies(/home/zzs/chaptmy/chapt_ws/install/turtle_my_interfaces/share/colcon-core/packages/turtle_my_interfaces)
[3.620s] INFO:colcon.colcon_ros.task.ament_python.build:Building ROS package in '/home/zzs/chaptmy/chapt_ws/src/turtle_my_service' with build type 'ament_python'
[3.621s] Level 1:colcon.colcon_core.shell:create_environment_hook('turtle_my_service', 'ament_prefix_path')
[3.624s] INFO:colcon.colcon_core.shell:Creating environment hook '/home/zzs/chaptmy/chapt_ws/install/turtle_my_service/share/turtle_my_service/hook/ament_prefix_path.ps1'
[3.626s] INFO:colcon.colcon_core.shell:Creating environment descriptor '/home/zzs/chaptmy/chapt_ws/install/turtle_my_service/share/turtle_my_service/hook/ament_prefix_path.dsv'
[3.627s] INFO:colcon.colcon_core.shell:Creating environment hook '/home/zzs/chaptmy/chapt_ws/install/turtle_my_service/share/turtle_my_service/hook/ament_prefix_path.sh'
[3.629s] INFO:colcon.colcon_core.shell:Skip shell extension 'powershell' for command environment: Not usable outside of PowerShell
[3.629s] DEBUG:colcon.colcon_core.shell:Skip shell extension 'dsv' for command environment
[4.010s] INFO:colcon.colcon_core.task.python.build:Building Python package in '/home/zzs/chaptmy/chapt_ws/src/turtle_my_service'
[4.010s] INFO:colcon.colcon_core.shell:Skip shell extension 'powershell' for command environment: Not usable outside of PowerShell
[4.010s] DEBUG:colcon.colcon_core.shell:Skip shell extension 'dsv' for command environment
[5.323s] DEBUG:colcon.colcon_core.task.python.build:Available setuptools commands: install, bdist_egg, extract_messages, bdist_rpm, build_py, rotate, build_scripts, editable_wheel, bdist_wheel, build_clib, alias, sdist, saveopts, install_scripts, upload, build, build_ext, init_catalog, upload_docs, update_catalog, bdist_dumb, compile_catalog, clean, install_data, symlink_data, register, dist_info, install_headers, bdist, test, install_lib, easy_install, install_egg_info, setopt, egg_info, check, develop
[5.325s] DEBUG:colcon.colcon_core.event_handler.log_command:Invoking command in '/home/zzs/chaptmy/chapt_ws/src/turtle_my_service': AMENT_PREFIX_PATH=/home/zzs/chaptmy/chapt_ws/install/turtle_my_interfaces:${AMENT_PREFIX_PATH} CMAKE_PREFIX_PATH=/home/zzs/chaptmy/chapt_ws/install/turtle_my_interfaces:${CMAKE_PREFIX_PATH} DEBUGINFOD_URLS=https://debuginfod.ubuntu.com LD_LIBRARY_PATH=/home/zzs/chaptmy/chapt_ws/install/turtle_my_interfaces/lib:${LD_LIBRARY_PATH} PYTHONPATH=/home/zzs/chaptmy/chapt_ws/build/turtle_my_service/prefix_override:/usr/lib/python3/dist-packages/colcon_core/task/python/colcon_distutils_commands:/home/zzs/chaptmy/chapt_ws/install/turtle_my_service/lib/python3.12/site-packages:/home/zzs/chaptmy/chapt_ws/install/turtle_my_interfaces/lib/python3.12/site-packages:${PYTHONPATH} /usr/bin/python3 -W ignore:setup.py install is deprecated -W ignore:easy_install command is deprecated setup.py egg_info --egg-base ../../build/turtle_my_service build --build-base /home/zzs/chaptmy/chapt_ws/build/turtle_my_service/build install --record /home/zzs/chaptmy/chapt_ws/build/turtle_my_service/install.log --install-scripts $base/lib/turtle_my_service --single-version-externally-managed install_data
[5.883s] Level 1:colcon.colcon_core.environment:checking '/home/zzs/chaptmy/chapt_ws/install/turtle_my_service' for CMake module files
[5.884s] DEBUG:colcon.colcon_core.event_handler.log_command:Invoked command in '/home/zzs/chaptmy/chapt_ws/src/turtle_my_service' returned '0': AMENT_PREFIX_PATH=/home/zzs/chaptmy/chapt_ws/install/turtle_my_interfaces:${AMENT_PREFIX_PATH} CMAKE_PREFIX_PATH=/home/zzs/chaptmy/chapt_ws/install/turtle_my_interfaces:${CMAKE_PREFIX_PATH} DEBUGINFOD_URLS=https://debuginfod.ubuntu.com LD_LIBRARY_PATH=/home/zzs/chaptmy/chapt_ws/install/turtle_my_interfaces/lib:${LD_LIBRARY_PATH} PYTHONPATH=/home/zzs/chaptmy/chapt_ws/build/turtle_my_service/prefix_override:/usr/lib/python3/dist-packages/colcon_core/task/python/colcon_distutils_commands:/home/zzs/chaptmy/chapt_ws/install/turtle_my_service/lib/python3.12/site-packages:/home/zzs/chaptmy/chapt_ws/install/turtle_my_interfaces/lib/python3.12/site-packages:${PYTHONPATH} /usr/bin/python3 -W ignore:setup.py install is deprecated -W ignore:easy_install command is deprecated setup.py egg_info --egg-base ../../build/turtle_my_service build --build-base /home/zzs/chaptmy/chapt_ws/build/turtle_my_service/build install --record /home/zzs/chaptmy/chapt_ws/build/turtle_my_service/install.log --install-scripts $base/lib/turtle_my_service --single-version-externally-managed install_data
[5.888s] Level 1:colcon.colcon_core.environment:checking '/home/zzs/chaptmy/chapt_ws/install/turtle_my_service' for CMake config files
[5.889s] Level 1:colcon.colcon_core.environment:checking '/home/zzs/chaptmy/chapt_ws/install/turtle_my_service/lib'
[5.889s] Level 1:colcon.colcon_core.environment:checking '/home/zzs/chaptmy/chapt_ws/install/turtle_my_service/bin'
[5.889s] Level 1:colcon.colcon_core.environment:checking '/home/zzs/chaptmy/chapt_ws/install/turtle_my_service/lib/pkgconfig/turtle_my_service.pc'
[5.889s] Level 1:colcon.colcon_core.environment:checking '/home/zzs/chaptmy/chapt_ws/install/turtle_my_service/lib/python3.12/site-packages'
[5.889s] Level 1:colcon.colcon_core.shell:create_environment_hook('turtle_my_service', 'pythonpath')
[5.889s] INFO:colcon.colcon_core.shell:Creating environment hook '/home/zzs/chaptmy/chapt_ws/install/turtle_my_service/share/turtle_my_service/hook/pythonpath.ps1'
[5.890s] INFO:colcon.colcon_core.shell:Creating environment descriptor '/home/zzs/chaptmy/chapt_ws/install/turtle_my_service/share/turtle_my_service/hook/pythonpath.dsv'
[5.892s] INFO:colcon.colcon_core.shell:Creating environment hook '/home/zzs/chaptmy/chapt_ws/install/turtle_my_service/share/turtle_my_service/hook/pythonpath.sh'
[5.893s] Level 1:colcon.colcon_core.environment:checking '/home/zzs/chaptmy/chapt_ws/install/turtle_my_service/bin'
[5.893s] Level 1:colcon.colcon_core.environment:create_environment_scripts_only(turtle_my_service)
[5.902s] INFO:colcon.colcon_core.shell:Creating package script '/home/zzs/chaptmy/chapt_ws/install/turtle_my_service/share/turtle_my_service/package.ps1'
[5.903s] INFO:colcon.colcon_core.shell:Creating package descriptor '/home/zzs/chaptmy/chapt_ws/install/turtle_my_service/share/turtle_my_service/package.dsv'
[5.903s] INFO:colcon.colcon_core.shell:Creating package script '/home/zzs/chaptmy/chapt_ws/install/turtle_my_service/share/turtle_my_service/package.sh'
[5.906s] INFO:colcon.colcon_core.shell:Creating package script '/home/zzs/chaptmy/chapt_ws/install/turtle_my_service/share/turtle_my_service/package.bash'
[5.909s] INFO:colcon.colcon_core.shell:Creating package script '/home/zzs/chaptmy/chapt_ws/install/turtle_my_service/share/turtle_my_service/package.zsh'
[5.911s] Level 1:colcon.colcon_core.environment:create_file_with_runtime_dependencies(/home/zzs/chaptmy/chapt_ws/install/turtle_my_service/share/colcon-core/packages/turtle_my_service)
[5.914s] DEBUG:colcon.colcon_parallel_executor.executor.parallel:closing loop
[5.914s] DEBUG:colcon.colcon_parallel_executor.executor.parallel:loop closed
[5.914s] DEBUG:colcon.colcon_parallel_executor.executor.parallel:run_until_complete finished with '0'
[5.914s] DEBUG:colcon.colcon_core.event_reactor:joining thread
[5.947s] INFO:colcon.colcon_core.plugin_system:Skipping extension 'colcon_notification.desktop_notification.terminal_notifier': Not used on non-Darwin systems
[5.947s] INFO:colcon.colcon_core.plugin_system:Skipping extension 'colcon_notification.desktop_notification.win32': Not used on non-Windows systems
[5.947s] INFO:colcon.colcon_notification.desktop_notification:Sending desktop notification using 'notify2'
[6.623s] DEBUG:colcon.colcon_core.event_reactor:joined thread
[6.631s] INFO:colcon.colcon_core.shell:Creating prefix script '/home/zzs/chaptmy/chapt_ws/install/local_setup.ps1'
[6.643s] INFO:colcon.colcon_core.shell:Creating prefix util module '/home/zzs/chaptmy/chapt_ws/install/_local_setup_util_ps1.py'
[6.652s] INFO:colcon.colcon_core.shell:Creating prefix chain script '/home/zzs/chaptmy/chapt_ws/install/setup.ps1'
[6.665s] INFO:colcon.colcon_core.shell:Creating prefix script '/home/zzs/chaptmy/chapt_ws/install/local_setup.sh'
[6.670s] INFO:colcon.colcon_core.shell:Creating prefix util module '/home/zzs/chaptmy/chapt_ws/install/_local_setup_util_sh.py'
[6.679s] INFO:colcon.colcon_core.shell:Creating prefix chain script '/home/zzs/chaptmy/chapt_ws/install/setup.sh'
[6.685s] INFO:colcon.colcon_core.shell:Creating prefix script '/home/zzs/chaptmy/chapt_ws/install/local_setup.bash'
[6.688s] INFO:colcon.colcon_core.shell:Creating prefix chain script '/home/zzs/chaptmy/chapt_ws/install/setup.bash'
[6.690s] INFO:colcon.colcon_core.shell:Creating prefix script '/home/zzs/chaptmy/chapt_ws/install/local_setup.zsh'
[6.691s] INFO:colcon.colcon_core.shell:Creating prefix chain script '/home/zzs/chaptmy/chapt_ws/install/setup.zsh'
