[0.024s] Invoking command in '/home/zzs/chapt6/chapt6_ws/build/zzs_description': CMAKE_PREFIX_PATH=${CMAKE_PREFIX_PATH}:/opt/ros/jazzy DEBUGINFOD_URLS=https://debuginfod.ubuntu.com /usr/bin/cmake --build /home/zzs/chapt6/chapt6_ws/build/zzs_description -- -j2 -l2
[0.252s] Invoked command in '/home/zzs/chapt6/chapt6_ws/build/zzs_description' returned '0': CMAKE_PREFIX_PATH=${CMAKE_PREFIX_PATH}:/opt/ros/jazzy DEBUGINFOD_URLS=https://debuginfod.ubuntu.com /usr/bin/cmake --build /home/zzs/chapt6/chapt6_ws/build/zzs_description -- -j2 -l2
[0.273s] Invoking command in '/home/zzs/chapt6/chapt6_ws/build/zzs_description': CMAKE_PREFIX_PATH=${CMAKE_PREFIX_PATH}:/opt/ros/jazzy DEBUGINFOD_URLS=https://debuginfod.ubuntu.com /usr/bin/cmake --install /home/zzs/chapt6/chapt6_ws/build/zzs_description
[0.289s] -- Install configuration: ""
[0.289s] -- Up-to-date: /home/zzs/chapt6/chapt6_ws/install/zzs_description/share/zzs_description/launch
[0.289s] -- Up-to-date: /home/zzs/chapt6/chapt6_ws/install/zzs_description/share/zzs_description/launch/gazebo_sim.launch.py
[0.290s] -- Up-to-date: /home/zzs/chapt6/chapt6_ws/install/zzs_description/share/zzs_description/launch/display_robot.launch.py
[0.290s] -- Up-to-date: /home/zzs/chapt6/chapt6_ws/install/zzs_description/share/zzs_description/urdf
[0.290s] -- Up-to-date: /home/zzs/chapt6/chapt6_ws/install/zzs_description/share/zzs_description/urdf/first_robot.xacro
[0.290s] -- Up-to-date: /home/zzs/chapt6/chapt6_ws/install/zzs_description/share/zzs_description/urdf/first_robot.gv
[0.290s] -- Up-to-date: /home/zzs/chapt6/chapt6_ws/install/zzs_description/share/zzs_description/urdf/plugins
[0.291s] -- Up-to-date: /home/zzs/chapt6/chapt6_ws/install/zzs_description/share/zzs_description/urdf/plugins/gazebo_control_plugin.xacro
[0.291s] -- Up-to-date: /home/zzs/chapt6/chapt6_ws/install/zzs_description/share/zzs_description/urdf/first_robot.pdf
[0.292s] -- Up-to-date: /home/zzs/chapt6/chapt6_ws/install/zzs_description/share/zzs_description/urdf/sensor
[0.292s] -- Up-to-date: /home/zzs/chapt6/chapt6_ws/install/zzs_description/share/zzs_description/urdf/sensor/imu.urdf.xacro
[0.292s] -- Up-to-date: /home/zzs/chapt6/chapt6_ws/install/zzs_description/share/zzs_description/urdf/sensor/camera.urdf.xacro
[0.292s] -- Up-to-date: /home/zzs/chapt6/chapt6_ws/install/zzs_description/share/zzs_description/urdf/sensor/laser.urdf.xacro
[0.292s] -- Up-to-date: /home/zzs/chapt6/chapt6_ws/install/zzs_description/share/zzs_description/urdf/first_robot.urdf
[0.293s] -- Up-to-date: /home/zzs/chapt6/chapt6_ws/install/zzs_description/share/zzs_description/urdf/common_intertial.xacro
[0.293s] -- Up-to-date: /home/zzs/chapt6/chapt6_ws/install/zzs_description/share/zzs_description/urdf/actuator
[0.293s] -- Up-to-date: /home/zzs/chapt6/chapt6_ws/install/zzs_description/share/zzs_description/urdf/actuator/wheel.urdf.xacro
[0.293s] -- Up-to-date: /home/zzs/chapt6/chapt6_ws/install/zzs_description/share/zzs_description/urdf/actuator/caster.urdf.xacro
[0.293s] -- Up-to-date: /home/zzs/chapt6/chapt6_ws/install/zzs_description/share/zzs_description/urdf/robot.urdf.xacro
[0.294s] -- Up-to-date: /home/zzs/chapt6/chapt6_ws/install/zzs_description/share/zzs_description/urdf/base.urdf.xacro
[0.294s] -- Up-to-date: /home/zzs/chapt6/chapt6_ws/install/zzs_description/share/zzs_description/config
[0.294s] -- Up-to-date: /home/zzs/chapt6/chapt6_ws/install/zzs_description/share/zzs_description/config/display_robot_model.rviz
[0.294s] -- Up-to-date: /home/zzs/chapt6/chapt6_ws/install/zzs_description/share/zzs_description/world
[0.294s] -- Up-to-date: /home/zzs/chapt6/chapt6_ws/install/zzs_description/share/zzs_description/world/world1.sdf
[0.295s] [31mCMake Error at cmake_install.cmake:46 (file):
[0.295s]   file INSTALL cannot find
[0.295s]   "/home/zzs/chapt6/chapt6_ws/src/zzs_description/plugins": No such file or
[0.295s]   directory.
[0.295s] 
[0.295s] [0m
[0.298s] Invoked command in '/home/zzs/chapt6/chapt6_ws/build/zzs_description' returned '1': CMAKE_PREFIX_PATH=${CMAKE_PREFIX_PATH}:/opt/ros/jazzy DEBUGINFOD_URLS=https://debuginfod.ubuntu.com /usr/bin/cmake --install /home/zzs/chapt6/chapt6_ws/build/zzs_description
