[3.205s] Invoking command in '/home/zzs/chapt4/chapt4_ws/src/demo_python_service': DEBUGINFOD_URLS=https://debuginfod.ubuntu.com PYTHONPATH=/home/zzs/chapt4/chapt4_ws/build/demo_python_service/prefix_override:/usr/lib/python3/dist-packages/colcon_core/task/python/colcon_distutils_commands:/home/zzs/chapt4/chapt4_ws/install/demo_python_service/lib/python3.12/site-packages:/home/zzs/chapt4/chapt4_ws/install/chapt4_interfaces/lib/python3.12/site-packages:/home/zzs/chapt4/chapt4_ws/install/demo_python_service/lib/python3.12/site-packages:/opt/ros/jazzy/lib/python3.12/site-packages /usr/bin/python3 -W ignore:setup.py install is deprecated -W ignore:easy_install command is deprecated setup.py egg_info --egg-base ../../build/demo_python_service build --build-base /home/zzs/chapt4/chapt4_ws/build/demo_python_service/build install --record /home/zzs/chapt4/chapt4_ws/build/demo_python_service/install.log --install-scripts $base/lib/demo_python_service --single-version-externally-managed install_data
[4.271s] running egg_info
[4.361s] writing ../../build/demo_python_service/demo_python_service.egg-info/PKG-INFO
[4.363s] writing dependency_links to ../../build/demo_python_service/demo_python_service.egg-info/dependency_links.txt
[4.365s] writing entry points to ../../build/demo_python_service/demo_python_service.egg-info/entry_points.txt
[4.367s] writing requirements to ../../build/demo_python_service/demo_python_service.egg-info/requires.txt
[4.367s] writing top-level names to ../../build/demo_python_service/demo_python_service.egg-info/top_level.txt
[4.457s] reading manifest file '../../build/demo_python_service/demo_python_service.egg-info/SOURCES.txt'
[4.460s] adding license file 'LICENSE'
[4.460s] writing manifest file '../../build/demo_python_service/demo_python_service.egg-info/SOURCES.txt'
[4.463s] running build
[4.464s] running build_py
[4.464s] copying demo_python_service/face_detect_node.py -> /home/zzs/chapt4/chapt4_ws/build/demo_python_service/build/lib/demo_python_service
[4.464s] running install
[4.472s] running install_lib
[4.504s] copying /home/zzs/chapt4/chapt4_ws/build/demo_python_service/build/lib/demo_python_service/face_detect_node.py -> /home/zzs/chapt4/chapt4_ws/install/demo_python_service/lib/python3.12/site-packages/demo_python_service
[4.504s] byte-compiling /home/zzs/chapt4/chapt4_ws/install/demo_python_service/lib/python3.12/site-packages/demo_python_service/face_detect_node.py to face_detect_node.cpython-312.pyc
[4.507s] running install_data
[4.509s] running install_egg_info
[4.555s] removing '/home/zzs/chapt4/chapt4_ws/install/demo_python_service/lib/python3.12/site-packages/demo_python_service-0.0.0-py3.12.egg-info' (and everything under it)
[4.557s] Copying ../../build/demo_python_service/demo_python_service.egg-info to /home/zzs/chapt4/chapt4_ws/install/demo_python_service/lib/python3.12/site-packages/demo_python_service-0.0.0-py3.12.egg-info
[4.563s] running install_scripts
[4.793s] Installing face_detect_node script to /home/zzs/chapt4/chapt4_ws/install/demo_python_service/lib/demo_python_service
[4.794s] Installing learn_face_detect script to /home/zzs/chapt4/chapt4_ws/install/demo_python_service/lib/demo_python_service
[4.795s] writing list of installed files to '/home/zzs/chapt4/chapt4_ws/build/demo_python_service/install.log'
[4.836s] Invoked command in '/home/zzs/chapt4/chapt4_ws/src/demo_python_service' returned '0': DEBUGINFOD_URLS=https://debuginfod.ubuntu.com PYTHONPATH=/home/zzs/chapt4/chapt4_ws/build/demo_python_service/prefix_override:/usr/lib/python3/dist-packages/colcon_core/task/python/colcon_distutils_commands:/home/zzs/chapt4/chapt4_ws/install/demo_python_service/lib/python3.12/site-packages:/home/zzs/chapt4/chapt4_ws/install/chapt4_interfaces/lib/python3.12/site-packages:/home/zzs/chapt4/chapt4_ws/install/demo_python_service/lib/python3.12/site-packages:/opt/ros/jazzy/lib/python3.12/site-packages /usr/bin/python3 -W ignore:setup.py install is deprecated -W ignore:easy_install command is deprecated setup.py egg_info --egg-base ../../build/demo_python_service build --build-base /home/zzs/chapt4/chapt4_ws/build/demo_python_service/build install --record /home/zzs/chapt4/chapt4_ws/build/demo_python_service/install.log --install-scripts $base/lib/demo_python_service --single-version-externally-managed install_data
