-- Install configuration: ""
-- Up-to-date: /home/zzs/workspace/ros2/ros2_study/chapt6/chapt6_ws/install/zzs_description/share/zzs_description/launch
-- Up-to-date: /home/zzs/workspace/ros2/ros2_study/chapt6/chapt6_ws/install/zzs_description/share/zzs_description/launch/display_robot.launch.py
-- Up-to-date: /home/zzs/workspace/ros2/ros2_study/chapt6/chapt6_ws/install/zzs_description/share/zzs_description/launch/gazebo_sim.launch.py
-- Up-to-date: /home/zzs/workspace/ros2/ros2_study/chapt6/chapt6_ws/install/zzs_description/share/zzs_description/urdf
-- Up-to-date: /home/zzs/workspace/ros2/ros2_study/chapt6/chapt6_ws/install/zzs_description/share/zzs_description/urdf/sensor
-- Up-to-date: /home/zzs/workspace/ros2/ros2_study/chapt6/chapt6_ws/install/zzs_description/share/zzs_description/urdf/sensor/imu.urdf.xacro
-- Up-to-date: /home/zzs/workspace/ros2/ros2_study/chapt6/chapt6_ws/install/zzs_description/share/zzs_description/urdf/sensor/camera.urdf.xacro
-- Up-to-date: /home/zzs/workspace/ros2/ros2_study/chapt6/chapt6_ws/install/zzs_description/share/zzs_description/urdf/sensor/laser.urdf.xacro
-- Up-to-date: /home/zzs/workspace/ros2/ros2_study/chapt6/chapt6_ws/install/zzs_description/share/zzs_description/urdf/first_robot.gv
-- Up-to-date: /home/zzs/workspace/ros2/ros2_study/chapt6/chapt6_ws/install/zzs_description/share/zzs_description/urdf/actuator
-- Up-to-date: /home/zzs/workspace/ros2/ros2_study/chapt6/chapt6_ws/install/zzs_description/share/zzs_description/urdf/actuator/wheel.urdf.xacro
-- Up-to-date: /home/zzs/workspace/ros2/ros2_study/chapt6/chapt6_ws/install/zzs_description/share/zzs_description/urdf/actuator/caster.urdf.xacro
-- Up-to-date: /home/zzs/workspace/ros2/ros2_study/chapt6/chapt6_ws/install/zzs_description/share/zzs_description/urdf/first_robot.xacro
-- Up-to-date: /home/zzs/workspace/ros2/ros2_study/chapt6/chapt6_ws/install/zzs_description/share/zzs_description/urdf/first_robot.urdf
-- Up-to-date: /home/zzs/workspace/ros2/ros2_study/chapt6/chapt6_ws/install/zzs_description/share/zzs_description/urdf/first_robot.pdf
-- Up-to-date: /home/zzs/workspace/ros2/ros2_study/chapt6/chapt6_ws/install/zzs_description/share/zzs_description/urdf/plugins
-- Installing: /home/zzs/workspace/ros2/ros2_study/chapt6/chapt6_ws/install/zzs_description/share/zzs_description/urdf/plugins/gazebo_control_plugin.xacro
-- Up-to-date: /home/zzs/workspace/ros2/ros2_study/chapt6/chapt6_ws/install/zzs_description/share/zzs_description/urdf/plugins/gazebo_sensor_plugin.xacro
-- Up-to-date: /home/zzs/workspace/ros2/ros2_study/chapt6/chapt6_ws/install/zzs_description/share/zzs_description/urdf/robot.urdf.xacro
-- Up-to-date: /home/zzs/workspace/ros2/ros2_study/chapt6/chapt6_ws/install/zzs_description/share/zzs_description/urdf/common_intertial.xacro
-- Up-to-date: /home/zzs/workspace/ros2/ros2_study/chapt6/chapt6_ws/install/zzs_description/share/zzs_description/urdf/base.urdf.xacro
-- Up-to-date: /home/zzs/workspace/ros2/ros2_study/chapt6/chapt6_ws/install/zzs_description/share/zzs_description/config
-- Up-to-date: /home/zzs/workspace/ros2/ros2_study/chapt6/chapt6_ws/install/zzs_description/share/zzs_description/config/display_robot_model.rviz
-- Up-to-date: /home/zzs/workspace/ros2/ros2_study/chapt6/chapt6_ws/install/zzs_description/share/zzs_description/world
-- Up-to-date: /home/zzs/workspace/ros2/ros2_study/chapt6/chapt6_ws/install/zzs_description/share/zzs_description/world/room
-- Up-to-date: /home/zzs/workspace/ros2/ros2_study/chapt6/chapt6_ws/install/zzs_description/share/zzs_description/world/room/model.sdf
-- Up-to-date: /home/zzs/workspace/ros2/ros2_study/chapt6/chapt6_ws/install/zzs_description/share/zzs_description/world/room/model.config
-- Up-to-date: /home/zzs/workspace/ros2/ros2_study/chapt6/chapt6_ws/install/zzs_description/share/zzs_description/world/c_room.world
-- Up-to-date: /home/zzs/workspace/ros2/ros2_study/chapt6/chapt6_ws/install/zzs_description/share/ament_index/resource_index/package_run_dependencies/zzs_description
-- Up-to-date: /home/zzs/workspace/ros2/ros2_study/chapt6/chapt6_ws/install/zzs_description/share/ament_index/resource_index/parent_prefix_path/zzs_description
-- Up-to-date: /home/zzs/workspace/ros2/ros2_study/chapt6/chapt6_ws/install/zzs_description/share/zzs_description/environment/ament_prefix_path.sh
-- Up-to-date: /home/zzs/workspace/ros2/ros2_study/chapt6/chapt6_ws/install/zzs_description/share/zzs_description/environment/ament_prefix_path.dsv
-- Up-to-date: /home/zzs/workspace/ros2/ros2_study/chapt6/chapt6_ws/install/zzs_description/share/zzs_description/environment/path.sh
-- Up-to-date: /home/zzs/workspace/ros2/ros2_study/chapt6/chapt6_ws/install/zzs_description/share/zzs_description/environment/path.dsv
-- Up-to-date: /home/zzs/workspace/ros2/ros2_study/chapt6/chapt6_ws/install/zzs_description/share/zzs_description/local_setup.bash
-- Up-to-date: /home/zzs/workspace/ros2/ros2_study/chapt6/chapt6_ws/install/zzs_description/share/zzs_description/local_setup.sh
-- Up-to-date: /home/zzs/workspace/ros2/ros2_study/chapt6/chapt6_ws/install/zzs_description/share/zzs_description/local_setup.zsh
-- Up-to-date: /home/zzs/workspace/ros2/ros2_study/chapt6/chapt6_ws/install/zzs_description/share/zzs_description/local_setup.dsv
-- Installing: /home/zzs/workspace/ros2/ros2_study/chapt6/chapt6_ws/install/zzs_description/share/zzs_description/package.dsv
-- Up-to-date: /home/zzs/workspace/ros2/ros2_study/chapt6/chapt6_ws/install/zzs_description/share/ament_index/resource_index/packages/zzs_description
-- Up-to-date: /home/zzs/workspace/ros2/ros2_study/chapt6/chapt6_ws/install/zzs_description/share/zzs_description/cmake/zzs_descriptionConfig.cmake
-- Up-to-date: /home/zzs/workspace/ros2/ros2_study/chapt6/chapt6_ws/install/zzs_description/share/zzs_description/cmake/zzs_descriptionConfig-version.cmake
-- Up-to-date: /home/zzs/workspace/ros2/ros2_study/chapt6/chapt6_ws/install/zzs_description/share/zzs_description/package.xml
