-- The C compiler identification is GNU 11.4.0
-- The CXX compiler identification is GNU 11.4.0
-- Detecting C compiler ABI info
-- Detecting C compiler ABI info - done
-- Check for working C compiler: /usr/bin/cc - skipped
-- Detecting C compile features
-- Detecting C compile features - done
-- Detecting CXX compiler ABI info
-- Detecting CXX compiler ABI info - done
-- Check for working CXX compiler: /usr/bin/c++ - skipped
-- Detecting CXX compile features
-- Detecting CXX compile features - done
-- Found ament_cmake: 1.3.14 (/opt/ros/humble/share/ament_cmake/cmake)
-- Found Python3: /usr/bin/python3 (found version "3.10.12") found components: Interpreter 
-- Found rosidl_default_generators: 1.2.1 (/opt/ros/humble/share/rosidl_default_generators/cmake)
-- Using all available rosidl_typesupport_c: rosidl_typesupport_fastrtps_c;rosidl_typesupport_introspection_c
-- Found rosidl_adapter: 3.1.9 (/opt/ros/humble/share/rosidl_adapter/cmake)
-- Using all available rosidl_typesupport_cpp: rosidl_typesupport_fastrtps_cpp;rosidl_typesupport_introspection_cpp
-- Found ament_lint_auto: 0.12.15 (/opt/ros/humble/share/ament_lint_auto/cmake)
-- Found ament_cmake_ros: 0.10.0 (/opt/ros/humble/share/ament_cmake_ros/cmake)
-- Using all available rosidl_typesupport_c: rosidl_typesupport_fastrtps_c;rosidl_typesupport_introspection_c
-- Using all available rosidl_typesupport_cpp: rosidl_typesupport_fastrtps_cpp;rosidl_typesupport_introspection_cpp
-- Found PythonInterp: /usr/bin/python3 (found suitable version "3.10.12", minimum required is "3.6") 
-- Found python_cmake_module: 0.10.0 (/opt/ros/humble/share/python_cmake_module/cmake)
-- Found PythonLibs: /usr/lib/x86_64-linux-gnu/libpython3.10.so (found suitable version "3.10.12", minimum required is "3.5") 
-- Using PYTHON_EXECUTABLE: /usr/bin/python3
-- Using PYTHON_INCLUDE_DIRS: /usr/include/python3.10
-- Using PYTHON_LIBRARIES: /usr/lib/x86_64-linux-gnu/libpython3.10.so
-- Found PythonExtra: .so  
-- Configuring done
-- Generating done
-- Build files have been written to: /home/zzs/workspace/ros2/ros2_study/chapt7/chapt7_ws/build/autopatrol_interfaces
[  3%] [34m[1mGenerating C code for ROS interfaces[0m
[  6%] [34m[1mGenerating C++ code for ROS interfaces[0m
[  6%] Built target autopatrol_interfaces__cpp
[  9%] [34m[1mGenerating Rust code for ROS interfaces[0m
[ 12%] [32mBuilding C object CMakeFiles/autopatrol_interfaces__rosidl_generator_c.dir/rosidl_generator_c/autopatrol_interfaces/srv/detail/speach_text__functions.c.o[0m
[ 15%] [32m[1mLinking C shared library libautopatrol_interfaces__rosidl_generator_c.so[0m
[ 15%] Built target autopatrol_interfaces__rosidl_generator_c
[ 15%] Built target ament_cmake_python_copy_autopatrol_interfaces
[ 18%] [34m[1mGenerating C++ type support for eProsima Fast-RTPS[0m
[ 18%] Built target autopatrol_interfaces__rs
[ 21%] [34m[1mGenerating C++ introspection for ROS interfaces[0m
[ 25%] [32mBuilding CXX object CMakeFiles/autopatrol_interfaces__rosidl_typesupport_fastrtps_cpp.dir/rosidl_typesupport_fastrtps_cpp/autopatrol_interfaces/srv/detail/dds_fastrtps/speach_text__type_support.cpp.o[0m
[ 28%] [32mBuilding CXX object CMakeFiles/autopatrol_interfaces__rosidl_typesupport_introspection_cpp.dir/rosidl_typesupport_introspection_cpp/autopatrol_interfaces/srv/detail/speach_text__type_support.cpp.o[0m
[ 31%] [32m[1mLinking CXX shared library libautopatrol_interfaces__rosidl_typesupport_fastrtps_cpp.so[0m
[ 34%] [32m[1mLinking CXX shared library libautopatrol_interfaces__rosidl_typesupport_introspection_cpp.so[0m
[ 34%] Built target autopatrol_interfaces__rosidl_typesupport_fastrtps_cpp
[ 34%] Built target autopatrol_interfaces__rosidl_typesupport_introspection_cpp
[ 37%] [34m[1mGenerating C type support dispatch for ROS interfaces[0m
[ 40%] [34m[1mGenerating C++ type support dispatch for ROS interfaces[0m
[ 43%] [32mBuilding CXX object CMakeFiles/autopatrol_interfaces__rosidl_typesupport_cpp.dir/rosidl_typesupport_cpp/autopatrol_interfaces/srv/speach_text__type_support.cpp.o[0m
[ 46%] [32mBuilding CXX object CMakeFiles/autopatrol_interfaces__rosidl_typesupport_c.dir/rosidl_typesupport_c/autopatrol_interfaces/srv/speach_text__type_support.cpp.o[0m
[ 50%] [32m[1mLinking CXX shared library libautopatrol_interfaces__rosidl_typesupport_c.so[0m
[ 50%] Built target autopatrol_interfaces__rosidl_typesupport_c
[ 53%] [34m[1mGenerating C introspection for ROS interfaces[0m
[ 56%] [32m[1mLinking CXX shared library libautopatrol_interfaces__rosidl_typesupport_cpp.so[0m
[ 56%] Built target autopatrol_interfaces__rosidl_typesupport_cpp
[ 59%] [34m[1mGenerating C type support for eProsima Fast-RTPS[0m
[ 62%] [32mBuilding C object CMakeFiles/autopatrol_interfaces__rosidl_typesupport_introspection_c.dir/rosidl_typesupport_introspection_c/autopatrol_interfaces/srv/detail/speach_text__type_support.c.o[0m
[ 65%] [32m[1mLinking C shared library libautopatrol_interfaces__rosidl_typesupport_introspection_c.so[0m
[ 65%] Built target autopatrol_interfaces__rosidl_typesupport_introspection_c
[ 68%] [32mBuilding CXX object CMakeFiles/autopatrol_interfaces__rosidl_typesupport_fastrtps_c.dir/rosidl_typesupport_fastrtps_c/autopatrol_interfaces/srv/detail/speach_text__type_support_c.cpp.o[0m
running egg_info
creating autopatrol_interfaces.egg-info
writing autopatrol_interfaces.egg-info/PKG-INFO
writing dependency_links to autopatrol_interfaces.egg-info/dependency_links.txt
writing top-level names to autopatrol_interfaces.egg-info/top_level.txt
writing manifest file 'autopatrol_interfaces.egg-info/SOURCES.txt'
reading manifest file 'autopatrol_interfaces.egg-info/SOURCES.txt'
writing manifest file 'autopatrol_interfaces.egg-info/SOURCES.txt'
[ 68%] Built target ament_cmake_python_build_autopatrol_interfaces_egg
[ 71%] [32m[1mLinking CXX shared library libautopatrol_interfaces__rosidl_typesupport_fastrtps_c.so[0m
[ 71%] Built target autopatrol_interfaces__rosidl_typesupport_fastrtps_c
[ 71%] Built target autopatrol_interfaces
[ 75%] [34m[1mGenerating Python code for ROS interfaces[0m
[ 75%] Built target autopatrol_interfaces__py
[ 78%] [32mBuilding C object CMakeFiles/autopatrol_interfaces__rosidl_generator_py.dir/rosidl_generator_py/autopatrol_interfaces/srv/_speach_text_s.c.o[0m
[ 81%] [32m[1mLinking C shared library rosidl_generator_py/autopatrol_interfaces/libautopatrol_interfaces__rosidl_generator_py.so[0m
[ 81%] Built target autopatrol_interfaces__rosidl_generator_py
[ 84%] [32mBuilding C object CMakeFiles/autopatrol_interfaces__rosidl_typesupport_introspection_c__pyext.dir/rosidl_generator_py/autopatrol_interfaces/_autopatrol_interfaces_s.ep.rosidl_typesupport_introspection_c.c.o[0m
[ 87%] [32mBuilding C object CMakeFiles/autopatrol_interfaces__rosidl_typesupport_fastrtps_c__pyext.dir/rosidl_generator_py/autopatrol_interfaces/_autopatrol_interfaces_s.ep.rosidl_typesupport_fastrtps_c.c.o[0m
[ 90%] [32m[1mLinking C shared library rosidl_generator_py/autopatrol_interfaces/autopatrol_interfaces_s__rosidl_typesupport_introspection_c.cpython-310-x86_64-linux-gnu.so[0m
[ 93%] [32m[1mLinking C shared library rosidl_generator_py/autopatrol_interfaces/autopatrol_interfaces_s__rosidl_typesupport_fastrtps_c.cpython-310-x86_64-linux-gnu.so[0m
[ 93%] Built target autopatrol_interfaces__rosidl_typesupport_fastrtps_c__pyext
[ 93%] Built target autopatrol_interfaces__rosidl_typesupport_introspection_c__pyext
[ 96%] [32mBuilding C object CMakeFiles/autopatrol_interfaces__rosidl_typesupport_c__pyext.dir/rosidl_generator_py/autopatrol_interfaces/_autopatrol_interfaces_s.ep.rosidl_typesupport_c.c.o[0m
[100%] [32m[1mLinking C shared library rosidl_generator_py/autopatrol_interfaces/autopatrol_interfaces_s__rosidl_typesupport_c.cpython-310-x86_64-linux-gnu.so[0m
[100%] Built target autopatrol_interfaces__rosidl_typesupport_c__pyext
-- Install configuration: ""
-- Installing: /home/zzs/workspace/ros2/ros2_study/chapt7/chapt7_ws/install/autopatrol_interfaces/share/ament_index/resource_index/rosidl_interfaces/autopatrol_interfaces
-- Installing: /home/zzs/workspace/ros2/ros2_study/chapt7/chapt7_ws/install/autopatrol_interfaces/include/autopatrol_interfaces/autopatrol_interfaces
-- Installing: /home/zzs/workspace/ros2/ros2_study/chapt7/chapt7_ws/install/autopatrol_interfaces/include/autopatrol_interfaces/autopatrol_interfaces/srv
-- Installing: /home/zzs/workspace/ros2/ros2_study/chapt7/chapt7_ws/install/autopatrol_interfaces/include/autopatrol_interfaces/autopatrol_interfaces/srv/detail
-- Installing: /home/zzs/workspace/ros2/ros2_study/chapt7/chapt7_ws/install/autopatrol_interfaces/include/autopatrol_interfaces/autopatrol_interfaces/srv/detail/speach_text__functions.c
-- Installing: /home/zzs/workspace/ros2/ros2_study/chapt7/chapt7_ws/install/autopatrol_interfaces/include/autopatrol_interfaces/autopatrol_interfaces/srv/detail/speach_text__functions.h
-- Installing: /home/zzs/workspace/ros2/ros2_study/chapt7/chapt7_ws/install/autopatrol_interfaces/include/autopatrol_interfaces/autopatrol_interfaces/srv/detail/speach_text__type_support.h
-- Installing: /home/zzs/workspace/ros2/ros2_study/chapt7/chapt7_ws/install/autopatrol_interfaces/include/autopatrol_interfaces/autopatrol_interfaces/srv/detail/speach_text__struct.h
-- Installing: /home/zzs/workspace/ros2/ros2_study/chapt7/chapt7_ws/install/autopatrol_interfaces/include/autopatrol_interfaces/autopatrol_interfaces/srv/speach_text.h
-- Installing: /home/zzs/workspace/ros2/ros2_study/chapt7/chapt7_ws/install/autopatrol_interfaces/include/autopatrol_interfaces/autopatrol_interfaces/msg
-- Installing: /home/zzs/workspace/ros2/ros2_study/chapt7/chapt7_ws/install/autopatrol_interfaces/include/autopatrol_interfaces/autopatrol_interfaces/msg/rosidl_generator_c__visibility_control.h
-- Installing: /home/zzs/workspace/ros2/ros2_study/chapt7/chapt7_ws/install/autopatrol_interfaces/share/autopatrol_interfaces/environment/library_path.sh
-- Installing: /home/zzs/workspace/ros2/ros2_study/chapt7/chapt7_ws/install/autopatrol_interfaces/share/autopatrol_interfaces/environment/library_path.dsv
-- Installing: /home/zzs/workspace/ros2/ros2_study/chapt7/chapt7_ws/install/autopatrol_interfaces/lib/libautopatrol_interfaces__rosidl_generator_c.so
-- Set runtime path of "/home/zzs/workspace/ros2/ros2_study/chapt7/chapt7_ws/install/autopatrol_interfaces/lib/libautopatrol_interfaces__rosidl_generator_c.so" to ""
-- Up-to-date: /home/zzs/workspace/ros2/ros2_study/chapt7/chapt7_ws/install/autopatrol_interfaces/include/autopatrol_interfaces/autopatrol_interfaces
-- Up-to-date: /home/zzs/workspace/ros2/ros2_study/chapt7/chapt7_ws/install/autopatrol_interfaces/include/autopatrol_interfaces/autopatrol_interfaces/srv
-- Up-to-date: /home/zzs/workspace/ros2/ros2_study/chapt7/chapt7_ws/install/autopatrol_interfaces/include/autopatrol_interfaces/autopatrol_interfaces/srv/detail
-- Installing: /home/zzs/workspace/ros2/ros2_study/chapt7/chapt7_ws/install/autopatrol_interfaces/include/autopatrol_interfaces/autopatrol_interfaces/srv/detail/speach_text__rosidl_typesupport_fastrtps_c.h
-- Up-to-date: /home/zzs/workspace/ros2/ros2_study/chapt7/chapt7_ws/install/autopatrol_interfaces/include/autopatrol_interfaces/autopatrol_interfaces/msg
-- Installing: /home/zzs/workspace/ros2/ros2_study/chapt7/chapt7_ws/install/autopatrol_interfaces/include/autopatrol_interfaces/autopatrol_interfaces/msg/rosidl_typesupport_fastrtps_c__visibility_control.h
-- Installing: /home/zzs/workspace/ros2/ros2_study/chapt7/chapt7_ws/install/autopatrol_interfaces/lib/libautopatrol_interfaces__rosidl_typesupport_fastrtps_c.so
-- Set runtime path of "/home/zzs/workspace/ros2/ros2_study/chapt7/chapt7_ws/install/autopatrol_interfaces/lib/libautopatrol_interfaces__rosidl_typesupport_fastrtps_c.so" to ""
-- Up-to-date: /home/zzs/workspace/ros2/ros2_study/chapt7/chapt7_ws/install/autopatrol_interfaces/include/autopatrol_interfaces/autopatrol_interfaces
-- Up-to-date: /home/zzs/workspace/ros2/ros2_study/chapt7/chapt7_ws/install/autopatrol_interfaces/include/autopatrol_interfaces/autopatrol_interfaces/srv
-- Up-to-date: /home/zzs/workspace/ros2/ros2_study/chapt7/chapt7_ws/install/autopatrol_interfaces/include/autopatrol_interfaces/autopatrol_interfaces/srv/detail
-- Installing: /home/zzs/workspace/ros2/ros2_study/chapt7/chapt7_ws/install/autopatrol_interfaces/include/autopatrol_interfaces/autopatrol_interfaces/srv/detail/speach_text__type_support.c
-- Installing: /home/zzs/workspace/ros2/ros2_study/chapt7/chapt7_ws/install/autopatrol_interfaces/include/autopatrol_interfaces/autopatrol_interfaces/srv/detail/speach_text__rosidl_typesupport_introspection_c.h
-- Up-to-date: /home/zzs/workspace/ros2/ros2_study/chapt7/chapt7_ws/install/autopatrol_interfaces/include/autopatrol_interfaces/autopatrol_interfaces/msg
-- Installing: /home/zzs/workspace/ros2/ros2_study/chapt7/chapt7_ws/install/autopatrol_interfaces/include/autopatrol_interfaces/autopatrol_interfaces/msg/rosidl_typesupport_introspection_c__visibility_control.h
-- Installing: /home/zzs/workspace/ros2/ros2_study/chapt7/chapt7_ws/install/autopatrol_interfaces/lib/libautopatrol_interfaces__rosidl_typesupport_introspection_c.so
-- Set runtime path of "/home/zzs/workspace/ros2/ros2_study/chapt7/chapt7_ws/install/autopatrol_interfaces/lib/libautopatrol_interfaces__rosidl_typesupport_introspection_c.so" to ""
-- Installing: /home/zzs/workspace/ros2/ros2_study/chapt7/chapt7_ws/install/autopatrol_interfaces/lib/libautopatrol_interfaces__rosidl_typesupport_c.so
-- Set runtime path of "/home/zzs/workspace/ros2/ros2_study/chapt7/chapt7_ws/install/autopatrol_interfaces/lib/libautopatrol_interfaces__rosidl_typesupport_c.so" to ""
-- Up-to-date: /home/zzs/workspace/ros2/ros2_study/chapt7/chapt7_ws/install/autopatrol_interfaces/include/autopatrol_interfaces/autopatrol_interfaces
-- Up-to-date: /home/zzs/workspace/ros2/ros2_study/chapt7/chapt7_ws/install/autopatrol_interfaces/include/autopatrol_interfaces/autopatrol_interfaces/srv
-- Up-to-date: /home/zzs/workspace/ros2/ros2_study/chapt7/chapt7_ws/install/autopatrol_interfaces/include/autopatrol_interfaces/autopatrol_interfaces/srv/detail
-- Installing: /home/zzs/workspace/ros2/ros2_study/chapt7/chapt7_ws/install/autopatrol_interfaces/include/autopatrol_interfaces/autopatrol_interfaces/srv/detail/speach_text__builder.hpp
-- Installing: /home/zzs/workspace/ros2/ros2_study/chapt7/chapt7_ws/install/autopatrol_interfaces/include/autopatrol_interfaces/autopatrol_interfaces/srv/detail/speach_text__type_support.hpp
-- Installing: /home/zzs/workspace/ros2/ros2_study/chapt7/chapt7_ws/install/autopatrol_interfaces/include/autopatrol_interfaces/autopatrol_interfaces/srv/detail/speach_text__struct.hpp
-- Installing: /home/zzs/workspace/ros2/ros2_study/chapt7/chapt7_ws/install/autopatrol_interfaces/include/autopatrol_interfaces/autopatrol_interfaces/srv/detail/speach_text__traits.hpp
-- Installing: /home/zzs/workspace/ros2/ros2_study/chapt7/chapt7_ws/install/autopatrol_interfaces/include/autopatrol_interfaces/autopatrol_interfaces/srv/speach_text.hpp
-- Up-to-date: /home/zzs/workspace/ros2/ros2_study/chapt7/chapt7_ws/install/autopatrol_interfaces/include/autopatrol_interfaces/autopatrol_interfaces/msg
-- Installing: /home/zzs/workspace/ros2/ros2_study/chapt7/chapt7_ws/install/autopatrol_interfaces/include/autopatrol_interfaces/autopatrol_interfaces/msg/rosidl_generator_cpp__visibility_control.hpp
-- Up-to-date: /home/zzs/workspace/ros2/ros2_study/chapt7/chapt7_ws/install/autopatrol_interfaces/include/autopatrol_interfaces/autopatrol_interfaces
-- Up-to-date: /home/zzs/workspace/ros2/ros2_study/chapt7/chapt7_ws/install/autopatrol_interfaces/include/autopatrol_interfaces/autopatrol_interfaces/srv
-- Up-to-date: /home/zzs/workspace/ros2/ros2_study/chapt7/chapt7_ws/install/autopatrol_interfaces/include/autopatrol_interfaces/autopatrol_interfaces/srv/detail
-- Installing: /home/zzs/workspace/ros2/ros2_study/chapt7/chapt7_ws/install/autopatrol_interfaces/include/autopatrol_interfaces/autopatrol_interfaces/srv/detail/dds_fastrtps
-- Installing: /home/zzs/workspace/ros2/ros2_study/chapt7/chapt7_ws/install/autopatrol_interfaces/include/autopatrol_interfaces/autopatrol_interfaces/srv/detail/speach_text__rosidl_typesupport_fastrtps_cpp.hpp
-- Up-to-date: /home/zzs/workspace/ros2/ros2_study/chapt7/chapt7_ws/install/autopatrol_interfaces/include/autopatrol_interfaces/autopatrol_interfaces/msg
-- Installing: /home/zzs/workspace/ros2/ros2_study/chapt7/chapt7_ws/install/autopatrol_interfaces/include/autopatrol_interfaces/autopatrol_interfaces/msg/rosidl_typesupport_fastrtps_cpp__visibility_control.h
-- Installing: /home/zzs/workspace/ros2/ros2_study/chapt7/chapt7_ws/install/autopatrol_interfaces/lib/libautopatrol_interfaces__rosidl_typesupport_fastrtps_cpp.so
-- Set runtime path of "/home/zzs/workspace/ros2/ros2_study/chapt7/chapt7_ws/install/autopatrol_interfaces/lib/libautopatrol_interfaces__rosidl_typesupport_fastrtps_cpp.so" to ""
-- Up-to-date: /home/zzs/workspace/ros2/ros2_study/chapt7/chapt7_ws/install/autopatrol_interfaces/include/autopatrol_interfaces/autopatrol_interfaces
-- Up-to-date: /home/zzs/workspace/ros2/ros2_study/chapt7/chapt7_ws/install/autopatrol_interfaces/include/autopatrol_interfaces/autopatrol_interfaces/srv
-- Up-to-date: /home/zzs/workspace/ros2/ros2_study/chapt7/chapt7_ws/install/autopatrol_interfaces/include/autopatrol_interfaces/autopatrol_interfaces/srv/detail
-- Installing: /home/zzs/workspace/ros2/ros2_study/chapt7/chapt7_ws/install/autopatrol_interfaces/include/autopatrol_interfaces/autopatrol_interfaces/srv/detail/speach_text__type_support.cpp
-- Installing: /home/zzs/workspace/ros2/ros2_study/chapt7/chapt7_ws/install/autopatrol_interfaces/include/autopatrol_interfaces/autopatrol_interfaces/srv/detail/speach_text__rosidl_typesupport_introspection_cpp.hpp
-- Installing: /home/zzs/workspace/ros2/ros2_study/chapt7/chapt7_ws/install/autopatrol_interfaces/lib/libautopatrol_interfaces__rosidl_typesupport_introspection_cpp.so
-- Set runtime path of "/home/zzs/workspace/ros2/ros2_study/chapt7/chapt7_ws/install/autopatrol_interfaces/lib/libautopatrol_interfaces__rosidl_typesupport_introspection_cpp.so" to ""
-- Installing: /home/zzs/workspace/ros2/ros2_study/chapt7/chapt7_ws/install/autopatrol_interfaces/lib/libautopatrol_interfaces__rosidl_typesupport_cpp.so
-- Set runtime path of "/home/zzs/workspace/ros2/ros2_study/chapt7/chapt7_ws/install/autopatrol_interfaces/lib/libautopatrol_interfaces__rosidl_typesupport_cpp.so" to ""
-- Installing: /home/zzs/workspace/ros2/ros2_study/chapt7/chapt7_ws/install/autopatrol_interfaces/share/autopatrol_interfaces/environment/pythonpath.sh
-- Installing: /home/zzs/workspace/ros2/ros2_study/chapt7/chapt7_ws/install/autopatrol_interfaces/share/autopatrol_interfaces/environment/pythonpath.dsv
-- Installing: /home/zzs/workspace/ros2/ros2_study/chapt7/chapt7_ws/install/autopatrol_interfaces/local/lib/python3.10/dist-packages/autopatrol_interfaces-0.0.0-py3.10.egg-info
-- Installing: /home/zzs/workspace/ros2/ros2_study/chapt7/chapt7_ws/install/autopatrol_interfaces/local/lib/python3.10/dist-packages/autopatrol_interfaces-0.0.0-py3.10.egg-info/PKG-INFO
-- Installing: /home/zzs/workspace/ros2/ros2_study/chapt7/chapt7_ws/install/autopatrol_interfaces/local/lib/python3.10/dist-packages/autopatrol_interfaces-0.0.0-py3.10.egg-info/dependency_links.txt
-- Installing: /home/zzs/workspace/ros2/ros2_study/chapt7/chapt7_ws/install/autopatrol_interfaces/local/lib/python3.10/dist-packages/autopatrol_interfaces-0.0.0-py3.10.egg-info/SOURCES.txt
-- Installing: /home/zzs/workspace/ros2/ros2_study/chapt7/chapt7_ws/install/autopatrol_interfaces/local/lib/python3.10/dist-packages/autopatrol_interfaces-0.0.0-py3.10.egg-info/top_level.txt
-- Installing: /home/zzs/workspace/ros2/ros2_study/chapt7/chapt7_ws/install/autopatrol_interfaces/local/lib/python3.10/dist-packages/autopatrol_interfaces
-- Installing: /home/zzs/workspace/ros2/ros2_study/chapt7/chapt7_ws/install/autopatrol_interfaces/local/lib/python3.10/dist-packages/autopatrol_interfaces/autopatrol_interfaces_s__rosidl_typesupport_fastrtps_c.cpython-310-x86_64-linux-gnu.so
-- Installing: /home/zzs/workspace/ros2/ros2_study/chapt7/chapt7_ws/install/autopatrol_interfaces/local/lib/python3.10/dist-packages/autopatrol_interfaces/__init__.py
-- Installing: /home/zzs/workspace/ros2/ros2_study/chapt7/chapt7_ws/install/autopatrol_interfaces/local/lib/python3.10/dist-packages/autopatrol_interfaces/_autopatrol_interfaces_s.ep.rosidl_typesupport_fastrtps_c.c
-- Installing: /home/zzs/workspace/ros2/ros2_study/chapt7/chapt7_ws/install/autopatrol_interfaces/local/lib/python3.10/dist-packages/autopatrol_interfaces/_autopatrol_interfaces_s.ep.rosidl_typesupport_introspection_c.c
-- Installing: /home/zzs/workspace/ros2/ros2_study/chapt7/chapt7_ws/install/autopatrol_interfaces/local/lib/python3.10/dist-packages/autopatrol_interfaces/autopatrol_interfaces_s__rosidl_typesupport_c.cpython-310-x86_64-linux-gnu.so
-- Installing: /home/zzs/workspace/ros2/ros2_study/chapt7/chapt7_ws/install/autopatrol_interfaces/local/lib/python3.10/dist-packages/autopatrol_interfaces/srv
-- Installing: /home/zzs/workspace/ros2/ros2_study/chapt7/chapt7_ws/install/autopatrol_interfaces/local/lib/python3.10/dist-packages/autopatrol_interfaces/srv/__init__.py
-- Installing: /home/zzs/workspace/ros2/ros2_study/chapt7/chapt7_ws/install/autopatrol_interfaces/local/lib/python3.10/dist-packages/autopatrol_interfaces/srv/_speach_text_s.c
-- Installing: /home/zzs/workspace/ros2/ros2_study/chapt7/chapt7_ws/install/autopatrol_interfaces/local/lib/python3.10/dist-packages/autopatrol_interfaces/srv/_speach_text.py
-- Installing: /home/zzs/workspace/ros2/ros2_study/chapt7/chapt7_ws/install/autopatrol_interfaces/local/lib/python3.10/dist-packages/autopatrol_interfaces/autopatrol_interfaces_s__rosidl_typesupport_introspection_c.cpython-310-x86_64-linux-gnu.so
-- Installing: /home/zzs/workspace/ros2/ros2_study/chapt7/chapt7_ws/install/autopatrol_interfaces/local/lib/python3.10/dist-packages/autopatrol_interfaces/libautopatrol_interfaces__rosidl_generator_py.so
-- Installing: /home/zzs/workspace/ros2/ros2_study/chapt7/chapt7_ws/install/autopatrol_interfaces/local/lib/python3.10/dist-packages/autopatrol_interfaces/_autopatrol_interfaces_s.ep.rosidl_typesupport_c.c
Listing '/home/zzs/workspace/ros2/ros2_study/chapt7/chapt7_ws/install/autopatrol_interfaces/local/lib/python3.10/dist-packages/autopatrol_interfaces'...
Compiling '/home/zzs/workspace/ros2/ros2_study/chapt7/chapt7_ws/install/autopatrol_interfaces/local/lib/python3.10/dist-packages/autopatrol_interfaces/__init__.py'...
Listing '/home/zzs/workspace/ros2/ros2_study/chapt7/chapt7_ws/install/autopatrol_interfaces/local/lib/python3.10/dist-packages/autopatrol_interfaces/srv'...
Compiling '/home/zzs/workspace/ros2/ros2_study/chapt7/chapt7_ws/install/autopatrol_interfaces/local/lib/python3.10/dist-packages/autopatrol_interfaces/srv/__init__.py'...
Compiling '/home/zzs/workspace/ros2/ros2_study/chapt7/chapt7_ws/install/autopatrol_interfaces/local/lib/python3.10/dist-packages/autopatrol_interfaces/srv/_speach_text.py'...
-- Installing: /home/zzs/workspace/ros2/ros2_study/chapt7/chapt7_ws/install/autopatrol_interfaces/local/lib/python3.10/dist-packages/autopatrol_interfaces/autopatrol_interfaces_s__rosidl_typesupport_fastrtps_c.cpython-310-x86_64-linux-gnu.so
-- Set runtime path of "/home/zzs/workspace/ros2/ros2_study/chapt7/chapt7_ws/install/autopatrol_interfaces/local/lib/python3.10/dist-packages/autopatrol_interfaces/autopatrol_interfaces_s__rosidl_typesupport_fastrtps_c.cpython-310-x86_64-linux-gnu.so" to ""
-- Installing: /home/zzs/workspace/ros2/ros2_study/chapt7/chapt7_ws/install/autopatrol_interfaces/local/lib/python3.10/dist-packages/autopatrol_interfaces/autopatrol_interfaces_s__rosidl_typesupport_introspection_c.cpython-310-x86_64-linux-gnu.so
-- Set runtime path of "/home/zzs/workspace/ros2/ros2_study/chapt7/chapt7_ws/install/autopatrol_interfaces/local/lib/python3.10/dist-packages/autopatrol_interfaces/autopatrol_interfaces_s__rosidl_typesupport_introspection_c.cpython-310-x86_64-linux-gnu.so" to ""
-- Installing: /home/zzs/workspace/ros2/ros2_study/chapt7/chapt7_ws/install/autopatrol_interfaces/local/lib/python3.10/dist-packages/autopatrol_interfaces/autopatrol_interfaces_s__rosidl_typesupport_c.cpython-310-x86_64-linux-gnu.so
-- Set runtime path of "/home/zzs/workspace/ros2/ros2_study/chapt7/chapt7_ws/install/autopatrol_interfaces/local/lib/python3.10/dist-packages/autopatrol_interfaces/autopatrol_interfaces_s__rosidl_typesupport_c.cpython-310-x86_64-linux-gnu.so" to ""
-- Installing: /home/zzs/workspace/ros2/ros2_study/chapt7/chapt7_ws/install/autopatrol_interfaces/lib/libautopatrol_interfaces__rosidl_generator_py.so
-- Set runtime path of "/home/zzs/workspace/ros2/ros2_study/chapt7/chapt7_ws/install/autopatrol_interfaces/lib/libautopatrol_interfaces__rosidl_generator_py.so" to ""
-- Installing: /home/zzs/workspace/ros2/ros2_study/chapt7/chapt7_ws/install/autopatrol_interfaces/share/ament_index/resource_index/rust_packages/autopatrol_interfaces
-- Installing: /home/zzs/workspace/ros2/ros2_study/chapt7/chapt7_ws/install/autopatrol_interfaces/share/autopatrol_interfaces/rust
-- Installing: /home/zzs/workspace/ros2/ros2_study/chapt7/chapt7_ws/install/autopatrol_interfaces/share/autopatrol_interfaces/rust/src
-- Installing: /home/zzs/workspace/ros2/ros2_study/chapt7/chapt7_ws/install/autopatrol_interfaces/share/autopatrol_interfaces/rust/src/lib.rs
-- Installing: /home/zzs/workspace/ros2/ros2_study/chapt7/chapt7_ws/install/autopatrol_interfaces/share/autopatrol_interfaces/rust/src/srv
-- Installing: /home/zzs/workspace/ros2/ros2_study/chapt7/chapt7_ws/install/autopatrol_interfaces/share/autopatrol_interfaces/rust/src/srv/rmw.rs
-- Installing: /home/zzs/workspace/ros2/ros2_study/chapt7/chapt7_ws/install/autopatrol_interfaces/share/autopatrol_interfaces/rust/src/srv.rs
-- Installing: /home/zzs/workspace/ros2/ros2_study/chapt7/chapt7_ws/install/autopatrol_interfaces/share/autopatrol_interfaces/rust/Cargo.toml
-- Installing: /home/zzs/workspace/ros2/ros2_study/chapt7/chapt7_ws/install/autopatrol_interfaces/share/autopatrol_interfaces/rust/build.rs
-- Installing: /home/zzs/workspace/ros2/ros2_study/chapt7/chapt7_ws/install/autopatrol_interfaces/share/autopatrol_interfaces/srv/SpeachText.idl
-- Installing: /home/zzs/workspace/ros2/ros2_study/chapt7/chapt7_ws/install/autopatrol_interfaces/share/autopatrol_interfaces/srv/SpeachText.srv
-- Installing: /home/zzs/workspace/ros2/ros2_study/chapt7/chapt7_ws/install/autopatrol_interfaces/share/autopatrol_interfaces/srv/SpeachText_Request.msg
-- Installing: /home/zzs/workspace/ros2/ros2_study/chapt7/chapt7_ws/install/autopatrol_interfaces/share/autopatrol_interfaces/srv/SpeachText_Response.msg
-- Installing: /home/zzs/workspace/ros2/ros2_study/chapt7/chapt7_ws/install/autopatrol_interfaces/share/ament_index/resource_index/package_run_dependencies/autopatrol_interfaces
-- Installing: /home/zzs/workspace/ros2/ros2_study/chapt7/chapt7_ws/install/autopatrol_interfaces/share/ament_index/resource_index/parent_prefix_path/autopatrol_interfaces
-- Installing: /home/zzs/workspace/ros2/ros2_study/chapt7/chapt7_ws/install/autopatrol_interfaces/share/autopatrol_interfaces/environment/ament_prefix_path.sh
-- Installing: /home/zzs/workspace/ros2/ros2_study/chapt7/chapt7_ws/install/autopatrol_interfaces/share/autopatrol_interfaces/environment/ament_prefix_path.dsv
-- Installing: /home/zzs/workspace/ros2/ros2_study/chapt7/chapt7_ws/install/autopatrol_interfaces/share/autopatrol_interfaces/environment/path.sh
-- Installing: /home/zzs/workspace/ros2/ros2_study/chapt7/chapt7_ws/install/autopatrol_interfaces/share/autopatrol_interfaces/environment/path.dsv
-- Installing: /home/zzs/workspace/ros2/ros2_study/chapt7/chapt7_ws/install/autopatrol_interfaces/share/autopatrol_interfaces/local_setup.bash
-- Installing: /home/zzs/workspace/ros2/ros2_study/chapt7/chapt7_ws/install/autopatrol_interfaces/share/autopatrol_interfaces/local_setup.sh
-- Installing: /home/zzs/workspace/ros2/ros2_study/chapt7/chapt7_ws/install/autopatrol_interfaces/share/autopatrol_interfaces/local_setup.zsh
-- Installing: /home/zzs/workspace/ros2/ros2_study/chapt7/chapt7_ws/install/autopatrol_interfaces/share/autopatrol_interfaces/local_setup.dsv
-- Installing: /home/zzs/workspace/ros2/ros2_study/chapt7/chapt7_ws/install/autopatrol_interfaces/share/autopatrol_interfaces/package.dsv
-- Installing: /home/zzs/workspace/ros2/ros2_study/chapt7/chapt7_ws/install/autopatrol_interfaces/share/ament_index/resource_index/packages/autopatrol_interfaces
-- Installing: /home/zzs/workspace/ros2/ros2_study/chapt7/chapt7_ws/install/autopatrol_interfaces/share/autopatrol_interfaces/cmake/export_autopatrol_interfaces__rosidl_generator_cExport.cmake
-- Installing: /home/zzs/workspace/ros2/ros2_study/chapt7/chapt7_ws/install/autopatrol_interfaces/share/autopatrol_interfaces/cmake/export_autopatrol_interfaces__rosidl_generator_cExport-noconfig.cmake
-- Installing: /home/zzs/workspace/ros2/ros2_study/chapt7/chapt7_ws/install/autopatrol_interfaces/share/autopatrol_interfaces/cmake/export_autopatrol_interfaces__rosidl_typesupport_fastrtps_cExport.cmake
-- Installing: /home/zzs/workspace/ros2/ros2_study/chapt7/chapt7_ws/install/autopatrol_interfaces/share/autopatrol_interfaces/cmake/export_autopatrol_interfaces__rosidl_typesupport_fastrtps_cExport-noconfig.cmake
-- Installing: /home/zzs/workspace/ros2/ros2_study/chapt7/chapt7_ws/install/autopatrol_interfaces/share/autopatrol_interfaces/cmake/autopatrol_interfaces__rosidl_typesupport_introspection_cExport.cmake
-- Installing: /home/zzs/workspace/ros2/ros2_study/chapt7/chapt7_ws/install/autopatrol_interfaces/share/autopatrol_interfaces/cmake/autopatrol_interfaces__rosidl_typesupport_introspection_cExport-noconfig.cmake
-- Installing: /home/zzs/workspace/ros2/ros2_study/chapt7/chapt7_ws/install/autopatrol_interfaces/share/autopatrol_interfaces/cmake/autopatrol_interfaces__rosidl_typesupport_cExport.cmake
-- Installing: /home/zzs/workspace/ros2/ros2_study/chapt7/chapt7_ws/install/autopatrol_interfaces/share/autopatrol_interfaces/cmake/autopatrol_interfaces__rosidl_typesupport_cExport-noconfig.cmake
-- Installing: /home/zzs/workspace/ros2/ros2_study/chapt7/chapt7_ws/install/autopatrol_interfaces/share/autopatrol_interfaces/cmake/export_autopatrol_interfaces__rosidl_generator_cppExport.cmake
-- Installing: /home/zzs/workspace/ros2/ros2_study/chapt7/chapt7_ws/install/autopatrol_interfaces/share/autopatrol_interfaces/cmake/export_autopatrol_interfaces__rosidl_typesupport_fastrtps_cppExport.cmake
-- Installing: /home/zzs/workspace/ros2/ros2_study/chapt7/chapt7_ws/install/autopatrol_interfaces/share/autopatrol_interfaces/cmake/export_autopatrol_interfaces__rosidl_typesupport_fastrtps_cppExport-noconfig.cmake
-- Installing: /home/zzs/workspace/ros2/ros2_study/chapt7/chapt7_ws/install/autopatrol_interfaces/share/autopatrol_interfaces/cmake/autopatrol_interfaces__rosidl_typesupport_introspection_cppExport.cmake
-- Installing: /home/zzs/workspace/ros2/ros2_study/chapt7/chapt7_ws/install/autopatrol_interfaces/share/autopatrol_interfaces/cmake/autopatrol_interfaces__rosidl_typesupport_introspection_cppExport-noconfig.cmake
-- Installing: /home/zzs/workspace/ros2/ros2_study/chapt7/chapt7_ws/install/autopatrol_interfaces/share/autopatrol_interfaces/cmake/autopatrol_interfaces__rosidl_typesupport_cppExport.cmake
-- Installing: /home/zzs/workspace/ros2/ros2_study/chapt7/chapt7_ws/install/autopatrol_interfaces/share/autopatrol_interfaces/cmake/autopatrol_interfaces__rosidl_typesupport_cppExport-noconfig.cmake
-- Installing: /home/zzs/workspace/ros2/ros2_study/chapt7/chapt7_ws/install/autopatrol_interfaces/share/autopatrol_interfaces/cmake/export_autopatrol_interfaces__rosidl_generator_pyExport.cmake
-- Installing: /home/zzs/workspace/ros2/ros2_study/chapt7/chapt7_ws/install/autopatrol_interfaces/share/autopatrol_interfaces/cmake/export_autopatrol_interfaces__rosidl_generator_pyExport-noconfig.cmake
-- Installing: /home/zzs/workspace/ros2/ros2_study/chapt7/chapt7_ws/install/autopatrol_interfaces/share/autopatrol_interfaces/cmake/rosidl_cmake-extras.cmake
-- Installing: /home/zzs/workspace/ros2/ros2_study/chapt7/chapt7_ws/install/autopatrol_interfaces/share/autopatrol_interfaces/cmake/ament_cmake_export_include_directories-extras.cmake
-- Installing: /home/zzs/workspace/ros2/ros2_study/chapt7/chapt7_ws/install/autopatrol_interfaces/share/autopatrol_interfaces/cmake/ament_cmake_export_libraries-extras.cmake
-- Installing: /home/zzs/workspace/ros2/ros2_study/chapt7/chapt7_ws/install/autopatrol_interfaces/share/autopatrol_interfaces/cmake/ament_cmake_export_targets-extras.cmake
-- Installing: /home/zzs/workspace/ros2/ros2_study/chapt7/chapt7_ws/install/autopatrol_interfaces/share/autopatrol_interfaces/cmake/rosidl_cmake_export_typesupport_targets-extras.cmake
-- Installing: /home/zzs/workspace/ros2/ros2_study/chapt7/chapt7_ws/install/autopatrol_interfaces/share/autopatrol_interfaces/cmake/ament_cmake_export_dependencies-extras.cmake
-- Installing: /home/zzs/workspace/ros2/ros2_study/chapt7/chapt7_ws/install/autopatrol_interfaces/share/autopatrol_interfaces/cmake/rosidl_cmake_export_typesupport_libraries-extras.cmake
-- Installing: /home/zzs/workspace/ros2/ros2_study/chapt7/chapt7_ws/install/autopatrol_interfaces/share/autopatrol_interfaces/cmake/rosidl_cmake_aggregate_target-extras.cmake
-- Installing: /home/zzs/workspace/ros2/ros2_study/chapt7/chapt7_ws/install/autopatrol_interfaces/share/autopatrol_interfaces/cmake/autopatrol_interfacesConfig.cmake
-- Installing: /home/zzs/workspace/ros2/ros2_study/chapt7/chapt7_ws/install/autopatrol_interfaces/share/autopatrol_interfaces/cmake/autopatrol_interfacesConfig-version.cmake
-- Installing: /home/zzs/workspace/ros2/ros2_study/chapt7/chapt7_ws/install/autopatrol_interfaces/share/autopatrol_interfaces/package.xml
