[2.700s] Invoking command in '/home/zzs/chapt5/chapt5_ws/src/demo_python_tf': DEBUGINFOD_URLS=https://debuginfod.ubuntu.com PYTHONPATH=/home/zzs/chapt5/chapt5_ws/build/demo_python_tf/prefix_override:/usr/lib/python3/dist-packages/colcon_core/task/python/colcon_distutils_commands:/home/zzs/chapt5/chapt5_ws/install/demo_python_tf/lib/python3.12/site-packages:${PYTHONPATH} /usr/bin/python3 -W ignore:setup.py install is deprecated -W ignore:easy_install command is deprecated setup.py egg_info --egg-base ../../build/demo_python_tf build --build-base /home/zzs/chapt5/chapt5_ws/build/demo_python_tf/build install --record /home/zzs/chapt5/chapt5_ws/build/demo_python_tf/install.log --install-scripts $base/lib/demo_python_tf --single-version-externally-managed install_data
[3.081s] running egg_info
[3.083s] creating ../../build/demo_python_tf/demo_python_tf.egg-info
[3.103s] writing ../../build/demo_python_tf/demo_python_tf.egg-info/PKG-INFO
[3.103s] writing dependency_links to ../../build/demo_python_tf/demo_python_tf.egg-info/dependency_links.txt
[3.103s] writing entry points to ../../build/demo_python_tf/demo_python_tf.egg-info/entry_points.txt
[3.104s] writing requirements to ../../build/demo_python_tf/demo_python_tf.egg-info/requires.txt
[3.104s] writing top-level names to ../../build/demo_python_tf/demo_python_tf.egg-info/top_level.txt
[3.104s] writing manifest file '../../build/demo_python_tf/demo_python_tf.egg-info/SOURCES.txt'
[3.145s] reading manifest file '../../build/demo_python_tf/demo_python_tf.egg-info/SOURCES.txt'
[3.145s] adding license file 'LICENSE'
[3.145s] writing manifest file '../../build/demo_python_tf/demo_python_tf.egg-info/SOURCES.txt'
[3.146s] running build
[3.146s] running build_py
[3.146s] creating /home/zzs/chapt5/chapt5_ws/build/demo_python_tf/build
[3.146s] creating /home/zzs/chapt5/chapt5_ws/build/demo_python_tf/build/lib
[3.146s] creating /home/zzs/chapt5/chapt5_ws/build/demo_python_tf/build/lib/demo_python_tf
[3.146s] copying demo_python_tf/static_tf_broadcaster.py -> /home/zzs/chapt5/chapt5_ws/build/demo_python_tf/build/lib/demo_python_tf
[3.147s] copying demo_python_tf/__init__.py -> /home/zzs/chapt5/chapt5_ws/build/demo_python_tf/build/lib/demo_python_tf
[3.147s] running install
[3.155s] running install_lib
[3.176s] creating /home/zzs/chapt5/chapt5_ws/install/demo_python_tf/lib/python3.12/site-packages/demo_python_tf
[3.176s] copying /home/zzs/chapt5/chapt5_ws/build/demo_python_tf/build/lib/demo_python_tf/static_tf_broadcaster.py -> /home/zzs/chapt5/chapt5_ws/install/demo_python_tf/lib/python3.12/site-packages/demo_python_tf
[3.176s] copying /home/zzs/chapt5/chapt5_ws/build/demo_python_tf/build/lib/demo_python_tf/__init__.py -> /home/zzs/chapt5/chapt5_ws/install/demo_python_tf/lib/python3.12/site-packages/demo_python_tf
[3.177s] byte-compiling /home/zzs/chapt5/chapt5_ws/install/demo_python_tf/lib/python3.12/site-packages/demo_python_tf/static_tf_broadcaster.py to static_tf_broadcaster.cpython-312.pyc
[3.177s] byte-compiling /home/zzs/chapt5/chapt5_ws/install/demo_python_tf/lib/python3.12/site-packages/demo_python_tf/__init__.py to __init__.cpython-312.pyc
[3.178s] running install_data
[3.178s] creating /home/zzs/chapt5/chapt5_ws/install/demo_python_tf/share/ament_index
[3.179s] creating /home/zzs/chapt5/chapt5_ws/install/demo_python_tf/share/ament_index/resource_index
[3.179s] creating /home/zzs/chapt5/chapt5_ws/install/demo_python_tf/share/ament_index/resource_index/packages
[3.179s] copying resource/demo_python_tf -> /home/zzs/chapt5/chapt5_ws/install/demo_python_tf/share/ament_index/resource_index/packages
[3.179s] copying package.xml -> /home/zzs/chapt5/chapt5_ws/install/demo_python_tf/share/demo_python_tf
[3.179s] running install_egg_info
[3.200s] Copying ../../build/demo_python_tf/demo_python_tf.egg-info to /home/zzs/chapt5/chapt5_ws/install/demo_python_tf/lib/python3.12/site-packages/demo_python_tf-0.0.0-py3.12.egg-info
[3.201s] running install_scripts
[3.434s] Installing static_tf_broadcaster script to /home/zzs/chapt5/chapt5_ws/install/demo_python_tf/lib/demo_python_tf
[3.434s] writing list of installed files to '/home/zzs/chapt5/chapt5_ws/build/demo_python_tf/install.log'
[3.468s] Invoked command in '/home/zzs/chapt5/chapt5_ws/src/demo_python_tf' returned '0': DEBUGINFOD_URLS=https://debuginfod.ubuntu.com PYTHONPATH=/home/zzs/chapt5/chapt5_ws/build/demo_python_tf/prefix_override:/usr/lib/python3/dist-packages/colcon_core/task/python/colcon_distutils_commands:/home/zzs/chapt5/chapt5_ws/install/demo_python_tf/lib/python3.12/site-packages:${PYTHONPATH} /usr/bin/python3 -W ignore:setup.py install is deprecated -W ignore:easy_install command is deprecated setup.py egg_info --egg-base ../../build/demo_python_tf build --build-base /home/zzs/chapt5/chapt5_ws/build/demo_python_tf/build install --record /home/zzs/chapt5/chapt5_ws/build/demo_python_tf/install.log --install-scripts $base/lib/demo_python_tf --single-version-externally-managed install_data
