[0.308s] DEBUG:colcon:Command line arguments: ['/usr/bin/colcon', 'build']
[0.308s] DEBUG:colcon:Parsed command line arguments: Namespace(log_base=None, log_level=None, verb_name='build', build_base='build', install_base='install', merge_install=False, symlink_install=False, test_result_base=None, continue_on_error=False, executor='parallel', parallel_workers=2, event_handlers=None, ignore_user_meta=False, metas=['./colcon.meta'], base_paths=['.'], packages_ignore=None, packages_ignore_regex=None, paths=None, packages_up_to=None, packages_up_to_regex=None, packages_above=None, packages_above_and_dependencies=None, packages_above_depth=None, packages_select_by_dep=None, packages_skip_by_dep=None, packages_skip_up_to=None, packages_select_build_failed=False, packages_skip_build_finished=False, packages_select_test_failures=False, packages_skip_test_passed=False, packages_select=None, packages_skip=None, packages_select_regex=None, packages_skip_regex=None, packages_start=None, packages_end=None, allow_overriding=[], cmake_args=None, cmake_target=None, cmake_target_skip_unavailable=False, cmake_clean_cache=False, cmake_clean_first=False, cmake_force_configure=False, ament_cmake_args=None, catkin_cmake_args=None, catkin_skip_building_tests=False, verb_parser=<colcon_defaults.argument_parser.defaults.DefaultArgumentsDecorator object at 0x708be3a35000>, verb_extension=<colcon_core.verb.build.BuildVerb object at 0x708be3a34af0>, main=<bound method BuildVerb.main of <colcon_core.verb.build.BuildVerb object at 0x708be3a34af0>>)
[0.814s] Level 1:colcon.colcon_core.package_discovery:discover_packages(colcon_meta) check parameters
[0.814s] Level 1:colcon.colcon_core.package_discovery:discover_packages(recursive) check parameters
[0.814s] Level 1:colcon.colcon_core.package_discovery:discover_packages(ignore) check parameters
[0.814s] Level 1:colcon.colcon_core.package_discovery:discover_packages(path) check parameters
[0.814s] Level 1:colcon.colcon_core.package_discovery:discover_packages(colcon_meta) discover
[0.814s] Level 1:colcon.colcon_core.package_discovery:discover_packages(recursive) discover
[0.814s] INFO:colcon.colcon_core.package_discovery:Crawling recursively for packages in '/home/zzs/workspace/ros2/ros2_study/chapt7/chapt7_ws'
[0.815s] Level 1:colcon.colcon_core.package_identification:_identify(.) by extensions ['ignore', 'ignore_ament_install']
[0.815s] Level 1:colcon.colcon_core.package_identification:_identify(.) by extension 'ignore'
[0.815s] Level 1:colcon.colcon_core.package_identification:_identify(.) by extension 'ignore_ament_install'
[0.815s] Level 1:colcon.colcon_core.package_identification:_identify(.) by extensions ['colcon_pkg']
[0.815s] Level 1:colcon.colcon_core.package_identification:_identify(.) by extension 'colcon_pkg'
[0.815s] Level 1:colcon.colcon_core.package_identification:_identify(.) by extensions ['colcon_meta']
[0.815s] Level 1:colcon.colcon_core.package_identification:_identify(.) by extension 'colcon_meta'
[0.815s] Level 1:colcon.colcon_core.package_identification:_identify(.) by extensions ['ros']
[0.815s] Level 1:colcon.colcon_core.package_identification:_identify(.) by extension 'ros'
[0.838s] Level 1:colcon.colcon_core.package_identification:_identify(.) by extensions ['cmake', 'python']
[0.838s] Level 1:colcon.colcon_core.package_identification:_identify(.) by extension 'cmake'
[0.838s] Level 1:colcon.colcon_core.package_identification:_identify(.) by extension 'python'
[0.838s] Level 1:colcon.colcon_core.package_identification:_identify(.) by extensions ['python_setup_py']
[0.838s] Level 1:colcon.colcon_core.package_identification:_identify(.) by extension 'python_setup_py'
[0.838s] Level 1:colcon.colcon_core.package_identification:_identify(build) by extensions ['ignore', 'ignore_ament_install']
[0.839s] Level 1:colcon.colcon_core.package_identification:_identify(build) by extension 'ignore'
[0.839s] Level 1:colcon.colcon_core.package_identification:_identify(build) ignored
[0.839s] Level 1:colcon.colcon_core.package_identification:_identify(install) by extensions ['ignore', 'ignore_ament_install']
[0.839s] Level 1:colcon.colcon_core.package_identification:_identify(install) by extension 'ignore'
[0.839s] Level 1:colcon.colcon_core.package_identification:_identify(install) ignored
[0.839s] Level 1:colcon.colcon_core.package_identification:_identify(log) by extensions ['ignore', 'ignore_ament_install']
[0.839s] Level 1:colcon.colcon_core.package_identification:_identify(log) by extension 'ignore'
[0.839s] Level 1:colcon.colcon_core.package_identification:_identify(log) ignored
[0.839s] Level 1:colcon.colcon_core.package_identification:_identify(src) by extensions ['ignore', 'ignore_ament_install']
[0.839s] Level 1:colcon.colcon_core.package_identification:_identify(src) by extension 'ignore'
[0.839s] Level 1:colcon.colcon_core.package_identification:_identify(src) by extension 'ignore_ament_install'
[0.839s] Level 1:colcon.colcon_core.package_identification:_identify(src) by extensions ['colcon_pkg']
[0.839s] Level 1:colcon.colcon_core.package_identification:_identify(src) by extension 'colcon_pkg'
[0.840s] Level 1:colcon.colcon_core.package_identification:_identify(src) by extensions ['colcon_meta']
[0.840s] Level 1:colcon.colcon_core.package_identification:_identify(src) by extension 'colcon_meta'
[0.840s] Level 1:colcon.colcon_core.package_identification:_identify(src) by extensions ['ros']
[0.840s] Level 1:colcon.colcon_core.package_identification:_identify(src) by extension 'ros'
[0.840s] Level 1:colcon.colcon_core.package_identification:_identify(src) by extensions ['cmake', 'python']
[0.840s] Level 1:colcon.colcon_core.package_identification:_identify(src) by extension 'cmake'
[0.840s] Level 1:colcon.colcon_core.package_identification:_identify(src) by extension 'python'
[0.840s] Level 1:colcon.colcon_core.package_identification:_identify(src) by extensions ['python_setup_py']
[0.840s] Level 1:colcon.colcon_core.package_identification:_identify(src) by extension 'python_setup_py'
[0.840s] Level 1:colcon.colcon_core.package_identification:_identify(src/zzs_description) by extensions ['ignore', 'ignore_ament_install']
[0.840s] Level 1:colcon.colcon_core.package_identification:_identify(src/zzs_description) by extension 'ignore'
[0.840s] Level 1:colcon.colcon_core.package_identification:_identify(src/zzs_description) by extension 'ignore_ament_install'
[0.840s] Level 1:colcon.colcon_core.package_identification:_identify(src/zzs_description) by extensions ['colcon_pkg']
[0.840s] Level 1:colcon.colcon_core.package_identification:_identify(src/zzs_description) by extension 'colcon_pkg'
[0.840s] Level 1:colcon.colcon_core.package_identification:_identify(src/zzs_description) by extensions ['colcon_meta']
[0.840s] Level 1:colcon.colcon_core.package_identification:_identify(src/zzs_description) by extension 'colcon_meta'
[0.840s] Level 1:colcon.colcon_core.package_identification:_identify(src/zzs_description) by extensions ['ros']
[0.840s] Level 1:colcon.colcon_core.package_identification:_identify(src/zzs_description) by extension 'ros'
[0.848s] DEBUG:colcon.colcon_core.package_identification:Package 'src/zzs_description' with type 'ros.ament_cmake' and name 'zzs_description'
[0.848s] Level 1:colcon.colcon_core.package_discovery:discover_packages(recursive) using defaults
[0.848s] Level 1:colcon.colcon_core.package_discovery:discover_packages(ignore) discover
[0.849s] Level 1:colcon.colcon_core.package_discovery:discover_packages(ignore) using defaults
[0.849s] Level 1:colcon.colcon_core.package_discovery:discover_packages(path) discover
[0.849s] Level 1:colcon.colcon_core.package_discovery:discover_packages(path) using defaults
[0.879s] Level 1:colcon.colcon_core.package_discovery:discover_packages(prefix_path) check parameters
[0.879s] Level 1:colcon.colcon_core.package_discovery:discover_packages(prefix_path) discover
[0.889s] DEBUG:colcon.colcon_installed_package_information.package_discovery:Found 1 installed packages in /home/zzs/workspace/ros2/ros2_study/chapt7/chapt7_ws/install
[0.890s] DEBUG:colcon.colcon_installed_package_information.package_discovery:Found 248 installed packages in /opt/ros/humble
[0.891s] Level 1:colcon.colcon_core.package_discovery:discover_packages(prefix_path) using defaults
[1.013s] Level 5:colcon.colcon_core.verb:set package 'zzs_description' build argument 'cmake_args' from command line to 'None'
[1.013s] Level 5:colcon.colcon_core.verb:set package 'zzs_description' build argument 'cmake_target' from command line to 'None'
[1.014s] Level 5:colcon.colcon_core.verb:set package 'zzs_description' build argument 'cmake_target_skip_unavailable' from command line to 'False'
[1.014s] Level 5:colcon.colcon_core.verb:set package 'zzs_description' build argument 'cmake_clean_cache' from command line to 'False'
[1.014s] Level 5:colcon.colcon_core.verb:set package 'zzs_description' build argument 'cmake_clean_first' from command line to 'False'
[1.014s] Level 5:colcon.colcon_core.verb:set package 'zzs_description' build argument 'cmake_force_configure' from command line to 'False'
[1.014s] Level 5:colcon.colcon_core.verb:set package 'zzs_description' build argument 'ament_cmake_args' from command line to 'None'
[1.014s] Level 5:colcon.colcon_core.verb:set package 'zzs_description' build argument 'catkin_cmake_args' from command line to 'None'
[1.014s] Level 5:colcon.colcon_core.verb:set package 'zzs_description' build argument 'catkin_skip_building_tests' from command line to 'False'
[1.014s] DEBUG:colcon.colcon_core.verb:Building package 'zzs_description' with the following arguments: {'ament_cmake_args': None, 'build_base': '/home/zzs/workspace/ros2/ros2_study/chapt7/chapt7_ws/build/zzs_description', 'catkin_cmake_args': None, 'catkin_skip_building_tests': False, 'cmake_args': None, 'cmake_clean_cache': False, 'cmake_clean_first': False, 'cmake_force_configure': False, 'cmake_target': None, 'cmake_target_skip_unavailable': False, 'install_base': '/home/zzs/workspace/ros2/ros2_study/chapt7/chapt7_ws/install/zzs_description', 'merge_install': False, 'path': '/home/zzs/workspace/ros2/ros2_study/chapt7/chapt7_ws/src/zzs_description', 'symlink_install': False, 'test_result_base': None}
[1.015s] INFO:colcon.colcon_core.executor:Executing jobs using 'parallel' executor
[1.017s] DEBUG:colcon.colcon_parallel_executor.executor.parallel:run_until_complete
[1.017s] INFO:colcon.colcon_ros.task.ament_cmake.build:Building ROS package in '/home/zzs/workspace/ros2/ros2_study/chapt7/chapt7_ws/src/zzs_description' with build type 'ament_cmake'
[1.018s] INFO:colcon.colcon_cmake.task.cmake.build:Building CMake package in '/home/zzs/workspace/ros2/ros2_study/chapt7/chapt7_ws/src/zzs_description'
[1.028s] INFO:colcon.colcon_core.plugin_system:Skipping extension 'colcon_core.shell.bat': Not used on non-Windows systems
[1.028s] INFO:colcon.colcon_core.shell:Skip shell extension 'powershell' for command environment: Not usable outside of PowerShell
[1.028s] DEBUG:colcon.colcon_core.shell:Skip shell extension 'dsv' for command environment
[1.061s] DEBUG:colcon.colcon_core.event_handler.log_command:Invoking command in '/home/zzs/workspace/ros2/ros2_study/chapt7/chapt7_ws/build/zzs_description': CMAKE_PREFIX_PATH=${CMAKE_PREFIX_PATH}:/opt/ros/humble /usr/bin/cmake --build /home/zzs/workspace/ros2/ros2_study/chapt7/chapt7_ws/build/zzs_description -- -j2 -l2
[1.235s] DEBUG:colcon.colcon_core.event_handler.log_command:Invoked command in '/home/zzs/workspace/ros2/ros2_study/chapt7/chapt7_ws/build/zzs_description' returned '0': CMAKE_PREFIX_PATH=${CMAKE_PREFIX_PATH}:/opt/ros/humble /usr/bin/cmake --build /home/zzs/workspace/ros2/ros2_study/chapt7/chapt7_ws/build/zzs_description -- -j2 -l2
[1.256s] DEBUG:colcon.colcon_core.event_handler.log_command:Invoking command in '/home/zzs/workspace/ros2/ros2_study/chapt7/chapt7_ws/build/zzs_description': CMAKE_PREFIX_PATH=${CMAKE_PREFIX_PATH}:/opt/ros/humble /usr/bin/cmake --install /home/zzs/workspace/ros2/ros2_study/chapt7/chapt7_ws/build/zzs_description
[1.288s] Level 1:colcon.colcon_core.environment:create_environment_scripts_only(zzs_description)
[1.289s] DEBUG:colcon.colcon_core.event_handler.log_command:Invoked command in '/home/zzs/workspace/ros2/ros2_study/chapt7/chapt7_ws/build/zzs_description' returned '0': CMAKE_PREFIX_PATH=${CMAKE_PREFIX_PATH}:/opt/ros/humble /usr/bin/cmake --install /home/zzs/workspace/ros2/ros2_study/chapt7/chapt7_ws/build/zzs_description
[1.300s] Level 1:colcon.colcon_core.environment:checking '/home/zzs/workspace/ros2/ros2_study/chapt7/chapt7_ws/install/zzs_description' for CMake module files
[1.301s] Level 1:colcon.colcon_core.environment:checking '/home/zzs/workspace/ros2/ros2_study/chapt7/chapt7_ws/install/zzs_description' for CMake config files
[1.303s] Level 1:colcon.colcon_core.shell:create_environment_hook('zzs_description', 'cmake_prefix_path')
[1.304s] INFO:colcon.colcon_core.shell:Creating environment hook '/home/zzs/workspace/ros2/ros2_study/chapt7/chapt7_ws/install/zzs_description/share/zzs_description/hook/cmake_prefix_path.ps1'
[1.305s] INFO:colcon.colcon_core.shell:Creating environment descriptor '/home/zzs/workspace/ros2/ros2_study/chapt7/chapt7_ws/install/zzs_description/share/zzs_description/hook/cmake_prefix_path.dsv'
[1.307s] INFO:colcon.colcon_core.shell:Creating environment hook '/home/zzs/workspace/ros2/ros2_study/chapt7/chapt7_ws/install/zzs_description/share/zzs_description/hook/cmake_prefix_path.sh'
[1.310s] Level 1:colcon.colcon_core.environment:checking '/home/zzs/workspace/ros2/ros2_study/chapt7/chapt7_ws/install/zzs_description/bin'
[1.310s] Level 1:colcon.colcon_core.environment:checking '/home/zzs/workspace/ros2/ros2_study/chapt7/chapt7_ws/install/zzs_description/lib/pkgconfig/zzs_description.pc'
[1.310s] Level 1:colcon.colcon_core.environment:checking '/home/zzs/workspace/ros2/ros2_study/chapt7/chapt7_ws/install/zzs_description/lib/python3.10/site-packages'
[1.310s] Level 1:colcon.colcon_core.environment:checking '/home/zzs/workspace/ros2/ros2_study/chapt7/chapt7_ws/install/zzs_description/bin'
[1.311s] INFO:colcon.colcon_core.shell:Creating package script '/home/zzs/workspace/ros2/ros2_study/chapt7/chapt7_ws/install/zzs_description/share/zzs_description/package.ps1'
[1.313s] INFO:colcon.colcon_core.shell:Creating package descriptor '/home/zzs/workspace/ros2/ros2_study/chapt7/chapt7_ws/install/zzs_description/share/zzs_description/package.dsv'
[1.314s] INFO:colcon.colcon_core.shell:Creating package script '/home/zzs/workspace/ros2/ros2_study/chapt7/chapt7_ws/install/zzs_description/share/zzs_description/package.sh'
[1.315s] INFO:colcon.colcon_core.shell:Creating package script '/home/zzs/workspace/ros2/ros2_study/chapt7/chapt7_ws/install/zzs_description/share/zzs_description/package.bash'
[1.317s] INFO:colcon.colcon_core.shell:Creating package script '/home/zzs/workspace/ros2/ros2_study/chapt7/chapt7_ws/install/zzs_description/share/zzs_description/package.zsh'
[1.320s] Level 1:colcon.colcon_core.environment:create_file_with_runtime_dependencies(/home/zzs/workspace/ros2/ros2_study/chapt7/chapt7_ws/install/zzs_description/share/colcon-core/packages/zzs_description)
[1.321s] Level 1:colcon.colcon_core.environment:create_environment_scripts_only(zzs_description)
[1.321s] Level 1:colcon.colcon_core.environment:checking '/home/zzs/workspace/ros2/ros2_study/chapt7/chapt7_ws/install/zzs_description' for CMake module files
[1.322s] Level 1:colcon.colcon_core.environment:checking '/home/zzs/workspace/ros2/ros2_study/chapt7/chapt7_ws/install/zzs_description' for CMake config files
[1.322s] Level 1:colcon.colcon_core.shell:create_environment_hook('zzs_description', 'cmake_prefix_path')
[1.322s] INFO:colcon.colcon_core.shell:Creating environment hook '/home/zzs/workspace/ros2/ros2_study/chapt7/chapt7_ws/install/zzs_description/share/zzs_description/hook/cmake_prefix_path.ps1'
[1.323s] INFO:colcon.colcon_core.shell:Creating environment descriptor '/home/zzs/workspace/ros2/ros2_study/chapt7/chapt7_ws/install/zzs_description/share/zzs_description/hook/cmake_prefix_path.dsv'
[1.323s] INFO:colcon.colcon_core.shell:Creating environment hook '/home/zzs/workspace/ros2/ros2_study/chapt7/chapt7_ws/install/zzs_description/share/zzs_description/hook/cmake_prefix_path.sh'
[1.324s] Level 1:colcon.colcon_core.environment:checking '/home/zzs/workspace/ros2/ros2_study/chapt7/chapt7_ws/install/zzs_description/bin'
[1.324s] Level 1:colcon.colcon_core.environment:checking '/home/zzs/workspace/ros2/ros2_study/chapt7/chapt7_ws/install/zzs_description/lib/pkgconfig/zzs_description.pc'
[1.324s] Level 1:colcon.colcon_core.environment:checking '/home/zzs/workspace/ros2/ros2_study/chapt7/chapt7_ws/install/zzs_description/lib/python3.10/site-packages'
[1.325s] Level 1:colcon.colcon_core.environment:checking '/home/zzs/workspace/ros2/ros2_study/chapt7/chapt7_ws/install/zzs_description/bin'
[1.325s] INFO:colcon.colcon_core.shell:Creating package script '/home/zzs/workspace/ros2/ros2_study/chapt7/chapt7_ws/install/zzs_description/share/zzs_description/package.ps1'
[1.326s] INFO:colcon.colcon_core.shell:Creating package descriptor '/home/zzs/workspace/ros2/ros2_study/chapt7/chapt7_ws/install/zzs_description/share/zzs_description/package.dsv'
[1.327s] INFO:colcon.colcon_core.shell:Creating package script '/home/zzs/workspace/ros2/ros2_study/chapt7/chapt7_ws/install/zzs_description/share/zzs_description/package.sh'
[1.327s] INFO:colcon.colcon_core.shell:Creating package script '/home/zzs/workspace/ros2/ros2_study/chapt7/chapt7_ws/install/zzs_description/share/zzs_description/package.bash'
[1.328s] INFO:colcon.colcon_core.shell:Creating package script '/home/zzs/workspace/ros2/ros2_study/chapt7/chapt7_ws/install/zzs_description/share/zzs_description/package.zsh'
[1.329s] Level 1:colcon.colcon_core.environment:create_file_with_runtime_dependencies(/home/zzs/workspace/ros2/ros2_study/chapt7/chapt7_ws/install/zzs_description/share/colcon-core/packages/zzs_description)
[1.329s] DEBUG:colcon.colcon_parallel_executor.executor.parallel:closing loop
[1.330s] DEBUG:colcon.colcon_parallel_executor.executor.parallel:loop closed
[1.331s] DEBUG:colcon.colcon_parallel_executor.executor.parallel:run_until_complete finished with '0'
[1.331s] DEBUG:colcon.colcon_core.event_reactor:joining thread
[1.350s] INFO:colcon.colcon_core.plugin_system:Skipping extension 'colcon_notification.desktop_notification.terminal_notifier': Not used on non-Darwin systems
[1.350s] INFO:colcon.colcon_core.plugin_system:Skipping extension 'colcon_notification.desktop_notification.win32': Not used on non-Windows systems
[1.350s] INFO:colcon.colcon_notification.desktop_notification:Sending desktop notification using 'notify2'
[1.498s] DEBUG:colcon.colcon_core.event_reactor:joined thread
[1.499s] INFO:colcon.colcon_core.shell:Creating prefix script '/home/zzs/workspace/ros2/ros2_study/chapt7/chapt7_ws/install/local_setup.ps1'
[1.500s] INFO:colcon.colcon_core.shell:Creating prefix util module '/home/zzs/workspace/ros2/ros2_study/chapt7/chapt7_ws/install/_local_setup_util_ps1.py'
[1.504s] INFO:colcon.colcon_core.shell:Creating prefix chain script '/home/zzs/workspace/ros2/ros2_study/chapt7/chapt7_ws/install/setup.ps1'
[1.505s] INFO:colcon.colcon_core.shell:Creating prefix script '/home/zzs/workspace/ros2/ros2_study/chapt7/chapt7_ws/install/local_setup.sh'
[1.508s] INFO:colcon.colcon_core.shell:Creating prefix util module '/home/zzs/workspace/ros2/ros2_study/chapt7/chapt7_ws/install/_local_setup_util_sh.py'
[1.508s] INFO:colcon.colcon_core.shell:Creating prefix chain script '/home/zzs/workspace/ros2/ros2_study/chapt7/chapt7_ws/install/setup.sh'
[1.510s] INFO:colcon.colcon_core.shell:Creating prefix script '/home/zzs/workspace/ros2/ros2_study/chapt7/chapt7_ws/install/local_setup.bash'
[1.511s] INFO:colcon.colcon_core.shell:Creating prefix chain script '/home/zzs/workspace/ros2/ros2_study/chapt7/chapt7_ws/install/setup.bash'
[1.513s] INFO:colcon.colcon_core.shell:Creating prefix script '/home/zzs/workspace/ros2/ros2_study/chapt7/chapt7_ws/install/local_setup.zsh'
[1.514s] INFO:colcon.colcon_core.shell:Creating prefix chain script '/home/zzs/workspace/ros2/ros2_study/chapt7/chapt7_ws/install/setup.zsh'
