[1.179s] Invoking command in '/home/zzs/chapt3/topic_ws/src/demo_python_topic': DEBUGINFOD_URLS=https://debuginfod.ubuntu.com PYTHONPATH=/home/zzs/chapt3/topic_ws/build/demo_python_topic/prefix_override:/usr/lib/python3/dist-packages/colcon_core/task/python/colcon_distutils_commands:/home/zzs/chapt3/topic_ws/install/demo_python_topic/lib/python3.12/site-packages:${PYTHONPATH} /usr/bin/python3 -W ignore:setup.py install is deprecated -W ignore:easy_install command is deprecated setup.py egg_info --egg-base ../../build/demo_python_topic build --build-base /home/zzs/chapt3/topic_ws/build/demo_python_topic/build install --record /home/zzs/chapt3/topic_ws/build/demo_python_topic/install.log --install-scripts $base/lib/demo_python_topic --single-version-externally-managed install_data
[1.455s] running egg_info
[1.455s] creating ../../build/demo_python_topic/demo_python_topic.egg-info
[1.489s] writing ../../build/demo_python_topic/demo_python_topic.egg-info/PKG-INFO
[1.490s] writing dependency_links to ../../build/demo_python_topic/demo_python_topic.egg-info/dependency_links.txt
[1.492s] writing requirements to ../../build/demo_python_topic/demo_python_topic.egg-info/requires.txt
[1.492s] writing top-level names to ../../build/demo_python_topic/demo_python_topic.egg-info/top_level.txt
[1.492s] writing manifest file '../../build/demo_python_topic/demo_python_topic.egg-info/SOURCES.txt'
[1.538s] reading manifest file '../../build/demo_python_topic/demo_python_topic.egg-info/SOURCES.txt'
[1.538s] adding license file 'LICENSE'
[1.539s] writing manifest file '../../build/demo_python_topic/demo_python_topic.egg-info/SOURCES.txt'
[1.540s] running build
[1.540s] running build_py
[1.540s] creating /home/zzs/chapt3/topic_ws/build/demo_python_topic/build
[1.540s] creating /home/zzs/chapt3/topic_ws/build/demo_python_topic/build/lib
[1.543s] creating /home/zzs/chapt3/topic_ws/build/demo_python_topic/build/lib/demo_python_topic
[1.543s] copying demo_python_topic/__init__.py -> /home/zzs/chapt3/topic_ws/build/demo_python_topic/build/lib/demo_python_topic
[1.543s] running install
[1.547s] running install_lib
[1.577s] creating /home/zzs/chapt3/topic_ws/install/demo_python_topic/lib/python3.12/site-packages/demo_python_topic
[1.580s] copying /home/zzs/chapt3/topic_ws/build/demo_python_topic/build/lib/demo_python_topic/__init__.py -> /home/zzs/chapt3/topic_ws/install/demo_python_topic/lib/python3.12/site-packages/demo_python_topic
[1.580s] byte-compiling /home/zzs/chapt3/topic_ws/install/demo_python_topic/lib/python3.12/site-packages/demo_python_topic/__init__.py to __init__.cpython-312.pyc
[1.580s] running install_data
[1.580s] creating /home/zzs/chapt3/topic_ws/install/demo_python_topic/share/ament_index
[1.580s] creating /home/zzs/chapt3/topic_ws/install/demo_python_topic/share/ament_index/resource_index
[1.580s] creating /home/zzs/chapt3/topic_ws/install/demo_python_topic/share/ament_index/resource_index/packages
[1.581s] copying resource/demo_python_topic -> /home/zzs/chapt3/topic_ws/install/demo_python_topic/share/ament_index/resource_index/packages
[1.581s] copying package.xml -> /home/zzs/chapt3/topic_ws/install/demo_python_topic/share/demo_python_topic
[1.581s] running install_egg_info
[1.602s] Copying ../../build/demo_python_topic/demo_python_topic.egg-info to /home/zzs/chapt3/topic_ws/install/demo_python_topic/lib/python3.12/site-packages/demo_python_topic-0.0.0-py3.12.egg-info
[1.603s] running install_scripts
[1.763s] writing list of installed files to '/home/zzs/chapt3/topic_ws/build/demo_python_topic/install.log'
[1.795s] Invoked command in '/home/zzs/chapt3/topic_ws/src/demo_python_topic' returned '0': DEBUGINFOD_URLS=https://debuginfod.ubuntu.com PYTHONPATH=/home/zzs/chapt3/topic_ws/build/demo_python_topic/prefix_override:/usr/lib/python3/dist-packages/colcon_core/task/python/colcon_distutils_commands:/home/zzs/chapt3/topic_ws/install/demo_python_topic/lib/python3.12/site-packages:${PYTHONPATH} /usr/bin/python3 -W ignore:setup.py install is deprecated -W ignore:easy_install command is deprecated setup.py egg_info --egg-base ../../build/demo_python_topic build --build-base /home/zzs/chapt3/topic_ws/build/demo_python_topic/build install --record /home/zzs/chapt3/topic_ws/build/demo_python_topic/install.log --install-scripts $base/lib/demo_python_topic --single-version-externally-managed install_data
