[0.051s] Invoking command in '/home/zzs/chaptmy/chapt_ws/build/turtle_my_interfaces': CMAKE_PREFIX_PATH=${CMAKE_PREFIX_PATH}:/opt/ros/jazzy DEBUGINFOD_URLS=https://debuginfod.ubuntu.com /usr/bin/cmake /home/zzs/chaptmy/chapt_ws/src/turtle_my_interfaces -DCMAKE_INSTALL_PREFIX=/home/zzs/chaptmy/chapt_ws/install/turtle_my_interfaces
[0.327s] -- The C compiler identification is GNU 13.3.0
[0.434s] -- The CXX compiler identification is GNU 13.3.0
[0.467s] -- Detecting C compiler ABI info
[0.871s] -- Detecting C compiler ABI info - done
[0.926s] -- Check for working C compiler: /usr/bin/cc - skipped
[0.929s] -- Detecting C compile features
[0.929s] -- Detecting C compile features - done
[1.005s] -- Detecting CXX compiler ABI info
[1.639s] -- Detecting CXX compiler ABI info - done
[1.680s] -- Check for working CXX compiler: /usr/bin/c++ - skipped
[1.682s] -- Detecting CXX compile features
[1.684s] -- Detecting CXX compile features - done
[1.710s] -- Found ament_cmake: 2.5.6 (/opt/ros/jazzy/share/ament_cmake/cmake)
[2.169s] -- Found Python3: /usr/bin/python3 (found version "3.12.3") found components: Interpreter 
[2.550s] -- Found sensor_msgs: 5.3.8 (/opt/ros/jazzy/share/sensor_msgs/cmake)
[2.632s] -- Found rosidl_generator_c: 4.6.9 (/opt/ros/jazzy/share/rosidl_generator_c/cmake)
[2.652s] -- Found rosidl_generator_cpp: 4.6.9 (/opt/ros/jazzy/share/rosidl_generator_cpp/cmake)
[2.691s] -- Using all available rosidl_typesupport_c: rosidl_typesupport_fastrtps_c;rosidl_typesupport_introspection_c
[2.723s] -- Using all available rosidl_typesupport_cpp: rosidl_typesupport_fastrtps_cpp;rosidl_typesupport_introspection_cpp
[2.882s] -- Found rosidl_default_generators: 1.6.1 (/opt/ros/jazzy/share/rosidl_default_generators/cmake)
[2.932s] -- Found rosidl_adapter: 4.6.9 (/opt/ros/jazzy/share/rosidl_adapter/cmake)
[2.943s] [31mCMake Error at /opt/ros/jazzy/share/rosidl_cmake/cmake/rosidl_generate_interfaces.cmake:95 (message):
[2.945s]   rosidl_generate_interfaces() the passed file 'srv/TurtleSrv.srv' doesn't
[2.945s]   exist relative to the CMAKE_CURRENT_SOURCE_DIR
[2.945s]   '/home/zzs/chaptmy/chapt_ws/src/turtle_my_interfaces'
[2.945s] Call Stack (most recent call first):
[2.946s]   CMakeLists.txt:13 (rosidl_generate_interfaces)
[2.946s] 
[2.946s] [0m
[2.946s] -- Configuring incomplete, errors occurred!
[2.962s] Invoked command in '/home/zzs/chaptmy/chapt_ws/build/turtle_my_interfaces' returned '1': CMAKE_PREFIX_PATH=${CMAKE_PREFIX_PATH}:/opt/ros/jazzy DEBUGINFOD_URLS=https://debuginfod.ubuntu.com /usr/bin/cmake /home/zzs/chaptmy/chapt_ws/src/turtle_my_interfaces -DCMAKE_INSTALL_PREFIX=/home/zzs/chaptmy/chapt_ws/install/turtle_my_interfaces
