[0.011s] Invoking command in '/home/zzs/workspace/ros2/ros2_study/chapt6/chapt6_ws/build/zzs_description': CMAKE_PREFIX_PATH=${CMAKE_PREFIX_PATH}:/opt/ros/humble /usr/bin/cmake /home/zzs/workspace/ros2/ros2_study/chapt6/chapt6_ws/src/zzs_description -DCMAKE_INSTALL_PREFIX=/home/zzs/workspace/ros2/ros2_study/chapt6/chapt6_ws/install/zzs_description
[0.162s] -- The C compiler identification is GNU 11.4.0
[0.299s] -- The CXX compiler identification is GNU 11.4.0
[0.311s] -- Detecting C compiler ABI info
[0.482s] -- Detecting C compiler ABI info - done
[0.495s] -- Check for working C compiler: /usr/bin/cc - skipped
[0.496s] -- Detecting C compile features
[0.496s] -- Detecting C compile features - done
[0.500s] -- Detecting CXX compiler ABI info
[0.632s] -- Detecting CXX compiler ABI info - done
[0.639s] -- Check for working CXX compiler: /usr/bin/c++ - skipped
[0.639s] -- Detecting CXX compile features
[0.639s] -- Detecting CXX compile features - done
[0.642s] -- Found ament_cmake: 1.3.14 (/opt/ros/humble/share/ament_cmake/cmake)
[0.810s] -- Found Python3: /usr/bin/python3 (found version "3.10.12") found components: Interpreter 
[0.907s] -- Found ament_lint_auto: 0.12.15 (/opt/ros/humble/share/ament_lint_auto/cmake)
[1.001s] -- Configuring done
[1.006s] -- Generating done
[1.011s] -- Build files have been written to: /home/zzs/workspace/ros2/ros2_study/chapt6/chapt6_ws/build/zzs_description
[1.017s] Invoked command in '/home/zzs/workspace/ros2/ros2_study/chapt6/chapt6_ws/build/zzs_description' returned '0': CMAKE_PREFIX_PATH=${CMAKE_PREFIX_PATH}:/opt/ros/humble /usr/bin/cmake /home/zzs/workspace/ros2/ros2_study/chapt6/chapt6_ws/src/zzs_description -DCMAKE_INSTALL_PREFIX=/home/zzs/workspace/ros2/ros2_study/chapt6/chapt6_ws/install/zzs_description
[1.018s] Invoking command in '/home/zzs/workspace/ros2/ros2_study/chapt6/chapt6_ws/build/zzs_description': CMAKE_PREFIX_PATH=${CMAKE_PREFIX_PATH}:/opt/ros/humble /usr/bin/cmake --build /home/zzs/workspace/ros2/ros2_study/chapt6/chapt6_ws/build/zzs_description -- -j2 -l2
[1.084s] Invoked command in '/home/zzs/workspace/ros2/ros2_study/chapt6/chapt6_ws/build/zzs_description' returned '0': CMAKE_PREFIX_PATH=${CMAKE_PREFIX_PATH}:/opt/ros/humble /usr/bin/cmake --build /home/zzs/workspace/ros2/ros2_study/chapt6/chapt6_ws/build/zzs_description -- -j2 -l2
[1.098s] Invoking command in '/home/zzs/workspace/ros2/ros2_study/chapt6/chapt6_ws/build/zzs_description': CMAKE_PREFIX_PATH=${CMAKE_PREFIX_PATH}:/opt/ros/humble /usr/bin/cmake --install /home/zzs/workspace/ros2/ros2_study/chapt6/chapt6_ws/build/zzs_description
[1.110s] -- Install configuration: ""
[1.110s] -- Installing: /home/zzs/workspace/ros2/ros2_study/chapt6/chapt6_ws/install/zzs_description/share/zzs_description/launch
[1.111s] -- Installing: /home/zzs/workspace/ros2/ros2_study/chapt6/chapt6_ws/install/zzs_description/share/zzs_description/launch/display_robot.launch.py
[1.112s] -- Installing: /home/zzs/workspace/ros2/ros2_study/chapt6/chapt6_ws/install/zzs_description/share/zzs_description/launch/gazebo_sim.launch.py
[1.112s] -- Installing: /home/zzs/workspace/ros2/ros2_study/chapt6/chapt6_ws/install/zzs_description/share/zzs_description/urdf
[1.113s] -- Installing: /home/zzs/workspace/ros2/ros2_study/chapt6/chapt6_ws/install/zzs_description/share/zzs_description/urdf/sensor
[1.113s] -- Installing: /home/zzs/workspace/ros2/ros2_study/chapt6/chapt6_ws/install/zzs_description/share/zzs_description/urdf/sensor/imu.urdf.xacro
[1.114s] -- Installing: /home/zzs/workspace/ros2/ros2_study/chapt6/chapt6_ws/install/zzs_description/share/zzs_description/urdf/sensor/camera.urdf.xacro
[1.114s] -- Installing: /home/zzs/workspace/ros2/ros2_study/chapt6/chapt6_ws/install/zzs_description/share/zzs_description/urdf/sensor/laser.urdf.xacro
[1.117s] -- Installing: /home/zzs/workspace/ros2/ros2_study/chapt6/chapt6_ws/install/zzs_description/share/zzs_description/urdf/first_robot.gv
[1.117s] -- Installing: /home/zzs/workspace/ros2/ros2_study/chapt6/chapt6_ws/install/zzs_description/share/zzs_description/urdf/actuator
[1.117s] -- Installing: /home/zzs/workspace/ros2/ros2_study/chapt6/chapt6_ws/install/zzs_description/share/zzs_description/urdf/actuator/wheel.urdf.xacro
[1.117s] -- Installing: /home/zzs/workspace/ros2/ros2_study/chapt6/chapt6_ws/install/zzs_description/share/zzs_description/urdf/actuator/caster.urdf.xacro
[1.117s] -- Installing: /home/zzs/workspace/ros2/ros2_study/chapt6/chapt6_ws/install/zzs_description/share/zzs_description/urdf/first_robot.xacro
[1.117s] -- Installing: /home/zzs/workspace/ros2/ros2_study/chapt6/chapt6_ws/install/zzs_description/share/zzs_description/urdf/first_robot.urdf
[1.117s] -- Installing: /home/zzs/workspace/ros2/ros2_study/chapt6/chapt6_ws/install/zzs_description/share/zzs_description/urdf/first_robot.pdf
[1.117s] -- Installing: /home/zzs/workspace/ros2/ros2_study/chapt6/chapt6_ws/install/zzs_description/share/zzs_description/urdf/plugins
[1.117s] -- Installing: /home/zzs/workspace/ros2/ros2_study/chapt6/chapt6_ws/install/zzs_description/share/zzs_description/urdf/plugins/gazebo_control_plugin.xacro
[1.117s] -- Installing: /home/zzs/workspace/ros2/ros2_study/chapt6/chapt6_ws/install/zzs_description/share/zzs_description/urdf/plugins/gazebo_sensor_plugin.xacro
[1.117s] -- Installing: /home/zzs/workspace/ros2/ros2_study/chapt6/chapt6_ws/install/zzs_description/share/zzs_description/urdf/robot.urdf.xacro
[1.117s] -- Installing: /home/zzs/workspace/ros2/ros2_study/chapt6/chapt6_ws/install/zzs_description/share/zzs_description/urdf/common_intertial.xacro
[1.117s] -- Installing: /home/zzs/workspace/ros2/ros2_study/chapt6/chapt6_ws/install/zzs_description/share/zzs_description/urdf/base.urdf.xacro
[1.117s] -- Installing: /home/zzs/workspace/ros2/ros2_study/chapt6/chapt6_ws/install/zzs_description/share/zzs_description/config
[1.117s] -- Installing: /home/zzs/workspace/ros2/ros2_study/chapt6/chapt6_ws/install/zzs_description/share/zzs_description/config/display_robot_model.rviz
[1.119s] -- Installing: /home/zzs/workspace/ros2/ros2_study/chapt6/chapt6_ws/install/zzs_description/share/zzs_description/world
[1.119s] -- Installing: /home/zzs/workspace/ros2/ros2_study/chapt6/chapt6_ws/install/zzs_description/share/zzs_description/world/room
[1.120s] -- Installing: /home/zzs/workspace/ros2/ros2_study/chapt6/chapt6_ws/install/zzs_description/share/zzs_description/world/room/model.sdf
[1.120s] -- Installing: /home/zzs/workspace/ros2/ros2_study/chapt6/chapt6_ws/install/zzs_description/share/zzs_description/world/room/model.config
[1.120s] -- Installing: /home/zzs/workspace/ros2/ros2_study/chapt6/chapt6_ws/install/zzs_description/share/zzs_description/world/c_room.world
[1.120s] -- Installing: /home/zzs/workspace/ros2/ros2_study/chapt6/chapt6_ws/install/zzs_description/share/ament_index/resource_index/package_run_dependencies/zzs_description
[1.121s] -- Installing: /home/zzs/workspace/ros2/ros2_study/chapt6/chapt6_ws/install/zzs_description/share/ament_index/resource_index/parent_prefix_path/zzs_description
[1.121s] -- Installing: /home/zzs/workspace/ros2/ros2_study/chapt6/chapt6_ws/install/zzs_description/share/zzs_description/environment/ament_prefix_path.sh
[1.122s] -- Installing: /home/zzs/workspace/ros2/ros2_study/chapt6/chapt6_ws/install/zzs_description/share/zzs_description/environment/ament_prefix_path.dsv
[1.122s] -- Installing: /home/zzs/workspace/ros2/ros2_study/chapt6/chapt6_ws/install/zzs_description/share/zzs_description/environment/path.sh
[1.123s] -- Installing: /home/zzs/workspace/ros2/ros2_study/chapt6/chapt6_ws/install/zzs_description/share/zzs_description/environment/path.dsv
[1.124s] -- Installing: /home/zzs/workspace/ros2/ros2_study/chapt6/chapt6_ws/install/zzs_description/share/zzs_description/local_setup.bash
[1.124s] -- Installing: /home/zzs/workspace/ros2/ros2_study/chapt6/chapt6_ws/install/zzs_description/share/zzs_description/local_setup.sh
[1.124s] -- Installing: /home/zzs/workspace/ros2/ros2_study/chapt6/chapt6_ws/install/zzs_description/share/zzs_description/local_setup.zsh
[1.125s] -- Installing: /home/zzs/workspace/ros2/ros2_study/chapt6/chapt6_ws/install/zzs_description/share/zzs_description/local_setup.dsv
[1.125s] -- Installing: /home/zzs/workspace/ros2/ros2_study/chapt6/chapt6_ws/install/zzs_description/share/zzs_description/package.dsv
[1.126s] -- Installing: /home/zzs/workspace/ros2/ros2_study/chapt6/chapt6_ws/install/zzs_description/share/ament_index/resource_index/packages/zzs_description
[1.126s] -- Installing: /home/zzs/workspace/ros2/ros2_study/chapt6/chapt6_ws/install/zzs_description/share/zzs_description/cmake/zzs_descriptionConfig.cmake
[1.126s] -- Installing: /home/zzs/workspace/ros2/ros2_study/chapt6/chapt6_ws/install/zzs_description/share/zzs_description/cmake/zzs_descriptionConfig-version.cmake
[1.128s] -- Installing: /home/zzs/workspace/ros2/ros2_study/chapt6/chapt6_ws/install/zzs_description/share/zzs_description/package.xml
[1.130s] Invoked command in '/home/zzs/workspace/ros2/ros2_study/chapt6/chapt6_ws/build/zzs_description' returned '0': CMAKE_PREFIX_PATH=${CMAKE_PREFIX_PATH}:/opt/ros/humble /usr/bin/cmake --install /home/zzs/workspace/ros2/ros2_study/chapt6/chapt6_ws/build/zzs_description
