running egg_info
writing ../../build/demo_cpp_topic/demo_cpp_topic.egg-info/PKG-INFO
writing dependency_links to ../../build/demo_cpp_topic/demo_cpp_topic.egg-info/dependency_links.txt
writing entry points to ../../build/demo_cpp_topic/demo_cpp_topic.egg-info/entry_points.txt
writing requirements to ../../build/demo_cpp_topic/demo_cpp_topic.egg-info/requires.txt
writing top-level names to ../../build/demo_cpp_topic/demo_cpp_topic.egg-info/top_level.txt
reading manifest file '../../build/demo_cpp_topic/demo_cpp_topic.egg-info/SOURCES.txt'
adding license file 'LICENSE'
writing manifest file '../../build/demo_cpp_topic/demo_cpp_topic.egg-info/SOURCES.txt'
running build
running build_py
copying demo_cpp_topic/turtle_move.py -> /home/zzs/chapt3/topic_ws/build/demo_cpp_topic/build/lib/demo_cpp_topic
running install
running install_lib
copying /home/zzs/chapt3/topic_ws/build/demo_cpp_topic/build/lib/demo_cpp_topic/turtle_move.py -> /home/zzs/chapt3/topic_ws/install/demo_cpp_topic/lib/python3.12/site-packages/demo_cpp_topic
byte-compiling /home/zzs/chapt3/topic_ws/install/demo_cpp_topic/lib/python3.12/site-packages/demo_cpp_topic/turtle_move.py to turtle_move.cpython-312.pyc
running install_data
running install_egg_info
removing '/home/zzs/chapt3/topic_ws/install/demo_cpp_topic/lib/python3.12/site-packages/demo_cpp_topic-0.0.0-py3.12.egg-info' (and everything under it)
Copying ../../build/demo_cpp_topic/demo_cpp_topic.egg-info to /home/zzs/chapt3/topic_ws/install/demo_cpp_topic/lib/python3.12/site-packages/demo_cpp_topic-0.0.0-py3.12.egg-info
running install_scripts
Installing turtle_circle script to /home/zzs/chapt3/topic_ws/install/demo_cpp_topic/lib/demo_cpp_topic
Installing turtle_move script to /home/zzs/chapt3/topic_ws/install/demo_cpp_topic/lib/demo_cpp_topic
writing list of installed files to '/home/zzs/chapt3/topic_ws/build/demo_cpp_topic/install.log'
