[1.737s] Invoking command in '/home/zzs/chapt3/topic_ws/src/demo_cpp_topic': DEBUGINFOD_URLS=https://debuginfod.ubuntu.com PYTHONPATH=/home/zzs/chapt3/topic_ws/build/demo_cpp_topic/prefix_override:/usr/lib/python3/dist-packages/colcon_core/task/python/colcon_distutils_commands:/home/zzs/chapt3/topic_ws/install/demo_cpp_topic/lib/python3.12/site-packages:${PYTHONPATH} /usr/bin/python3 -W ignore:setup.py install is deprecated -W ignore:easy_install command is deprecated setup.py egg_info --egg-base ../../build/demo_cpp_topic build --build-base /home/zzs/chapt3/topic_ws/build/demo_cpp_topic/build install --record /home/zzs/chapt3/topic_ws/build/demo_cpp_topic/install.log --install-scripts $base/lib/demo_cpp_topic --single-version-externally-managed install_data
[2.147s] running egg_info
[2.176s] writing ../../build/demo_cpp_topic/demo_cpp_topic.egg-info/PKG-INFO
[2.178s] writing dependency_links to ../../build/demo_cpp_topic/demo_cpp_topic.egg-info/dependency_links.txt
[2.179s] writing entry points to ../../build/demo_cpp_topic/demo_cpp_topic.egg-info/entry_points.txt
[2.179s] writing requirements to ../../build/demo_cpp_topic/demo_cpp_topic.egg-info/requires.txt
[2.180s] writing top-level names to ../../build/demo_cpp_topic/demo_cpp_topic.egg-info/top_level.txt
[2.221s] reading manifest file '../../build/demo_cpp_topic/demo_cpp_topic.egg-info/SOURCES.txt'
[2.222s] adding license file 'LICENSE'
[2.222s] writing manifest file '../../build/demo_cpp_topic/demo_cpp_topic.egg-info/SOURCES.txt'
[2.223s] running build
[2.223s] running build_py
[2.224s] copying demo_cpp_topic/turtle_move.py -> /home/zzs/chapt3/topic_ws/build/demo_cpp_topic/build/lib/demo_cpp_topic
[2.224s] running install
[2.231s] running install_lib
[2.257s] copying /home/zzs/chapt3/topic_ws/build/demo_cpp_topic/build/lib/demo_cpp_topic/turtle_move.py -> /home/zzs/chapt3/topic_ws/install/demo_cpp_topic/lib/python3.12/site-packages/demo_cpp_topic
[2.260s] byte-compiling /home/zzs/chapt3/topic_ws/install/demo_cpp_topic/lib/python3.12/site-packages/demo_cpp_topic/turtle_move.py to turtle_move.cpython-312.pyc
[2.263s] running install_data
[2.263s] running install_egg_info
[2.290s] removing '/home/zzs/chapt3/topic_ws/install/demo_cpp_topic/lib/python3.12/site-packages/demo_cpp_topic-0.0.0-py3.12.egg-info' (and everything under it)
[2.293s] Copying ../../build/demo_cpp_topic/demo_cpp_topic.egg-info to /home/zzs/chapt3/topic_ws/install/demo_cpp_topic/lib/python3.12/site-packages/demo_cpp_topic-0.0.0-py3.12.egg-info
[2.294s] running install_scripts
[2.543s] Installing turtle_circle script to /home/zzs/chapt3/topic_ws/install/demo_cpp_topic/lib/demo_cpp_topic
[2.543s] Installing turtle_move script to /home/zzs/chapt3/topic_ws/install/demo_cpp_topic/lib/demo_cpp_topic
[2.544s] writing list of installed files to '/home/zzs/chapt3/topic_ws/build/demo_cpp_topic/install.log'
[2.602s] Invoked command in '/home/zzs/chapt3/topic_ws/src/demo_cpp_topic' returned '0': DEBUGINFOD_URLS=https://debuginfod.ubuntu.com PYTHONPATH=/home/zzs/chapt3/topic_ws/build/demo_cpp_topic/prefix_override:/usr/lib/python3/dist-packages/colcon_core/task/python/colcon_distutils_commands:/home/zzs/chapt3/topic_ws/install/demo_cpp_topic/lib/python3.12/site-packages:${PYTHONPATH} /usr/bin/python3 -W ignore:setup.py install is deprecated -W ignore:easy_install command is deprecated setup.py egg_info --egg-base ../../build/demo_cpp_topic build --build-base /home/zzs/chapt3/topic_ws/build/demo_cpp_topic/build install --record /home/zzs/chapt3/topic_ws/build/demo_cpp_topic/install.log --install-scripts $base/lib/demo_cpp_topic --single-version-externally-managed install_data
