/home/zzs/chapt5/chapt5_ws/install/demo_python_tf/lib/python3.12/site-packages/demo_python_tf/tf_listener.py
/home/zzs/chapt5/chapt5_ws/install/demo_python_tf/lib/python3.12/site-packages/demo_python_tf/static_tf_broadcaster.py
/home/zzs/chapt5/chapt5_ws/install/demo_python_tf/lib/python3.12/site-packages/demo_python_tf/__init__.py
/home/zzs/chapt5/chapt5_ws/install/demo_python_tf/lib/python3.12/site-packages/demo_python_tf/dynamic_tf_broadcaster.py
/home/zzs/chapt5/chapt5_ws/install/demo_python_tf/lib/python3.12/site-packages/demo_python_tf/__pycache__/tf_listener.cpython-312.pyc
/home/zzs/chapt5/chapt5_ws/install/demo_python_tf/lib/python3.12/site-packages/demo_python_tf/__pycache__/static_tf_broadcaster.cpython-312.pyc
/home/zzs/chapt5/chapt5_ws/install/demo_python_tf/lib/python3.12/site-packages/demo_python_tf/__pycache__/__init__.cpython-312.pyc
/home/zzs/chapt5/chapt5_ws/install/demo_python_tf/lib/python3.12/site-packages/demo_python_tf/__pycache__/dynamic_tf_broadcaster.cpython-312.pyc
/home/zzs/chapt5/chapt5_ws/install/demo_python_tf/share/ament_index/resource_index/packages/demo_python_tf
/home/zzs/chapt5/chapt5_ws/install/demo_python_tf/share/demo_python_tf/package.xml
/home/zzs/chapt5/chapt5_ws/install/demo_python_tf/lib/python3.12/site-packages/demo_python_tf-0.0.0-py3.12.egg-info/PKG-INFO
/home/zzs/chapt5/chapt5_ws/install/demo_python_tf/lib/python3.12/site-packages/demo_python_tf-0.0.0-py3.12.egg-info/zip-safe
/home/zzs/chapt5/chapt5_ws/install/demo_python_tf/lib/python3.12/site-packages/demo_python_tf-0.0.0-py3.12.egg-info/SOURCES.txt
/home/zzs/chapt5/chapt5_ws/install/demo_python_tf/lib/python3.12/site-packages/demo_python_tf-0.0.0-py3.12.egg-info/requires.txt
/home/zzs/chapt5/chapt5_ws/install/demo_python_tf/lib/python3.12/site-packages/demo_python_tf-0.0.0-py3.12.egg-info/entry_points.txt
/home/zzs/chapt5/chapt5_ws/install/demo_python_tf/lib/python3.12/site-packages/demo_python_tf-0.0.0-py3.12.egg-info/top_level.txt
/home/zzs/chapt5/chapt5_ws/install/demo_python_tf/lib/python3.12/site-packages/demo_python_tf-0.0.0-py3.12.egg-info/dependency_links.txt
/home/zzs/chapt5/chapt5_ws/install/demo_python_tf/lib/demo_python_tf/dynamic_tf_broadcaster
/home/zzs/chapt5/chapt5_ws/install/demo_python_tf/lib/demo_python_tf/static_tf_broadcaster
/home/zzs/chapt5/chapt5_ws/install/demo_python_tf/lib/demo_python_tf/tf_listener
