[0.818s] Invoking command in '/home/zzs/workspace/ros2/ros2_study/chapt7/chapt7_ws/src/zzs_application': PYTHONPATH=/home/zzs/workspace/ros2/ros2_study/chapt7/chapt7_ws/build/zzs_application/prefix_override:/usr/lib/python3/dist-packages/colcon_core/task/python/colcon_distutils_commands:/home/zzs/workspace/ros2/ros2_study/chapt7/chapt7_ws/install/zzs_application/lib/python3.10/site-packages:${PYTHONPATH} /usr/bin/python3 -W ignore:setup.py install is deprecated -W ignore:easy_install command is deprecated setup.py egg_info --egg-base ../../build/zzs_application build --build-base /home/zzs/workspace/ros2/ros2_study/chapt7/chapt7_ws/build/zzs_application/build install --record /home/zzs/workspace/ros2/ros2_study/chapt7/chapt7_ws/build/zzs_application/install.log --install-scripts $base/lib/zzs_application --single-version-externally-managed install_data
[1.085s] running egg_info
[1.087s] writing ../../build/zzs_application/zzs_application.egg-info/PKG-INFO
[1.091s] writing dependency_links to ../../build/zzs_application/zzs_application.egg-info/dependency_links.txt
[1.091s] writing entry points to ../../build/zzs_application/zzs_application.egg-info/entry_points.txt
[1.093s] writing requirements to ../../build/zzs_application/zzs_application.egg-info/requires.txt
[1.095s] writing top-level names to ../../build/zzs_application/zzs_application.egg-info/top_level.txt
[1.099s] reading manifest file '../../build/zzs_application/zzs_application.egg-info/SOURCES.txt'
[1.102s] adding license file 'LICENSE'
[1.105s] writing manifest file '../../build/zzs_application/zzs_application.egg-info/SOURCES.txt'
[1.105s] running build
[1.105s] running build_py
[1.108s] running install
[1.108s] running install_lib
[1.111s] running install_data
[1.111s] running install_egg_info
[1.113s] removing '/home/zzs/workspace/ros2/ros2_study/chapt7/chapt7_ws/install/zzs_application/lib/python3.10/site-packages/zzs_application-0.0.0-py3.10.egg-info' (and everything under it)
[1.122s] Copying ../../build/zzs_application/zzs_application.egg-info to /home/zzs/workspace/ros2/ros2_study/chapt7/chapt7_ws/install/zzs_application/lib/python3.10/site-packages/zzs_application-0.0.0-py3.10.egg-info
[1.127s] running install_scripts
[1.180s] Installing get_robot_pose script to /home/zzs/workspace/ros2/ros2_study/chapt7/chapt7_ws/install/zzs_application/lib/zzs_application
[1.182s] Installing init_robot_pose script to /home/zzs/workspace/ros2/ros2_study/chapt7/chapt7_ws/install/zzs_application/lib/zzs_application
[1.186s] Installing nav_to_pose script to /home/zzs/workspace/ros2/ros2_study/chapt7/chapt7_ws/install/zzs_application/lib/zzs_application
[1.186s] Installing waypoint_flollower script to /home/zzs/workspace/ros2/ros2_study/chapt7/chapt7_ws/install/zzs_application/lib/zzs_application
[1.187s] writing list of installed files to '/home/zzs/workspace/ros2/ros2_study/chapt7/chapt7_ws/build/zzs_application/install.log'
[1.315s] Invoked command in '/home/zzs/workspace/ros2/ros2_study/chapt7/chapt7_ws/src/zzs_application' returned '0': PYTHONPATH=/home/zzs/workspace/ros2/ros2_study/chapt7/chapt7_ws/build/zzs_application/prefix_override:/usr/lib/python3/dist-packages/colcon_core/task/python/colcon_distutils_commands:/home/zzs/workspace/ros2/ros2_study/chapt7/chapt7_ws/install/zzs_application/lib/python3.10/site-packages:${PYTHONPATH} /usr/bin/python3 -W ignore:setup.py install is deprecated -W ignore:easy_install command is deprecated setup.py egg_info --egg-base ../../build/zzs_application build --build-base /home/zzs/workspace/ros2/ros2_study/chapt7/chapt7_ws/build/zzs_application/build install --record /home/zzs/workspace/ros2/ros2_study/chapt7/chapt7_ws/build/zzs_application/install.log --install-scripts $base/lib/zzs_application --single-version-externally-managed install_data
