[1.148s] Invoking command in '/home/zzs/chapt2/chapt2_ws/src/demo_python_pkg': DEBUGINFOD_URLS=https://debuginfod.ubuntu.com PYTHONPATH=/home/zzs/chapt2/chapt2_ws/build/demo_python_pkg/prefix_override:/usr/lib/python3/dist-packages/colcon_core/task/python/colcon_distutils_commands:/home/zzs/chapt2/chapt2_ws/install/demo_python_pkg/lib/python3.12/site-packages:${PYTHONPATH} /usr/bin/python3 -W ignore:setup.py install is deprecated -W ignore:easy_install command is deprecated setup.py egg_info --egg-base ../../build/demo_python_pkg build --build-base /home/zzs/chapt2/chapt2_ws/build/demo_python_pkg/build install --record /home/zzs/chapt2/chapt2_ws/build/demo_python_pkg/install.log --install-scripts $base/lib/demo_python_pkg --single-version-externally-managed install_data
[1.422s] running egg_info
[1.440s] writing ../../build/demo_python_pkg/demo_python_pkg.egg-info/PKG-INFO
[1.442s] writing dependency_links to ../../build/demo_python_pkg/demo_python_pkg.egg-info/dependency_links.txt
[1.443s] writing entry points to ../../build/demo_python_pkg/demo_python_pkg.egg-info/entry_points.txt
[1.443s] writing requirements to ../../build/demo_python_pkg/demo_python_pkg.egg-info/requires.txt
[1.444s] writing top-level names to ../../build/demo_python_pkg/demo_python_pkg.egg-info/top_level.txt
[1.484s] reading manifest file '../../build/demo_python_pkg/demo_python_pkg.egg-info/SOURCES.txt'
[1.486s] adding license file 'LICENSE'
[1.487s] writing manifest file '../../build/demo_python_pkg/demo_python_pkg.egg-info/SOURCES.txt'
[1.487s] running build
[1.488s] running build_py
[1.488s] copying demo_python_pkg/learn_thread.py -> /home/zzs/chapt2/chapt2_ws/build/demo_python_pkg/build/lib/demo_python_pkg
[1.489s] running install
[1.495s] running install_lib
[1.516s] copying /home/zzs/chapt2/chapt2_ws/build/demo_python_pkg/build/lib/demo_python_pkg/learn_thread.py -> /home/zzs/chapt2/chapt2_ws/install/demo_python_pkg/lib/python3.12/site-packages/demo_python_pkg
[1.517s] byte-compiling /home/zzs/chapt2/chapt2_ws/install/demo_python_pkg/lib/python3.12/site-packages/demo_python_pkg/learn_thread.py to learn_thread.cpython-312.pyc
[1.518s] running install_data
[1.519s] running install_egg_info
[1.542s] removing '/home/zzs/chapt2/chapt2_ws/install/demo_python_pkg/lib/python3.12/site-packages/demo_python_pkg-0.0.0-py3.12.egg-info' (and everything under it)
[1.544s] Copying ../../build/demo_python_pkg/demo_python_pkg.egg-info to /home/zzs/chapt2/chapt2_ws/install/demo_python_pkg/lib/python3.12/site-packages/demo_python_pkg-0.0.0-py3.12.egg-info
[1.547s] running install_scripts
[1.685s] Installing learn_thread script to /home/zzs/chapt2/chapt2_ws/install/demo_python_pkg/lib/demo_python_pkg
[1.686s] Installing person_node script to /home/zzs/chapt2/chapt2_ws/install/demo_python_pkg/lib/demo_python_pkg
[1.687s] Installing python_node script to /home/zzs/chapt2/chapt2_ws/install/demo_python_pkg/lib/demo_python_pkg
[1.687s] writing list of installed files to '/home/zzs/chapt2/chapt2_ws/build/demo_python_pkg/install.log'
[1.721s] Invoked command in '/home/zzs/chapt2/chapt2_ws/src/demo_python_pkg' returned '0': DEBUGINFOD_URLS=https://debuginfod.ubuntu.com PYTHONPATH=/home/zzs/chapt2/chapt2_ws/build/demo_python_pkg/prefix_override:/usr/lib/python3/dist-packages/colcon_core/task/python/colcon_distutils_commands:/home/zzs/chapt2/chapt2_ws/install/demo_python_pkg/lib/python3.12/site-packages:${PYTHONPATH} /usr/bin/python3 -W ignore:setup.py install is deprecated -W ignore:easy_install command is deprecated setup.py egg_info --egg-base ../../build/demo_python_pkg build --build-base /home/zzs/chapt2/chapt2_ws/build/demo_python_pkg/build install --record /home/zzs/chapt2/chapt2_ws/build/demo_python_pkg/install.log --install-scripts $base/lib/demo_python_pkg --single-version-externally-managed install_data
