[0.043s] Invoking command in '/home/zzs/chapt6/chapt6_ws/build/zzs_description': CMAKE_PREFIX_PATH=${CMAKE_PREFIX_PATH}:/opt/ros/jazzy DEBUGINFOD_URLS=https://debuginfod.ubuntu.com /usr/bin/cmake --build /home/zzs/chapt6/chapt6_ws/build/zzs_description -- -j2 -l2
[0.271s] -- Found ament_cmake: 2.5.6 (/opt/ros/jazzy/share/ament_cmake/cmake)
[1.829s] -- Found ament_lint_auto: 0.17.5 (/opt/ros/jazzy/share/ament_lint_auto/cmake)
[2.154s] -- Added test 'flake8' to check Python code syntax and style conventions
[2.154s] -- Configured 'flake8' exclude dirs and/or files: 
[2.155s] -- Added test 'lint_cmake' to check CMake code style
[2.156s] -- Added test 'pep257' to check Python code against some of the docstring style conventions in PEP 257
[2.159s] -- Added test 'xmllint' to check XML markup files
[2.164s] -- Configuring done (2.0s)
[2.177s] -- Generating done (0.0s)
[2.184s] -- Build files have been written to: /home/zzs/chapt6/chapt6_ws/build/zzs_description
[2.248s] Invoked command in '/home/zzs/chapt6/chapt6_ws/build/zzs_description' returned '0': CMAKE_PREFIX_PATH=${CMAKE_PREFIX_PATH}:/opt/ros/jazzy DEBUGINFOD_URLS=https://debuginfod.ubuntu.com /usr/bin/cmake --build /home/zzs/chapt6/chapt6_ws/build/zzs_description -- -j2 -l2
[2.262s] Invoking command in '/home/zzs/chapt6/chapt6_ws/build/zzs_description': CMAKE_PREFIX_PATH=${CMAKE_PREFIX_PATH}:/opt/ros/jazzy DEBUGINFOD_URLS=https://debuginfod.ubuntu.com /usr/bin/cmake --install /home/zzs/chapt6/chapt6_ws/build/zzs_description
[2.272s] -- Install configuration: ""
[2.272s] -- Up-to-date: /home/zzs/chapt6/chapt6_ws/install/zzs_description/share/zzs_description/launch
[2.273s] -- Installing: /home/zzs/chapt6/chapt6_ws/install/zzs_description/share/zzs_description/launch/display_robot.launch.py
[2.273s] -- Up-to-date: /home/zzs/chapt6/chapt6_ws/install/zzs_description/share/zzs_description/urdf
[2.274s] -- Up-to-date: /home/zzs/chapt6/chapt6_ws/install/zzs_description/share/zzs_description/urdf/first_robot.gv
[2.274s] -- Up-to-date: /home/zzs/chapt6/chapt6_ws/install/zzs_description/share/zzs_description/urdf/first_robot.pdf
[2.274s] -- Up-to-date: /home/zzs/chapt6/chapt6_ws/install/zzs_description/share/zzs_description/urdf/first_robot.urdf
[2.275s] -- Installing: /home/zzs/chapt6/chapt6_ws/install/zzs_description/share/zzs_description/config
[2.276s] -- Installing: /home/zzs/chapt6/chapt6_ws/install/zzs_description/share/zzs_description/config/display_robot_model.rviz
[2.276s] -- Up-to-date: /home/zzs/chapt6/chapt6_ws/install/zzs_description/share/ament_index/resource_index/package_run_dependencies/zzs_description
[2.276s] -- Installing: /home/zzs/chapt6/chapt6_ws/install/zzs_description/share/ament_index/resource_index/parent_prefix_path/zzs_description
[2.277s] -- Up-to-date: /home/zzs/chapt6/chapt6_ws/install/zzs_description/share/zzs_description/environment/ament_prefix_path.sh
[2.278s] -- Up-to-date: /home/zzs/chapt6/chapt6_ws/install/zzs_description/share/zzs_description/environment/ament_prefix_path.dsv
[2.279s] -- Up-to-date: /home/zzs/chapt6/chapt6_ws/install/zzs_description/share/zzs_description/environment/path.sh
[2.279s] -- Up-to-date: /home/zzs/chapt6/chapt6_ws/install/zzs_description/share/zzs_description/environment/path.dsv
[2.279s] -- Up-to-date: /home/zzs/chapt6/chapt6_ws/install/zzs_description/share/zzs_description/local_setup.bash
[2.279s] -- Up-to-date: /home/zzs/chapt6/chapt6_ws/install/zzs_description/share/zzs_description/local_setup.sh
[2.279s] -- Up-to-date: /home/zzs/chapt6/chapt6_ws/install/zzs_description/share/zzs_description/local_setup.zsh
[2.279s] -- Up-to-date: /home/zzs/chapt6/chapt6_ws/install/zzs_description/share/zzs_description/local_setup.dsv
[2.279s] -- Installing: /home/zzs/chapt6/chapt6_ws/install/zzs_description/share/zzs_description/package.dsv
[2.279s] -- Up-to-date: /home/zzs/chapt6/chapt6_ws/install/zzs_description/share/ament_index/resource_index/packages/zzs_description
[2.279s] -- Up-to-date: /home/zzs/chapt6/chapt6_ws/install/zzs_description/share/zzs_description/cmake/zzs_descriptionConfig.cmake
[2.280s] -- Up-to-date: /home/zzs/chapt6/chapt6_ws/install/zzs_description/share/zzs_description/cmake/zzs_descriptionConfig-version.cmake
[2.281s] -- Up-to-date: /home/zzs/chapt6/chapt6_ws/install/zzs_description/share/zzs_description/package.xml
[2.284s] Invoked command in '/home/zzs/chapt6/chapt6_ws/build/zzs_description' returned '0': CMAKE_PREFIX_PATH=${CMAKE_PREFIX_PATH}:/opt/ros/jazzy DEBUGINFOD_URLS=https://debuginfod.ubuntu.com /usr/bin/cmake --install /home/zzs/chapt6/chapt6_ws/build/zzs_description
