[1.734s] Invoking command in '/home/zzs/chapt4/chapt4_ws/src/demo_python_service': DEBUGINFOD_URLS=https://debuginfod.ubuntu.com PYTHONPATH=/home/zzs/chapt4/chapt4_ws/build/demo_python_service/prefix_override:/usr/lib/python3/dist-packages/colcon_core/task/python/colcon_distutils_commands:/home/zzs/chapt4/chapt4_ws/install/demo_python_service/lib/python3.12/site-packages:${PYTHONPATH} /usr/bin/python3 -W ignore:setup.py install is deprecated -W ignore:easy_install command is deprecated setup.py egg_info --egg-base ../../build/demo_python_service build --build-base /home/zzs/chapt4/chapt4_ws/build/demo_python_service/build install --record /home/zzs/chapt4/chapt4_ws/build/demo_python_service/install.log --install-scripts $base/lib/demo_python_service --single-version-externally-managed install_data
[2.046s] running egg_info
[2.047s] creating ../../build/demo_python_service/demo_python_service.egg-info
[2.065s] writing ../../build/demo_python_service/demo_python_service.egg-info/PKG-INFO
[2.065s] writing dependency_links to ../../build/demo_python_service/demo_python_service.egg-info/dependency_links.txt
[2.066s] writing requirements to ../../build/demo_python_service/demo_python_service.egg-info/requires.txt
[2.066s] writing top-level names to ../../build/demo_python_service/demo_python_service.egg-info/top_level.txt
[2.066s] writing manifest file '../../build/demo_python_service/demo_python_service.egg-info/SOURCES.txt'
[2.109s] reading manifest file '../../build/demo_python_service/demo_python_service.egg-info/SOURCES.txt'
[2.111s] adding license file 'LICENSE'
[2.111s] writing manifest file '../../build/demo_python_service/demo_python_service.egg-info/SOURCES.txt'
[2.111s] running build
[2.112s] running build_py
[2.112s] creating /home/zzs/chapt4/chapt4_ws/build/demo_python_service/build
[2.112s] creating /home/zzs/chapt4/chapt4_ws/build/demo_python_service/build/lib
[2.112s] creating /home/zzs/chapt4/chapt4_ws/build/demo_python_service/build/lib/demo_python_service
[2.112s] copying demo_python_service/__init__.py -> /home/zzs/chapt4/chapt4_ws/build/demo_python_service/build/lib/demo_python_service
[2.114s] running install
[2.120s] running install_lib
[2.141s] creating /home/zzs/chapt4/chapt4_ws/install/demo_python_service/lib/python3.12/site-packages/demo_python_service
[2.141s] copying /home/zzs/chapt4/chapt4_ws/build/demo_python_service/build/lib/demo_python_service/__init__.py -> /home/zzs/chapt4/chapt4_ws/install/demo_python_service/lib/python3.12/site-packages/demo_python_service
[2.143s] byte-compiling /home/zzs/chapt4/chapt4_ws/install/demo_python_service/lib/python3.12/site-packages/demo_python_service/__init__.py to __init__.cpython-312.pyc
[2.143s] running install_data
[2.143s] creating /home/zzs/chapt4/chapt4_ws/install/demo_python_service/share/ament_index
[2.143s] creating /home/zzs/chapt4/chapt4_ws/install/demo_python_service/share/ament_index/resource_index
[2.144s] creating /home/zzs/chapt4/chapt4_ws/install/demo_python_service/share/ament_index/resource_index/packages
[2.144s] copying resource/demo_python_service -> /home/zzs/chapt4/chapt4_ws/install/demo_python_service/share/ament_index/resource_index/packages
[2.144s] copying package.xml -> /home/zzs/chapt4/chapt4_ws/install/demo_python_service/share/demo_python_service
[2.144s] running install_egg_info
[2.166s] Copying ../../build/demo_python_service/demo_python_service.egg-info to /home/zzs/chapt4/chapt4_ws/install/demo_python_service/lib/python3.12/site-packages/demo_python_service-0.0.0-py3.12.egg-info
[2.167s] running install_scripts
[2.308s] writing list of installed files to '/home/zzs/chapt4/chapt4_ws/build/demo_python_service/install.log'
[2.353s] Invoked command in '/home/zzs/chapt4/chapt4_ws/src/demo_python_service' returned '0': DEBUGINFOD_URLS=https://debuginfod.ubuntu.com PYTHONPATH=/home/zzs/chapt4/chapt4_ws/build/demo_python_service/prefix_override:/usr/lib/python3/dist-packages/colcon_core/task/python/colcon_distutils_commands:/home/zzs/chapt4/chapt4_ws/install/demo_python_service/lib/python3.12/site-packages:${PYTHONPATH} /usr/bin/python3 -W ignore:setup.py install is deprecated -W ignore:easy_install command is deprecated setup.py egg_info --egg-base ../../build/demo_python_service build --build-base /home/zzs/chapt4/chapt4_ws/build/demo_python_service/build install --record /home/zzs/chapt4/chapt4_ws/build/demo_python_service/install.log --install-scripts $base/lib/demo_python_service --single-version-externally-managed install_data
